[33m01 08 2018 17:32:51.268:WARN [karma]: [39mNo captured browser, open http://localhost:18763/
[32m01 08 2018 17:32:51.274:INFO [karma]: [39mKarma v1.7.1 server started at http://0.0.0.0:18763/
[32m01 08 2018 17:32:51.275:INFO [launcher]: [39mLaunching browser Chrome with unlimited concurrency
[32m01 08 2018 17:32:51.280:INFO [launcher]: [39mStarting browser Chrome
[33m01 08 2018 17:32:58.568:WARN [karma]: [39mNo captured browser, open http://localhost:18763/
[32m01 08 2018 17:33:21.538:INFO [Chrome 67.0.3396 (Mac OS X 10.13.3)]: [39mConnected on socket j12ktfcdjf-WTQ2EAAAA with id 73571133
Chrome 67.0.3396 (Mac OS X 10.13.3): Executed 0 of 14 SUCCESS (0 secs / 0 secs)
[1A[2KChrome 67.0.3396 (Mac OS X 10.13.3): Executed 1 of 14 SUCCESS (0 secs / 0.088 secs)
Chrome 67.0.3396 (Mac OS X 10.13.3) ActivitySelectorComponent should be created FAILED
	Can't bind to 'ngModel' since it isn't a known property of 'select'. ("
					name="activity"
					class="form-control" 
					[ERROR ->][(ngModel)]="selectedActivity" 
					(ngModelChange)="onChange($event)">
					<option [value]="defaultA"): ng:///DynamicTestModule/ActivitySelectorComponent.html@6:4
	Can't bind to 'ngValue' since it isn't a known property of 'option'. ("d="selected">Select an activity</option>
					<option *ngFor="let activity of activityList$ | async" [ERROR ->][ngValue]="activity">
						{{activity.name}}
					</option>
	"): ng:///DynamicTestModule/ActivitySelectorComponent.html@9:59
	Error: Template parse errors:
	    at syntaxError node_modules/@angular/compiler/esm5/compiler.js:486:22)
	    at TemplateParser.push../node_modules/@angular/compiler/esm5/compiler.js.TemplateParser.parse node_modules/@angular/compiler/esm5/compiler.js:24674:1)
	    at JitCompiler.push../node_modules/@angular/compiler/esm5/compiler.js.JitCompiler._parseTemplate node_modules/@angular/compiler/esm5/compiler.js:34629:1)
	    at JitCompiler.push../node_modules/@angular/compiler/esm5/compiler.js.JitCompiler._compileTemplate node_modules/@angular/compiler/esm5/compiler.js:34604:1)
	    at http://localhost:18763/_karma_webpack_/webpack:/node_modules/@angular/compiler/esm5/compiler.js:34505:48
	    at Set.forEach (<anonymous>)
	    at JitCompiler.push../node_modules/@angular/compiler/esm5/compiler.js.JitCompiler._compileComponents node_modules/@angular/compiler/esm5/compiler.js:34505:1)
	    at http://localhost:18763/_karma_webpack_/webpack:/node_modules/@angular/compiler/esm5/compiler.js:34393:1
	    at Object.then node_modules/@angular/compiler/esm5/compiler.js:475:33)
	    at JitCompiler.push../node_modules/@angular/compiler/esm5/compiler.js.JitCompiler._compileModuleAndAllComponents node_modules/@angular/compiler/esm5/compiler.js:34391:1)
	Error: Template parse errors:
	Can't bind to 'ngModel' since it isn't a known property of 'select'. ("
					name="activity"
					class="form-control" 
					[ERROR ->][(ngModel)]="selectedActivity" 
					(ngModelChange)="onChange($event)">
					<option [value]="defaultA"): ng:///DynamicTestModule/ActivitySelectorComponent.html@6:4
	Can't bind to 'ngValue' since it isn't a known property of 'option'. ("d="selected">Select an activity</option>
					<option *ngFor="let activity of activityList$ | async" [ERROR ->][ngValue]="activity">
						{{activity.name}}
					</option>
	"): ng:///DynamicTestModule/ActivitySelectorComponent.html@9:59
	    at syntaxError node_modules/@angular/compiler/esm5/compiler.js:486:22)
	    at TemplateParser.push../node_modules/@angular/compiler/esm5/compiler.js.TemplateParser.parse node_modules/@angular/compiler/esm5/compiler.js:24674:1)
	    at JitCompiler.push../node_modules/@angular/compiler/esm5/compiler.js.JitCompiler._parseTemplate node_modules/@angular/compiler/esm5/compiler.js:34629:1)
	    at JitCompiler.push../node_modules/@angular/compiler/esm5/compiler.js.JitCompiler._compileTemplate node_modules/@angular/compiler/esm5/compiler.js:34604:1)
	    at http://localhost:18763/_karma_webpack_/webpack:/node_modules/@angular/compiler/esm5/compiler.js:34505:48
	    at Set.forEach (<anonymous>)
	    at JitCompiler.push../node_modules/@angular/compiler/esm5/compiler.js.JitCompiler._compileComponents node_modules/@angular/compiler/esm5/compiler.js:34505:1)
	    at http://localhost:18763/_karma_webpack_/webpack:/node_modules/@angular/compiler/esm5/compiler.js:34393:1
	    at Object.then node_modules/@angular/compiler/esm5/compiler.js:475:33)
	    at JitCompiler.push../node_modules/@angular/compiler/esm5/compiler.js.JitCompiler._compileModuleAndAllComponents node_modules/@angular/compiler/esm5/compiler.js:34391:1)
	Expected undefined to be truthy.
	    at Object.<anonymous> src/app/components/activity-selector/activity-selector.component.spec.ts:23:23)
	    at ZoneDelegate../node_modules/zone.js/dist/zone.js.ZoneDelegate.invoke node_modules/zone.js/dist/zone.js:388:1)
	    at ProxyZoneSpec.push../node_modules/zone.js/dist/proxy.js.ProxyZoneSpec.onInvoke node_modules/zone.js/dist/proxy.js:128:1)
	    at ZoneDelegate../node_modules/zone.js/dist/zone.js.ZoneDelegate.invoke node_modules/zone.js/dist/zone.js:387:1)
[1A[2KChrome 67.0.3396 (Mac OS X 10.13.3) ActivitySelectorComponent should be created FAILED
	Can't bind to 'ngModel' since it isn't a known property of 'select'. ("
					name="activity"
					class="form-control" 
					[ERROR ->][(ngModel)]="selectedActivity" 
					(ngModelChange)="onChange($event)">
					<option [value]="defaultA"): ng:///DynamicTestModule/ActivitySelectorComponent.html@6:4
	Can't bind to 'ngValue' since it isn't a known property of 'option'. ("d="selected">Select an activity</option>
					<option *ngFor="let activity of activityList$ | async" [ERROR ->][ngValue]="activity">
						{{activity.name}}
					</option>
	"): ng:///DynamicTestModule/ActivitySelectorComponent.html@9:59
	Error: Template parse errors:
	    at syntaxError node_modules/@angular/compiler/esm5/compiler.js:486:22)
	    at TemplateParser.push../node_modules/@angular/compiler/esm5/compiler.js.TemplateParser.parse node_modules/@angular/compiler/esm5/compiler.js:24674:1)
	    at JitCompiler.push../node_modules/@angular/compiler/esm5/compiler.js.JitCompiler._parseTemplate node_modules/@angular/compiler/esm5/compiler.js:34629:1)
	    at JitCompiler.push../node_modules/@angular/compiler/esm5/compiler.js.JitCompiler._compileTemplate node_modules/@angular/compiler/esm5/compiler.js:34604:1)
	    at http://localhost:18763/_karma_webpack_/webpack:/node_modules/@angular/compiler/esm5/compiler.js:34505:48
	    at Set.forEach (<anonymous>)
	    at JitCompiler.push../node_modules/@angular/compiler/esm5/compiler.js.JitCompiler._compileComponents node_modules/@angular/compiler/esm5/compiler.js:34505:1)
	    at http://localhost:18763/_karma_webpack_/webpack:/node_modules/@angular/compiler/esm5/compiler.js:34393:1
	    at Object.then node_modules/@angular/compiler/esm5/compiler.js:475:33)
	    at JitCompiler.push../node_modules/@angular/compiler/esm5/compiler.js.JitCompiler._compileModuleAndAllComponents node_modules/@angular/compiler/esm5/compiler.js:34391:1)
	Error: Template parse errors:
	Can't bind to 'ngModel' since it isn't a known property of 'select'. ("
					name="activity"
					class="form-control" 
					[ERROR ->][(ngModel)]="selectedActivity" 
					(ngModelChange)="onChange($event)">
					<option [value]="defaultA"): ng:///DynamicTestModule/ActivitySelectorComponent.html@6:4
	Can't bind to 'ngValue' since it isn't a known property of 'option'. ("d="selected">Select an activity</option>
					<option *ngFor="let activity of activityList$ | async" [ERROR ->][ngValue]="activity">
						{{activity.name}}
					</option>
	"): ng:///DynamicTestModule/ActivitySelectorComponent.html@9:59
	    at syntaxError node_modules/@angular/compiler/esm5/compiler.js:486:22)
	    at TemplateParser.push../node_modules/@angular/compiler/esm5/compiler.js.TemplateParser.parse node_modules/@angular/compiler/esm5/compiler.js:24674:1)
	    at JitCompiler.push../node_modules/@angular/compiler/esm5/compiler.js.JitCompiler._parseTemplate node_modules/@angular/compiler/esm5/compiler.js:34629:1)
	    at JitCompiler.push../node_modules/@angular/compiler/esm5/compiler.js.JitCompiler._compileTemplate node_modules/@angular/compiler/esm5/compiler.js:34604:1)
	    at http://localhost:18763/_karma_webpack_/webpack:/node_modules/@angular/compiler/esm5/compiler.js:34505:48
	    at Set.forEach (<anonymous>)
	    at JitCompiler.push../node_modules/@angular/compiler/esm5/compiler.js.JitCompiler._compileComponents node_modules/@angular/compiler/esm5/compiler.js:34505:1)
	    at http://localhost:18763/_karma_webpack_/webpack:/node_modules/@angular/compiler/esm5/compiler.js:34393:1
	    at Object.then node_modules/@angular/compiler/esm5/compiler.js:475:33)
	    at JitCompiler.push../node_modules/@angular/compiler/esm5/compiler.js.JitCompiler._compileModuleAndAllComponents node_modules/@angular/compiler/esm5/compiler.js:34391:1)
	Expected undefined to be truthy.
	    at Object.<anonymous> src/app/components/activity-selector/activity-selector.component.spec.ts:23:23)
	    at ZoneDelegate../node_modules/zone.js/dist/zone.js.ZoneDelegate.invoke node_modules/zone.js/dist/zone.js:388:1)
	    at ProxyZoneSpec.push../node_modules/zone.js/dist/proxy.js.ProxyZoneSpec.onInvoke node_modules/zone.js/dist/proxy.js:128:1)
	    at ZoneDelegate../node_modules/zone.js/dist/zone.js.ZoneDelegate.invoke node_modules/zone.js/dist/zone.js:387:1)
Chrome 67.0.3396 (Mac OS X 10.13.3): Executed 2 of 14 (1 FAILED) (0 secs / 0.216 secs)
Chrome 67.0.3396 (Mac OS X 10.13.3) ActivitySelectorComponent should be created FAILED
	Can't bind to 'ngModel' since it isn't a known property of 'select'. ("
					name="activity"
					class="form-control" 
					[ERROR ->][(ngModel)]="selectedActivity" 
					(ngModelChange)="onChange($event)">
					<option [value]="defaultA"): ng:///DynamicTestModule/ActivitySelectorComponent.html@6:4
	Can't bind to 'ngValue' since it isn't a known property of 'option'. ("d="selected">Select an activity</option>
					<option *ngFor="let activity of activityList$ | async" [ERROR ->][ngValue]="activity">
						{{activity.name}}
					</option>
	"): ng:///DynamicTestModule/ActivitySelectorComponent.html@9:59
	Error: Template parse errors:
	    at syntaxError node_modules/@angular/compiler/esm5/compiler.js:486:22)
	    at TemplateParser.push../node_modules/@angular/compiler/esm5/compiler.js.TemplateParser.parse node_modules/@angular/compiler/esm5/compiler.js:24674:1)
	    at JitCompiler.push../node_modules/@angular/compiler/esm5/compiler.js.JitCompiler._parseTemplate node_modules/@angular/compiler/esm5/compiler.js:34629:1)
	    at JitCompiler.push../node_modules/@angular/compiler/esm5/compiler.js.JitCompiler._compileTemplate node_modules/@angular/compiler/esm5/compiler.js:34604:1)
	    at http://localhost:18763/_karma_webpack_/webpack:/node_modules/@angular/compiler/esm5/compiler.js:34505:48
	    at Set.forEach (<anonymous>)
	    at JitCompiler.push../node_modules/@angular/compiler/esm5/compiler.js.JitCompiler._compileComponents node_modules/@angular/compiler/esm5/compiler.js:34505:1)
	    at http://localhost:18763/_karma_webpack_/webpack:/node_modules/@angular/compiler/esm5/compiler.js:34393:1
	    at Object.then node_modules/@angular/compiler/esm5/compiler.js:475:33)
	    at JitCompiler.push../node_modules/@angular/compiler/esm5/compiler.js.JitCompiler._compileModuleAndAllComponents node_modules/@angular/compiler/esm5/compiler.js:34391:1)
	Error: Template parse errors:
	Can't bind to 'ngModel' since it isn't a known property of 'select'. ("
					name="activity"
					class="form-control" 
					[ERROR ->][(ngModel)]="selectedActivity" 
					(ngModelChange)="onChange($event)">
					<option [value]="defaultA"): ng:///DynamicTestModule/ActivitySelectorComponent.html@6:4
	Can't bind to 'ngValue' since it isn't a known property of 'option'. ("d="selected">Select an activity</option>
					<option *ngFor="let activity of activityList$ | async" [ERROR ->][ngValue]="activity">
						{{activity.name}}
					</option>
	"): ng:///DynamicTestModule/ActivitySelectorComponent.html@9:59
	    at syntaxError node_modules/@angular/compiler/esm5/compiler.js:486:22)
	    at TemplateParser.push../node_modules/@angular/compiler/esm5/compiler.js.TemplateParser.parse node_modules/@angular/compiler/esm5/compiler.js:24674:1)
	    at JitCompiler.push../node_modules/@angular/compiler/esm5/compiler.js.JitCompiler._parseTemplate node_modules/@angular/compiler/esm5/compiler.js:34629:1)
	    at JitCompiler.push../node_modules/@angular/compiler/esm5/compiler.js.JitCompiler._compileTemplate node_modules/@angular/compiler/esm5/compiler.js:34604:1)
	    at http://localhost:18763/_karma_webpack_/webpack:/node_modules/@angular/compiler/esm5/compiler.js:34505:48
	    at Set.forEach (<anonymous>)
	    at JitCompiler.push../node_modules/@angular/compiler/esm5/compiler.js.JitCompiler._compileComponents node_modules/@angular/compiler/esm5/compiler.js:34505:1)
	    at http://localhost:18763/_karma_webpack_/webpack:/node_modules/@angular/compiler/esm5/compiler.js:34393:1
	    at Object.then node_modules/@angular/compiler/esm5/compiler.js:475:33)
	    at JitCompiler.push../node_modules/@angular/compiler/esm5/compiler.js.JitCompiler._compileModuleAndAllComponents node_modules/@angular/compiler/esm5/compiler.js:34391:1)
	Expected undefined to be truthy.
	    at Object.<anonymous> src/app/components/activity-selector/activity-selector.component.spec.ts:23:23)
	    at ZoneDelegate../node_modules/zone.js/dist/zone.js.ZoneDelegate.invoke node_modules/zone.js/dist/zone.js:388:1)
	    at ProxyZoneSpec.push../node_modules/zone.js/dist/proxy.js.ProxyZoneSpec.onInvoke node_modules/zone.js/dist/proxy.js:128:1)
	    at ZoneDelegate../node_modules/zone.js/dist/zone.js.ZoneDelegate.invoke node_modules/zone.js/dist/zone.js:387:1)
Chrome 67.0.3396 (Mac OS X 10.13.3) AppComponent should create the app FAILED
	'topnav' is not a known element:
	1. If 'topnav' is an Angular component, then verify that it is part of this module.
	2. To allow any element add 'NO_ERRORS_SCHEMA' to the '@NgModule.schemas' of this component. ("[ERROR ->]<topnav></topnav>    
	<div class="container">
		<div class="row">
	"): ng:///DynamicTestModule/AppComponent.html@0:0
	'router-outlet' is not a known element:
	1. If 'router-outlet' is an Angular component, then verify that it is part of this module.
	2. If 'router-outlet' is a Web Component then add 'CUSTOM_ELEMENTS_SCHEMA' to the '@NgModule.schemas' of this component to suppress this message. ("
		<div class="row">
			<div class="col-md-1"></div>
			[ERROR ->]<router-outlet></router-outlet>
			<div class="col-md-1"></div>
		</div>
	"): ng:///DynamicTestModule/AppComponent.html@4:2
	Error: Template parse errors:
	    at syntaxError node_modules/@angular/compiler/esm5/compiler.js:486:22)
	    at TemplateParser.push../node_modules/@angular/compiler/esm5/compiler.js.TemplateParser.parse node_modules/@angular/compiler/esm5/compiler.js:24674:1)
	    at JitCompiler.push../node_modules/@angular/compiler/esm5/compiler.js.JitCompiler._parseTemplate node_modules/@angular/compiler/esm5/compiler.js:34629:1)
	    at JitCompiler.push../node_modules/@angular/compiler/esm5/compiler.js.JitCompiler._compileTemplate node_modules/@angular/compiler/esm5/compiler.js:34604:1)
	    at http://localhost:18763/_karma_webpack_/webpack:/node_modules/@angular/compiler/esm5/compiler.js:34505:48
	    at Set.forEach (<anonymous>)
	    at JitCompiler.push../node_modules/@angular/compiler/esm5/compiler.js.JitCompiler._compileComponents node_modules/@angular/compiler/esm5/compiler.js:34505:1)
	    at http://localhost:18763/_karma_webpack_/webpack:/node_modules/@angular/compiler/esm5/compiler.js:34393:1
	    at Object.then node_modules/@angular/compiler/esm5/compiler.js:475:33)
	    at JitCompiler.push../node_modules/@angular/compiler/esm5/compiler.js.JitCompiler._compileModuleAndAllComponents node_modules/@angular/compiler/esm5/compiler.js:34391:1)
	'topnav' is not a known element:
	1. If 'topnav' is an Angular component, then verify that it is part of this module.
	2. To allow any element add 'NO_ERRORS_SCHEMA' to the '@NgModule.schemas' of this component. ("[ERROR ->]<topnav></topnav>    
	<div class="container">
		<div class="row">
	"): ng:///DynamicTestModule/AppComponent.html@0:0
	'router-outlet' is not a known element:
	1. If 'router-outlet' is an Angular component, then verify that it is part of this module.
	2. If 'router-outlet' is a Web Component then add 'CUSTOM_ELEMENTS_SCHEMA' to the '@NgModule.schemas' of this component to suppress this message. ("
		<div class="row">
			<div class="col-md-1"></div>
			[ERROR ->]<router-outlet></router-outlet>
			<div class="col-md-1"></div>
		</div>
	"): ng:///DynamicTestModule/AppComponent.html@4:2
	Error: Template parse errors:
	    at syntaxError node_modules/@angular/compiler/esm5/compiler.js:486:22)
	    at TemplateParser.push../node_modules/@angular/compiler/esm5/compiler.js.TemplateParser.parse node_modules/@angular/compiler/esm5/compiler.js:24674:1)
	    at JitCompiler.push../node_modules/@angular/compiler/esm5/compiler.js.JitCompiler._parseTemplate node_modules/@angular/compiler/esm5/compiler.js:34629:1)
	    at JitCompiler.push../node_modules/@angular/compiler/esm5/compiler.js.JitCompiler._compileTemplate node_modules/@angular/compiler/esm5/compiler.js:34604:1)
	    at http://localhost:18763/_karma_webpack_/webpack:/node_modules/@angular/compiler/esm5/compiler.js:34505:48
	    at Set.forEach (<anonymous>)
	    at JitCompiler.push../node_modules/@angular/compiler/esm5/compiler.js.JitCompiler._compileComponents node_modules/@angular/compiler/esm5/compiler.js:34505:1)
	    at http://localhost:18763/_karma_webpack_/webpack:/node_modules/@angular/compiler/esm5/compiler.js:34393:1
	    at Object.then node_modules/@angular/compiler/esm5/compiler.js:475:33)
	    at JitCompiler.push../node_modules/@angular/compiler/esm5/compiler.js.JitCompiler._compileModuleAndAllComponents node_modules/@angular/compiler/esm5/compiler.js:34391:1)
[1A[2KChrome 67.0.3396 (Mac OS X 10.13.3) AppComponent should create the app FAILED
	'topnav' is not a known element:
	1. If 'topnav' is an Angular component, then verify that it is part of this module.
	2. To allow any element add 'NO_ERRORS_SCHEMA' to the '@NgModule.schemas' of this component. ("[ERROR ->]<topnav></topnav>    
	<div class="container">
		<div class="row">
	"): ng:///DynamicTestModule/AppComponent.html@0:0
	'router-outlet' is not a known element:
	1. If 'router-outlet' is an Angular component, then verify that it is part of this module.
	2. If 'router-outlet' is a Web Component then add 'CUSTOM_ELEMENTS_SCHEMA' to the '@NgModule.schemas' of this component to suppress this message. ("
		<div class="row">
			<div class="col-md-1"></div>
			[ERROR ->]<router-outlet></router-outlet>
			<div class="col-md-1"></div>
		</div>
	"): ng:///DynamicTestModule/AppComponent.html@4:2
	Error: Template parse errors:
	    at syntaxError node_modules/@angular/compiler/esm5/compiler.js:486:22)
	    at TemplateParser.push../node_modules/@angular/compiler/esm5/compiler.js.TemplateParser.parse node_modules/@angular/compiler/esm5/compiler.js:24674:1)
	    at JitCompiler.push../node_modules/@angular/compiler/esm5/compiler.js.JitCompiler._parseTemplate node_modules/@angular/compiler/esm5/compiler.js:34629:1)
	    at JitCompiler.push../node_modules/@angular/compiler/esm5/compiler.js.JitCompiler._compileTemplate node_modules/@angular/compiler/esm5/compiler.js:34604:1)
	    at http://localhost:18763/_karma_webpack_/webpack:/node_modules/@angular/compiler/esm5/compiler.js:34505:48
	    at Set.forEach (<anonymous>)
	    at JitCompiler.push../node_modules/@angular/compiler/esm5/compiler.js.JitCompiler._compileComponents node_modules/@angular/compiler/esm5/compiler.js:34505:1)
	    at http://localhost:18763/_karma_webpack_/webpack:/node_modules/@angular/compiler/esm5/compiler.js:34393:1
	    at Object.then node_modules/@angular/compiler/esm5/compiler.js:475:33)
	    at JitCompiler.push../node_modules/@angular/compiler/esm5/compiler.js.JitCompiler._compileModuleAndAllComponents node_modules/@angular/compiler/esm5/compiler.js:34391:1)
	'topnav' is not a known element:
	1. If 'topnav' is an Angular component, then verify that it is part of this module.
	2. To allow any element add 'NO_ERRORS_SCHEMA' to the '@NgModule.schemas' of this component. ("[ERROR ->]<topnav></topnav>    
	<div class="container">
		<div class="row">
	"): ng:///DynamicTestModule/AppComponent.html@0:0
	'router-outlet' is not a known element:
	1. If 'router-outlet' is an Angular component, then verify that it is part of this module.
	2. If 'router-outlet' is a Web Component then add 'CUSTOM_ELEMENTS_SCHEMA' to the '@NgModule.schemas' of this component to suppress this message. ("
		<div class="row">
			<div class="col-md-1"></div>
			[ERROR ->]<router-outlet></router-outlet>
			<div class="col-md-1"></div>
		</div>
	"): ng:///DynamicTestModule/AppComponent.html@4:2
	Error: Template parse errors:
	    at syntaxError node_modules/@angular/compiler/esm5/compiler.js:486:22)
	    at TemplateParser.push../node_modules/@angular/compiler/esm5/compiler.js.TemplateParser.parse node_modules/@angular/compiler/esm5/compiler.js:24674:1)
	    at JitCompiler.push../node_modules/@angular/compiler/esm5/compiler.js.JitCompiler._parseTemplate node_modules/@angular/compiler/esm5/compiler.js:34629:1)
	    at JitCompiler.push../node_modules/@angular/compiler/esm5/compiler.js.JitCompiler._compileTemplate node_modules/@angular/compiler/esm5/compiler.js:34604:1)
	    at http://localhost:18763/_karma_webpack_/webpack:/node_modules/@angular/compiler/esm5/compiler.js:34505:48
	    at Set.forEach (<anonymous>)
	    at JitCompiler.push../node_modules/@angular/compiler/esm5/compiler.js.JitCompiler._compileComponents node_modules/@angular/compiler/esm5/compiler.js:34505:1)
	    at http://localhost:18763/_karma_webpack_/webpack:/node_modules/@angular/compiler/esm5/compiler.js:34393:1
	    at Object.then node_modules/@angular/compiler/esm5/compiler.js:475:33)
	    at JitCompiler.push../node_modules/@angular/compiler/esm5/compiler.js.JitCompiler._compileModuleAndAllComponents node_modules/@angular/compiler/esm5/compiler.js:34391:1)
Chrome 67.0.3396 (Mac OS X 10.13.3): Executed 3 of 14 (2 FAILED) (0 secs / 0.234 secs)
Chrome 67.0.3396 (Mac OS X 10.13.3) AppComponent should create the app FAILED
	'topnav' is not a known element:
	1. If 'topnav' is an Angular component, then verify that it is part of this module.
	2. To allow any element add 'NO_ERRORS_SCHEMA' to the '@NgModule.schemas' of this component. ("[ERROR ->]<topnav></topnav>    
	<div class="container">
		<div class="row">
	"): ng:///DynamicTestModule/AppComponent.html@0:0
	'router-outlet' is not a known element:
	1. If 'router-outlet' is an Angular component, then verify that it is part of this module.
	2. If 'router-outlet' is a Web Component then add 'CUSTOM_ELEMENTS_SCHEMA' to the '@NgModule.schemas' of this component to suppress this message. ("
		<div class="row">
			<div class="col-md-1"></div>
			[ERROR ->]<router-outlet></router-outlet>
			<div class="col-md-1"></div>
		</div>
	"): ng:///DynamicTestModule/AppComponent.html@4:2
	Error: Template parse errors:
	    at syntaxError node_modules/@angular/compiler/esm5/compiler.js:486:22)
	    at TemplateParser.push../node_modules/@angular/compiler/esm5/compiler.js.TemplateParser.parse node_modules/@angular/compiler/esm5/compiler.js:24674:1)
	    at JitCompiler.push../node_modules/@angular/compiler/esm5/compiler.js.JitCompiler._parseTemplate node_modules/@angular/compiler/esm5/compiler.js:34629:1)
	    at JitCompiler.push../node_modules/@angular/compiler/esm5/compiler.js.JitCompiler._compileTemplate node_modules/@angular/compiler/esm5/compiler.js:34604:1)
	    at http://localhost:18763/_karma_webpack_/webpack:/node_modules/@angular/compiler/esm5/compiler.js:34505:48
	    at Set.forEach (<anonymous>)
	    at JitCompiler.push../node_modules/@angular/compiler/esm5/compiler.js.JitCompiler._compileComponents node_modules/@angular/compiler/esm5/compiler.js:34505:1)
	    at http://localhost:18763/_karma_webpack_/webpack:/node_modules/@angular/compiler/esm5/compiler.js:34393:1
	    at Object.then node_modules/@angular/compiler/esm5/compiler.js:475:33)
	    at JitCompiler.push../node_modules/@angular/compiler/esm5/compiler.js.JitCompiler._compileModuleAndAllComponents node_modules/@angular/compiler/esm5/compiler.js:34391:1)
	'topnav' is not a known element:
	1. If 'topnav' is an Angular component, then verify that it is part of this module.
	2. To allow any element add 'NO_ERRORS_SCHEMA' to the '@NgModule.schemas' of this component. ("[ERROR ->]<topnav></topnav>    
	<div class="container">
		<div class="row">
	"): ng:///DynamicTestModule/AppComponent.html@0:0
	'router-outlet' is not a known element:
	1. If 'router-outlet' is an Angular component, then verify that it is part of this module.
	2. If 'router-outlet' is a Web Component then add 'CUSTOM_ELEMENTS_SCHEMA' to the '@NgModule.schemas' of this component to suppress this message. ("
		<div class="row">
			<div class="col-md-1"></div>
			[ERROR ->]<router-outlet></router-outlet>
			<div class="col-md-1"></div>
		</div>
	"): ng:///DynamicTestModule/AppComponent.html@4:2
	Error: Template parse errors:
	    at syntaxError node_modules/@angular/compiler/esm5/compiler.js:486:22)
	    at TemplateParser.push../node_modules/@angular/compiler/esm5/compiler.js.TemplateParser.parse node_modules/@angular/compiler/esm5/compiler.js:24674:1)
	    at JitCompiler.push../node_modules/@angular/compiler/esm5/compiler.js.JitCompiler._parseTemplate node_modules/@angular/compiler/esm5/compiler.js:34629:1)
	    at JitCompiler.push../node_modules/@angular/compiler/esm5/compiler.js.JitCompiler._compileTemplate node_modules/@angular/compiler/esm5/compiler.js:34604:1)
	    at http://localhost:18763/_karma_webpack_/webpack:/node_modules/@angular/compiler/esm5/compiler.js:34505:48
	    at Set.forEach (<anonymous>)
	    at JitCompiler.push../node_modules/@angular/compiler/esm5/compiler.js.JitCompiler._compileComponents node_modules/@angular/compiler/esm5/compiler.js:34505:1)
	    at http://localhost:18763/_karma_webpack_/webpack:/node_modules/@angular/compiler/esm5/compiler.js:34393:1
	    at Object.then node_modules/@angular/compiler/esm5/compiler.js:475:33)
	    at JitCompiler.push../node_modules/@angular/compiler/esm5/compiler.js.JitCompiler._compileModuleAndAllComponents node_modules/@angular/compiler/esm5/compiler.js:34391:1)
Chrome 67.0.3396 (Mac OS X 10.13.3) AppComponent should have as title 'app' FAILED
	'topnav' is not a known element:
	1. If 'topnav' is an Angular component, then verify that it is part of this module.
	2. To allow any element add 'NO_ERRORS_SCHEMA' to the '@NgModule.schemas' of this component. ("[ERROR ->]<topnav></topnav>    
	<div class="container">
		<div class="row">
	"): ng:///DynamicTestModule/AppComponent.html@0:0
	'router-outlet' is not a known element:
	1. If 'router-outlet' is an Angular component, then verify that it is part of this module.
	2. If 'router-outlet' is a Web Component then add 'CUSTOM_ELEMENTS_SCHEMA' to the '@NgModule.schemas' of this component to suppress this message. ("
		<div class="row">
			<div class="col-md-1"></div>
			[ERROR ->]<router-outlet></router-outlet>
			<div class="col-md-1"></div>
		</div>
	"): ng:///DynamicTestModule/AppComponent.html@4:2
	Error: Template parse errors:
	    at syntaxError node_modules/@angular/compiler/esm5/compiler.js:486:22)
	    at TemplateParser.push../node_modules/@angular/compiler/esm5/compiler.js.TemplateParser.parse node_modules/@angular/compiler/esm5/compiler.js:24674:1)
	    at JitCompiler.push../node_modules/@angular/compiler/esm5/compiler.js.JitCompiler._parseTemplate node_modules/@angular/compiler/esm5/compiler.js:34629:1)
	    at JitCompiler.push../node_modules/@angular/compiler/esm5/compiler.js.JitCompiler._compileTemplate node_modules/@angular/compiler/esm5/compiler.js:34604:1)
	    at http://localhost:18763/_karma_webpack_/webpack:/node_modules/@angular/compiler/esm5/compiler.js:34505:48
	    at Set.forEach (<anonymous>)
	    at JitCompiler.push../node_modules/@angular/compiler/esm5/compiler.js.JitCompiler._compileComponents node_modules/@angular/compiler/esm5/compiler.js:34505:1)
	    at http://localhost:18763/_karma_webpack_/webpack:/node_modules/@angular/compiler/esm5/compiler.js:34393:1
	    at Object.then node_modules/@angular/compiler/esm5/compiler.js:475:33)
	    at JitCompiler.push../node_modules/@angular/compiler/esm5/compiler.js.JitCompiler._compileModuleAndAllComponents node_modules/@angular/compiler/esm5/compiler.js:34391:1)
	'topnav' is not a known element:
	1. If 'topnav' is an Angular component, then verify that it is part of this module.
	2. To allow any element add 'NO_ERRORS_SCHEMA' to the '@NgModule.schemas' of this component. ("[ERROR ->]<topnav></topnav>    
	<div class="container">
		<div class="row">
	"): ng:///DynamicTestModule/AppComponent.html@0:0
	'router-outlet' is not a known element:
	1. If 'router-outlet' is an Angular component, then verify that it is part of this module.
	2. If 'router-outlet' is a Web Component then add 'CUSTOM_ELEMENTS_SCHEMA' to the '@NgModule.schemas' of this component to suppress this message. ("
		<div class="row">
			<div class="col-md-1"></div>
			[ERROR ->]<router-outlet></router-outlet>
			<div class="col-md-1"></div>
		</div>
	"): ng:///DynamicTestModule/AppComponent.html@4:2
	Error: Template parse errors:
	    at syntaxError node_modules/@angular/compiler/esm5/compiler.js:486:22)
	    at TemplateParser.push../node_modules/@angular/compiler/esm5/compiler.js.TemplateParser.parse node_modules/@angular/compiler/esm5/compiler.js:24674:1)
	    at JitCompiler.push../node_modules/@angular/compiler/esm5/compiler.js.JitCompiler._parseTemplate node_modules/@angular/compiler/esm5/compiler.js:34629:1)
	    at JitCompiler.push../node_modules/@angular/compiler/esm5/compiler.js.JitCompiler._compileTemplate node_modules/@angular/compiler/esm5/compiler.js:34604:1)
	    at http://localhost:18763/_karma_webpack_/webpack:/node_modules/@angular/compiler/esm5/compiler.js:34505:48
	    at Set.forEach (<anonymous>)
	    at JitCompiler.push../node_modules/@angular/compiler/esm5/compiler.js.JitCompiler._compileComponents node_modules/@angular/compiler/esm5/compiler.js:34505:1)
	    at http://localhost:18763/_karma_webpack_/webpack:/node_modules/@angular/compiler/esm5/compiler.js:34393:1
	    at Object.then node_modules/@angular/compiler/esm5/compiler.js:475:33)
	    at JitCompiler.push../node_modules/@angular/compiler/esm5/compiler.js.JitCompiler._compileModuleAndAllComponents node_modules/@angular/compiler/esm5/compiler.js:34391:1)
[1A[2KChrome 67.0.3396 (Mac OS X 10.13.3) AppComponent should have as title 'app' FAILED
	'topnav' is not a known element:
	1. If 'topnav' is an Angular component, then verify that it is part of this module.
	2. To allow any element add 'NO_ERRORS_SCHEMA' to the '@NgModule.schemas' of this component. ("[ERROR ->]<topnav></topnav>    
	<div class="container">
		<div class="row">
	"): ng:///DynamicTestModule/AppComponent.html@0:0
	'router-outlet' is not a known element:
	1. If 'router-outlet' is an Angular component, then verify that it is part of this module.
	2. If 'router-outlet' is a Web Component then add 'CUSTOM_ELEMENTS_SCHEMA' to the '@NgModule.schemas' of this component to suppress this message. ("
		<div class="row">
			<div class="col-md-1"></div>
			[ERROR ->]<router-outlet></router-outlet>
			<div class="col-md-1"></div>
		</div>
	"): ng:///DynamicTestModule/AppComponent.html@4:2
	Error: Template parse errors:
	    at syntaxError node_modules/@angular/compiler/esm5/compiler.js:486:22)
	    at TemplateParser.push../node_modules/@angular/compiler/esm5/compiler.js.TemplateParser.parse node_modules/@angular/compiler/esm5/compiler.js:24674:1)
	    at JitCompiler.push../node_modules/@angular/compiler/esm5/compiler.js.JitCompiler._parseTemplate node_modules/@angular/compiler/esm5/compiler.js:34629:1)
	    at JitCompiler.push../node_modules/@angular/compiler/esm5/compiler.js.JitCompiler._compileTemplate node_modules/@angular/compiler/esm5/compiler.js:34604:1)
	    at http://localhost:18763/_karma_webpack_/webpack:/node_modules/@angular/compiler/esm5/compiler.js:34505:48
	    at Set.forEach (<anonymous>)
	    at JitCompiler.push../node_modules/@angular/compiler/esm5/compiler.js.JitCompiler._compileComponents node_modules/@angular/compiler/esm5/compiler.js:34505:1)
	    at http://localhost:18763/_karma_webpack_/webpack:/node_modules/@angular/compiler/esm5/compiler.js:34393:1
	    at Object.then node_modules/@angular/compiler/esm5/compiler.js:475:33)
	    at JitCompiler.push../node_modules/@angular/compiler/esm5/compiler.js.JitCompiler._compileModuleAndAllComponents node_modules/@angular/compiler/esm5/compiler.js:34391:1)
	'topnav' is not a known element:
	1. If 'topnav' is an Angular component, then verify that it is part of this module.
	2. To allow any element add 'NO_ERRORS_SCHEMA' to the '@NgModule.schemas' of this component. ("[ERROR ->]<topnav></topnav>    
	<div class="container">
		<div class="row">
	"): ng:///DynamicTestModule/AppComponent.html@0:0
	'router-outlet' is not a known element:
	1. If 'router-outlet' is an Angular component, then verify that it is part of this module.
	2. If 'router-outlet' is a Web Component then add 'CUSTOM_ELEMENTS_SCHEMA' to the '@NgModule.schemas' of this component to suppress this message. ("
		<div class="row">
			<div class="col-md-1"></div>
			[ERROR ->]<router-outlet></router-outlet>
			<div class="col-md-1"></div>
		</div>
	"): ng:///DynamicTestModule/AppComponent.html@4:2
	Error: Template parse errors:
	    at syntaxError node_modules/@angular/compiler/esm5/compiler.js:486:22)
	    at TemplateParser.push../node_modules/@angular/compiler/esm5/compiler.js.TemplateParser.parse node_modules/@angular/compiler/esm5/compiler.js:24674:1)
	    at JitCompiler.push../node_modules/@angular/compiler/esm5/compiler.js.JitCompiler._parseTemplate node_modules/@angular/compiler/esm5/compiler.js:34629:1)
	    at JitCompiler.push../node_modules/@angular/compiler/esm5/compiler.js.JitCompiler._compileTemplate node_modules/@angular/compiler/esm5/compiler.js:34604:1)
	    at http://localhost:18763/_karma_webpack_/webpack:/node_modules/@angular/compiler/esm5/compiler.js:34505:48
	    at Set.forEach (<anonymous>)
	    at JitCompiler.push../node_modules/@angular/compiler/esm5/compiler.js.JitCompiler._compileComponents node_modules/@angular/compiler/esm5/compiler.js:34505:1)
	    at http://localhost:18763/_karma_webpack_/webpack:/node_modules/@angular/compiler/esm5/compiler.js:34393:1
	    at Object.then node_modules/@angular/compiler/esm5/compiler.js:475:33)
	    at JitCompiler.push../node_modules/@angular/compiler/esm5/compiler.js.JitCompiler._compileModuleAndAllComponents node_modules/@angular/compiler/esm5/compiler.js:34391:1)
Chrome 67.0.3396 (Mac OS X 10.13.3): Executed 4 of 14 (3 FAILED) (0 secs / 0.244 secs)
Chrome 67.0.3396 (Mac OS X 10.13.3) AppComponent should have as title 'app' FAILED
	'topnav' is not a known element:
	1. If 'topnav' is an Angular component, then verify that it is part of this module.
	2. To allow any element add 'NO_ERRORS_SCHEMA' to the '@NgModule.schemas' of this component. ("[ERROR ->]<topnav></topnav>    
	<div class="container">
		<div class="row">
	"): ng:///DynamicTestModule/AppComponent.html@0:0
	'router-outlet' is not a known element:
	1. If 'router-outlet' is an Angular component, then verify that it is part of this module.
	2. If 'router-outlet' is a Web Component then add 'CUSTOM_ELEMENTS_SCHEMA' to the '@NgModule.schemas' of this component to suppress this message. ("
		<div class="row">
			<div class="col-md-1"></div>
			[ERROR ->]<router-outlet></router-outlet>
			<div class="col-md-1"></div>
		</div>
	"): ng:///DynamicTestModule/AppComponent.html@4:2
	Error: Template parse errors:
	    at syntaxError node_modules/@angular/compiler/esm5/compiler.js:486:22)
	    at TemplateParser.push../node_modules/@angular/compiler/esm5/compiler.js.TemplateParser.parse node_modules/@angular/compiler/esm5/compiler.js:24674:1)
	    at JitCompiler.push../node_modules/@angular/compiler/esm5/compiler.js.JitCompiler._parseTemplate node_modules/@angular/compiler/esm5/compiler.js:34629:1)
	    at JitCompiler.push../node_modules/@angular/compiler/esm5/compiler.js.JitCompiler._compileTemplate node_modules/@angular/compiler/esm5/compiler.js:34604:1)
	    at http://localhost:18763/_karma_webpack_/webpack:/node_modules/@angular/compiler/esm5/compiler.js:34505:48
	    at Set.forEach (<anonymous>)
	    at JitCompiler.push../node_modules/@angular/compiler/esm5/compiler.js.JitCompiler._compileComponents node_modules/@angular/compiler/esm5/compiler.js:34505:1)
	    at http://localhost:18763/_karma_webpack_/webpack:/node_modules/@angular/compiler/esm5/compiler.js:34393:1
	    at Object.then node_modules/@angular/compiler/esm5/compiler.js:475:33)
	    at JitCompiler.push../node_modules/@angular/compiler/esm5/compiler.js.JitCompiler._compileModuleAndAllComponents node_modules/@angular/compiler/esm5/compiler.js:34391:1)
	'topnav' is not a known element:
	1. If 'topnav' is an Angular component, then verify that it is part of this module.
	2. To allow any element add 'NO_ERRORS_SCHEMA' to the '@NgModule.schemas' of this component. ("[ERROR ->]<topnav></topnav>    
	<div class="container">
		<div class="row">
	"): ng:///DynamicTestModule/AppComponent.html@0:0
	'router-outlet' is not a known element:
	1. If 'router-outlet' is an Angular component, then verify that it is part of this module.
	2. If 'router-outlet' is a Web Component then add 'CUSTOM_ELEMENTS_SCHEMA' to the '@NgModule.schemas' of this component to suppress this message. ("
		<div class="row">
			<div class="col-md-1"></div>
			[ERROR ->]<router-outlet></router-outlet>
			<div class="col-md-1"></div>
		</div>
	"): ng:///DynamicTestModule/AppComponent.html@4:2
	Error: Template parse errors:
	    at syntaxError node_modules/@angular/compiler/esm5/compiler.js:486:22)
	    at TemplateParser.push../node_modules/@angular/compiler/esm5/compiler.js.TemplateParser.parse node_modules/@angular/compiler/esm5/compiler.js:24674:1)
	    at JitCompiler.push../node_modules/@angular/compiler/esm5/compiler.js.JitCompiler._parseTemplate node_modules/@angular/compiler/esm5/compiler.js:34629:1)
	    at JitCompiler.push../node_modules/@angular/compiler/esm5/compiler.js.JitCompiler._compileTemplate node_modules/@angular/compiler/esm5/compiler.js:34604:1)
	    at http://localhost:18763/_karma_webpack_/webpack:/node_modules/@angular/compiler/esm5/compiler.js:34505:48
	    at Set.forEach (<anonymous>)
	    at JitCompiler.push../node_modules/@angular/compiler/esm5/compiler.js.JitCompiler._compileComponents node_modules/@angular/compiler/esm5/compiler.js:34505:1)
	    at http://localhost:18763/_karma_webpack_/webpack:/node_modules/@angular/compiler/esm5/compiler.js:34393:1
	    at Object.then node_modules/@angular/compiler/esm5/compiler.js:475:33)
	    at JitCompiler.push../node_modules/@angular/compiler/esm5/compiler.js.JitCompiler._compileModuleAndAllComponents node_modules/@angular/compiler/esm5/compiler.js:34391:1)
Chrome 67.0.3396 (Mac OS X 10.13.3) AppComponent should render title in a h1 tag FAILED
	'topnav' is not a known element:
	1. If 'topnav' is an Angular component, then verify that it is part of this module.
	2. To allow any element add 'NO_ERRORS_SCHEMA' to the '@NgModule.schemas' of this component. ("[ERROR ->]<topnav></topnav>    
	<div class="container">
		<div class="row">
	"): ng:///DynamicTestModule/AppComponent.html@0:0
	'router-outlet' is not a known element:
	1. If 'router-outlet' is an Angular component, then verify that it is part of this module.
	2. If 'router-outlet' is a Web Component then add 'CUSTOM_ELEMENTS_SCHEMA' to the '@NgModule.schemas' of this component to suppress this message. ("
		<div class="row">
			<div class="col-md-1"></div>
			[ERROR ->]<router-outlet></router-outlet>
			<div class="col-md-1"></div>
		</div>
	"): ng:///DynamicTestModule/AppComponent.html@4:2
	Error: Template parse errors:
	    at syntaxError node_modules/@angular/compiler/esm5/compiler.js:486:22)
	    at TemplateParser.push../node_modules/@angular/compiler/esm5/compiler.js.TemplateParser.parse node_modules/@angular/compiler/esm5/compiler.js:24674:1)
	    at JitCompiler.push../node_modules/@angular/compiler/esm5/compiler.js.JitCompiler._parseTemplate node_modules/@angular/compiler/esm5/compiler.js:34629:1)
	    at JitCompiler.push../node_modules/@angular/compiler/esm5/compiler.js.JitCompiler._compileTemplate node_modules/@angular/compiler/esm5/compiler.js:34604:1)
	    at http://localhost:18763/_karma_webpack_/webpack:/node_modules/@angular/compiler/esm5/compiler.js:34505:48
	    at Set.forEach (<anonymous>)
	    at JitCompiler.push../node_modules/@angular/compiler/esm5/compiler.js.JitCompiler._compileComponents node_modules/@angular/compiler/esm5/compiler.js:34505:1)
	    at http://localhost:18763/_karma_webpack_/webpack:/node_modules/@angular/compiler/esm5/compiler.js:34393:1
	    at Object.then node_modules/@angular/compiler/esm5/compiler.js:475:33)
	    at JitCompiler.push../node_modules/@angular/compiler/esm5/compiler.js.JitCompiler._compileModuleAndAllComponents node_modules/@angular/compiler/esm5/compiler.js:34391:1)
	'topnav' is not a known element:
	1. If 'topnav' is an Angular component, then verify that it is part of this module.
	2. To allow any element add 'NO_ERRORS_SCHEMA' to the '@NgModule.schemas' of this component. ("[ERROR ->]<topnav></topnav>    
	<div class="container">
		<div class="row">
	"): ng:///DynamicTestModule/AppComponent.html@0:0
	'router-outlet' is not a known element:
	1. If 'router-outlet' is an Angular component, then verify that it is part of this module.
	2. If 'router-outlet' is a Web Component then add 'CUSTOM_ELEMENTS_SCHEMA' to the '@NgModule.schemas' of this component to suppress this message. ("
		<div class="row">
			<div class="col-md-1"></div>
			[ERROR ->]<router-outlet></router-outlet>
			<div class="col-md-1"></div>
		</div>
	"): ng:///DynamicTestModule/AppComponent.html@4:2
	Error: Template parse errors:
	    at syntaxError node_modules/@angular/compiler/esm5/compiler.js:486:22)
	    at TemplateParser.push../node_modules/@angular/compiler/esm5/compiler.js.TemplateParser.parse node_modules/@angular/compiler/esm5/compiler.js:24674:1)
	    at JitCompiler.push../node_modules/@angular/compiler/esm5/compiler.js.JitCompiler._parseTemplate node_modules/@angular/compiler/esm5/compiler.js:34629:1)
	    at JitCompiler.push../node_modules/@angular/compiler/esm5/compiler.js.JitCompiler._compileTemplate node_modules/@angular/compiler/esm5/compiler.js:34604:1)
	    at http://localhost:18763/_karma_webpack_/webpack:/node_modules/@angular/compiler/esm5/compiler.js:34505:48
	    at Set.forEach (<anonymous>)
	    at JitCompiler.push../node_modules/@angular/compiler/esm5/compiler.js.JitCompiler._compileComponents node_modules/@angular/compiler/esm5/compiler.js:34505:1)
	    at http://localhost:18763/_karma_webpack_/webpack:/node_modules/@angular/compiler/esm5/compiler.js:34393:1
	    at Object.then node_modules/@angular/compiler/esm5/compiler.js:475:33)
	    at JitCompiler.push../node_modules/@angular/compiler/esm5/compiler.js.JitCompiler._compileModuleAndAllComponents node_modules/@angular/compiler/esm5/compiler.js:34391:1)
[1A[2KChrome 67.0.3396 (Mac OS X 10.13.3) AppComponent should render title in a h1 tag FAILED
	'topnav' is not a known element:
	1. If 'topnav' is an Angular component, then verify that it is part of this module.
	2. To allow any element add 'NO_ERRORS_SCHEMA' to the '@NgModule.schemas' of this component. ("[ERROR ->]<topnav></topnav>    
	<div class="container">
		<div class="row">
	"): ng:///DynamicTestModule/AppComponent.html@0:0
	'router-outlet' is not a known element:
	1. If 'router-outlet' is an Angular component, then verify that it is part of this module.
	2. If 'router-outlet' is a Web Component then add 'CUSTOM_ELEMENTS_SCHEMA' to the '@NgModule.schemas' of this component to suppress this message. ("
		<div class="row">
			<div class="col-md-1"></div>
			[ERROR ->]<router-outlet></router-outlet>
			<div class="col-md-1"></div>
		</div>
	"): ng:///DynamicTestModule/AppComponent.html@4:2
	Error: Template parse errors:
	    at syntaxError node_modules/@angular/compiler/esm5/compiler.js:486:22)
	    at TemplateParser.push../node_modules/@angular/compiler/esm5/compiler.js.TemplateParser.parse node_modules/@angular/compiler/esm5/compiler.js:24674:1)
	    at JitCompiler.push../node_modules/@angular/compiler/esm5/compiler.js.JitCompiler._parseTemplate node_modules/@angular/compiler/esm5/compiler.js:34629:1)
	    at JitCompiler.push../node_modules/@angular/compiler/esm5/compiler.js.JitCompiler._compileTemplate node_modules/@angular/compiler/esm5/compiler.js:34604:1)
	    at http://localhost:18763/_karma_webpack_/webpack:/node_modules/@angular/compiler/esm5/compiler.js:34505:48
	    at Set.forEach (<anonymous>)
	    at JitCompiler.push../node_modules/@angular/compiler/esm5/compiler.js.JitCompiler._compileComponents node_modules/@angular/compiler/esm5/compiler.js:34505:1)
	    at http://localhost:18763/_karma_webpack_/webpack:/node_modules/@angular/compiler/esm5/compiler.js:34393:1
	    at Object.then node_modules/@angular/compiler/esm5/compiler.js:475:33)
	    at JitCompiler.push../node_modules/@angular/compiler/esm5/compiler.js.JitCompiler._compileModuleAndAllComponents node_modules/@angular/compiler/esm5/compiler.js:34391:1)
	'topnav' is not a known element:
	1. If 'topnav' is an Angular component, then verify that it is part of this module.
	2. To allow any element add 'NO_ERRORS_SCHEMA' to the '@NgModule.schemas' of this component. ("[ERROR ->]<topnav></topnav>    
	<div class="container">
		<div class="row">
	"): ng:///DynamicTestModule/AppComponent.html@0:0
	'router-outlet' is not a known element:
	1. If 'router-outlet' is an Angular component, then verify that it is part of this module.
	2. If 'router-outlet' is a Web Component then add 'CUSTOM_ELEMENTS_SCHEMA' to the '@NgModule.schemas' of this component to suppress this message. ("
		<div class="row">
			<div class="col-md-1"></div>
			[ERROR ->]<router-outlet></router-outlet>
			<div class="col-md-1"></div>
		</div>
	"): ng:///DynamicTestModule/AppComponent.html@4:2
	Error: Template parse errors:
	    at syntaxError node_modules/@angular/compiler/esm5/compiler.js:486:22)
	    at TemplateParser.push../node_modules/@angular/compiler/esm5/compiler.js.TemplateParser.parse node_modules/@angular/compiler/esm5/compiler.js:24674:1)
	    at JitCompiler.push../node_modules/@angular/compiler/esm5/compiler.js.JitCompiler._parseTemplate node_modules/@angular/compiler/esm5/compiler.js:34629:1)
	    at JitCompiler.push../node_modules/@angular/compiler/esm5/compiler.js.JitCompiler._compileTemplate node_modules/@angular/compiler/esm5/compiler.js:34604:1)
	    at http://localhost:18763/_karma_webpack_/webpack:/node_modules/@angular/compiler/esm5/compiler.js:34505:48
	    at Set.forEach (<anonymous>)
	    at JitCompiler.push../node_modules/@angular/compiler/esm5/compiler.js.JitCompiler._compileComponents node_modules/@angular/compiler/esm5/compiler.js:34505:1)
	    at http://localhost:18763/_karma_webpack_/webpack:/node_modules/@angular/compiler/esm5/compiler.js:34393:1
	    at Object.then node_modules/@angular/compiler/esm5/compiler.js:475:33)
	    at JitCompiler.push../node_modules/@angular/compiler/esm5/compiler.js.JitCompiler._compileModuleAndAllComponents node_modules/@angular/compiler/esm5/compiler.js:34391:1)
Chrome 67.0.3396 (Mac OS X 10.13.3): Executed 5 of 14 (4 FAILED) (0 secs / 0.255 secs)
Chrome 67.0.3396 (Mac OS X 10.13.3) AppComponent should render title in a h1 tag FAILED
	'topnav' is not a known element:
	1. If 'topnav' is an Angular component, then verify that it is part of this module.
	2. To allow any element add 'NO_ERRORS_SCHEMA' to the '@NgModule.schemas' of this component. ("[ERROR ->]<topnav></topnav>    
	<div class="container">
		<div class="row">
	"): ng:///DynamicTestModule/AppComponent.html@0:0
	'router-outlet' is not a known element:
	1. If 'router-outlet' is an Angular component, then verify that it is part of this module.
	2. If 'router-outlet' is a Web Component then add 'CUSTOM_ELEMENTS_SCHEMA' to the '@NgModule.schemas' of this component to suppress this message. ("
		<div class="row">
			<div class="col-md-1"></div>
			[ERROR ->]<router-outlet></router-outlet>
			<div class="col-md-1"></div>
		</div>
	"): ng:///DynamicTestModule/AppComponent.html@4:2
	Error: Template parse errors:
	    at syntaxError node_modules/@angular/compiler/esm5/compiler.js:486:22)
	    at TemplateParser.push../node_modules/@angular/compiler/esm5/compiler.js.TemplateParser.parse node_modules/@angular/compiler/esm5/compiler.js:24674:1)
	    at JitCompiler.push../node_modules/@angular/compiler/esm5/compiler.js.JitCompiler._parseTemplate node_modules/@angular/compiler/esm5/compiler.js:34629:1)
	    at JitCompiler.push../node_modules/@angular/compiler/esm5/compiler.js.JitCompiler._compileTemplate node_modules/@angular/compiler/esm5/compiler.js:34604:1)
	    at http://localhost:18763/_karma_webpack_/webpack:/node_modules/@angular/compiler/esm5/compiler.js:34505:48
	    at Set.forEach (<anonymous>)
	    at JitCompiler.push../node_modules/@angular/compiler/esm5/compiler.js.JitCompiler._compileComponents node_modules/@angular/compiler/esm5/compiler.js:34505:1)
	    at http://localhost:18763/_karma_webpack_/webpack:/node_modules/@angular/compiler/esm5/compiler.js:34393:1
	    at Object.then node_modules/@angular/compiler/esm5/compiler.js:475:33)
	    at JitCompiler.push../node_modules/@angular/compiler/esm5/compiler.js.JitCompiler._compileModuleAndAllComponents node_modules/@angular/compiler/esm5/compiler.js:34391:1)
	'topnav' is not a known element:
	1. If 'topnav' is an Angular component, then verify that it is part of this module.
	2. To allow any element add 'NO_ERRORS_SCHEMA' to the '@NgModule.schemas' of this component. ("[ERROR ->]<topnav></topnav>    
	<div class="container">
		<div class="row">
	"): ng:///DynamicTestModule/AppComponent.html@0:0
	'router-outlet' is not a known element:
	1. If 'router-outlet' is an Angular component, then verify that it is part of this module.
	2. If 'router-outlet' is a Web Component then add 'CUSTOM_ELEMENTS_SCHEMA' to the '@NgModule.schemas' of this component to suppress this message. ("
		<div class="row">
			<div class="col-md-1"></div>
			[ERROR ->]<router-outlet></router-outlet>
			<div class="col-md-1"></div>
		</div>
	"): ng:///DynamicTestModule/AppComponent.html@4:2
	Error: Template parse errors:
	    at syntaxError node_modules/@angular/compiler/esm5/compiler.js:486:22)
	    at TemplateParser.push../node_modules/@angular/compiler/esm5/compiler.js.TemplateParser.parse node_modules/@angular/compiler/esm5/compiler.js:24674:1)
	    at JitCompiler.push../node_modules/@angular/compiler/esm5/compiler.js.JitCompiler._parseTemplate node_modules/@angular/compiler/esm5/compiler.js:34629:1)
	    at JitCompiler.push../node_modules/@angular/compiler/esm5/compiler.js.JitCompiler._compileTemplate node_modules/@angular/compiler/esm5/compiler.js:34604:1)
	    at http://localhost:18763/_karma_webpack_/webpack:/node_modules/@angular/compiler/esm5/compiler.js:34505:48
	    at Set.forEach (<anonymous>)
	    at JitCompiler.push../node_modules/@angular/compiler/esm5/compiler.js.JitCompiler._compileComponents node_modules/@angular/compiler/esm5/compiler.js:34505:1)
	    at http://localhost:18763/_karma_webpack_/webpack:/node_modules/@angular/compiler/esm5/compiler.js:34393:1
	    at Object.then node_modules/@angular/compiler/esm5/compiler.js:475:33)
	    at JitCompiler.push../node_modules/@angular/compiler/esm5/compiler.js.JitCompiler._compileModuleAndAllComponents node_modules/@angular/compiler/esm5/compiler.js:34391:1)
Chrome 67.0.3396 (Mac OS X 10.13.3) RecentActivitiesComponent should be created FAILED
	Error: StaticInjectorError(DynamicTestModule)[RecentActivitiesComponent -> RecentActivitiesService]: 
	  StaticInjectorError(Platform: core)[RecentActivitiesComponent -> RecentActivitiesService]: 
	    NullInjectorError: No provider for RecentActivitiesService!
	    at _NullInjector.push../node_modules/@angular/core/esm5/core.js._NullInjector.get node_modules/@angular/core/esm5/core.js:1003:1)
	    at resolveToken node_modules/@angular/core/esm5/core.js:1301:1)
	    at tryResolveToken node_modules/@angular/core/esm5/core.js:1243:1)
	    at StaticInjector.push../node_modules/@angular/core/esm5/core.js.StaticInjector.get node_modules/@angular/core/esm5/core.js:1111:1)
	    at resolveToken node_modules/@angular/core/esm5/core.js:1301:1)
	    at tryResolveToken node_modules/@angular/core/esm5/core.js:1243:1)
	    at StaticInjector.push../node_modules/@angular/core/esm5/core.js.StaticInjector.get node_modules/@angular/core/esm5/core.js:1111:1)
	    at resolveNgModuleDep node_modules/@angular/core/esm5/core.js:10896:1)
	    at NgModuleRef_.push../node_modules/@angular/core/esm5/core.js.NgModuleRef_.get node_modules/@angular/core/esm5/core.js:12129:1)
	    at resolveDep node_modules/@angular/core/esm5/core.js:12619:1)
	Expected undefined to be truthy.
	    at Object.<anonymous> src/app/components/recent-activities/recent-activities.component.spec.ts:23:23)
	    at ZoneDelegate../node_modules/zone.js/dist/zone.js.ZoneDelegate.invoke node_modules/zone.js/dist/zone.js:388:1)
	    at ProxyZoneSpec.push../node_modules/zone.js/dist/proxy.js.ProxyZoneSpec.onInvoke node_modules/zone.js/dist/proxy.js:128:1)
	    at ZoneDelegate../node_modules/zone.js/dist/zone.js.ZoneDelegate.invoke node_modules/zone.js/dist/zone.js:387:1)
[1A[2KChrome 67.0.3396 (Mac OS X 10.13.3) RecentActivitiesComponent should be created FAILED
	Error: StaticInjectorError(DynamicTestModule)[RecentActivitiesComponent -> RecentActivitiesService]: 
	  StaticInjectorError(Platform: core)[RecentActivitiesComponent -> RecentActivitiesService]: 
	    NullInjectorError: No provider for RecentActivitiesService!
	    at _NullInjector.push../node_modules/@angular/core/esm5/core.js._NullInjector.get node_modules/@angular/core/esm5/core.js:1003:1)
	    at resolveToken node_modules/@angular/core/esm5/core.js:1301:1)
	    at tryResolveToken node_modules/@angular/core/esm5/core.js:1243:1)
	    at StaticInjector.push../node_modules/@angular/core/esm5/core.js.StaticInjector.get node_modules/@angular/core/esm5/core.js:1111:1)
	    at resolveToken node_modules/@angular/core/esm5/core.js:1301:1)
	    at tryResolveToken node_modules/@angular/core/esm5/core.js:1243:1)
	    at StaticInjector.push../node_modules/@angular/core/esm5/core.js.StaticInjector.get node_modules/@angular/core/esm5/core.js:1111:1)
	    at resolveNgModuleDep node_modules/@angular/core/esm5/core.js:10896:1)
	    at NgModuleRef_.push../node_modules/@angular/core/esm5/core.js.NgModuleRef_.get node_modules/@angular/core/esm5/core.js:12129:1)
	    at resolveDep node_modules/@angular/core/esm5/core.js:12619:1)
	Expected undefined to be truthy.
	    at Object.<anonymous> src/app/components/recent-activities/recent-activities.component.spec.ts:23:23)
	    at ZoneDelegate../node_modules/zone.js/dist/zone.js.ZoneDelegate.invoke node_modules/zone.js/dist/zone.js:388:1)
	    at ProxyZoneSpec.push../node_modules/zone.js/dist/proxy.js.ProxyZoneSpec.onInvoke node_modules/zone.js/dist/proxy.js:128:1)
	    at ZoneDelegate../node_modules/zone.js/dist/zone.js.ZoneDelegate.invoke node_modules/zone.js/dist/zone.js:387:1)
Chrome 67.0.3396 (Mac OS X 10.13.3): Executed 6 of 14 (5 FAILED) (0 secs / 0.282 secs)
Chrome 67.0.3396 (Mac OS X 10.13.3) RecentActivitiesComponent should be created FAILED
	Error: StaticInjectorError(DynamicTestModule)[RecentActivitiesComponent -> RecentActivitiesService]: 
	  StaticInjectorError(Platform: core)[RecentActivitiesComponent -> RecentActivitiesService]: 
	    NullInjectorError: No provider for RecentActivitiesService!
	    at _NullInjector.push../node_modules/@angular/core/esm5/core.js._NullInjector.get node_modules/@angular/core/esm5/core.js:1003:1)
	    at resolveToken node_modules/@angular/core/esm5/core.js:1301:1)
	    at tryResolveToken node_modules/@angular/core/esm5/core.js:1243:1)
	    at StaticInjector.push../node_modules/@angular/core/esm5/core.js.StaticInjector.get node_modules/@angular/core/esm5/core.js:1111:1)
	    at resolveToken node_modules/@angular/core/esm5/core.js:1301:1)
	    at tryResolveToken node_modules/@angular/core/esm5/core.js:1243:1)
	    at StaticInjector.push../node_modules/@angular/core/esm5/core.js.StaticInjector.get node_modules/@angular/core/esm5/core.js:1111:1)
	    at resolveNgModuleDep node_modules/@angular/core/esm5/core.js:10896:1)
	    at NgModuleRef_.push../node_modules/@angular/core/esm5/core.js.NgModuleRef_.get node_modules/@angular/core/esm5/core.js:12129:1)
	    at resolveDep node_modules/@angular/core/esm5/core.js:12619:1)
	Expected undefined to be truthy.
	    at Object.<anonymous> src/app/components/recent-activities/recent-activities.component.spec.ts:23:23)
	    at ZoneDelegate../node_modules/zone.js/dist/zone.js.ZoneDelegate.invoke node_modules/zone.js/dist/zone.js:388:1)
	    at ProxyZoneSpec.push../node_modules/zone.js/dist/proxy.js.ProxyZoneSpec.onInvoke node_modules/zone.js/dist/proxy.js:128:1)
	    at ZoneDelegate../node_modules/zone.js/dist/zone.js.ZoneDelegate.invoke node_modules/zone.js/dist/zone.js:387:1)
Chrome 67.0.3396 (Mac OS X 10.13.3) TimerComponent should be created FAILED
	Error: StaticInjectorError(DynamicTestModule)[TimerComponent -> RecentActivitiesService]: 
	  StaticInjectorError(Platform: core)[TimerComponent -> RecentActivitiesService]: 
	    NullInjectorError: No provider for RecentActivitiesService!
	    at _NullInjector.push../node_modules/@angular/core/esm5/core.js._NullInjector.get node_modules/@angular/core/esm5/core.js:1003:1)
	    at resolveToken node_modules/@angular/core/esm5/core.js:1301:1)
	    at tryResolveToken node_modules/@angular/core/esm5/core.js:1243:1)
	    at StaticInjector.push../node_modules/@angular/core/esm5/core.js.StaticInjector.get node_modules/@angular/core/esm5/core.js:1111:1)
	    at resolveToken node_modules/@angular/core/esm5/core.js:1301:1)
	    at tryResolveToken node_modules/@angular/core/esm5/core.js:1243:1)
	    at StaticInjector.push../node_modules/@angular/core/esm5/core.js.StaticInjector.get node_modules/@angular/core/esm5/core.js:1111:1)
	    at resolveNgModuleDep node_modules/@angular/core/esm5/core.js:10896:1)
	    at NgModuleRef_.push../node_modules/@angular/core/esm5/core.js.NgModuleRef_.get node_modules/@angular/core/esm5/core.js:12129:1)
	    at resolveDep node_modules/@angular/core/esm5/core.js:12619:1)
	Expected undefined to be truthy.
	    at Object.<anonymous> src/app/components/timer/timer.component.spec.ts:23:23)
	    at ZoneDelegate../node_modules/zone.js/dist/zone.js.ZoneDelegate.invoke node_modules/zone.js/dist/zone.js:388:1)
	    at ProxyZoneSpec.push../node_modules/zone.js/dist/proxy.js.ProxyZoneSpec.onInvoke node_modules/zone.js/dist/proxy.js:128:1)
	    at ZoneDelegate../node_modules/zone.js/dist/zone.js.ZoneDelegate.invoke node_modules/zone.js/dist/zone.js:387:1)
[1A[2KChrome 67.0.3396 (Mac OS X 10.13.3) TimerComponent should be created FAILED
	Error: StaticInjectorError(DynamicTestModule)[TimerComponent -> RecentActivitiesService]: 
	  StaticInjectorError(Platform: core)[TimerComponent -> RecentActivitiesService]: 
	    NullInjectorError: No provider for RecentActivitiesService!
	    at _NullInjector.push../node_modules/@angular/core/esm5/core.js._NullInjector.get node_modules/@angular/core/esm5/core.js:1003:1)
	    at resolveToken node_modules/@angular/core/esm5/core.js:1301:1)
	    at tryResolveToken node_modules/@angular/core/esm5/core.js:1243:1)
	    at StaticInjector.push../node_modules/@angular/core/esm5/core.js.StaticInjector.get node_modules/@angular/core/esm5/core.js:1111:1)
	    at resolveToken node_modules/@angular/core/esm5/core.js:1301:1)
	    at tryResolveToken node_modules/@angular/core/esm5/core.js:1243:1)
	    at StaticInjector.push../node_modules/@angular/core/esm5/core.js.StaticInjector.get node_modules/@angular/core/esm5/core.js:1111:1)
	    at resolveNgModuleDep node_modules/@angular/core/esm5/core.js:10896:1)
	    at NgModuleRef_.push../node_modules/@angular/core/esm5/core.js.NgModuleRef_.get node_modules/@angular/core/esm5/core.js:12129:1)
	    at resolveDep node_modules/@angular/core/esm5/core.js:12619:1)
	Expected undefined to be truthy.
	    at Object.<anonymous> src/app/components/timer/timer.component.spec.ts:23:23)
	    at ZoneDelegate../node_modules/zone.js/dist/zone.js.ZoneDelegate.invoke node_modules/zone.js/dist/zone.js:388:1)
	    at ProxyZoneSpec.push../node_modules/zone.js/dist/proxy.js.ProxyZoneSpec.onInvoke node_modules/zone.js/dist/proxy.js:128:1)
	    at ZoneDelegate../node_modules/zone.js/dist/zone.js.ZoneDelegate.invoke node_modules/zone.js/dist/zone.js:387:1)
Chrome 67.0.3396 (Mac OS X 10.13.3): Executed 7 of 14 (6 FAILED) (0 secs / 0.296 secs)
Chrome 67.0.3396 (Mac OS X 10.13.3) TimerComponent should be created FAILED
	Error: StaticInjectorError(DynamicTestModule)[TimerComponent -> RecentActivitiesService]: 
	  StaticInjectorError(Platform: core)[TimerComponent -> RecentActivitiesService]: 
	    NullInjectorError: No provider for RecentActivitiesService!
	    at _NullInjector.push../node_modules/@angular/core/esm5/core.js._NullInjector.get node_modules/@angular/core/esm5/core.js:1003:1)
	    at resolveToken node_modules/@angular/core/esm5/core.js:1301:1)
	    at tryResolveToken node_modules/@angular/core/esm5/core.js:1243:1)
	    at StaticInjector.push../node_modules/@angular/core/esm5/core.js.StaticInjector.get node_modules/@angular/core/esm5/core.js:1111:1)
	    at resolveToken node_modules/@angular/core/esm5/core.js:1301:1)
	    at tryResolveToken node_modules/@angular/core/esm5/core.js:1243:1)
	    at StaticInjector.push../node_modules/@angular/core/esm5/core.js.StaticInjector.get node_modules/@angular/core/esm5/core.js:1111:1)
	    at resolveNgModuleDep node_modules/@angular/core/esm5/core.js:10896:1)
	    at NgModuleRef_.push../node_modules/@angular/core/esm5/core.js.NgModuleRef_.get node_modules/@angular/core/esm5/core.js:12129:1)
	    at resolveDep node_modules/@angular/core/esm5/core.js:12619:1)
	Expected undefined to be truthy.
	    at Object.<anonymous> src/app/components/timer/timer.component.spec.ts:23:23)
	    at ZoneDelegate../node_modules/zone.js/dist/zone.js.ZoneDelegate.invoke node_modules/zone.js/dist/zone.js:388:1)
	    at ProxyZoneSpec.push../node_modules/zone.js/dist/proxy.js.ProxyZoneSpec.onInvoke node_modules/zone.js/dist/proxy.js:128:1)
	    at ZoneDelegate../node_modules/zone.js/dist/zone.js.ZoneDelegate.invoke node_modules/zone.js/dist/zone.js:387:1)
Chrome 67.0.3396 (Mac OS X 10.13.3) TopnavComponent should be created FAILED
	Can't bind to 'collapse' since it isn't a known property of 'div'. ("ef="#">Activity Tracker</a>
			</div>
			<div id="navbar-collapse-1" class="collapse navbar-collapse" [ERROR ->][collapse]="isCollapsed">
				<ul class="nav navbar-nav">
					<li class="active">
	"): ng:///DynamicTestModule/TopnavComponent.html@14:63
	Error: Template parse errors:
	    at syntaxError node_modules/@angular/compiler/esm5/compiler.js:486:22)
	    at TemplateParser.push../node_modules/@angular/compiler/esm5/compiler.js.TemplateParser.parse node_modules/@angular/compiler/esm5/compiler.js:24674:1)
	    at JitCompiler.push../node_modules/@angular/compiler/esm5/compiler.js.JitCompiler._parseTemplate node_modules/@angular/compiler/esm5/compiler.js:34629:1)
	    at JitCompiler.push../node_modules/@angular/compiler/esm5/compiler.js.JitCompiler._compileTemplate node_modules/@angular/compiler/esm5/compiler.js:34604:1)
	    at http://localhost:18763/_karma_webpack_/webpack:/node_modules/@angular/compiler/esm5/compiler.js:34505:48
	    at Set.forEach (<anonymous>)
	    at JitCompiler.push../node_modules/@angular/compiler/esm5/compiler.js.JitCompiler._compileComponents node_modules/@angular/compiler/esm5/compiler.js:34505:1)
	    at http://localhost:18763/_karma_webpack_/webpack:/node_modules/@angular/compiler/esm5/compiler.js:34393:1
	    at Object.then node_modules/@angular/compiler/esm5/compiler.js:475:33)
	    at JitCompiler.push../node_modules/@angular/compiler/esm5/compiler.js.JitCompiler._compileModuleAndAllComponents node_modules/@angular/compiler/esm5/compiler.js:34391:1)
	Error: Template parse errors:
	Can't bind to 'collapse' since it isn't a known property of 'div'. ("ef="#">Activity Tracker</a>
			</div>
			<div id="navbar-collapse-1" class="collapse navbar-collapse" [ERROR ->][collapse]="isCollapsed">
				<ul class="nav navbar-nav">
					<li class="active">
	"): ng:///DynamicTestModule/TopnavComponent.html@14:63
	    at syntaxError node_modules/@angular/compiler/esm5/compiler.js:486:22)
	    at TemplateParser.push../node_modules/@angular/compiler/esm5/compiler.js.TemplateParser.parse node_modules/@angular/compiler/esm5/compiler.js:24674:1)
	    at JitCompiler.push../node_modules/@angular/compiler/esm5/compiler.js.JitCompiler._parseTemplate node_modules/@angular/compiler/esm5/compiler.js:34629:1)
	    at JitCompiler.push../node_modules/@angular/compiler/esm5/compiler.js.JitCompiler._compileTemplate node_modules/@angular/compiler/esm5/compiler.js:34604:1)
	    at http://localhost:18763/_karma_webpack_/webpack:/node_modules/@angular/compiler/esm5/compiler.js:34505:48
	    at Set.forEach (<anonymous>)
	    at JitCompiler.push../node_modules/@angular/compiler/esm5/compiler.js.JitCompiler._compileComponents node_modules/@angular/compiler/esm5/compiler.js:34505:1)
	    at http://localhost:18763/_karma_webpack_/webpack:/node_modules/@angular/compiler/esm5/compiler.js:34393:1
	    at Object.then node_modules/@angular/compiler/esm5/compiler.js:475:33)
	    at JitCompiler.push../node_modules/@angular/compiler/esm5/compiler.js.JitCompiler._compileModuleAndAllComponents node_modules/@angular/compiler/esm5/compiler.js:34391:1)
	Expected undefined to be truthy.
	    at Object.<anonymous> src/app/components/topnav/topnav.component.spec.ts:23:23)
	    at ZoneDelegate../node_modules/zone.js/dist/zone.js.ZoneDelegate.invoke node_modules/zone.js/dist/zone.js:388:1)
	    at ProxyZoneSpec.push../node_modules/zone.js/dist/proxy.js.ProxyZoneSpec.onInvoke node_modules/zone.js/dist/proxy.js:128:1)
	    at ZoneDelegate../node_modules/zone.js/dist/zone.js.ZoneDelegate.invoke node_modules/zone.js/dist/zone.js:387:1)
[1A[2KChrome 67.0.3396 (Mac OS X 10.13.3) TopnavComponent should be created FAILED
	Can't bind to 'collapse' since it isn't a known property of 'div'. ("ef="#">Activity Tracker</a>
			</div>
			<div id="navbar-collapse-1" class="collapse navbar-collapse" [ERROR ->][collapse]="isCollapsed">
				<ul class="nav navbar-nav">
					<li class="active">
	"): ng:///DynamicTestModule/TopnavComponent.html@14:63
	Error: Template parse errors:
	    at syntaxError node_modules/@angular/compiler/esm5/compiler.js:486:22)
	    at TemplateParser.push../node_modules/@angular/compiler/esm5/compiler.js.TemplateParser.parse node_modules/@angular/compiler/esm5/compiler.js:24674:1)
	    at JitCompiler.push../node_modules/@angular/compiler/esm5/compiler.js.JitCompiler._parseTemplate node_modules/@angular/compiler/esm5/compiler.js:34629:1)
	    at JitCompiler.push../node_modules/@angular/compiler/esm5/compiler.js.JitCompiler._compileTemplate node_modules/@angular/compiler/esm5/compiler.js:34604:1)
	    at http://localhost:18763/_karma_webpack_/webpack:/node_modules/@angular/compiler/esm5/compiler.js:34505:48
	    at Set.forEach (<anonymous>)
	    at JitCompiler.push../node_modules/@angular/compiler/esm5/compiler.js.JitCompiler._compileComponents node_modules/@angular/compiler/esm5/compiler.js:34505:1)
	    at http://localhost:18763/_karma_webpack_/webpack:/node_modules/@angular/compiler/esm5/compiler.js:34393:1
	    at Object.then node_modules/@angular/compiler/esm5/compiler.js:475:33)
	    at JitCompiler.push../node_modules/@angular/compiler/esm5/compiler.js.JitCompiler._compileModuleAndAllComponents node_modules/@angular/compiler/esm5/compiler.js:34391:1)
	Error: Template parse errors:
	Can't bind to 'collapse' since it isn't a known property of 'div'. ("ef="#">Activity Tracker</a>
			</div>
			<div id="navbar-collapse-1" class="collapse navbar-collapse" [ERROR ->][collapse]="isCollapsed">
				<ul class="nav navbar-nav">
					<li class="active">
	"): ng:///DynamicTestModule/TopnavComponent.html@14:63
	    at syntaxError node_modules/@angular/compiler/esm5/compiler.js:486:22)
	    at TemplateParser.push../node_modules/@angular/compiler/esm5/compiler.js.TemplateParser.parse node_modules/@angular/compiler/esm5/compiler.js:24674:1)
	    at JitCompiler.push../node_modules/@angular/compiler/esm5/compiler.js.JitCompiler._parseTemplate node_modules/@angular/compiler/esm5/compiler.js:34629:1)
	    at JitCompiler.push../node_modules/@angular/compiler/esm5/compiler.js.JitCompiler._compileTemplate node_modules/@angular/compiler/esm5/compiler.js:34604:1)
	    at http://localhost:18763/_karma_webpack_/webpack:/node_modules/@angular/compiler/esm5/compiler.js:34505:48
	    at Set.forEach (<anonymous>)
	    at JitCompiler.push../node_modules/@angular/compiler/esm5/compiler.js.JitCompiler._compileComponents node_modules/@angular/compiler/esm5/compiler.js:34505:1)
	    at http://localhost:18763/_karma_webpack_/webpack:/node_modules/@angular/compiler/esm5/compiler.js:34393:1
	    at Object.then node_modules/@angular/compiler/esm5/compiler.js:475:33)
	    at JitCompiler.push../node_modules/@angular/compiler/esm5/compiler.js.JitCompiler._compileModuleAndAllComponents node_modules/@angular/compiler/esm5/compiler.js:34391:1)
	Expected undefined to be truthy.
	    at Object.<anonymous> src/app/components/topnav/topnav.component.spec.ts:23:23)
	    at ZoneDelegate../node_modules/zone.js/dist/zone.js.ZoneDelegate.invoke node_modules/zone.js/dist/zone.js:388:1)
	    at ProxyZoneSpec.push../node_modules/zone.js/dist/proxy.js.ProxyZoneSpec.onInvoke node_modules/zone.js/dist/proxy.js:128:1)
	    at ZoneDelegate../node_modules/zone.js/dist/zone.js.ZoneDelegate.invoke node_modules/zone.js/dist/zone.js:387:1)
Chrome 67.0.3396 (Mac OS X 10.13.3): Executed 8 of 14 (7 FAILED) (0 secs / 0.309 secs)
Chrome 67.0.3396 (Mac OS X 10.13.3) TopnavComponent should be created FAILED
	Can't bind to 'collapse' since it isn't a known property of 'div'. ("ef="#">Activity Tracker</a>
			</div>
			<div id="navbar-collapse-1" class="collapse navbar-collapse" [ERROR ->][collapse]="isCollapsed">
				<ul class="nav navbar-nav">
					<li class="active">
	"): ng:///DynamicTestModule/TopnavComponent.html@14:63
	Error: Template parse errors:
	    at syntaxError node_modules/@angular/compiler/esm5/compiler.js:486:22)
	    at TemplateParser.push../node_modules/@angular/compiler/esm5/compiler.js.TemplateParser.parse node_modules/@angular/compiler/esm5/compiler.js:24674:1)
	    at JitCompiler.push../node_modules/@angular/compiler/esm5/compiler.js.JitCompiler._parseTemplate node_modules/@angular/compiler/esm5/compiler.js:34629:1)
	    at JitCompiler.push../node_modules/@angular/compiler/esm5/compiler.js.JitCompiler._compileTemplate node_modules/@angular/compiler/esm5/compiler.js:34604:1)
	    at http://localhost:18763/_karma_webpack_/webpack:/node_modules/@angular/compiler/esm5/compiler.js:34505:48
	    at Set.forEach (<anonymous>)
	    at JitCompiler.push../node_modules/@angular/compiler/esm5/compiler.js.JitCompiler._compileComponents node_modules/@angular/compiler/esm5/compiler.js:34505:1)
	    at http://localhost:18763/_karma_webpack_/webpack:/node_modules/@angular/compiler/esm5/compiler.js:34393:1
	    at Object.then node_modules/@angular/compiler/esm5/compiler.js:475:33)
	    at JitCompiler.push../node_modules/@angular/compiler/esm5/compiler.js.JitCompiler._compileModuleAndAllComponents node_modules/@angular/compiler/esm5/compiler.js:34391:1)
	Error: Template parse errors:
	Can't bind to 'collapse' since it isn't a known property of 'div'. ("ef="#">Activity Tracker</a>
			</div>
			<div id="navbar-collapse-1" class="collapse navbar-collapse" [ERROR ->][collapse]="isCollapsed">
				<ul class="nav navbar-nav">
					<li class="active">
	"): ng:///DynamicTestModule/TopnavComponent.html@14:63
	    at syntaxError node_modules/@angular/compiler/esm5/compiler.js:486:22)
	    at TemplateParser.push../node_modules/@angular/compiler/esm5/compiler.js.TemplateParser.parse node_modules/@angular/compiler/esm5/compiler.js:24674:1)
	    at JitCompiler.push../node_modules/@angular/compiler/esm5/compiler.js.JitCompiler._parseTemplate node_modules/@angular/compiler/esm5/compiler.js:34629:1)
	    at JitCompiler.push../node_modules/@angular/compiler/esm5/compiler.js.JitCompiler._compileTemplate node_modules/@angular/compiler/esm5/compiler.js:34604:1)
	    at http://localhost:18763/_karma_webpack_/webpack:/node_modules/@angular/compiler/esm5/compiler.js:34505:48
	    at Set.forEach (<anonymous>)
	    at JitCompiler.push../node_modules/@angular/compiler/esm5/compiler.js.JitCompiler._compileComponents node_modules/@angular/compiler/esm5/compiler.js:34505:1)
	    at http://localhost:18763/_karma_webpack_/webpack:/node_modules/@angular/compiler/esm5/compiler.js:34393:1
	    at Object.then node_modules/@angular/compiler/esm5/compiler.js:475:33)
	    at JitCompiler.push../node_modules/@angular/compiler/esm5/compiler.js.JitCompiler._compileModuleAndAllComponents node_modules/@angular/compiler/esm5/compiler.js:34391:1)
	Expected undefined to be truthy.
	    at Object.<anonymous> src/app/components/topnav/topnav.component.spec.ts:23:23)
	    at ZoneDelegate../node_modules/zone.js/dist/zone.js.ZoneDelegate.invoke node_modules/zone.js/dist/zone.js:388:1)
	    at ProxyZoneSpec.push../node_modules/zone.js/dist/proxy.js.ProxyZoneSpec.onInvoke node_modules/zone.js/dist/proxy.js:128:1)
	    at ZoneDelegate../node_modules/zone.js/dist/zone.js.ZoneDelegate.invoke node_modules/zone.js/dist/zone.js:387:1)
Chrome 67.0.3396 (Mac OS X 10.13.3) TrackerComponent should be created FAILED
	'activity-selector' is not a known element:
	1. If 'activity-selector' is an Angular component, then verify that it is part of this module.
	2. If 'activity-selector' is a Web Component then add 'CUSTOM_ELEMENTS_SCHEMA' to the '@NgModule.schemas' of this component to suppress this message. ("
	  <div class="row">
	    <div class="col-md-12">
	      [ERROR ->]<activity-selector>
	      </activity-selector>
	    </div>
	"): ng:///DynamicTestModule/TrackerComponent.html@3:6
	'timer' is not a known element:
	1. If 'timer' is an Angular component, then verify that it is part of this module.
	2. To allow any element add 'NO_ERRORS_SCHEMA' to the '@NgModule.schemas' of this component. ("
	  <div class="row">
	    <div class="col-md-12">
	      [ERROR ->]<timer class="text-center" (onTimerStopped)="onTimerStopped($event)"></timer>
	    </div>
	  </div>
	"): ng:///DynamicTestModule/TrackerComponent.html@9:6
	'recent-activities' is not a known element:
	1. If 'recent-activities' is an Angular component, then verify that it is part of this module.
	2. If 'recent-activities' is a Web Component then add 'CUSTOM_ELEMENTS_SCHEMA' to the '@NgModule.schemas' of this component to suppress this message. ("
	</main>
	<aside class="col-md-3">
	  [ERROR ->]<recent-activities></recent-activities>
	</aside>
	"): ng:///DynamicTestModule/TrackerComponent.html@14:2
	Error: Template parse errors:
	    at syntaxError node_modules/@angular/compiler/esm5/compiler.js:486:22)
	    at TemplateParser.push../node_modules/@angular/compiler/esm5/compiler.js.TemplateParser.parse node_modules/@angular/compiler/esm5/compiler.js:24674:1)
	    at JitCompiler.push../node_modules/@angular/compiler/esm5/compiler.js.JitCompiler._parseTemplate node_modules/@angular/compiler/esm5/compiler.js:34629:1)
	    at JitCompiler.push../node_modules/@angular/compiler/esm5/compiler.js.JitCompiler._compileTemplate node_modules/@angular/compiler/esm5/compiler.js:34604:1)
	    at http://localhost:18763/_karma_webpack_/webpack:/node_modules/@angular/compiler/esm5/compiler.js:34505:48
	    at Set.forEach (<anonymous>)
	    at JitCompiler.push../node_modules/@angular/compiler/esm5/compiler.js.JitCompiler._compileComponents node_modules/@angular/compiler/esm5/compiler.js:34505:1)
	    at http://localhost:18763/_karma_webpack_/webpack:/node_modules/@angular/compiler/esm5/compiler.js:34393:1
	    at Object.then node_modules/@angular/compiler/esm5/compiler.js:475:33)
	    at JitCompiler.push../node_modules/@angular/compiler/esm5/compiler.js.JitCompiler._compileModuleAndAllComponents node_modules/@angular/compiler/esm5/compiler.js:34391:1)
	Error: Template parse errors:
	'activity-selector' is not a known element:
	1. If 'activity-selector' is an Angular component, then verify that it is part of this module.
	2. If 'activity-selector' is a Web Component then add 'CUSTOM_ELEMENTS_SCHEMA' to the '@NgModule.schemas' of this component to suppress this message. ("
	  <div class="row">
	    <div class="col-md-12">
	      [ERROR ->]<activity-selector>
	      </activity-selector>
	    </div>
	"): ng:///DynamicTestModule/TrackerComponent.html@3:6
	'timer' is not a known element:
	1. If 'timer' is an Angular component, then verify that it is part of this module.
	2. To allow any element add 'NO_ERRORS_SCHEMA' to the '@NgModule.schemas' of this component. ("
	  <div class="row">
	    <div class="col-md-12">
	      [ERROR ->]<timer class="text-center" (onTimerStopped)="onTimerStopped($event)"></timer>
	    </div>
	  </div>
	"): ng:///DynamicTestModule/TrackerComponent.html@9:6
	'recent-activities' is not a known element:
	1. If 'recent-activities' is an Angular component, then verify that it is part of this module.
	2. If 'recent-activities' is a Web Component then add 'CUSTOM_ELEMENTS_SCHEMA' to the '@NgModule.schemas' of this component to suppress this message. ("
	</main>
	<aside class="col-md-3">
	  [ERROR ->]<recent-activities></recent-activities>
	</aside>
	"): ng:///DynamicTestModule/TrackerComponent.html@14:2
	    at syntaxError node_modules/@angular/compiler/esm5/compiler.js:486:22)
	    at TemplateParser.push../node_modules/@angular/compiler/esm5/compiler.js.TemplateParser.parse node_modules/@angular/compiler/esm5/compiler.js:24674:1)
	    at JitCompiler.push../node_modules/@angular/compiler/esm5/compiler.js.JitCompiler._parseTemplate node_modules/@angular/compiler/esm5/compiler.js:34629:1)
	    at JitCompiler.push../node_modules/@angular/compiler/esm5/compiler.js.JitCompiler._compileTemplate node_modules/@angular/compiler/esm5/compiler.js:34604:1)
	    at http://localhost:18763/_karma_webpack_/webpack:/node_modules/@angular/compiler/esm5/compiler.js:34505:48
	    at Set.forEach (<anonymous>)
	    at JitCompiler.push../node_modules/@angular/compiler/esm5/compiler.js.JitCompiler._compileComponents node_modules/@angular/compiler/esm5/compiler.js:34505:1)
	    at http://localhost:18763/_karma_webpack_/webpack:/node_modules/@angular/compiler/esm5/compiler.js:34393:1
	    at Object.then node_modules/@angular/compiler/esm5/compiler.js:475:33)
	    at JitCompiler.push../node_modules/@angular/compiler/esm5/compiler.js.JitCompiler._compileModuleAndAllComponents node_modules/@angular/compiler/esm5/compiler.js:34391:1)
	Expected undefined to be truthy.
	    at Object.<anonymous> src/app/components/tracker/tracker.component.spec.ts:23:23)
	    at ZoneDelegate../node_modules/zone.js/dist/zone.js.ZoneDelegate.invoke node_modules/zone.js/dist/zone.js:388:1)
	    at ProxyZoneSpec.push../node_modules/zone.js/dist/proxy.js.ProxyZoneSpec.onInvoke node_modules/zone.js/dist/proxy.js:128:1)
	    at ZoneDelegate../node_modules/zone.js/dist/zone.js.ZoneDelegate.invoke node_modules/zone.js/dist/zone.js:387:1)
[1A[2KChrome 67.0.3396 (Mac OS X 10.13.3) TrackerComponent should be created FAILED
	'activity-selector' is not a known element:
	1. If 'activity-selector' is an Angular component, then verify that it is part of this module.
	2. If 'activity-selector' is a Web Component then add 'CUSTOM_ELEMENTS_SCHEMA' to the '@NgModule.schemas' of this component to suppress this message. ("
	  <div class="row">
	    <div class="col-md-12">
	      [ERROR ->]<activity-selector>
	      </activity-selector>
	    </div>
	"): ng:///DynamicTestModule/TrackerComponent.html@3:6
	'timer' is not a known element:
	1. If 'timer' is an Angular component, then verify that it is part of this module.
	2. To allow any element add 'NO_ERRORS_SCHEMA' to the '@NgModule.schemas' of this component. ("
	  <div class="row">
	    <div class="col-md-12">
	      [ERROR ->]<timer class="text-center" (onTimerStopped)="onTimerStopped($event)"></timer>
	    </div>
	  </div>
	"): ng:///DynamicTestModule/TrackerComponent.html@9:6
	'recent-activities' is not a known element:
	1. If 'recent-activities' is an Angular component, then verify that it is part of this module.
	2. If 'recent-activities' is a Web Component then add 'CUSTOM_ELEMENTS_SCHEMA' to the '@NgModule.schemas' of this component to suppress this message. ("
	</main>
	<aside class="col-md-3">
	  [ERROR ->]<recent-activities></recent-activities>
	</aside>
	"): ng:///DynamicTestModule/TrackerComponent.html@14:2
	Error: Template parse errors:
	    at syntaxError node_modules/@angular/compiler/esm5/compiler.js:486:22)
	    at TemplateParser.push../node_modules/@angular/compiler/esm5/compiler.js.TemplateParser.parse node_modules/@angular/compiler/esm5/compiler.js:24674:1)
	    at JitCompiler.push../node_modules/@angular/compiler/esm5/compiler.js.JitCompiler._parseTemplate node_modules/@angular/compiler/esm5/compiler.js:34629:1)
	    at JitCompiler.push../node_modules/@angular/compiler/esm5/compiler.js.JitCompiler._compileTemplate node_modules/@angular/compiler/esm5/compiler.js:34604:1)
	    at http://localhost:18763/_karma_webpack_/webpack:/node_modules/@angular/compiler/esm5/compiler.js:34505:48
	    at Set.forEach (<anonymous>)
	    at JitCompiler.push../node_modules/@angular/compiler/esm5/compiler.js.JitCompiler._compileComponents node_modules/@angular/compiler/esm5/compiler.js:34505:1)
	    at http://localhost:18763/_karma_webpack_/webpack:/node_modules/@angular/compiler/esm5/compiler.js:34393:1
	    at Object.then node_modules/@angular/compiler/esm5/compiler.js:475:33)
	    at JitCompiler.push../node_modules/@angular/compiler/esm5/compiler.js.JitCompiler._compileModuleAndAllComponents node_modules/@angular/compiler/esm5/compiler.js:34391:1)
	Error: Template parse errors:
	'activity-selector' is not a known element:
	1. If 'activity-selector' is an Angular component, then verify that it is part of this module.
	2. If 'activity-selector' is a Web Component then add 'CUSTOM_ELEMENTS_SCHEMA' to the '@NgModule.schemas' of this component to suppress this message. ("
	  <div class="row">
	    <div class="col-md-12">
	      [ERROR ->]<activity-selector>
	      </activity-selector>
	    </div>
	"): ng:///DynamicTestModule/TrackerComponent.html@3:6
	'timer' is not a known element:
	1. If 'timer' is an Angular component, then verify that it is part of this module.
	2. To allow any element add 'NO_ERRORS_SCHEMA' to the '@NgModule.schemas' of this component. ("
	  <div class="row">
	    <div class="col-md-12">
	      [ERROR ->]<timer class="text-center" (onTimerStopped)="onTimerStopped($event)"></timer>
	    </div>
	  </div>
	"): ng:///DynamicTestModule/TrackerComponent.html@9:6
	'recent-activities' is not a known element:
	1. If 'recent-activities' is an Angular component, then verify that it is part of this module.
	2. If 'recent-activities' is a Web Component then add 'CUSTOM_ELEMENTS_SCHEMA' to the '@NgModule.schemas' of this component to suppress this message. ("
	</main>
	<aside class="col-md-3">
	  [ERROR ->]<recent-activities></recent-activities>
	</aside>
	"): ng:///DynamicTestModule/TrackerComponent.html@14:2
	    at syntaxError node_modules/@angular/compiler/esm5/compiler.js:486:22)
	    at TemplateParser.push../node_modules/@angular/compiler/esm5/compiler.js.TemplateParser.parse node_modules/@angular/compiler/esm5/compiler.js:24674:1)
	    at JitCompiler.push../node_modules/@angular/compiler/esm5/compiler.js.JitCompiler._parseTemplate node_modules/@angular/compiler/esm5/compiler.js:34629:1)
	    at JitCompiler.push../node_modules/@angular/compiler/esm5/compiler.js.JitCompiler._compileTemplate node_modules/@angular/compiler/esm5/compiler.js:34604:1)
	    at http://localhost:18763/_karma_webpack_/webpack:/node_modules/@angular/compiler/esm5/compiler.js:34505:48
	    at Set.forEach (<anonymous>)
	    at JitCompiler.push../node_modules/@angular/compiler/esm5/compiler.js.JitCompiler._compileComponents node_modules/@angular/compiler/esm5/compiler.js:34505:1)
	    at http://localhost:18763/_karma_webpack_/webpack:/node_modules/@angular/compiler/esm5/compiler.js:34393:1
	    at Object.then node_modules/@angular/compiler/esm5/compiler.js:475:33)
	    at JitCompiler.push../node_modules/@angular/compiler/esm5/compiler.js.JitCompiler._compileModuleAndAllComponents node_modules/@angular/compiler/esm5/compiler.js:34391:1)
	Expected undefined to be truthy.
	    at Object.<anonymous> src/app/components/tracker/tracker.component.spec.ts:23:23)
	    at ZoneDelegate../node_modules/zone.js/dist/zone.js.ZoneDelegate.invoke node_modules/zone.js/dist/zone.js:388:1)
	    at ProxyZoneSpec.push../node_modules/zone.js/dist/proxy.js.ProxyZoneSpec.onInvoke node_modules/zone.js/dist/proxy.js:128:1)
	    at ZoneDelegate../node_modules/zone.js/dist/zone.js.ZoneDelegate.invoke node_modules/zone.js/dist/zone.js:387:1)
Chrome 67.0.3396 (Mac OS X 10.13.3): Executed 9 of 14 (8 FAILED) (0 secs / 0.322 secs)
Chrome 67.0.3396 (Mac OS X 10.13.3) TrackerComponent should be created FAILED
	'activity-selector' is not a known element:
	1. If 'activity-selector' is an Angular component, then verify that it is part of this module.
	2. If 'activity-selector' is a Web Component then add 'CUSTOM_ELEMENTS_SCHEMA' to the '@NgModule.schemas' of this component to suppress this message. ("
	  <div class="row">
	    <div class="col-md-12">
	      [ERROR ->]<activity-selector>
	      </activity-selector>
	    </div>
	"): ng:///DynamicTestModule/TrackerComponent.html@3:6
	'timer' is not a known element:
	1. If 'timer' is an Angular component, then verify that it is part of this module.
	2. To allow any element add 'NO_ERRORS_SCHEMA' to the '@NgModule.schemas' of this component. ("
	  <div class="row">
	    <div class="col-md-12">
	      [ERROR ->]<timer class="text-center" (onTimerStopped)="onTimerStopped($event)"></timer>
	    </div>
	  </div>
	"): ng:///DynamicTestModule/TrackerComponent.html@9:6
	'recent-activities' is not a known element:
	1. If 'recent-activities' is an Angular component, then verify that it is part of this module.
	2. If 'recent-activities' is a Web Component then add 'CUSTOM_ELEMENTS_SCHEMA' to the '@NgModule.schemas' of this component to suppress this message. ("
	</main>
	<aside class="col-md-3">
	  [ERROR ->]<recent-activities></recent-activities>
	</aside>
	"): ng:///DynamicTestModule/TrackerComponent.html@14:2
	Error: Template parse errors:
	    at syntaxError node_modules/@angular/compiler/esm5/compiler.js:486:22)
	    at TemplateParser.push../node_modules/@angular/compiler/esm5/compiler.js.TemplateParser.parse node_modules/@angular/compiler/esm5/compiler.js:24674:1)
	    at JitCompiler.push../node_modules/@angular/compiler/esm5/compiler.js.JitCompiler._parseTemplate node_modules/@angular/compiler/esm5/compiler.js:34629:1)
	    at JitCompiler.push../node_modules/@angular/compiler/esm5/compiler.js.JitCompiler._compileTemplate node_modules/@angular/compiler/esm5/compiler.js:34604:1)
	    at http://localhost:18763/_karma_webpack_/webpack:/node_modules/@angular/compiler/esm5/compiler.js:34505:48
	    at Set.forEach (<anonymous>)
	    at JitCompiler.push../node_modules/@angular/compiler/esm5/compiler.js.JitCompiler._compileComponents node_modules/@angular/compiler/esm5/compiler.js:34505:1)
	    at http://localhost:18763/_karma_webpack_/webpack:/node_modules/@angular/compiler/esm5/compiler.js:34393:1
	    at Object.then node_modules/@angular/compiler/esm5/compiler.js:475:33)
	    at JitCompiler.push../node_modules/@angular/compiler/esm5/compiler.js.JitCompiler._compileModuleAndAllComponents node_modules/@angular/compiler/esm5/compiler.js:34391:1)
	Error: Template parse errors:
	'activity-selector' is not a known element:
	1. If 'activity-selector' is an Angular component, then verify that it is part of this module.
	2. If 'activity-selector' is a Web Component then add 'CUSTOM_ELEMENTS_SCHEMA' to the '@NgModule.schemas' of this component to suppress this message. ("
	  <div class="row">
	    <div class="col-md-12">
	      [ERROR ->]<activity-selector>
	      </activity-selector>
	    </div>
	"): ng:///DynamicTestModule/TrackerComponent.html@3:6
	'timer' is not a known element:
	1. If 'timer' is an Angular component, then verify that it is part of this module.
	2. To allow any element add 'NO_ERRORS_SCHEMA' to the '@NgModule.schemas' of this component. ("
	  <div class="row">
	    <div class="col-md-12">
	      [ERROR ->]<timer class="text-center" (onTimerStopped)="onTimerStopped($event)"></timer>
	    </div>
	  </div>
	"): ng:///DynamicTestModule/TrackerComponent.html@9:6
	'recent-activities' is not a known element:
	1. If 'recent-activities' is an Angular component, then verify that it is part of this module.
	2. If 'recent-activities' is a Web Component then add 'CUSTOM_ELEMENTS_SCHEMA' to the '@NgModule.schemas' of this component to suppress this message. ("
	</main>
	<aside class="col-md-3">
	  [ERROR ->]<recent-activities></recent-activities>
	</aside>
	"): ng:///DynamicTestModule/TrackerComponent.html@14:2
	    at syntaxError node_modules/@angular/compiler/esm5/compiler.js:486:22)
	    at TemplateParser.push../node_modules/@angular/compiler/esm5/compiler.js.TemplateParser.parse node_modules/@angular/compiler/esm5/compiler.js:24674:1)
	    at JitCompiler.push../node_modules/@angular/compiler/esm5/compiler.js.JitCompiler._parseTemplate node_modules/@angular/compiler/esm5/compiler.js:34629:1)
	    at JitCompiler.push../node_modules/@angular/compiler/esm5/compiler.js.JitCompiler._compileTemplate node_modules/@angular/compiler/esm5/compiler.js:34604:1)
	    at http://localhost:18763/_karma_webpack_/webpack:/node_modules/@angular/compiler/esm5/compiler.js:34505:48
	    at Set.forEach (<anonymous>)
	    at JitCompiler.push../node_modules/@angular/compiler/esm5/compiler.js.JitCompiler._compileComponents node_modules/@angular/compiler/esm5/compiler.js:34505:1)
	    at http://localhost:18763/_karma_webpack_/webpack:/node_modules/@angular/compiler/esm5/compiler.js:34393:1
	    at Object.then node_modules/@angular/compiler/esm5/compiler.js:475:33)
	    at JitCompiler.push../node_modules/@angular/compiler/esm5/compiler.js.JitCompiler._compileModuleAndAllComponents node_modules/@angular/compiler/esm5/compiler.js:34391:1)
	Expected undefined to be truthy.
	    at Object.<anonymous> src/app/components/tracker/tracker.component.spec.ts:23:23)
	    at ZoneDelegate../node_modules/zone.js/dist/zone.js.ZoneDelegate.invoke node_modules/zone.js/dist/zone.js:388:1)
	    at ProxyZoneSpec.push../node_modules/zone.js/dist/proxy.js.ProxyZoneSpec.onInvoke node_modules/zone.js/dist/proxy.js:128:1)
	    at ZoneDelegate../node_modules/zone.js/dist/zone.js.ZoneDelegate.invoke node_modules/zone.js/dist/zone.js:387:1)
Chrome 67.0.3396 (Mac OS X 10.13.3) UserLoginComponent should create FAILED
	Can't bind to 'ngModel' since it isn't a known property of 'input'. (">
	  <div class="form-group">
	    <input name="username" class="form-control" placeholder="Username" [ERROR ->][(ngModel)]="data.username">
	  </div>
	  <div class="form-group">
	"): ng:///DynamicTestModule/UserLoginComponent.html@2:71
	Can't bind to 'ngModel' since it isn't a known property of 'input'. ("form-group">
	    <input name="password" type="password" placeholder="Password" class="form-control" [ERROR ->][(ngModel)]="data.password">
	  </div>
	  <button class="btn btn-primary center-block" [mat-dialog-clos"): ng:///DynamicTestModule/UserLoginComponent.html@5:87
	Can't bind to 'mat-dialog-close' since it isn't a known property of 'button'. (""form-control" [(ngModel)]="data.password">
	  </div>
	  <button class="btn btn-primary center-block" [ERROR ->][mat-dialog-close]="data">Login</button>
	</form>"): ng:///DynamicTestModule/UserLoginComponent.html@7:47
	Error: Template parse errors:
	    at syntaxError node_modules/@angular/compiler/esm5/compiler.js:486:22)
	    at TemplateParser.push../node_modules/@angular/compiler/esm5/compiler.js.TemplateParser.parse node_modules/@angular/compiler/esm5/compiler.js:24674:1)
	    at JitCompiler.push../node_modules/@angular/compiler/esm5/compiler.js.JitCompiler._parseTemplate node_modules/@angular/compiler/esm5/compiler.js:34629:1)
	    at JitCompiler.push../node_modules/@angular/compiler/esm5/compiler.js.JitCompiler._compileTemplate node_modules/@angular/compiler/esm5/compiler.js:34604:1)
	    at http://localhost:18763/_karma_webpack_/webpack:/node_modules/@angular/compiler/esm5/compiler.js:34505:48
	    at Set.forEach (<anonymous>)
	    at JitCompiler.push../node_modules/@angular/compiler/esm5/compiler.js.JitCompiler._compileComponents node_modules/@angular/compiler/esm5/compiler.js:34505:1)
	    at http://localhost:18763/_karma_webpack_/webpack:/node_modules/@angular/compiler/esm5/compiler.js:34393:1
	    at Object.then node_modules/@angular/compiler/esm5/compiler.js:475:33)
	    at JitCompiler.push../node_modules/@angular/compiler/esm5/compiler.js.JitCompiler._compileModuleAndAllComponents node_modules/@angular/compiler/esm5/compiler.js:34391:1)
	Error: Template parse errors:
	Can't bind to 'ngModel' since it isn't a known property of 'input'. (">
	  <div class="form-group">
	    <input name="username" class="form-control" placeholder="Username" [ERROR ->][(ngModel)]="data.username">
	  </div>
	  <div class="form-group">
	"): ng:///DynamicTestModule/UserLoginComponent.html@2:71
	Can't bind to 'ngModel' since it isn't a known property of 'input'. ("form-group">
	    <input name="password" type="password" placeholder="Password" class="form-control" [ERROR ->][(ngModel)]="data.password">
	  </div>
	  <button class="btn btn-primary center-block" [mat-dialog-clos"): ng:///DynamicTestModule/UserLoginComponent.html@5:87
	Can't bind to 'mat-dialog-close' since it isn't a known property of 'button'. (""form-control" [(ngModel)]="data.password">
	  </div>
	  <button class="btn btn-primary center-block" [ERROR ->][mat-dialog-close]="data">Login</button>
	</form>"): ng:///DynamicTestModule/UserLoginComponent.html@7:47
	    at syntaxError node_modules/@angular/compiler/esm5/compiler.js:486:22)
	    at TemplateParser.push../node_modules/@angular/compiler/esm5/compiler.js.TemplateParser.parse node_modules/@angular/compiler/esm5/compiler.js:24674:1)
	    at JitCompiler.push../node_modules/@angular/compiler/esm5/compiler.js.JitCompiler._parseTemplate node_modules/@angular/compiler/esm5/compiler.js:34629:1)
	    at JitCompiler.push../node_modules/@angular/compiler/esm5/compiler.js.JitCompiler._compileTemplate node_modules/@angular/compiler/esm5/compiler.js:34604:1)
	    at http://localhost:18763/_karma_webpack_/webpack:/node_modules/@angular/compiler/esm5/compiler.js:34505:48
	    at Set.forEach (<anonymous>)
	    at JitCompiler.push../node_modules/@angular/compiler/esm5/compiler.js.JitCompiler._compileComponents node_modules/@angular/compiler/esm5/compiler.js:34505:1)
	    at http://localhost:18763/_karma_webpack_/webpack:/node_modules/@angular/compiler/esm5/compiler.js:34393:1
	    at Object.then node_modules/@angular/compiler/esm5/compiler.js:475:33)
	    at JitCompiler.push../node_modules/@angular/compiler/esm5/compiler.js.JitCompiler._compileModuleAndAllComponents node_modules/@angular/compiler/esm5/compiler.js:34391:1)
	Expected undefined to be truthy.
	    at Object.<anonymous> src/app/components/user-login/user-login.component.spec.ts:23:23)
	    at ZoneDelegate../node_modules/zone.js/dist/zone.js.ZoneDelegate.invoke node_modules/zone.js/dist/zone.js:388:1)
	    at ProxyZoneSpec.push../node_modules/zone.js/dist/proxy.js.ProxyZoneSpec.onInvoke node_modules/zone.js/dist/proxy.js:128:1)
	    at ZoneDelegate../node_modules/zone.js/dist/zone.js.ZoneDelegate.invoke node_modules/zone.js/dist/zone.js:387:1)
[1A[2KChrome 67.0.3396 (Mac OS X 10.13.3) UserLoginComponent should create FAILED
	Can't bind to 'ngModel' since it isn't a known property of 'input'. (">
	  <div class="form-group">
	    <input name="username" class="form-control" placeholder="Username" [ERROR ->][(ngModel)]="data.username">
	  </div>
	  <div class="form-group">
	"): ng:///DynamicTestModule/UserLoginComponent.html@2:71
	Can't bind to 'ngModel' since it isn't a known property of 'input'. ("form-group">
	    <input name="password" type="password" placeholder="Password" class="form-control" [ERROR ->][(ngModel)]="data.password">
	  </div>
	  <button class="btn btn-primary center-block" [mat-dialog-clos"): ng:///DynamicTestModule/UserLoginComponent.html@5:87
	Can't bind to 'mat-dialog-close' since it isn't a known property of 'button'. (""form-control" [(ngModel)]="data.password">
	  </div>
	  <button class="btn btn-primary center-block" [ERROR ->][mat-dialog-close]="data">Login</button>
	</form>"): ng:///DynamicTestModule/UserLoginComponent.html@7:47
	Error: Template parse errors:
	    at syntaxError node_modules/@angular/compiler/esm5/compiler.js:486:22)
	    at TemplateParser.push../node_modules/@angular/compiler/esm5/compiler.js.TemplateParser.parse node_modules/@angular/compiler/esm5/compiler.js:24674:1)
	    at JitCompiler.push../node_modules/@angular/compiler/esm5/compiler.js.JitCompiler._parseTemplate node_modules/@angular/compiler/esm5/compiler.js:34629:1)
	    at JitCompiler.push../node_modules/@angular/compiler/esm5/compiler.js.JitCompiler._compileTemplate node_modules/@angular/compiler/esm5/compiler.js:34604:1)
	    at http://localhost:18763/_karma_webpack_/webpack:/node_modules/@angular/compiler/esm5/compiler.js:34505:48
	    at Set.forEach (<anonymous>)
	    at JitCompiler.push../node_modules/@angular/compiler/esm5/compiler.js.JitCompiler._compileComponents node_modules/@angular/compiler/esm5/compiler.js:34505:1)
	    at http://localhost:18763/_karma_webpack_/webpack:/node_modules/@angular/compiler/esm5/compiler.js:34393:1
	    at Object.then node_modules/@angular/compiler/esm5/compiler.js:475:33)
	    at JitCompiler.push../node_modules/@angular/compiler/esm5/compiler.js.JitCompiler._compileModuleAndAllComponents node_modules/@angular/compiler/esm5/compiler.js:34391:1)
	Error: Template parse errors:
	Can't bind to 'ngModel' since it isn't a known property of 'input'. (">
	  <div class="form-group">
	    <input name="username" class="form-control" placeholder="Username" [ERROR ->][(ngModel)]="data.username">
	  </div>
	  <div class="form-group">
	"): ng:///DynamicTestModule/UserLoginComponent.html@2:71
	Can't bind to 'ngModel' since it isn't a known property of 'input'. ("form-group">
	    <input name="password" type="password" placeholder="Password" class="form-control" [ERROR ->][(ngModel)]="data.password">
	  </div>
	  <button class="btn btn-primary center-block" [mat-dialog-clos"): ng:///DynamicTestModule/UserLoginComponent.html@5:87
	Can't bind to 'mat-dialog-close' since it isn't a known property of 'button'. (""form-control" [(ngModel)]="data.password">
	  </div>
	  <button class="btn btn-primary center-block" [ERROR ->][mat-dialog-close]="data">Login</button>
	</form>"): ng:///DynamicTestModule/UserLoginComponent.html@7:47
	    at syntaxError node_modules/@angular/compiler/esm5/compiler.js:486:22)
	    at TemplateParser.push../node_modules/@angular/compiler/esm5/compiler.js.TemplateParser.parse node_modules/@angular/compiler/esm5/compiler.js:24674:1)
	    at JitCompiler.push../node_modules/@angular/compiler/esm5/compiler.js.JitCompiler._parseTemplate node_modules/@angular/compiler/esm5/compiler.js:34629:1)
	    at JitCompiler.push../node_modules/@angular/compiler/esm5/compiler.js.JitCompiler._compileTemplate node_modules/@angular/compiler/esm5/compiler.js:34604:1)
	    at http://localhost:18763/_karma_webpack_/webpack:/node_modules/@angular/compiler/esm5/compiler.js:34505:48
	    at Set.forEach (<anonymous>)
	    at JitCompiler.push../node_modules/@angular/compiler/esm5/compiler.js.JitCompiler._compileComponents node_modules/@angular/compiler/esm5/compiler.js:34505:1)
	    at http://localhost:18763/_karma_webpack_/webpack:/node_modules/@angular/compiler/esm5/compiler.js:34393:1
	    at Object.then node_modules/@angular/compiler/esm5/compiler.js:475:33)
	    at JitCompiler.push../node_modules/@angular/compiler/esm5/compiler.js.JitCompiler._compileModuleAndAllComponents node_modules/@angular/compiler/esm5/compiler.js:34391:1)
	Expected undefined to be truthy.
	    at Object.<anonymous> src/app/components/user-login/user-login.component.spec.ts:23:23)
	    at ZoneDelegate../node_modules/zone.js/dist/zone.js.ZoneDelegate.invoke node_modules/zone.js/dist/zone.js:388:1)
	    at ProxyZoneSpec.push../node_modules/zone.js/dist/proxy.js.ProxyZoneSpec.onInvoke node_modules/zone.js/dist/proxy.js:128:1)
	    at ZoneDelegate../node_modules/zone.js/dist/zone.js.ZoneDelegate.invoke node_modules/zone.js/dist/zone.js:387:1)
Chrome 67.0.3396 (Mac OS X 10.13.3): Executed 10 of 14 (9 FAILED) (0 secs / 0.332 secs)
Chrome 67.0.3396 (Mac OS X 10.13.3) UserLoginComponent should create FAILED
	Can't bind to 'ngModel' since it isn't a known property of 'input'. (">
	  <div class="form-group">
	    <input name="username" class="form-control" placeholder="Username" [ERROR ->][(ngModel)]="data.username">
	  </div>
	  <div class="form-group">
	"): ng:///DynamicTestModule/UserLoginComponent.html@2:71
	Can't bind to 'ngModel' since it isn't a known property of 'input'. ("form-group">
	    <input name="password" type="password" placeholder="Password" class="form-control" [ERROR ->][(ngModel)]="data.password">
	  </div>
	  <button class="btn btn-primary center-block" [mat-dialog-clos"): ng:///DynamicTestModule/UserLoginComponent.html@5:87
	Can't bind to 'mat-dialog-close' since it isn't a known property of 'button'. (""form-control" [(ngModel)]="data.password">
	  </div>
	  <button class="btn btn-primary center-block" [ERROR ->][mat-dialog-close]="data">Login</button>
	</form>"): ng:///DynamicTestModule/UserLoginComponent.html@7:47
	Error: Template parse errors:
	    at syntaxError node_modules/@angular/compiler/esm5/compiler.js:486:22)
	    at TemplateParser.push../node_modules/@angular/compiler/esm5/compiler.js.TemplateParser.parse node_modules/@angular/compiler/esm5/compiler.js:24674:1)
	    at JitCompiler.push../node_modules/@angular/compiler/esm5/compiler.js.JitCompiler._parseTemplate node_modules/@angular/compiler/esm5/compiler.js:34629:1)
	    at JitCompiler.push../node_modules/@angular/compiler/esm5/compiler.js.JitCompiler._compileTemplate node_modules/@angular/compiler/esm5/compiler.js:34604:1)
	    at http://localhost:18763/_karma_webpack_/webpack:/node_modules/@angular/compiler/esm5/compiler.js:34505:48
	    at Set.forEach (<anonymous>)
	    at JitCompiler.push../node_modules/@angular/compiler/esm5/compiler.js.JitCompiler._compileComponents node_modules/@angular/compiler/esm5/compiler.js:34505:1)
	    at http://localhost:18763/_karma_webpack_/webpack:/node_modules/@angular/compiler/esm5/compiler.js:34393:1
	    at Object.then node_modules/@angular/compiler/esm5/compiler.js:475:33)
	    at JitCompiler.push../node_modules/@angular/compiler/esm5/compiler.js.JitCompiler._compileModuleAndAllComponents node_modules/@angular/compiler/esm5/compiler.js:34391:1)
	Error: Template parse errors:
	Can't bind to 'ngModel' since it isn't a known property of 'input'. (">
	  <div class="form-group">
	    <input name="username" class="form-control" placeholder="Username" [ERROR ->][(ngModel)]="data.username">
	  </div>
	  <div class="form-group">
	"): ng:///DynamicTestModule/UserLoginComponent.html@2:71
	Can't bind to 'ngModel' since it isn't a known property of 'input'. ("form-group">
	    <input name="password" type="password" placeholder="Password" class="form-control" [ERROR ->][(ngModel)]="data.password">
	  </div>
	  <button class="btn btn-primary center-block" [mat-dialog-clos"): ng:///DynamicTestModule/UserLoginComponent.html@5:87
	Can't bind to 'mat-dialog-close' since it isn't a known property of 'button'. (""form-control" [(ngModel)]="data.password">
	  </div>
	  <button class="btn btn-primary center-block" [ERROR ->][mat-dialog-close]="data">Login</button>
	</form>"): ng:///DynamicTestModule/UserLoginComponent.html@7:47
	    at syntaxError node_modules/@angular/compiler/esm5/compiler.js:486:22)
	    at TemplateParser.push../node_modules/@angular/compiler/esm5/compiler.js.TemplateParser.parse node_modules/@angular/compiler/esm5/compiler.js:24674:1)
	    at JitCompiler.push../node_modules/@angular/compiler/esm5/compiler.js.JitCompiler._parseTemplate node_modules/@angular/compiler/esm5/compiler.js:34629:1)
	    at JitCompiler.push../node_modules/@angular/compiler/esm5/compiler.js.JitCompiler._compileTemplate node_modules/@angular/compiler/esm5/compiler.js:34604:1)
	    at http://localhost:18763/_karma_webpack_/webpack:/node_modules/@angular/compiler/esm5/compiler.js:34505:48
	    at Set.forEach (<anonymous>)
	    at JitCompiler.push../node_modules/@angular/compiler/esm5/compiler.js.JitCompiler._compileComponents node_modules/@angular/compiler/esm5/compiler.js:34505:1)
	    at http://localhost:18763/_karma_webpack_/webpack:/node_modules/@angular/compiler/esm5/compiler.js:34393:1
	    at Object.then node_modules/@angular/compiler/esm5/compiler.js:475:33)
	    at JitCompiler.push../node_modules/@angular/compiler/esm5/compiler.js.JitCompiler._compileModuleAndAllComponents node_modules/@angular/compiler/esm5/compiler.js:34391:1)
	Expected undefined to be truthy.
	    at Object.<anonymous> src/app/components/user-login/user-login.component.spec.ts:23:23)
	    at ZoneDelegate../node_modules/zone.js/dist/zone.js.ZoneDelegate.invoke node_modules/zone.js/dist/zone.js:388:1)
	    at ProxyZoneSpec.push../node_modules/zone.js/dist/proxy.js.ProxyZoneSpec.onInvoke node_modules/zone.js/dist/proxy.js:128:1)
	    at ZoneDelegate../node_modules/zone.js/dist/zone.js.ZoneDelegate.invoke node_modules/zone.js/dist/zone.js:387:1)
Chrome 67.0.3396 (Mac OS X 10.13.3) ActivityService should be created FAILED
	Error: StaticInjectorError(DynamicTestModule)[ActivityService -> HttpClient]: 
	  StaticInjectorError(Platform: core)[ActivityService -> HttpClient]: 
	    NullInjectorError: No provider for HttpClient!
	    at _NullInjector.push../node_modules/@angular/core/esm5/core.js._NullInjector.get node_modules/@angular/core/esm5/core.js:1003:1)
	    at resolveToken node_modules/@angular/core/esm5/core.js:1301:1)
	    at tryResolveToken node_modules/@angular/core/esm5/core.js:1243:1)
	    at StaticInjector.push../node_modules/@angular/core/esm5/core.js.StaticInjector.get node_modules/@angular/core/esm5/core.js:1111:1)
	    at resolveToken node_modules/@angular/core/esm5/core.js:1301:1)
	    at tryResolveToken node_modules/@angular/core/esm5/core.js:1243:1)
	    at StaticInjector.push../node_modules/@angular/core/esm5/core.js.StaticInjector.get node_modules/@angular/core/esm5/core.js:1111:1)
	    at resolveNgModuleDep node_modules/@angular/core/esm5/core.js:10896:1)
	    at _createClass node_modules/@angular/core/esm5/core.js:10935:1)
	    at _createProviderInstance$1 node_modules/@angular/core/esm5/core.js:10907:1)
[1A[2KChrome 67.0.3396 (Mac OS X 10.13.3) ActivityService should be created FAILED
	Error: StaticInjectorError(DynamicTestModule)[ActivityService -> HttpClient]: 
	  StaticInjectorError(Platform: core)[ActivityService -> HttpClient]: 
	    NullInjectorError: No provider for HttpClient!
	    at _NullInjector.push../node_modules/@angular/core/esm5/core.js._NullInjector.get node_modules/@angular/core/esm5/core.js:1003:1)
	    at resolveToken node_modules/@angular/core/esm5/core.js:1301:1)
	    at tryResolveToken node_modules/@angular/core/esm5/core.js:1243:1)
	    at StaticInjector.push../node_modules/@angular/core/esm5/core.js.StaticInjector.get node_modules/@angular/core/esm5/core.js:1111:1)
	    at resolveToken node_modules/@angular/core/esm5/core.js:1301:1)
	    at tryResolveToken node_modules/@angular/core/esm5/core.js:1243:1)
	    at StaticInjector.push../node_modules/@angular/core/esm5/core.js.StaticInjector.get node_modules/@angular/core/esm5/core.js:1111:1)
	    at resolveNgModuleDep node_modules/@angular/core/esm5/core.js:10896:1)
	    at _createClass node_modules/@angular/core/esm5/core.js:10935:1)
	    at _createProviderInstance$1 node_modules/@angular/core/esm5/core.js:10907:1)
Chrome 67.0.3396 (Mac OS X 10.13.3): Executed 11 of 14 (10 FAILED) (0 secs / 0.337 secs)
Chrome 67.0.3396 (Mac OS X 10.13.3) ActivityService should be created FAILED
	Error: StaticInjectorError(DynamicTestModule)[ActivityService -> HttpClient]: 
	  StaticInjectorError(Platform: core)[ActivityService -> HttpClient]: 
	    NullInjectorError: No provider for HttpClient!
	    at _NullInjector.push../node_modules/@angular/core/esm5/core.js._NullInjector.get node_modules/@angular/core/esm5/core.js:1003:1)
	    at resolveToken node_modules/@angular/core/esm5/core.js:1301:1)
	    at tryResolveToken node_modules/@angular/core/esm5/core.js:1243:1)
	    at StaticInjector.push../node_modules/@angular/core/esm5/core.js.StaticInjector.get node_modules/@angular/core/esm5/core.js:1111:1)
	    at resolveToken node_modules/@angular/core/esm5/core.js:1301:1)
	    at tryResolveToken node_modules/@angular/core/esm5/core.js:1243:1)
	    at StaticInjector.push../node_modules/@angular/core/esm5/core.js.StaticInjector.get node_modules/@angular/core/esm5/core.js:1111:1)
	    at resolveNgModuleDep node_modules/@angular/core/esm5/core.js:10896:1)
	    at _createClass node_modules/@angular/core/esm5/core.js:10935:1)
	    at _createProviderInstance$1 node_modules/@angular/core/esm5/core.js:10907:1)
Chrome 67.0.3396 (Mac OS X 10.13.3) RecentActivitiesService should be created FAILED
	Error: StaticInjectorError(DynamicTestModule)[RecentActivitiesService -> HttpClient]: 
	  StaticInjectorError(Platform: core)[RecentActivitiesService -> HttpClient]: 
	    NullInjectorError: No provider for HttpClient!
	    at _NullInjector.push../node_modules/@angular/core/esm5/core.js._NullInjector.get node_modules/@angular/core/esm5/core.js:1003:1)
	    at resolveToken node_modules/@angular/core/esm5/core.js:1301:1)
	    at tryResolveToken node_modules/@angular/core/esm5/core.js:1243:1)
	    at StaticInjector.push../node_modules/@angular/core/esm5/core.js.StaticInjector.get node_modules/@angular/core/esm5/core.js:1111:1)
	    at resolveToken node_modules/@angular/core/esm5/core.js:1301:1)
	    at tryResolveToken node_modules/@angular/core/esm5/core.js:1243:1)
	    at StaticInjector.push../node_modules/@angular/core/esm5/core.js.StaticInjector.get node_modules/@angular/core/esm5/core.js:1111:1)
	    at resolveNgModuleDep node_modules/@angular/core/esm5/core.js:10896:1)
	    at _createClass node_modules/@angular/core/esm5/core.js:10935:1)
	    at _createProviderInstance$1 node_modules/@angular/core/esm5/core.js:10907:1)
[1A[2KChrome 67.0.3396 (Mac OS X 10.13.3) RecentActivitiesService should be created FAILED
	Error: StaticInjectorError(DynamicTestModule)[RecentActivitiesService -> HttpClient]: 
	  StaticInjectorError(Platform: core)[RecentActivitiesService -> HttpClient]: 
	    NullInjectorError: No provider for HttpClient!
	    at _NullInjector.push../node_modules/@angular/core/esm5/core.js._NullInjector.get node_modules/@angular/core/esm5/core.js:1003:1)
	    at resolveToken node_modules/@angular/core/esm5/core.js:1301:1)
	    at tryResolveToken node_modules/@angular/core/esm5/core.js:1243:1)
	    at StaticInjector.push../node_modules/@angular/core/esm5/core.js.StaticInjector.get node_modules/@angular/core/esm5/core.js:1111:1)
	    at resolveToken node_modules/@angular/core/esm5/core.js:1301:1)
	    at tryResolveToken node_modules/@angular/core/esm5/core.js:1243:1)
	    at StaticInjector.push../node_modules/@angular/core/esm5/core.js.StaticInjector.get node_modules/@angular/core/esm5/core.js:1111:1)
	    at resolveNgModuleDep node_modules/@angular/core/esm5/core.js:10896:1)
	    at _createClass node_modules/@angular/core/esm5/core.js:10935:1)
	    at _createProviderInstance$1 node_modules/@angular/core/esm5/core.js:10907:1)
Chrome 67.0.3396 (Mac OS X 10.13.3): Executed 12 of 14 (11 FAILED) (0 secs / 0.344 secs)
Chrome 67.0.3396 (Mac OS X 10.13.3) RecentActivitiesService should be created FAILED
	Error: StaticInjectorError(DynamicTestModule)[RecentActivitiesService -> HttpClient]: 
	  StaticInjectorError(Platform: core)[RecentActivitiesService -> HttpClient]: 
	    NullInjectorError: No provider for HttpClient!
	    at _NullInjector.push../node_modules/@angular/core/esm5/core.js._NullInjector.get node_modules/@angular/core/esm5/core.js:1003:1)
	    at resolveToken node_modules/@angular/core/esm5/core.js:1301:1)
	    at tryResolveToken node_modules/@angular/core/esm5/core.js:1243:1)
	    at StaticInjector.push../node_modules/@angular/core/esm5/core.js.StaticInjector.get node_modules/@angular/core/esm5/core.js:1111:1)
	    at resolveToken node_modules/@angular/core/esm5/core.js:1301:1)
	    at tryResolveToken node_modules/@angular/core/esm5/core.js:1243:1)
	    at StaticInjector.push../node_modules/@angular/core/esm5/core.js.StaticInjector.get node_modules/@angular/core/esm5/core.js:1111:1)
	    at resolveNgModuleDep node_modules/@angular/core/esm5/core.js:10896:1)
	    at _createClass node_modules/@angular/core/esm5/core.js:10935:1)
	    at _createProviderInstance$1 node_modules/@angular/core/esm5/core.js:10907:1)
[1A[2KChrome 67.0.3396 (Mac OS X 10.13.3): Executed 13 of 14 (11 FAILED) (0 secs / 0.348 secs)
Chrome 67.0.3396 (Mac OS X 10.13.3) UserService should be created FAILED
	Error: StaticInjectorError(DynamicTestModule)[UserService -> StateService]: 
	  StaticInjectorError(Platform: core)[UserService -> StateService]: 
	    NullInjectorError: No provider for StateService!
	    at _NullInjector.push../node_modules/@angular/core/esm5/core.js._NullInjector.get node_modules/@angular/core/esm5/core.js:1003:1)
	    at resolveToken node_modules/@angular/core/esm5/core.js:1301:1)
	    at tryResolveToken node_modules/@angular/core/esm5/core.js:1243:1)
	    at StaticInjector.push../node_modules/@angular/core/esm5/core.js.StaticInjector.get node_modules/@angular/core/esm5/core.js:1111:1)
	    at resolveToken node_modules/@angular/core/esm5/core.js:1301:1)
	    at tryResolveToken node_modules/@angular/core/esm5/core.js:1243:1)
	    at StaticInjector.push../node_modules/@angular/core/esm5/core.js.StaticInjector.get node_modules/@angular/core/esm5/core.js:1111:1)
	    at resolveNgModuleDep node_modules/@angular/core/esm5/core.js:10896:1)
	    at _createClass node_modules/@angular/core/esm5/core.js:10933:1)
	    at _createProviderInstance$1 node_modules/@angular/core/esm5/core.js:10907:1)
[1A[2KChrome 67.0.3396 (Mac OS X 10.13.3) UserService should be created FAILED
	Error: StaticInjectorError(DynamicTestModule)[UserService -> StateService]: 
	  StaticInjectorError(Platform: core)[UserService -> StateService]: 
	    NullInjectorError: No provider for StateService!
	    at _NullInjector.push../node_modules/@angular/core/esm5/core.js._NullInjector.get node_modules/@angular/core/esm5/core.js:1003:1)
	    at resolveToken node_modules/@angular/core/esm5/core.js:1301:1)
	    at tryResolveToken node_modules/@angular/core/esm5/core.js:1243:1)
	    at StaticInjector.push../node_modules/@angular/core/esm5/core.js.StaticInjector.get node_modules/@angular/core/esm5/core.js:1111:1)
	    at resolveToken node_modules/@angular/core/esm5/core.js:1301:1)
	    at tryResolveToken node_modules/@angular/core/esm5/core.js:1243:1)
	    at StaticInjector.push../node_modules/@angular/core/esm5/core.js.StaticInjector.get node_modules/@angular/core/esm5/core.js:1111:1)
	    at resolveNgModuleDep node_modules/@angular/core/esm5/core.js:10896:1)
	    at _createClass node_modules/@angular/core/esm5/core.js:10933:1)
	    at _createProviderInstance$1 node_modules/@angular/core/esm5/core.js:10907:1)
Chrome 67.0.3396 (Mac OS X 10.13.3): Executed 14 of 14 (12 FAILED) (0 secs / 0.353 secs)
Chrome 67.0.3396 (Mac OS X 10.13.3) UserService should be created FAILED
	Error: StaticInjectorError(DynamicTestModule)[UserService -> StateService]: 
	  StaticInjectorError(Platform: core)[UserService -> StateService]: 
	    NullInjectorError: No provider for StateService!
	    at _NullInjector.push../node_modules/@angular/core/esm5/core.js._NullInjector.get node_modules/@angular/core/esm5/core.js:1003:1)
	    at resolveToken node_modules/@angular/core/esm5/core.js:1301:1)
	    at tryResolveToken node_modules/@angular/core/esm5/core.js:1243:1)
	    at StaticInjector.push../node_modules/@angular/core/esm5/core.js.StaticInjector.get node_modules/@angular/core/esm5/core.js:1111:1)
	    at resolveToken node_modules/@angular/core/esm5/core.js:1301:1)
	    at tryResolveToken node_modules/@angular/core/esm5/core.js:1243:1)
	    at StaticInjector.push../node_modules/@angular/core/esm5/core.js.StaticInjector.get node_modules/@angular/core/esm5/core.js:1111:1)
	    at resolveNgModuleDep node_modules/@angular/core/esm5/core.js:10896:1)
	    at _createClass node_modules/@angular/core/esm5/core.js:10933:1)
	    at _createProviderInstance$1 node_modules/@angular/core/esm5/core.js:10907:1)
[1A[2KChrome 67.0.3396 (Mac OS X 10.13.3): Executed 14 of 14 (12 FAILED) (0.511 secs / 0.353 secs)
Chrome 67.0.3396 (Mac OS X 10.13.3): Executed 0 of 14 SUCCESS (0 secs / 0 secs)
[1A[2KChrome 67.0.3396 (Mac OS X 10.13.3): Executed 1 of 14 SUCCESS (0 secs / 0.059 secs)
Chrome 67.0.3396 (Mac OS X 10.13.3) ActivitySelectorComponent should be created FAILED
	Can't bind to 'ngModel' since it isn't a known property of 'select'. ("
					name="activity"
					class="form-control" 
					[ERROR ->][(ngModel)]="selectedActivity" 
					(ngModelChange)="onChange($event)">
					<option [value]="defaultA"): ng:///DynamicTestModule/ActivitySelectorComponent.html@6:4
	Can't bind to 'ngValue' since it isn't a known property of 'option'. ("d="selected">Select an activity</option>
					<option *ngFor="let activity of activityList$ | async" [ERROR ->][ngValue]="activity">
						{{activity.name}}
					</option>
	"): ng:///DynamicTestModule/ActivitySelectorComponent.html@9:59
	Error: Template parse errors:
	    at syntaxError node_modules/@angular/compiler/esm5/compiler.js:486:22)
	    at TemplateParser.push../node_modules/@angular/compiler/esm5/compiler.js.TemplateParser.parse node_modules/@angular/compiler/esm5/compiler.js:24674:1)
	    at JitCompiler.push../node_modules/@angular/compiler/esm5/compiler.js.JitCompiler._parseTemplate node_modules/@angular/compiler/esm5/compiler.js:34629:1)
	    at JitCompiler.push../node_modules/@angular/compiler/esm5/compiler.js.JitCompiler._compileTemplate node_modules/@angular/compiler/esm5/compiler.js:34604:1)
	    at http://localhost:18763/_karma_webpack_/webpack:/node_modules/@angular/compiler/esm5/compiler.js:34505:48
	    at Set.forEach (<anonymous>)
	    at JitCompiler.push../node_modules/@angular/compiler/esm5/compiler.js.JitCompiler._compileComponents node_modules/@angular/compiler/esm5/compiler.js:34505:1)
	    at http://localhost:18763/_karma_webpack_/webpack:/node_modules/@angular/compiler/esm5/compiler.js:34393:1
	    at Object.then node_modules/@angular/compiler/esm5/compiler.js:475:33)
	    at JitCompiler.push../node_modules/@angular/compiler/esm5/compiler.js.JitCompiler._compileModuleAndAllComponents node_modules/@angular/compiler/esm5/compiler.js:34391:1)
	Error: Template parse errors:
	Can't bind to 'ngModel' since it isn't a known property of 'select'. ("
					name="activity"
					class="form-control" 
					[ERROR ->][(ngModel)]="selectedActivity" 
					(ngModelChange)="onChange($event)">
					<option [value]="defaultA"): ng:///DynamicTestModule/ActivitySelectorComponent.html@6:4
	Can't bind to 'ngValue' since it isn't a known property of 'option'. ("d="selected">Select an activity</option>
					<option *ngFor="let activity of activityList$ | async" [ERROR ->][ngValue]="activity">
						{{activity.name}}
					</option>
	"): ng:///DynamicTestModule/ActivitySelectorComponent.html@9:59
	    at syntaxError node_modules/@angular/compiler/esm5/compiler.js:486:22)
	    at TemplateParser.push../node_modules/@angular/compiler/esm5/compiler.js.TemplateParser.parse node_modules/@angular/compiler/esm5/compiler.js:24674:1)
	    at JitCompiler.push../node_modules/@angular/compiler/esm5/compiler.js.JitCompiler._parseTemplate node_modules/@angular/compiler/esm5/compiler.js:34629:1)
	    at JitCompiler.push../node_modules/@angular/compiler/esm5/compiler.js.JitCompiler._compileTemplate node_modules/@angular/compiler/esm5/compiler.js:34604:1)
	    at http://localhost:18763/_karma_webpack_/webpack:/node_modules/@angular/compiler/esm5/compiler.js:34505:48
	    at Set.forEach (<anonymous>)
	    at JitCompiler.push../node_modules/@angular/compiler/esm5/compiler.js.JitCompiler._compileComponents node_modules/@angular/compiler/esm5/compiler.js:34505:1)
	    at http://localhost:18763/_karma_webpack_/webpack:/node_modules/@angular/compiler/esm5/compiler.js:34393:1
	    at Object.then node_modules/@angular/compiler/esm5/compiler.js:475:33)
	    at JitCompiler.push../node_modules/@angular/compiler/esm5/compiler.js.JitCompiler._compileModuleAndAllComponents node_modules/@angular/compiler/esm5/compiler.js:34391:1)
	Expected undefined to be truthy.
	    at Object.<anonymous> src/app/components/activity-selector/activity-selector.component.spec.ts:23:23)
	    at ZoneDelegate../node_modules/zone.js/dist/zone.js.ZoneDelegate.invoke node_modules/zone.js/dist/zone.js:388:1)
	    at ProxyZoneSpec.push../node_modules/zone.js/dist/proxy.js.ProxyZoneSpec.onInvoke node_modules/zone.js/dist/proxy.js:128:1)
	    at ZoneDelegate../node_modules/zone.js/dist/zone.js.ZoneDelegate.invoke node_modules/zone.js/dist/zone.js:387:1)
[1A[2KChrome 67.0.3396 (Mac OS X 10.13.3) ActivitySelectorComponent should be created FAILED
	Can't bind to 'ngModel' since it isn't a known property of 'select'. ("
					name="activity"
					class="form-control" 
					[ERROR ->][(ngModel)]="selectedActivity" 
					(ngModelChange)="onChange($event)">
					<option [value]="defaultA"): ng:///DynamicTestModule/ActivitySelectorComponent.html@6:4
	Can't bind to 'ngValue' since it isn't a known property of 'option'. ("d="selected">Select an activity</option>
					<option *ngFor="let activity of activityList$ | async" [ERROR ->][ngValue]="activity">
						{{activity.name}}
					</option>
	"): ng:///DynamicTestModule/ActivitySelectorComponent.html@9:59
	Error: Template parse errors:
	    at syntaxError node_modules/@angular/compiler/esm5/compiler.js:486:22)
	    at TemplateParser.push../node_modules/@angular/compiler/esm5/compiler.js.TemplateParser.parse node_modules/@angular/compiler/esm5/compiler.js:24674:1)
	    at JitCompiler.push../node_modules/@angular/compiler/esm5/compiler.js.JitCompiler._parseTemplate node_modules/@angular/compiler/esm5/compiler.js:34629:1)
	    at JitCompiler.push../node_modules/@angular/compiler/esm5/compiler.js.JitCompiler._compileTemplate node_modules/@angular/compiler/esm5/compiler.js:34604:1)
	    at http://localhost:18763/_karma_webpack_/webpack:/node_modules/@angular/compiler/esm5/compiler.js:34505:48
	    at Set.forEach (<anonymous>)
	    at JitCompiler.push../node_modules/@angular/compiler/esm5/compiler.js.JitCompiler._compileComponents node_modules/@angular/compiler/esm5/compiler.js:34505:1)
	    at http://localhost:18763/_karma_webpack_/webpack:/node_modules/@angular/compiler/esm5/compiler.js:34393:1
	    at Object.then node_modules/@angular/compiler/esm5/compiler.js:475:33)
	    at JitCompiler.push../node_modules/@angular/compiler/esm5/compiler.js.JitCompiler._compileModuleAndAllComponents node_modules/@angular/compiler/esm5/compiler.js:34391:1)
	Error: Template parse errors:
	Can't bind to 'ngModel' since it isn't a known property of 'select'. ("
					name="activity"
					class="form-control" 
					[ERROR ->][(ngModel)]="selectedActivity" 
					(ngModelChange)="onChange($event)">
					<option [value]="defaultA"): ng:///DynamicTestModule/ActivitySelectorComponent.html@6:4
	Can't bind to 'ngValue' since it isn't a known property of 'option'. ("d="selected">Select an activity</option>
					<option *ngFor="let activity of activityList$ | async" [ERROR ->][ngValue]="activity">
						{{activity.name}}
					</option>
	"): ng:///DynamicTestModule/ActivitySelectorComponent.html@9:59
	    at syntaxError node_modules/@angular/compiler/esm5/compiler.js:486:22)
	    at TemplateParser.push../node_modules/@angular/compiler/esm5/compiler.js.TemplateParser.parse node_modules/@angular/compiler/esm5/compiler.js:24674:1)
	    at JitCompiler.push../node_modules/@angular/compiler/esm5/compiler.js.JitCompiler._parseTemplate node_modules/@angular/compiler/esm5/compiler.js:34629:1)
	    at JitCompiler.push../node_modules/@angular/compiler/esm5/compiler.js.JitCompiler._compileTemplate node_modules/@angular/compiler/esm5/compiler.js:34604:1)
	    at http://localhost:18763/_karma_webpack_/webpack:/node_modules/@angular/compiler/esm5/compiler.js:34505:48
	    at Set.forEach (<anonymous>)
	    at JitCompiler.push../node_modules/@angular/compiler/esm5/compiler.js.JitCompiler._compileComponents node_modules/@angular/compiler/esm5/compiler.js:34505:1)
	    at http://localhost:18763/_karma_webpack_/webpack:/node_modules/@angular/compiler/esm5/compiler.js:34393:1
	    at Object.then node_modules/@angular/compiler/esm5/compiler.js:475:33)
	    at JitCompiler.push../node_modules/@angular/compiler/esm5/compiler.js.JitCompiler._compileModuleAndAllComponents node_modules/@angular/compiler/esm5/compiler.js:34391:1)
	Expected undefined to be truthy.
	    at Object.<anonymous> src/app/components/activity-selector/activity-selector.component.spec.ts:23:23)
	    at ZoneDelegate../node_modules/zone.js/dist/zone.js.ZoneDelegate.invoke node_modules/zone.js/dist/zone.js:388:1)
	    at ProxyZoneSpec.push../node_modules/zone.js/dist/proxy.js.ProxyZoneSpec.onInvoke node_modules/zone.js/dist/proxy.js:128:1)
	    at ZoneDelegate../node_modules/zone.js/dist/zone.js.ZoneDelegate.invoke node_modules/zone.js/dist/zone.js:387:1)
Chrome 67.0.3396 (Mac OS X 10.13.3): Executed 2 of 14 (1 FAILED) (0 secs / 0.214 secs)
Chrome 67.0.3396 (Mac OS X 10.13.3) ActivitySelectorComponent should be created FAILED
	Can't bind to 'ngModel' since it isn't a known property of 'select'. ("
					name="activity"
					class="form-control" 
					[ERROR ->][(ngModel)]="selectedActivity" 
					(ngModelChange)="onChange($event)">
					<option [value]="defaultA"): ng:///DynamicTestModule/ActivitySelectorComponent.html@6:4
	Can't bind to 'ngValue' since it isn't a known property of 'option'. ("d="selected">Select an activity</option>
					<option *ngFor="let activity of activityList$ | async" [ERROR ->][ngValue]="activity">
						{{activity.name}}
					</option>
	"): ng:///DynamicTestModule/ActivitySelectorComponent.html@9:59
	Error: Template parse errors:
	    at syntaxError node_modules/@angular/compiler/esm5/compiler.js:486:22)
	    at TemplateParser.push../node_modules/@angular/compiler/esm5/compiler.js.TemplateParser.parse node_modules/@angular/compiler/esm5/compiler.js:24674:1)
	    at JitCompiler.push../node_modules/@angular/compiler/esm5/compiler.js.JitCompiler._parseTemplate node_modules/@angular/compiler/esm5/compiler.js:34629:1)
	    at JitCompiler.push../node_modules/@angular/compiler/esm5/compiler.js.JitCompiler._compileTemplate node_modules/@angular/compiler/esm5/compiler.js:34604:1)
	    at http://localhost:18763/_karma_webpack_/webpack:/node_modules/@angular/compiler/esm5/compiler.js:34505:48
	    at Set.forEach (<anonymous>)
	    at JitCompiler.push../node_modules/@angular/compiler/esm5/compiler.js.JitCompiler._compileComponents node_modules/@angular/compiler/esm5/compiler.js:34505:1)
	    at http://localhost:18763/_karma_webpack_/webpack:/node_modules/@angular/compiler/esm5/compiler.js:34393:1
	    at Object.then node_modules/@angular/compiler/esm5/compiler.js:475:33)
	    at JitCompiler.push../node_modules/@angular/compiler/esm5/compiler.js.JitCompiler._compileModuleAndAllComponents node_modules/@angular/compiler/esm5/compiler.js:34391:1)
	Error: Template parse errors:
	Can't bind to 'ngModel' since it isn't a known property of 'select'. ("
					name="activity"
					class="form-control" 
					[ERROR ->][(ngModel)]="selectedActivity" 
					(ngModelChange)="onChange($event)">
					<option [value]="defaultA"): ng:///DynamicTestModule/ActivitySelectorComponent.html@6:4
	Can't bind to 'ngValue' since it isn't a known property of 'option'. ("d="selected">Select an activity</option>
					<option *ngFor="let activity of activityList$ | async" [ERROR ->][ngValue]="activity">
						{{activity.name}}
					</option>
	"): ng:///DynamicTestModule/ActivitySelectorComponent.html@9:59
	    at syntaxError node_modules/@angular/compiler/esm5/compiler.js:486:22)
	    at TemplateParser.push../node_modules/@angular/compiler/esm5/compiler.js.TemplateParser.parse node_modules/@angular/compiler/esm5/compiler.js:24674:1)
	    at JitCompiler.push../node_modules/@angular/compiler/esm5/compiler.js.JitCompiler._parseTemplate node_modules/@angular/compiler/esm5/compiler.js:34629:1)
	    at JitCompiler.push../node_modules/@angular/compiler/esm5/compiler.js.JitCompiler._compileTemplate node_modules/@angular/compiler/esm5/compiler.js:34604:1)
	    at http://localhost:18763/_karma_webpack_/webpack:/node_modules/@angular/compiler/esm5/compiler.js:34505:48
	    at Set.forEach (<anonymous>)
	    at JitCompiler.push../node_modules/@angular/compiler/esm5/compiler.js.JitCompiler._compileComponents node_modules/@angular/compiler/esm5/compiler.js:34505:1)
	    at http://localhost:18763/_karma_webpack_/webpack:/node_modules/@angular/compiler/esm5/compiler.js:34393:1
	    at Object.then node_modules/@angular/compiler/esm5/compiler.js:475:33)
	    at JitCompiler.push../node_modules/@angular/compiler/esm5/compiler.js.JitCompiler._compileModuleAndAllComponents node_modules/@angular/compiler/esm5/compiler.js:34391:1)
	Expected undefined to be truthy.
	    at Object.<anonymous> src/app/components/activity-selector/activity-selector.component.spec.ts:23:23)
	    at ZoneDelegate../node_modules/zone.js/dist/zone.js.ZoneDelegate.invoke node_modules/zone.js/dist/zone.js:388:1)
	    at ProxyZoneSpec.push../node_modules/zone.js/dist/proxy.js.ProxyZoneSpec.onInvoke node_modules/zone.js/dist/proxy.js:128:1)
	    at ZoneDelegate../node_modules/zone.js/dist/zone.js.ZoneDelegate.invoke node_modules/zone.js/dist/zone.js:387:1)
Chrome 67.0.3396 (Mac OS X 10.13.3) AppComponent should create the app FAILED
	'topnav' is not a known element:
	1. If 'topnav' is an Angular component, then verify that it is part of this module.
	2. To allow any element add 'NO_ERRORS_SCHEMA' to the '@NgModule.schemas' of this component. ("[ERROR ->]<topnav></topnav>    
	<div class="container">
		<div class="row">
	"): ng:///DynamicTestModule/AppComponent.html@0:0
	'router-outlet' is not a known element:
	1. If 'router-outlet' is an Angular component, then verify that it is part of this module.
	2. If 'router-outlet' is a Web Component then add 'CUSTOM_ELEMENTS_SCHEMA' to the '@NgModule.schemas' of this component to suppress this message. ("
		<div class="row">
			<div class="col-md-1"></div>
			[ERROR ->]<router-outlet></router-outlet>
			<div class="col-md-1"></div>
		</div>
	"): ng:///DynamicTestModule/AppComponent.html@4:2
	Error: Template parse errors:
	    at syntaxError node_modules/@angular/compiler/esm5/compiler.js:486:22)
	    at TemplateParser.push../node_modules/@angular/compiler/esm5/compiler.js.TemplateParser.parse node_modules/@angular/compiler/esm5/compiler.js:24674:1)
	    at JitCompiler.push../node_modules/@angular/compiler/esm5/compiler.js.JitCompiler._parseTemplate node_modules/@angular/compiler/esm5/compiler.js:34629:1)
	    at JitCompiler.push../node_modules/@angular/compiler/esm5/compiler.js.JitCompiler._compileTemplate node_modules/@angular/compiler/esm5/compiler.js:34604:1)
	    at http://localhost:18763/_karma_webpack_/webpack:/node_modules/@angular/compiler/esm5/compiler.js:34505:48
	    at Set.forEach (<anonymous>)
	    at JitCompiler.push../node_modules/@angular/compiler/esm5/compiler.js.JitCompiler._compileComponents node_modules/@angular/compiler/esm5/compiler.js:34505:1)
	    at http://localhost:18763/_karma_webpack_/webpack:/node_modules/@angular/compiler/esm5/compiler.js:34393:1
	    at Object.then node_modules/@angular/compiler/esm5/compiler.js:475:33)
	    at JitCompiler.push../node_modules/@angular/compiler/esm5/compiler.js.JitCompiler._compileModuleAndAllComponents node_modules/@angular/compiler/esm5/compiler.js:34391:1)
	'topnav' is not a known element:
	1. If 'topnav' is an Angular component, then verify that it is part of this module.
	2. To allow any element add 'NO_ERRORS_SCHEMA' to the '@NgModule.schemas' of this component. ("[ERROR ->]<topnav></topnav>    
	<div class="container">
		<div class="row">
	"): ng:///DynamicTestModule/AppComponent.html@0:0
	'router-outlet' is not a known element:
	1. If 'router-outlet' is an Angular component, then verify that it is part of this module.
	2. If 'router-outlet' is a Web Component then add 'CUSTOM_ELEMENTS_SCHEMA' to the '@NgModule.schemas' of this component to suppress this message. ("
		<div class="row">
			<div class="col-md-1"></div>
			[ERROR ->]<router-outlet></router-outlet>
			<div class="col-md-1"></div>
		</div>
	"): ng:///DynamicTestModule/AppComponent.html@4:2
	Error: Template parse errors:
	    at syntaxError node_modules/@angular/compiler/esm5/compiler.js:486:22)
	    at TemplateParser.push../node_modules/@angular/compiler/esm5/compiler.js.TemplateParser.parse node_modules/@angular/compiler/esm5/compiler.js:24674:1)
	    at JitCompiler.push../node_modules/@angular/compiler/esm5/compiler.js.JitCompiler._parseTemplate node_modules/@angular/compiler/esm5/compiler.js:34629:1)
	    at JitCompiler.push../node_modules/@angular/compiler/esm5/compiler.js.JitCompiler._compileTemplate node_modules/@angular/compiler/esm5/compiler.js:34604:1)
	    at http://localhost:18763/_karma_webpack_/webpack:/node_modules/@angular/compiler/esm5/compiler.js:34505:48
	    at Set.forEach (<anonymous>)
	    at JitCompiler.push../node_modules/@angular/compiler/esm5/compiler.js.JitCompiler._compileComponents node_modules/@angular/compiler/esm5/compiler.js:34505:1)
	    at http://localhost:18763/_karma_webpack_/webpack:/node_modules/@angular/compiler/esm5/compiler.js:34393:1
	    at Object.then node_modules/@angular/compiler/esm5/compiler.js:475:33)
	    at JitCompiler.push../node_modules/@angular/compiler/esm5/compiler.js.JitCompiler._compileModuleAndAllComponents node_modules/@angular/compiler/esm5/compiler.js:34391:1)
[1A[2KChrome 67.0.3396 (Mac OS X 10.13.3) AppComponent should create the app FAILED
	'topnav' is not a known element:
	1. If 'topnav' is an Angular component, then verify that it is part of this module.
	2. To allow any element add 'NO_ERRORS_SCHEMA' to the '@NgModule.schemas' of this component. ("[ERROR ->]<topnav></topnav>    
	<div class="container">
		<div class="row">
	"): ng:///DynamicTestModule/AppComponent.html@0:0
	'router-outlet' is not a known element:
	1. If 'router-outlet' is an Angular component, then verify that it is part of this module.
	2. If 'router-outlet' is a Web Component then add 'CUSTOM_ELEMENTS_SCHEMA' to the '@NgModule.schemas' of this component to suppress this message. ("
		<div class="row">
			<div class="col-md-1"></div>
			[ERROR ->]<router-outlet></router-outlet>
			<div class="col-md-1"></div>
		</div>
	"): ng:///DynamicTestModule/AppComponent.html@4:2
	Error: Template parse errors:
	    at syntaxError node_modules/@angular/compiler/esm5/compiler.js:486:22)
	    at TemplateParser.push../node_modules/@angular/compiler/esm5/compiler.js.TemplateParser.parse node_modules/@angular/compiler/esm5/compiler.js:24674:1)
	    at JitCompiler.push../node_modules/@angular/compiler/esm5/compiler.js.JitCompiler._parseTemplate node_modules/@angular/compiler/esm5/compiler.js:34629:1)
	    at JitCompiler.push../node_modules/@angular/compiler/esm5/compiler.js.JitCompiler._compileTemplate node_modules/@angular/compiler/esm5/compiler.js:34604:1)
	    at http://localhost:18763/_karma_webpack_/webpack:/node_modules/@angular/compiler/esm5/compiler.js:34505:48
	    at Set.forEach (<anonymous>)
	    at JitCompiler.push../node_modules/@angular/compiler/esm5/compiler.js.JitCompiler._compileComponents node_modules/@angular/compiler/esm5/compiler.js:34505:1)
	    at http://localhost:18763/_karma_webpack_/webpack:/node_modules/@angular/compiler/esm5/compiler.js:34393:1
	    at Object.then node_modules/@angular/compiler/esm5/compiler.js:475:33)
	    at JitCompiler.push../node_modules/@angular/compiler/esm5/compiler.js.JitCompiler._compileModuleAndAllComponents node_modules/@angular/compiler/esm5/compiler.js:34391:1)
	'topnav' is not a known element:
	1. If 'topnav' is an Angular component, then verify that it is part of this module.
	2. To allow any element add 'NO_ERRORS_SCHEMA' to the '@NgModule.schemas' of this component. ("[ERROR ->]<topnav></topnav>    
	<div class="container">
		<div class="row">
	"): ng:///DynamicTestModule/AppComponent.html@0:0
	'router-outlet' is not a known element:
	1. If 'router-outlet' is an Angular component, then verify that it is part of this module.
	2. If 'router-outlet' is a Web Component then add 'CUSTOM_ELEMENTS_SCHEMA' to the '@NgModule.schemas' of this component to suppress this message. ("
		<div class="row">
			<div class="col-md-1"></div>
			[ERROR ->]<router-outlet></router-outlet>
			<div class="col-md-1"></div>
		</div>
	"): ng:///DynamicTestModule/AppComponent.html@4:2
	Error: Template parse errors:
	    at syntaxError node_modules/@angular/compiler/esm5/compiler.js:486:22)
	    at TemplateParser.push../node_modules/@angular/compiler/esm5/compiler.js.TemplateParser.parse node_modules/@angular/compiler/esm5/compiler.js:24674:1)
	    at JitCompiler.push../node_modules/@angular/compiler/esm5/compiler.js.JitCompiler._parseTemplate node_modules/@angular/compiler/esm5/compiler.js:34629:1)
	    at JitCompiler.push../node_modules/@angular/compiler/esm5/compiler.js.JitCompiler._compileTemplate node_modules/@angular/compiler/esm5/compiler.js:34604:1)
	    at http://localhost:18763/_karma_webpack_/webpack:/node_modules/@angular/compiler/esm5/compiler.js:34505:48
	    at Set.forEach (<anonymous>)
	    at JitCompiler.push../node_modules/@angular/compiler/esm5/compiler.js.JitCompiler._compileComponents node_modules/@angular/compiler/esm5/compiler.js:34505:1)
	    at http://localhost:18763/_karma_webpack_/webpack:/node_modules/@angular/compiler/esm5/compiler.js:34393:1
	    at Object.then node_modules/@angular/compiler/esm5/compiler.js:475:33)
	    at JitCompiler.push../node_modules/@angular/compiler/esm5/compiler.js.JitCompiler._compileModuleAndAllComponents node_modules/@angular/compiler/esm5/compiler.js:34391:1)
Chrome 67.0.3396 (Mac OS X 10.13.3): Executed 3 of 14 (2 FAILED) (0 secs / 0.233 secs)
Chrome 67.0.3396 (Mac OS X 10.13.3) AppComponent should create the app FAILED
	'topnav' is not a known element:
	1. If 'topnav' is an Angular component, then verify that it is part of this module.
	2. To allow any element add 'NO_ERRORS_SCHEMA' to the '@NgModule.schemas' of this component. ("[ERROR ->]<topnav></topnav>    
	<div class="container">
		<div class="row">
	"): ng:///DynamicTestModule/AppComponent.html@0:0
	'router-outlet' is not a known element:
	1. If 'router-outlet' is an Angular component, then verify that it is part of this module.
	2. If 'router-outlet' is a Web Component then add 'CUSTOM_ELEMENTS_SCHEMA' to the '@NgModule.schemas' of this component to suppress this message. ("
		<div class="row">
			<div class="col-md-1"></div>
			[ERROR ->]<router-outlet></router-outlet>
			<div class="col-md-1"></div>
		</div>
	"): ng:///DynamicTestModule/AppComponent.html@4:2
	Error: Template parse errors:
	    at syntaxError node_modules/@angular/compiler/esm5/compiler.js:486:22)
	    at TemplateParser.push../node_modules/@angular/compiler/esm5/compiler.js.TemplateParser.parse node_modules/@angular/compiler/esm5/compiler.js:24674:1)
	    at JitCompiler.push../node_modules/@angular/compiler/esm5/compiler.js.JitCompiler._parseTemplate node_modules/@angular/compiler/esm5/compiler.js:34629:1)
	    at JitCompiler.push../node_modules/@angular/compiler/esm5/compiler.js.JitCompiler._compileTemplate node_modules/@angular/compiler/esm5/compiler.js:34604:1)
	    at http://localhost:18763/_karma_webpack_/webpack:/node_modules/@angular/compiler/esm5/compiler.js:34505:48
	    at Set.forEach (<anonymous>)
	    at JitCompiler.push../node_modules/@angular/compiler/esm5/compiler.js.JitCompiler._compileComponents node_modules/@angular/compiler/esm5/compiler.js:34505:1)
	    at http://localhost:18763/_karma_webpack_/webpack:/node_modules/@angular/compiler/esm5/compiler.js:34393:1
	    at Object.then node_modules/@angular/compiler/esm5/compiler.js:475:33)
	    at JitCompiler.push../node_modules/@angular/compiler/esm5/compiler.js.JitCompiler._compileModuleAndAllComponents node_modules/@angular/compiler/esm5/compiler.js:34391:1)
	'topnav' is not a known element:
	1. If 'topnav' is an Angular component, then verify that it is part of this module.
	2. To allow any element add 'NO_ERRORS_SCHEMA' to the '@NgModule.schemas' of this component. ("[ERROR ->]<topnav></topnav>    
	<div class="container">
		<div class="row">
	"): ng:///DynamicTestModule/AppComponent.html@0:0
	'router-outlet' is not a known element:
	1. If 'router-outlet' is an Angular component, then verify that it is part of this module.
	2. If 'router-outlet' is a Web Component then add 'CUSTOM_ELEMENTS_SCHEMA' to the '@NgModule.schemas' of this component to suppress this message. ("
		<div class="row">
			<div class="col-md-1"></div>
			[ERROR ->]<router-outlet></router-outlet>
			<div class="col-md-1"></div>
		</div>
	"): ng:///DynamicTestModule/AppComponent.html@4:2
	Error: Template parse errors:
	    at syntaxError node_modules/@angular/compiler/esm5/compiler.js:486:22)
	    at TemplateParser.push../node_modules/@angular/compiler/esm5/compiler.js.TemplateParser.parse node_modules/@angular/compiler/esm5/compiler.js:24674:1)
	    at JitCompiler.push../node_modules/@angular/compiler/esm5/compiler.js.JitCompiler._parseTemplate node_modules/@angular/compiler/esm5/compiler.js:34629:1)
	    at JitCompiler.push../node_modules/@angular/compiler/esm5/compiler.js.JitCompiler._compileTemplate node_modules/@angular/compiler/esm5/compiler.js:34604:1)
	    at http://localhost:18763/_karma_webpack_/webpack:/node_modules/@angular/compiler/esm5/compiler.js:34505:48
	    at Set.forEach (<anonymous>)
	    at JitCompiler.push../node_modules/@angular/compiler/esm5/compiler.js.JitCompiler._compileComponents node_modules/@angular/compiler/esm5/compiler.js:34505:1)
	    at http://localhost:18763/_karma_webpack_/webpack:/node_modules/@angular/compiler/esm5/compiler.js:34393:1
	    at Object.then node_modules/@angular/compiler/esm5/compiler.js:475:33)
	    at JitCompiler.push../node_modules/@angular/compiler/esm5/compiler.js.JitCompiler._compileModuleAndAllComponents node_modules/@angular/compiler/esm5/compiler.js:34391:1)
Chrome 67.0.3396 (Mac OS X 10.13.3) AppComponent should have as title 'app' FAILED
	'topnav' is not a known element:
	1. If 'topnav' is an Angular component, then verify that it is part of this module.
	2. To allow any element add 'NO_ERRORS_SCHEMA' to the '@NgModule.schemas' of this component. ("[ERROR ->]<topnav></topnav>    
	<div class="container">
		<div class="row">
	"): ng:///DynamicTestModule/AppComponent.html@0:0
	'router-outlet' is not a known element:
	1. If 'router-outlet' is an Angular component, then verify that it is part of this module.
	2. If 'router-outlet' is a Web Component then add 'CUSTOM_ELEMENTS_SCHEMA' to the '@NgModule.schemas' of this component to suppress this message. ("
		<div class="row">
			<div class="col-md-1"></div>
			[ERROR ->]<router-outlet></router-outlet>
			<div class="col-md-1"></div>
		</div>
	"): ng:///DynamicTestModule/AppComponent.html@4:2
	Error: Template parse errors:
	    at syntaxError node_modules/@angular/compiler/esm5/compiler.js:486:22)
	    at TemplateParser.push../node_modules/@angular/compiler/esm5/compiler.js.TemplateParser.parse node_modules/@angular/compiler/esm5/compiler.js:24674:1)
	    at JitCompiler.push../node_modules/@angular/compiler/esm5/compiler.js.JitCompiler._parseTemplate node_modules/@angular/compiler/esm5/compiler.js:34629:1)
	    at JitCompiler.push../node_modules/@angular/compiler/esm5/compiler.js.JitCompiler._compileTemplate node_modules/@angular/compiler/esm5/compiler.js:34604:1)
	    at http://localhost:18763/_karma_webpack_/webpack:/node_modules/@angular/compiler/esm5/compiler.js:34505:48
	    at Set.forEach (<anonymous>)
	    at JitCompiler.push../node_modules/@angular/compiler/esm5/compiler.js.JitCompiler._compileComponents node_modules/@angular/compiler/esm5/compiler.js:34505:1)
	    at http://localhost:18763/_karma_webpack_/webpack:/node_modules/@angular/compiler/esm5/compiler.js:34393:1
	    at Object.then node_modules/@angular/compiler/esm5/compiler.js:475:33)
	    at JitCompiler.push../node_modules/@angular/compiler/esm5/compiler.js.JitCompiler._compileModuleAndAllComponents node_modules/@angular/compiler/esm5/compiler.js:34391:1)
	'topnav' is not a known element:
	1. If 'topnav' is an Angular component, then verify that it is part of this module.
	2. To allow any element add 'NO_ERRORS_SCHEMA' to the '@NgModule.schemas' of this component. ("[ERROR ->]<topnav></topnav>    
	<div class="container">
		<div class="row">
	"): ng:///DynamicTestModule/AppComponent.html@0:0
	'router-outlet' is not a known element:
	1. If 'router-outlet' is an Angular component, then verify that it is part of this module.
	2. If 'router-outlet' is a Web Component then add 'CUSTOM_ELEMENTS_SCHEMA' to the '@NgModule.schemas' of this component to suppress this message. ("
		<div class="row">
			<div class="col-md-1"></div>
			[ERROR ->]<router-outlet></router-outlet>
			<div class="col-md-1"></div>
		</div>
	"): ng:///DynamicTestModule/AppComponent.html@4:2
	Error: Template parse errors:
	    at syntaxError node_modules/@angular/compiler/esm5/compiler.js:486:22)
	    at TemplateParser.push../node_modules/@angular/compiler/esm5/compiler.js.TemplateParser.parse node_modules/@angular/compiler/esm5/compiler.js:24674:1)
	    at JitCompiler.push../node_modules/@angular/compiler/esm5/compiler.js.JitCompiler._parseTemplate node_modules/@angular/compiler/esm5/compiler.js:34629:1)
	    at JitCompiler.push../node_modules/@angular/compiler/esm5/compiler.js.JitCompiler._compileTemplate node_modules/@angular/compiler/esm5/compiler.js:34604:1)
	    at http://localhost:18763/_karma_webpack_/webpack:/node_modules/@angular/compiler/esm5/compiler.js:34505:48
	    at Set.forEach (<anonymous>)
	    at JitCompiler.push../node_modules/@angular/compiler/esm5/compiler.js.JitCompiler._compileComponents node_modules/@angular/compiler/esm5/compiler.js:34505:1)
	    at http://localhost:18763/_karma_webpack_/webpack:/node_modules/@angular/compiler/esm5/compiler.js:34393:1
	    at Object.then node_modules/@angular/compiler/esm5/compiler.js:475:33)
	    at JitCompiler.push../node_modules/@angular/compiler/esm5/compiler.js.JitCompiler._compileModuleAndAllComponents node_modules/@angular/compiler/esm5/compiler.js:34391:1)
[1A[2KChrome 67.0.3396 (Mac OS X 10.13.3) AppComponent should have as title 'app' FAILED
	'topnav' is not a known element:
	1. If 'topnav' is an Angular component, then verify that it is part of this module.
	2. To allow any element add 'NO_ERRORS_SCHEMA' to the '@NgModule.schemas' of this component. ("[ERROR ->]<topnav></topnav>    
	<div class="container">
		<div class="row">
	"): ng:///DynamicTestModule/AppComponent.html@0:0
	'router-outlet' is not a known element:
	1. If 'router-outlet' is an Angular component, then verify that it is part of this module.
	2. If 'router-outlet' is a Web Component then add 'CUSTOM_ELEMENTS_SCHEMA' to the '@NgModule.schemas' of this component to suppress this message. ("
		<div class="row">
			<div class="col-md-1"></div>
			[ERROR ->]<router-outlet></router-outlet>
			<div class="col-md-1"></div>
		</div>
	"): ng:///DynamicTestModule/AppComponent.html@4:2
	Error: Template parse errors:
	    at syntaxError node_modules/@angular/compiler/esm5/compiler.js:486:22)
	    at TemplateParser.push../node_modules/@angular/compiler/esm5/compiler.js.TemplateParser.parse node_modules/@angular/compiler/esm5/compiler.js:24674:1)
	    at JitCompiler.push../node_modules/@angular/compiler/esm5/compiler.js.JitCompiler._parseTemplate node_modules/@angular/compiler/esm5/compiler.js:34629:1)
	    at JitCompiler.push../node_modules/@angular/compiler/esm5/compiler.js.JitCompiler._compileTemplate node_modules/@angular/compiler/esm5/compiler.js:34604:1)
	    at http://localhost:18763/_karma_webpack_/webpack:/node_modules/@angular/compiler/esm5/compiler.js:34505:48
	    at Set.forEach (<anonymous>)
	    at JitCompiler.push../node_modules/@angular/compiler/esm5/compiler.js.JitCompiler._compileComponents node_modules/@angular/compiler/esm5/compiler.js:34505:1)
	    at http://localhost:18763/_karma_webpack_/webpack:/node_modules/@angular/compiler/esm5/compiler.js:34393:1
	    at Object.then node_modules/@angular/compiler/esm5/compiler.js:475:33)
	    at JitCompiler.push../node_modules/@angular/compiler/esm5/compiler.js.JitCompiler._compileModuleAndAllComponents node_modules/@angular/compiler/esm5/compiler.js:34391:1)
	'topnav' is not a known element:
	1. If 'topnav' is an Angular component, then verify that it is part of this module.
	2. To allow any element add 'NO_ERRORS_SCHEMA' to the '@NgModule.schemas' of this component. ("[ERROR ->]<topnav></topnav>    
	<div class="container">
		<div class="row">
	"): ng:///DynamicTestModule/AppComponent.html@0:0
	'router-outlet' is not a known element:
	1. If 'router-outlet' is an Angular component, then verify that it is part of this module.
	2. If 'router-outlet' is a Web Component then add 'CUSTOM_ELEMENTS_SCHEMA' to the '@NgModule.schemas' of this component to suppress this message. ("
		<div class="row">
			<div class="col-md-1"></div>
			[ERROR ->]<router-outlet></router-outlet>
			<div class="col-md-1"></div>
		</div>
	"): ng:///DynamicTestModule/AppComponent.html@4:2
	Error: Template parse errors:
	    at syntaxError node_modules/@angular/compiler/esm5/compiler.js:486:22)
	    at TemplateParser.push../node_modules/@angular/compiler/esm5/compiler.js.TemplateParser.parse node_modules/@angular/compiler/esm5/compiler.js:24674:1)
	    at JitCompiler.push../node_modules/@angular/compiler/esm5/compiler.js.JitCompiler._parseTemplate node_modules/@angular/compiler/esm5/compiler.js:34629:1)
	    at JitCompiler.push../node_modules/@angular/compiler/esm5/compiler.js.JitCompiler._compileTemplate node_modules/@angular/compiler/esm5/compiler.js:34604:1)
	    at http://localhost:18763/_karma_webpack_/webpack:/node_modules/@angular/compiler/esm5/compiler.js:34505:48
	    at Set.forEach (<anonymous>)
	    at JitCompiler.push../node_modules/@angular/compiler/esm5/compiler.js.JitCompiler._compileComponents node_modules/@angular/compiler/esm5/compiler.js:34505:1)
	    at http://localhost:18763/_karma_webpack_/webpack:/node_modules/@angular/compiler/esm5/compiler.js:34393:1
	    at Object.then node_modules/@angular/compiler/esm5/compiler.js:475:33)
	    at JitCompiler.push../node_modules/@angular/compiler/esm5/compiler.js.JitCompiler._compileModuleAndAllComponents node_modules/@angular/compiler/esm5/compiler.js:34391:1)
Chrome 67.0.3396 (Mac OS X 10.13.3): Executed 4 of 14 (3 FAILED) (0 secs / 0.244 secs)
Chrome 67.0.3396 (Mac OS X 10.13.3) AppComponent should have as title 'app' FAILED
	'topnav' is not a known element:
	1. If 'topnav' is an Angular component, then verify that it is part of this module.
	2. To allow any element add 'NO_ERRORS_SCHEMA' to the '@NgModule.schemas' of this component. ("[ERROR ->]<topnav></topnav>    
	<div class="container">
		<div class="row">
	"): ng:///DynamicTestModule/AppComponent.html@0:0
	'router-outlet' is not a known element:
	1. If 'router-outlet' is an Angular component, then verify that it is part of this module.
	2. If 'router-outlet' is a Web Component then add 'CUSTOM_ELEMENTS_SCHEMA' to the '@NgModule.schemas' of this component to suppress this message. ("
		<div class="row">
			<div class="col-md-1"></div>
			[ERROR ->]<router-outlet></router-outlet>
			<div class="col-md-1"></div>
		</div>
	"): ng:///DynamicTestModule/AppComponent.html@4:2
	Error: Template parse errors:
	    at syntaxError node_modules/@angular/compiler/esm5/compiler.js:486:22)
	    at TemplateParser.push../node_modules/@angular/compiler/esm5/compiler.js.TemplateParser.parse node_modules/@angular/compiler/esm5/compiler.js:24674:1)
	    at JitCompiler.push../node_modules/@angular/compiler/esm5/compiler.js.JitCompiler._parseTemplate node_modules/@angular/compiler/esm5/compiler.js:34629:1)
	    at JitCompiler.push../node_modules/@angular/compiler/esm5/compiler.js.JitCompiler._compileTemplate node_modules/@angular/compiler/esm5/compiler.js:34604:1)
	    at http://localhost:18763/_karma_webpack_/webpack:/node_modules/@angular/compiler/esm5/compiler.js:34505:48
	    at Set.forEach (<anonymous>)
	    at JitCompiler.push../node_modules/@angular/compiler/esm5/compiler.js.JitCompiler._compileComponents node_modules/@angular/compiler/esm5/compiler.js:34505:1)
	    at http://localhost:18763/_karma_webpack_/webpack:/node_modules/@angular/compiler/esm5/compiler.js:34393:1
	    at Object.then node_modules/@angular/compiler/esm5/compiler.js:475:33)
	    at JitCompiler.push../node_modules/@angular/compiler/esm5/compiler.js.JitCompiler._compileModuleAndAllComponents node_modules/@angular/compiler/esm5/compiler.js:34391:1)
	'topnav' is not a known element:
	1. If 'topnav' is an Angular component, then verify that it is part of this module.
	2. To allow any element add 'NO_ERRORS_SCHEMA' to the '@NgModule.schemas' of this component. ("[ERROR ->]<topnav></topnav>    
	<div class="container">
		<div class="row">
	"): ng:///DynamicTestModule/AppComponent.html@0:0
	'router-outlet' is not a known element:
	1. If 'router-outlet' is an Angular component, then verify that it is part of this module.
	2. If 'router-outlet' is a Web Component then add 'CUSTOM_ELEMENTS_SCHEMA' to the '@NgModule.schemas' of this component to suppress this message. ("
		<div class="row">
			<div class="col-md-1"></div>
			[ERROR ->]<router-outlet></router-outlet>
			<div class="col-md-1"></div>
		</div>
	"): ng:///DynamicTestModule/AppComponent.html@4:2
	Error: Template parse errors:
	    at syntaxError node_modules/@angular/compiler/esm5/compiler.js:486:22)
	    at TemplateParser.push../node_modules/@angular/compiler/esm5/compiler.js.TemplateParser.parse node_modules/@angular/compiler/esm5/compiler.js:24674:1)
	    at JitCompiler.push../node_modules/@angular/compiler/esm5/compiler.js.JitCompiler._parseTemplate node_modules/@angular/compiler/esm5/compiler.js:34629:1)
	    at JitCompiler.push../node_modules/@angular/compiler/esm5/compiler.js.JitCompiler._compileTemplate node_modules/@angular/compiler/esm5/compiler.js:34604:1)
	    at http://localhost:18763/_karma_webpack_/webpack:/node_modules/@angular/compiler/esm5/compiler.js:34505:48
	    at Set.forEach (<anonymous>)
	    at JitCompiler.push../node_modules/@angular/compiler/esm5/compiler.js.JitCompiler._compileComponents node_modules/@angular/compiler/esm5/compiler.js:34505:1)
	    at http://localhost:18763/_karma_webpack_/webpack:/node_modules/@angular/compiler/esm5/compiler.js:34393:1
	    at Object.then node_modules/@angular/compiler/esm5/compiler.js:475:33)
	    at JitCompiler.push../node_modules/@angular/compiler/esm5/compiler.js.JitCompiler._compileModuleAndAllComponents node_modules/@angular/compiler/esm5/compiler.js:34391:1)
Chrome 67.0.3396 (Mac OS X 10.13.3) AppComponent should render title in a h1 tag FAILED
	'topnav' is not a known element:
	1. If 'topnav' is an Angular component, then verify that it is part of this module.
	2. To allow any element add 'NO_ERRORS_SCHEMA' to the '@NgModule.schemas' of this component. ("[ERROR ->]<topnav></topnav>    
	<div class="container">
		<div class="row">
	"): ng:///DynamicTestModule/AppComponent.html@0:0
	'router-outlet' is not a known element:
	1. If 'router-outlet' is an Angular component, then verify that it is part of this module.
	2. If 'router-outlet' is a Web Component then add 'CUSTOM_ELEMENTS_SCHEMA' to the '@NgModule.schemas' of this component to suppress this message. ("
		<div class="row">
			<div class="col-md-1"></div>
			[ERROR ->]<router-outlet></router-outlet>
			<div class="col-md-1"></div>
		</div>
	"): ng:///DynamicTestModule/AppComponent.html@4:2
	Error: Template parse errors:
	    at syntaxError node_modules/@angular/compiler/esm5/compiler.js:486:22)
	    at TemplateParser.push../node_modules/@angular/compiler/esm5/compiler.js.TemplateParser.parse node_modules/@angular/compiler/esm5/compiler.js:24674:1)
	    at JitCompiler.push../node_modules/@angular/compiler/esm5/compiler.js.JitCompiler._parseTemplate node_modules/@angular/compiler/esm5/compiler.js:34629:1)
	    at JitCompiler.push../node_modules/@angular/compiler/esm5/compiler.js.JitCompiler._compileTemplate node_modules/@angular/compiler/esm5/compiler.js:34604:1)
	    at http://localhost:18763/_karma_webpack_/webpack:/node_modules/@angular/compiler/esm5/compiler.js:34505:48
	    at Set.forEach (<anonymous>)
	    at JitCompiler.push../node_modules/@angular/compiler/esm5/compiler.js.JitCompiler._compileComponents node_modules/@angular/compiler/esm5/compiler.js:34505:1)
	    at http://localhost:18763/_karma_webpack_/webpack:/node_modules/@angular/compiler/esm5/compiler.js:34393:1
	    at Object.then node_modules/@angular/compiler/esm5/compiler.js:475:33)
	    at JitCompiler.push../node_modules/@angular/compiler/esm5/compiler.js.JitCompiler._compileModuleAndAllComponents node_modules/@angular/compiler/esm5/compiler.js:34391:1)
	'topnav' is not a known element:
	1. If 'topnav' is an Angular component, then verify that it is part of this module.
	2. To allow any element add 'NO_ERRORS_SCHEMA' to the '@NgModule.schemas' of this component. ("[ERROR ->]<topnav></topnav>    
	<div class="container">
		<div class="row">
	"): ng:///DynamicTestModule/AppComponent.html@0:0
	'router-outlet' is not a known element:
	1. If 'router-outlet' is an Angular component, then verify that it is part of this module.
	2. If 'router-outlet' is a Web Component then add 'CUSTOM_ELEMENTS_SCHEMA' to the '@NgModule.schemas' of this component to suppress this message. ("
		<div class="row">
			<div class="col-md-1"></div>
			[ERROR ->]<router-outlet></router-outlet>
			<div class="col-md-1"></div>
		</div>
	"): ng:///DynamicTestModule/AppComponent.html@4:2
	Error: Template parse errors:
	    at syntaxError node_modules/@angular/compiler/esm5/compiler.js:486:22)
	    at TemplateParser.push../node_modules/@angular/compiler/esm5/compiler.js.TemplateParser.parse node_modules/@angular/compiler/esm5/compiler.js:24674:1)
	    at JitCompiler.push../node_modules/@angular/compiler/esm5/compiler.js.JitCompiler._parseTemplate node_modules/@angular/compiler/esm5/compiler.js:34629:1)
	    at JitCompiler.push../node_modules/@angular/compiler/esm5/compiler.js.JitCompiler._compileTemplate node_modules/@angular/compiler/esm5/compiler.js:34604:1)
	    at http://localhost:18763/_karma_webpack_/webpack:/node_modules/@angular/compiler/esm5/compiler.js:34505:48
	    at Set.forEach (<anonymous>)
	    at JitCompiler.push../node_modules/@angular/compiler/esm5/compiler.js.JitCompiler._compileComponents node_modules/@angular/compiler/esm5/compiler.js:34505:1)
	    at http://localhost:18763/_karma_webpack_/webpack:/node_modules/@angular/compiler/esm5/compiler.js:34393:1
	    at Object.then node_modules/@angular/compiler/esm5/compiler.js:475:33)
	    at JitCompiler.push../node_modules/@angular/compiler/esm5/compiler.js.JitCompiler._compileModuleAndAllComponents node_modules/@angular/compiler/esm5/compiler.js:34391:1)
[1A[2KChrome 67.0.3396 (Mac OS X 10.13.3) AppComponent should render title in a h1 tag FAILED
	'topnav' is not a known element:
	1. If 'topnav' is an Angular component, then verify that it is part of this module.
	2. To allow any element add 'NO_ERRORS_SCHEMA' to the '@NgModule.schemas' of this component. ("[ERROR ->]<topnav></topnav>    
	<div class="container">
		<div class="row">
	"): ng:///DynamicTestModule/AppComponent.html@0:0
	'router-outlet' is not a known element:
	1. If 'router-outlet' is an Angular component, then verify that it is part of this module.
	2. If 'router-outlet' is a Web Component then add 'CUSTOM_ELEMENTS_SCHEMA' to the '@NgModule.schemas' of this component to suppress this message. ("
		<div class="row">
			<div class="col-md-1"></div>
			[ERROR ->]<router-outlet></router-outlet>
			<div class="col-md-1"></div>
		</div>
	"): ng:///DynamicTestModule/AppComponent.html@4:2
	Error: Template parse errors:
	    at syntaxError node_modules/@angular/compiler/esm5/compiler.js:486:22)
	    at TemplateParser.push../node_modules/@angular/compiler/esm5/compiler.js.TemplateParser.parse node_modules/@angular/compiler/esm5/compiler.js:24674:1)
	    at JitCompiler.push../node_modules/@angular/compiler/esm5/compiler.js.JitCompiler._parseTemplate node_modules/@angular/compiler/esm5/compiler.js:34629:1)
	    at JitCompiler.push../node_modules/@angular/compiler/esm5/compiler.js.JitCompiler._compileTemplate node_modules/@angular/compiler/esm5/compiler.js:34604:1)
	    at http://localhost:18763/_karma_webpack_/webpack:/node_modules/@angular/compiler/esm5/compiler.js:34505:48
	    at Set.forEach (<anonymous>)
	    at JitCompiler.push../node_modules/@angular/compiler/esm5/compiler.js.JitCompiler._compileComponents node_modules/@angular/compiler/esm5/compiler.js:34505:1)
	    at http://localhost:18763/_karma_webpack_/webpack:/node_modules/@angular/compiler/esm5/compiler.js:34393:1
	    at Object.then node_modules/@angular/compiler/esm5/compiler.js:475:33)
	    at JitCompiler.push../node_modules/@angular/compiler/esm5/compiler.js.JitCompiler._compileModuleAndAllComponents node_modules/@angular/compiler/esm5/compiler.js:34391:1)
	'topnav' is not a known element:
	1. If 'topnav' is an Angular component, then verify that it is part of this module.
	2. To allow any element add 'NO_ERRORS_SCHEMA' to the '@NgModule.schemas' of this component. ("[ERROR ->]<topnav></topnav>    
	<div class="container">
		<div class="row">
	"): ng:///DynamicTestModule/AppComponent.html@0:0
	'router-outlet' is not a known element:
	1. If 'router-outlet' is an Angular component, then verify that it is part of this module.
	2. If 'router-outlet' is a Web Component then add 'CUSTOM_ELEMENTS_SCHEMA' to the '@NgModule.schemas' of this component to suppress this message. ("
		<div class="row">
			<div class="col-md-1"></div>
			[ERROR ->]<router-outlet></router-outlet>
			<div class="col-md-1"></div>
		</div>
	"): ng:///DynamicTestModule/AppComponent.html@4:2
	Error: Template parse errors:
	    at syntaxError node_modules/@angular/compiler/esm5/compiler.js:486:22)
	    at TemplateParser.push../node_modules/@angular/compiler/esm5/compiler.js.TemplateParser.parse node_modules/@angular/compiler/esm5/compiler.js:24674:1)
	    at JitCompiler.push../node_modules/@angular/compiler/esm5/compiler.js.JitCompiler._parseTemplate node_modules/@angular/compiler/esm5/compiler.js:34629:1)
	    at JitCompiler.push../node_modules/@angular/compiler/esm5/compiler.js.JitCompiler._compileTemplate node_modules/@angular/compiler/esm5/compiler.js:34604:1)
	    at http://localhost:18763/_karma_webpack_/webpack:/node_modules/@angular/compiler/esm5/compiler.js:34505:48
	    at Set.forEach (<anonymous>)
	    at JitCompiler.push../node_modules/@angular/compiler/esm5/compiler.js.JitCompiler._compileComponents node_modules/@angular/compiler/esm5/compiler.js:34505:1)
	    at http://localhost:18763/_karma_webpack_/webpack:/node_modules/@angular/compiler/esm5/compiler.js:34393:1
	    at Object.then node_modules/@angular/compiler/esm5/compiler.js:475:33)
	    at JitCompiler.push../node_modules/@angular/compiler/esm5/compiler.js.JitCompiler._compileModuleAndAllComponents node_modules/@angular/compiler/esm5/compiler.js:34391:1)
Chrome 67.0.3396 (Mac OS X 10.13.3): Executed 5 of 14 (4 FAILED) (0 secs / 0.258 secs)
Chrome 67.0.3396 (Mac OS X 10.13.3) AppComponent should render title in a h1 tag FAILED
	'topnav' is not a known element:
	1. If 'topnav' is an Angular component, then verify that it is part of this module.
	2. To allow any element add 'NO_ERRORS_SCHEMA' to the '@NgModule.schemas' of this component. ("[ERROR ->]<topnav></topnav>    
	<div class="container">
		<div class="row">
	"): ng:///DynamicTestModule/AppComponent.html@0:0
	'router-outlet' is not a known element:
	1. If 'router-outlet' is an Angular component, then verify that it is part of this module.
	2. If 'router-outlet' is a Web Component then add 'CUSTOM_ELEMENTS_SCHEMA' to the '@NgModule.schemas' of this component to suppress this message. ("
		<div class="row">
			<div class="col-md-1"></div>
			[ERROR ->]<router-outlet></router-outlet>
			<div class="col-md-1"></div>
		</div>
	"): ng:///DynamicTestModule/AppComponent.html@4:2
	Error: Template parse errors:
	    at syntaxError node_modules/@angular/compiler/esm5/compiler.js:486:22)
	    at TemplateParser.push../node_modules/@angular/compiler/esm5/compiler.js.TemplateParser.parse node_modules/@angular/compiler/esm5/compiler.js:24674:1)
	    at JitCompiler.push../node_modules/@angular/compiler/esm5/compiler.js.JitCompiler._parseTemplate node_modules/@angular/compiler/esm5/compiler.js:34629:1)
	    at JitCompiler.push../node_modules/@angular/compiler/esm5/compiler.js.JitCompiler._compileTemplate node_modules/@angular/compiler/esm5/compiler.js:34604:1)
	    at http://localhost:18763/_karma_webpack_/webpack:/node_modules/@angular/compiler/esm5/compiler.js:34505:48
	    at Set.forEach (<anonymous>)
	    at JitCompiler.push../node_modules/@angular/compiler/esm5/compiler.js.JitCompiler._compileComponents node_modules/@angular/compiler/esm5/compiler.js:34505:1)
	    at http://localhost:18763/_karma_webpack_/webpack:/node_modules/@angular/compiler/esm5/compiler.js:34393:1
	    at Object.then node_modules/@angular/compiler/esm5/compiler.js:475:33)
	    at JitCompiler.push../node_modules/@angular/compiler/esm5/compiler.js.JitCompiler._compileModuleAndAllComponents node_modules/@angular/compiler/esm5/compiler.js:34391:1)
	'topnav' is not a known element:
	1. If 'topnav' is an Angular component, then verify that it is part of this module.
	2. To allow any element add 'NO_ERRORS_SCHEMA' to the '@NgModule.schemas' of this component. ("[ERROR ->]<topnav></topnav>    
	<div class="container">
		<div class="row">
	"): ng:///DynamicTestModule/AppComponent.html@0:0
	'router-outlet' is not a known element:
	1. If 'router-outlet' is an Angular component, then verify that it is part of this module.
	2. If 'router-outlet' is a Web Component then add 'CUSTOM_ELEMENTS_SCHEMA' to the '@NgModule.schemas' of this component to suppress this message. ("
		<div class="row">
			<div class="col-md-1"></div>
			[ERROR ->]<router-outlet></router-outlet>
			<div class="col-md-1"></div>
		</div>
	"): ng:///DynamicTestModule/AppComponent.html@4:2
	Error: Template parse errors:
	    at syntaxError node_modules/@angular/compiler/esm5/compiler.js:486:22)
	    at TemplateParser.push../node_modules/@angular/compiler/esm5/compiler.js.TemplateParser.parse node_modules/@angular/compiler/esm5/compiler.js:24674:1)
	    at JitCompiler.push../node_modules/@angular/compiler/esm5/compiler.js.JitCompiler._parseTemplate node_modules/@angular/compiler/esm5/compiler.js:34629:1)
	    at JitCompiler.push../node_modules/@angular/compiler/esm5/compiler.js.JitCompiler._compileTemplate node_modules/@angular/compiler/esm5/compiler.js:34604:1)
	    at http://localhost:18763/_karma_webpack_/webpack:/node_modules/@angular/compiler/esm5/compiler.js:34505:48
	    at Set.forEach (<anonymous>)
	    at JitCompiler.push../node_modules/@angular/compiler/esm5/compiler.js.JitCompiler._compileComponents node_modules/@angular/compiler/esm5/compiler.js:34505:1)
	    at http://localhost:18763/_karma_webpack_/webpack:/node_modules/@angular/compiler/esm5/compiler.js:34393:1
	    at Object.then node_modules/@angular/compiler/esm5/compiler.js:475:33)
	    at JitCompiler.push../node_modules/@angular/compiler/esm5/compiler.js.JitCompiler._compileModuleAndAllComponents node_modules/@angular/compiler/esm5/compiler.js:34391:1)
Chrome 67.0.3396 (Mac OS X 10.13.3) RecentActivitiesComponent should be created FAILED
	Error: StaticInjectorError(DynamicTestModule)[RecentActivitiesComponent -> RecentActivitiesService]: 
	  StaticInjectorError(Platform: core)[RecentActivitiesComponent -> RecentActivitiesService]: 
	    NullInjectorError: No provider for RecentActivitiesService!
	    at _NullInjector.push../node_modules/@angular/core/esm5/core.js._NullInjector.get node_modules/@angular/core/esm5/core.js:1003:1)
	    at resolveToken node_modules/@angular/core/esm5/core.js:1301:1)
	    at tryResolveToken node_modules/@angular/core/esm5/core.js:1243:1)
	    at StaticInjector.push../node_modules/@angular/core/esm5/core.js.StaticInjector.get node_modules/@angular/core/esm5/core.js:1111:1)
	    at resolveToken node_modules/@angular/core/esm5/core.js:1301:1)
	    at tryResolveToken node_modules/@angular/core/esm5/core.js:1243:1)
	    at StaticInjector.push../node_modules/@angular/core/esm5/core.js.StaticInjector.get node_modules/@angular/core/esm5/core.js:1111:1)
	    at resolveNgModuleDep node_modules/@angular/core/esm5/core.js:10896:1)
	    at NgModuleRef_.push../node_modules/@angular/core/esm5/core.js.NgModuleRef_.get node_modules/@angular/core/esm5/core.js:12129:1)
	    at resolveDep node_modules/@angular/core/esm5/core.js:12619:1)
	Expected undefined to be truthy.
	    at Object.<anonymous> src/app/components/recent-activities/recent-activities.component.spec.ts:23:23)
	    at ZoneDelegate../node_modules/zone.js/dist/zone.js.ZoneDelegate.invoke node_modules/zone.js/dist/zone.js:388:1)
	    at ProxyZoneSpec.push../node_modules/zone.js/dist/proxy.js.ProxyZoneSpec.onInvoke node_modules/zone.js/dist/proxy.js:128:1)
	    at ZoneDelegate../node_modules/zone.js/dist/zone.js.ZoneDelegate.invoke node_modules/zone.js/dist/zone.js:387:1)
[1A[2KChrome 67.0.3396 (Mac OS X 10.13.3) RecentActivitiesComponent should be created FAILED
	Error: StaticInjectorError(DynamicTestModule)[RecentActivitiesComponent -> RecentActivitiesService]: 
	  StaticInjectorError(Platform: core)[RecentActivitiesComponent -> RecentActivitiesService]: 
	    NullInjectorError: No provider for RecentActivitiesService!
	    at _NullInjector.push../node_modules/@angular/core/esm5/core.js._NullInjector.get node_modules/@angular/core/esm5/core.js:1003:1)
	    at resolveToken node_modules/@angular/core/esm5/core.js:1301:1)
	    at tryResolveToken node_modules/@angular/core/esm5/core.js:1243:1)
	    at StaticInjector.push../node_modules/@angular/core/esm5/core.js.StaticInjector.get node_modules/@angular/core/esm5/core.js:1111:1)
	    at resolveToken node_modules/@angular/core/esm5/core.js:1301:1)
	    at tryResolveToken node_modules/@angular/core/esm5/core.js:1243:1)
	    at StaticInjector.push../node_modules/@angular/core/esm5/core.js.StaticInjector.get node_modules/@angular/core/esm5/core.js:1111:1)
	    at resolveNgModuleDep node_modules/@angular/core/esm5/core.js:10896:1)
	    at NgModuleRef_.push../node_modules/@angular/core/esm5/core.js.NgModuleRef_.get node_modules/@angular/core/esm5/core.js:12129:1)
	    at resolveDep node_modules/@angular/core/esm5/core.js:12619:1)
	Expected undefined to be truthy.
	    at Object.<anonymous> src/app/components/recent-activities/recent-activities.component.spec.ts:23:23)
	    at ZoneDelegate../node_modules/zone.js/dist/zone.js.ZoneDelegate.invoke node_modules/zone.js/dist/zone.js:388:1)
	    at ProxyZoneSpec.push../node_modules/zone.js/dist/proxy.js.ProxyZoneSpec.onInvoke node_modules/zone.js/dist/proxy.js:128:1)
	    at ZoneDelegate../node_modules/zone.js/dist/zone.js.ZoneDelegate.invoke node_modules/zone.js/dist/zone.js:387:1)
Chrome 67.0.3396 (Mac OS X 10.13.3): Executed 6 of 14 (5 FAILED) (0 secs / 0.282 secs)
Chrome 67.0.3396 (Mac OS X 10.13.3) RecentActivitiesComponent should be created FAILED
	Error: StaticInjectorError(DynamicTestModule)[RecentActivitiesComponent -> RecentActivitiesService]: 
	  StaticInjectorError(Platform: core)[RecentActivitiesComponent -> RecentActivitiesService]: 
	    NullInjectorError: No provider for RecentActivitiesService!
	    at _NullInjector.push../node_modules/@angular/core/esm5/core.js._NullInjector.get node_modules/@angular/core/esm5/core.js:1003:1)
	    at resolveToken node_modules/@angular/core/esm5/core.js:1301:1)
	    at tryResolveToken node_modules/@angular/core/esm5/core.js:1243:1)
	    at StaticInjector.push../node_modules/@angular/core/esm5/core.js.StaticInjector.get node_modules/@angular/core/esm5/core.js:1111:1)
	    at resolveToken node_modules/@angular/core/esm5/core.js:1301:1)
	    at tryResolveToken node_modules/@angular/core/esm5/core.js:1243:1)
	    at StaticInjector.push../node_modules/@angular/core/esm5/core.js.StaticInjector.get node_modules/@angular/core/esm5/core.js:1111:1)
	    at resolveNgModuleDep node_modules/@angular/core/esm5/core.js:10896:1)
	    at NgModuleRef_.push../node_modules/@angular/core/esm5/core.js.NgModuleRef_.get node_modules/@angular/core/esm5/core.js:12129:1)
	    at resolveDep node_modules/@angular/core/esm5/core.js:12619:1)
	Expected undefined to be truthy.
	    at Object.<anonymous> src/app/components/recent-activities/recent-activities.component.spec.ts:23:23)
	    at ZoneDelegate../node_modules/zone.js/dist/zone.js.ZoneDelegate.invoke node_modules/zone.js/dist/zone.js:388:1)
	    at ProxyZoneSpec.push../node_modules/zone.js/dist/proxy.js.ProxyZoneSpec.onInvoke node_modules/zone.js/dist/proxy.js:128:1)
	    at ZoneDelegate../node_modules/zone.js/dist/zone.js.ZoneDelegate.invoke node_modules/zone.js/dist/zone.js:387:1)
Chrome 67.0.3396 (Mac OS X 10.13.3) TimerComponent should be created FAILED
	Error: StaticInjectorError(DynamicTestModule)[TimerComponent -> RecentActivitiesService]: 
	  StaticInjectorError(Platform: core)[TimerComponent -> RecentActivitiesService]: 
	    NullInjectorError: No provider for RecentActivitiesService!
	    at _NullInjector.push../node_modules/@angular/core/esm5/core.js._NullInjector.get node_modules/@angular/core/esm5/core.js:1003:1)
	    at resolveToken node_modules/@angular/core/esm5/core.js:1301:1)
	    at tryResolveToken node_modules/@angular/core/esm5/core.js:1243:1)
	    at StaticInjector.push../node_modules/@angular/core/esm5/core.js.StaticInjector.get node_modules/@angular/core/esm5/core.js:1111:1)
	    at resolveToken node_modules/@angular/core/esm5/core.js:1301:1)
	    at tryResolveToken node_modules/@angular/core/esm5/core.js:1243:1)
	    at StaticInjector.push../node_modules/@angular/core/esm5/core.js.StaticInjector.get node_modules/@angular/core/esm5/core.js:1111:1)
	    at resolveNgModuleDep node_modules/@angular/core/esm5/core.js:10896:1)
	    at NgModuleRef_.push../node_modules/@angular/core/esm5/core.js.NgModuleRef_.get node_modules/@angular/core/esm5/core.js:12129:1)
	    at resolveDep node_modules/@angular/core/esm5/core.js:12619:1)
	Expected undefined to be truthy.
	    at Object.<anonymous> src/app/components/timer/timer.component.spec.ts:23:23)
	    at ZoneDelegate../node_modules/zone.js/dist/zone.js.ZoneDelegate.invoke node_modules/zone.js/dist/zone.js:388:1)
	    at ProxyZoneSpec.push../node_modules/zone.js/dist/proxy.js.ProxyZoneSpec.onInvoke node_modules/zone.js/dist/proxy.js:128:1)
	    at ZoneDelegate../node_modules/zone.js/dist/zone.js.ZoneDelegate.invoke node_modules/zone.js/dist/zone.js:387:1)
[1A[2KChrome 67.0.3396 (Mac OS X 10.13.3) TimerComponent should be created FAILED
	Error: StaticInjectorError(DynamicTestModule)[TimerComponent -> RecentActivitiesService]: 
	  StaticInjectorError(Platform: core)[TimerComponent -> RecentActivitiesService]: 
	    NullInjectorError: No provider for RecentActivitiesService!
	    at _NullInjector.push../node_modules/@angular/core/esm5/core.js._NullInjector.get node_modules/@angular/core/esm5/core.js:1003:1)
	    at resolveToken node_modules/@angular/core/esm5/core.js:1301:1)
	    at tryResolveToken node_modules/@angular/core/esm5/core.js:1243:1)
	    at StaticInjector.push../node_modules/@angular/core/esm5/core.js.StaticInjector.get node_modules/@angular/core/esm5/core.js:1111:1)
	    at resolveToken node_modules/@angular/core/esm5/core.js:1301:1)
	    at tryResolveToken node_modules/@angular/core/esm5/core.js:1243:1)
	    at StaticInjector.push../node_modules/@angular/core/esm5/core.js.StaticInjector.get node_modules/@angular/core/esm5/core.js:1111:1)
	    at resolveNgModuleDep node_modules/@angular/core/esm5/core.js:10896:1)
	    at NgModuleRef_.push../node_modules/@angular/core/esm5/core.js.NgModuleRef_.get node_modules/@angular/core/esm5/core.js:12129:1)
	    at resolveDep node_modules/@angular/core/esm5/core.js:12619:1)
	Expected undefined to be truthy.
	    at Object.<anonymous> src/app/components/timer/timer.component.spec.ts:23:23)
	    at ZoneDelegate../node_modules/zone.js/dist/zone.js.ZoneDelegate.invoke node_modules/zone.js/dist/zone.js:388:1)
	    at ProxyZoneSpec.push../node_modules/zone.js/dist/proxy.js.ProxyZoneSpec.onInvoke node_modules/zone.js/dist/proxy.js:128:1)
	    at ZoneDelegate../node_modules/zone.js/dist/zone.js.ZoneDelegate.invoke node_modules/zone.js/dist/zone.js:387:1)
Chrome 67.0.3396 (Mac OS X 10.13.3): Executed 7 of 14 (6 FAILED) (0 secs / 0.297 secs)
Chrome 67.0.3396 (Mac OS X 10.13.3) TimerComponent should be created FAILED
	Error: StaticInjectorError(DynamicTestModule)[TimerComponent -> RecentActivitiesService]: 
	  StaticInjectorError(Platform: core)[TimerComponent -> RecentActivitiesService]: 
	    NullInjectorError: No provider for RecentActivitiesService!
	    at _NullInjector.push../node_modules/@angular/core/esm5/core.js._NullInjector.get node_modules/@angular/core/esm5/core.js:1003:1)
	    at resolveToken node_modules/@angular/core/esm5/core.js:1301:1)
	    at tryResolveToken node_modules/@angular/core/esm5/core.js:1243:1)
	    at StaticInjector.push../node_modules/@angular/core/esm5/core.js.StaticInjector.get node_modules/@angular/core/esm5/core.js:1111:1)
	    at resolveToken node_modules/@angular/core/esm5/core.js:1301:1)
	    at tryResolveToken node_modules/@angular/core/esm5/core.js:1243:1)
	    at StaticInjector.push../node_modules/@angular/core/esm5/core.js.StaticInjector.get node_modules/@angular/core/esm5/core.js:1111:1)
	    at resolveNgModuleDep node_modules/@angular/core/esm5/core.js:10896:1)
	    at NgModuleRef_.push../node_modules/@angular/core/esm5/core.js.NgModuleRef_.get node_modules/@angular/core/esm5/core.js:12129:1)
	    at resolveDep node_modules/@angular/core/esm5/core.js:12619:1)
	Expected undefined to be truthy.
	    at Object.<anonymous> src/app/components/timer/timer.component.spec.ts:23:23)
	    at ZoneDelegate../node_modules/zone.js/dist/zone.js.ZoneDelegate.invoke node_modules/zone.js/dist/zone.js:388:1)
	    at ProxyZoneSpec.push../node_modules/zone.js/dist/proxy.js.ProxyZoneSpec.onInvoke node_modules/zone.js/dist/proxy.js:128:1)
	    at ZoneDelegate../node_modules/zone.js/dist/zone.js.ZoneDelegate.invoke node_modules/zone.js/dist/zone.js:387:1)
Chrome 67.0.3396 (Mac OS X 10.13.3) TopnavComponent should be created FAILED
	Can't bind to 'collapse' since it isn't a known property of 'div'. ("ef="#">Activity Tracker</a>
			</div>
			<div id="navbar-collapse-1" class="collapse navbar-collapse" [ERROR ->][collapse]="isCollapsed">
				<ul class="nav navbar-nav">
					<li class="active">
	"): ng:///DynamicTestModule/TopnavComponent.html@14:63
	Error: Template parse errors:
	    at syntaxError node_modules/@angular/compiler/esm5/compiler.js:486:22)
	    at TemplateParser.push../node_modules/@angular/compiler/esm5/compiler.js.TemplateParser.parse node_modules/@angular/compiler/esm5/compiler.js:24674:1)
	    at JitCompiler.push../node_modules/@angular/compiler/esm5/compiler.js.JitCompiler._parseTemplate node_modules/@angular/compiler/esm5/compiler.js:34629:1)
	    at JitCompiler.push../node_modules/@angular/compiler/esm5/compiler.js.JitCompiler._compileTemplate node_modules/@angular/compiler/esm5/compiler.js:34604:1)
	    at http://localhost:18763/_karma_webpack_/webpack:/node_modules/@angular/compiler/esm5/compiler.js:34505:48
	    at Set.forEach (<anonymous>)
	    at JitCompiler.push../node_modules/@angular/compiler/esm5/compiler.js.JitCompiler._compileComponents node_modules/@angular/compiler/esm5/compiler.js:34505:1)
	    at http://localhost:18763/_karma_webpack_/webpack:/node_modules/@angular/compiler/esm5/compiler.js:34393:1
	    at Object.then node_modules/@angular/compiler/esm5/compiler.js:475:33)
	    at JitCompiler.push../node_modules/@angular/compiler/esm5/compiler.js.JitCompiler._compileModuleAndAllComponents node_modules/@angular/compiler/esm5/compiler.js:34391:1)
	Error: Template parse errors:
	Can't bind to 'collapse' since it isn't a known property of 'div'. ("ef="#">Activity Tracker</a>
			</div>
			<div id="navbar-collapse-1" class="collapse navbar-collapse" [ERROR ->][collapse]="isCollapsed">
				<ul class="nav navbar-nav">
					<li class="active">
	"): ng:///DynamicTestModule/TopnavComponent.html@14:63
	    at syntaxError node_modules/@angular/compiler/esm5/compiler.js:486:22)
	    at TemplateParser.push../node_modules/@angular/compiler/esm5/compiler.js.TemplateParser.parse node_modules/@angular/compiler/esm5/compiler.js:24674:1)
	    at JitCompiler.push../node_modules/@angular/compiler/esm5/compiler.js.JitCompiler._parseTemplate node_modules/@angular/compiler/esm5/compiler.js:34629:1)
	    at JitCompiler.push../node_modules/@angular/compiler/esm5/compiler.js.JitCompiler._compileTemplate node_modules/@angular/compiler/esm5/compiler.js:34604:1)
	    at http://localhost:18763/_karma_webpack_/webpack:/node_modules/@angular/compiler/esm5/compiler.js:34505:48
	    at Set.forEach (<anonymous>)
	    at JitCompiler.push../node_modules/@angular/compiler/esm5/compiler.js.JitCompiler._compileComponents node_modules/@angular/compiler/esm5/compiler.js:34505:1)
	    at http://localhost:18763/_karma_webpack_/webpack:/node_modules/@angular/compiler/esm5/compiler.js:34393:1
	    at Object.then node_modules/@angular/compiler/esm5/compiler.js:475:33)
	    at JitCompiler.push../node_modules/@angular/compiler/esm5/compiler.js.JitCompiler._compileModuleAndAllComponents node_modules/@angular/compiler/esm5/compiler.js:34391:1)
	Expected undefined to be truthy.
	    at Object.<anonymous> src/app/components/topnav/topnav.component.spec.ts:23:23)
	    at ZoneDelegate../node_modules/zone.js/dist/zone.js.ZoneDelegate.invoke node_modules/zone.js/dist/zone.js:388:1)
	    at ProxyZoneSpec.push../node_modules/zone.js/dist/proxy.js.ProxyZoneSpec.onInvoke node_modules/zone.js/dist/proxy.js:128:1)
	    at ZoneDelegate../node_modules/zone.js/dist/zone.js.ZoneDelegate.invoke node_modules/zone.js/dist/zone.js:387:1)
[1A[2KChrome 67.0.3396 (Mac OS X 10.13.3) TopnavComponent should be created FAILED
	Can't bind to 'collapse' since it isn't a known property of 'div'. ("ef="#">Activity Tracker</a>
			</div>
			<div id="navbar-collapse-1" class="collapse navbar-collapse" [ERROR ->][collapse]="isCollapsed">
				<ul class="nav navbar-nav">
					<li class="active">
	"): ng:///DynamicTestModule/TopnavComponent.html@14:63
	Error: Template parse errors:
	    at syntaxError node_modules/@angular/compiler/esm5/compiler.js:486:22)
	    at TemplateParser.push../node_modules/@angular/compiler/esm5/compiler.js.TemplateParser.parse node_modules/@angular/compiler/esm5/compiler.js:24674:1)
	    at JitCompiler.push../node_modules/@angular/compiler/esm5/compiler.js.JitCompiler._parseTemplate node_modules/@angular/compiler/esm5/compiler.js:34629:1)
	    at JitCompiler.push../node_modules/@angular/compiler/esm5/compiler.js.JitCompiler._compileTemplate node_modules/@angular/compiler/esm5/compiler.js:34604:1)
	    at http://localhost:18763/_karma_webpack_/webpack:/node_modules/@angular/compiler/esm5/compiler.js:34505:48
	    at Set.forEach (<anonymous>)
	    at JitCompiler.push../node_modules/@angular/compiler/esm5/compiler.js.JitCompiler._compileComponents node_modules/@angular/compiler/esm5/compiler.js:34505:1)
	    at http://localhost:18763/_karma_webpack_/webpack:/node_modules/@angular/compiler/esm5/compiler.js:34393:1
	    at Object.then node_modules/@angular/compiler/esm5/compiler.js:475:33)
	    at JitCompiler.push../node_modules/@angular/compiler/esm5/compiler.js.JitCompiler._compileModuleAndAllComponents node_modules/@angular/compiler/esm5/compiler.js:34391:1)
	Error: Template parse errors:
	Can't bind to 'collapse' since it isn't a known property of 'div'. ("ef="#">Activity Tracker</a>
			</div>
			<div id="navbar-collapse-1" class="collapse navbar-collapse" [ERROR ->][collapse]="isCollapsed">
				<ul class="nav navbar-nav">
					<li class="active">
	"): ng:///DynamicTestModule/TopnavComponent.html@14:63
	    at syntaxError node_modules/@angular/compiler/esm5/compiler.js:486:22)
	    at TemplateParser.push../node_modules/@angular/compiler/esm5/compiler.js.TemplateParser.parse node_modules/@angular/compiler/esm5/compiler.js:24674:1)
	    at JitCompiler.push../node_modules/@angular/compiler/esm5/compiler.js.JitCompiler._parseTemplate node_modules/@angular/compiler/esm5/compiler.js:34629:1)
	    at JitCompiler.push../node_modules/@angular/compiler/esm5/compiler.js.JitCompiler._compileTemplate node_modules/@angular/compiler/esm5/compiler.js:34604:1)
	    at http://localhost:18763/_karma_webpack_/webpack:/node_modules/@angular/compiler/esm5/compiler.js:34505:48
	    at Set.forEach (<anonymous>)
	    at JitCompiler.push../node_modules/@angular/compiler/esm5/compiler.js.JitCompiler._compileComponents node_modules/@angular/compiler/esm5/compiler.js:34505:1)
	    at http://localhost:18763/_karma_webpack_/webpack:/node_modules/@angular/compiler/esm5/compiler.js:34393:1
	    at Object.then node_modules/@angular/compiler/esm5/compiler.js:475:33)
	    at JitCompiler.push../node_modules/@angular/compiler/esm5/compiler.js.JitCompiler._compileModuleAndAllComponents node_modules/@angular/compiler/esm5/compiler.js:34391:1)
	Expected undefined to be truthy.
	    at Object.<anonymous> src/app/components/topnav/topnav.component.spec.ts:23:23)
	    at ZoneDelegate../node_modules/zone.js/dist/zone.js.ZoneDelegate.invoke node_modules/zone.js/dist/zone.js:388:1)
	    at ProxyZoneSpec.push../node_modules/zone.js/dist/proxy.js.ProxyZoneSpec.onInvoke node_modules/zone.js/dist/proxy.js:128:1)
	    at ZoneDelegate../node_modules/zone.js/dist/zone.js.ZoneDelegate.invoke node_modules/zone.js/dist/zone.js:387:1)
Chrome 67.0.3396 (Mac OS X 10.13.3): Executed 8 of 14 (7 FAILED) (0 secs / 0.313 secs)
Chrome 67.0.3396 (Mac OS X 10.13.3) TopnavComponent should be created FAILED
	Can't bind to 'collapse' since it isn't a known property of 'div'. ("ef="#">Activity Tracker</a>
			</div>
			<div id="navbar-collapse-1" class="collapse navbar-collapse" [ERROR ->][collapse]="isCollapsed">
				<ul class="nav navbar-nav">
					<li class="active">
	"): ng:///DynamicTestModule/TopnavComponent.html@14:63
	Error: Template parse errors:
	    at syntaxError node_modules/@angular/compiler/esm5/compiler.js:486:22)
	    at TemplateParser.push../node_modules/@angular/compiler/esm5/compiler.js.TemplateParser.parse node_modules/@angular/compiler/esm5/compiler.js:24674:1)
	    at JitCompiler.push../node_modules/@angular/compiler/esm5/compiler.js.JitCompiler._parseTemplate node_modules/@angular/compiler/esm5/compiler.js:34629:1)
	    at JitCompiler.push../node_modules/@angular/compiler/esm5/compiler.js.JitCompiler._compileTemplate node_modules/@angular/compiler/esm5/compiler.js:34604:1)
	    at http://localhost:18763/_karma_webpack_/webpack:/node_modules/@angular/compiler/esm5/compiler.js:34505:48
	    at Set.forEach (<anonymous>)
	    at JitCompiler.push../node_modules/@angular/compiler/esm5/compiler.js.JitCompiler._compileComponents node_modules/@angular/compiler/esm5/compiler.js:34505:1)
	    at http://localhost:18763/_karma_webpack_/webpack:/node_modules/@angular/compiler/esm5/compiler.js:34393:1
	    at Object.then node_modules/@angular/compiler/esm5/compiler.js:475:33)
	    at JitCompiler.push../node_modules/@angular/compiler/esm5/compiler.js.JitCompiler._compileModuleAndAllComponents node_modules/@angular/compiler/esm5/compiler.js:34391:1)
	Error: Template parse errors:
	Can't bind to 'collapse' since it isn't a known property of 'div'. ("ef="#">Activity Tracker</a>
			</div>
			<div id="navbar-collapse-1" class="collapse navbar-collapse" [ERROR ->][collapse]="isCollapsed">
				<ul class="nav navbar-nav">
					<li class="active">
	"): ng:///DynamicTestModule/TopnavComponent.html@14:63
	    at syntaxError node_modules/@angular/compiler/esm5/compiler.js:486:22)
	    at TemplateParser.push../node_modules/@angular/compiler/esm5/compiler.js.TemplateParser.parse node_modules/@angular/compiler/esm5/compiler.js:24674:1)
	    at JitCompiler.push../node_modules/@angular/compiler/esm5/compiler.js.JitCompiler._parseTemplate node_modules/@angular/compiler/esm5/compiler.js:34629:1)
	    at JitCompiler.push../node_modules/@angular/compiler/esm5/compiler.js.JitCompiler._compileTemplate node_modules/@angular/compiler/esm5/compiler.js:34604:1)
	    at http://localhost:18763/_karma_webpack_/webpack:/node_modules/@angular/compiler/esm5/compiler.js:34505:48
	    at Set.forEach (<anonymous>)
	    at JitCompiler.push../node_modules/@angular/compiler/esm5/compiler.js.JitCompiler._compileComponents node_modules/@angular/compiler/esm5/compiler.js:34505:1)
	    at http://localhost:18763/_karma_webpack_/webpack:/node_modules/@angular/compiler/esm5/compiler.js:34393:1
	    at Object.then node_modules/@angular/compiler/esm5/compiler.js:475:33)
	    at JitCompiler.push../node_modules/@angular/compiler/esm5/compiler.js.JitCompiler._compileModuleAndAllComponents node_modules/@angular/compiler/esm5/compiler.js:34391:1)
	Expected undefined to be truthy.
	    at Object.<anonymous> src/app/components/topnav/topnav.component.spec.ts:23:23)
	    at ZoneDelegate../node_modules/zone.js/dist/zone.js.ZoneDelegate.invoke node_modules/zone.js/dist/zone.js:388:1)
	    at ProxyZoneSpec.push../node_modules/zone.js/dist/proxy.js.ProxyZoneSpec.onInvoke node_modules/zone.js/dist/proxy.js:128:1)
	    at ZoneDelegate../node_modules/zone.js/dist/zone.js.ZoneDelegate.invoke node_modules/zone.js/dist/zone.js:387:1)
Chrome 67.0.3396 (Mac OS X 10.13.3) TrackerComponent should be created FAILED
	'activity-selector' is not a known element:
	1. If 'activity-selector' is an Angular component, then verify that it is part of this module.
	2. If 'activity-selector' is a Web Component then add 'CUSTOM_ELEMENTS_SCHEMA' to the '@NgModule.schemas' of this component to suppress this message. ("
	  <div class="row">
	    <div class="col-md-12">
	      [ERROR ->]<activity-selector>
	      </activity-selector>
	    </div>
	"): ng:///DynamicTestModule/TrackerComponent.html@3:6
	'timer' is not a known element:
	1. If 'timer' is an Angular component, then verify that it is part of this module.
	2. To allow any element add 'NO_ERRORS_SCHEMA' to the '@NgModule.schemas' of this component. ("
	  <div class="row">
	    <div class="col-md-12">
	      [ERROR ->]<timer class="text-center" (onTimerStopped)="onTimerStopped($event)"></timer>
	    </div>
	  </div>
	"): ng:///DynamicTestModule/TrackerComponent.html@9:6
	'recent-activities' is not a known element:
	1. If 'recent-activities' is an Angular component, then verify that it is part of this module.
	2. If 'recent-activities' is a Web Component then add 'CUSTOM_ELEMENTS_SCHEMA' to the '@NgModule.schemas' of this component to suppress this message. ("
	</main>
	<aside class="col-md-3">
	  [ERROR ->]<recent-activities></recent-activities>
	</aside>
	"): ng:///DynamicTestModule/TrackerComponent.html@14:2
	Error: Template parse errors:
	    at syntaxError node_modules/@angular/compiler/esm5/compiler.js:486:22)
	    at TemplateParser.push../node_modules/@angular/compiler/esm5/compiler.js.TemplateParser.parse node_modules/@angular/compiler/esm5/compiler.js:24674:1)
	    at JitCompiler.push../node_modules/@angular/compiler/esm5/compiler.js.JitCompiler._parseTemplate node_modules/@angular/compiler/esm5/compiler.js:34629:1)
	    at JitCompiler.push../node_modules/@angular/compiler/esm5/compiler.js.JitCompiler._compileTemplate node_modules/@angular/compiler/esm5/compiler.js:34604:1)
	    at http://localhost:18763/_karma_webpack_/webpack:/node_modules/@angular/compiler/esm5/compiler.js:34505:48
	    at Set.forEach (<anonymous>)
	    at JitCompiler.push../node_modules/@angular/compiler/esm5/compiler.js.JitCompiler._compileComponents node_modules/@angular/compiler/esm5/compiler.js:34505:1)
	    at http://localhost:18763/_karma_webpack_/webpack:/node_modules/@angular/compiler/esm5/compiler.js:34393:1
	    at Object.then node_modules/@angular/compiler/esm5/compiler.js:475:33)
	    at JitCompiler.push../node_modules/@angular/compiler/esm5/compiler.js.JitCompiler._compileModuleAndAllComponents node_modules/@angular/compiler/esm5/compiler.js:34391:1)
	Error: Template parse errors:
	'activity-selector' is not a known element:
	1. If 'activity-selector' is an Angular component, then verify that it is part of this module.
	2. If 'activity-selector' is a Web Component then add 'CUSTOM_ELEMENTS_SCHEMA' to the '@NgModule.schemas' of this component to suppress this message. ("
	  <div class="row">
	    <div class="col-md-12">
	      [ERROR ->]<activity-selector>
	      </activity-selector>
	    </div>
	"): ng:///DynamicTestModule/TrackerComponent.html@3:6
	'timer' is not a known element:
	1. If 'timer' is an Angular component, then verify that it is part of this module.
	2. To allow any element add 'NO_ERRORS_SCHEMA' to the '@NgModule.schemas' of this component. ("
	  <div class="row">
	    <div class="col-md-12">
	      [ERROR ->]<timer class="text-center" (onTimerStopped)="onTimerStopped($event)"></timer>
	    </div>
	  </div>
	"): ng:///DynamicTestModule/TrackerComponent.html@9:6
	'recent-activities' is not a known element:
	1. If 'recent-activities' is an Angular component, then verify that it is part of this module.
	2. If 'recent-activities' is a Web Component then add 'CUSTOM_ELEMENTS_SCHEMA' to the '@NgModule.schemas' of this component to suppress this message. ("
	</main>
	<aside class="col-md-3">
	  [ERROR ->]<recent-activities></recent-activities>
	</aside>
	"): ng:///DynamicTestModule/TrackerComponent.html@14:2
	    at syntaxError node_modules/@angular/compiler/esm5/compiler.js:486:22)
	    at TemplateParser.push../node_modules/@angular/compiler/esm5/compiler.js.TemplateParser.parse node_modules/@angular/compiler/esm5/compiler.js:24674:1)
	    at JitCompiler.push../node_modules/@angular/compiler/esm5/compiler.js.JitCompiler._parseTemplate node_modules/@angular/compiler/esm5/compiler.js:34629:1)
	    at JitCompiler.push../node_modules/@angular/compiler/esm5/compiler.js.JitCompiler._compileTemplate node_modules/@angular/compiler/esm5/compiler.js:34604:1)
	    at http://localhost:18763/_karma_webpack_/webpack:/node_modules/@angular/compiler/esm5/compiler.js:34505:48
	    at Set.forEach (<anonymous>)
	    at JitCompiler.push../node_modules/@angular/compiler/esm5/compiler.js.JitCompiler._compileComponents node_modules/@angular/compiler/esm5/compiler.js:34505:1)
	    at http://localhost:18763/_karma_webpack_/webpack:/node_modules/@angular/compiler/esm5/compiler.js:34393:1
	    at Object.then node_modules/@angular/compiler/esm5/compiler.js:475:33)
	    at JitCompiler.push../node_modules/@angular/compiler/esm5/compiler.js.JitCompiler._compileModuleAndAllComponents node_modules/@angular/compiler/esm5/compiler.js:34391:1)
	Expected undefined to be truthy.
	    at Object.<anonymous> src/app/components/tracker/tracker.component.spec.ts:23:23)
	    at ZoneDelegate../node_modules/zone.js/dist/zone.js.ZoneDelegate.invoke node_modules/zone.js/dist/zone.js:388:1)
	    at ProxyZoneSpec.push../node_modules/zone.js/dist/proxy.js.ProxyZoneSpec.onInvoke node_modules/zone.js/dist/proxy.js:128:1)
	    at ZoneDelegate../node_modules/zone.js/dist/zone.js.ZoneDelegate.invoke node_modules/zone.js/dist/zone.js:387:1)
[1A[2KChrome 67.0.3396 (Mac OS X 10.13.3) TrackerComponent should be created FAILED
	'activity-selector' is not a known element:
	1. If 'activity-selector' is an Angular component, then verify that it is part of this module.
	2. If 'activity-selector' is a Web Component then add 'CUSTOM_ELEMENTS_SCHEMA' to the '@NgModule.schemas' of this component to suppress this message. ("
	  <div class="row">
	    <div class="col-md-12">
	      [ERROR ->]<activity-selector>
	      </activity-selector>
	    </div>
	"): ng:///DynamicTestModule/TrackerComponent.html@3:6
	'timer' is not a known element:
	1. If 'timer' is an Angular component, then verify that it is part of this module.
	2. To allow any element add 'NO_ERRORS_SCHEMA' to the '@NgModule.schemas' of this component. ("
	  <div class="row">
	    <div class="col-md-12">
	      [ERROR ->]<timer class="text-center" (onTimerStopped)="onTimerStopped($event)"></timer>
	    </div>
	  </div>
	"): ng:///DynamicTestModule/TrackerComponent.html@9:6
	'recent-activities' is not a known element:
	1. If 'recent-activities' is an Angular component, then verify that it is part of this module.
	2. If 'recent-activities' is a Web Component then add 'CUSTOM_ELEMENTS_SCHEMA' to the '@NgModule.schemas' of this component to suppress this message. ("
	</main>
	<aside class="col-md-3">
	  [ERROR ->]<recent-activities></recent-activities>
	</aside>
	"): ng:///DynamicTestModule/TrackerComponent.html@14:2
	Error: Template parse errors:
	    at syntaxError node_modules/@angular/compiler/esm5/compiler.js:486:22)
	    at TemplateParser.push../node_modules/@angular/compiler/esm5/compiler.js.TemplateParser.parse node_modules/@angular/compiler/esm5/compiler.js:24674:1)
	    at JitCompiler.push../node_modules/@angular/compiler/esm5/compiler.js.JitCompiler._parseTemplate node_modules/@angular/compiler/esm5/compiler.js:34629:1)
	    at JitCompiler.push../node_modules/@angular/compiler/esm5/compiler.js.JitCompiler._compileTemplate node_modules/@angular/compiler/esm5/compiler.js:34604:1)
	    at http://localhost:18763/_karma_webpack_/webpack:/node_modules/@angular/compiler/esm5/compiler.js:34505:48
	    at Set.forEach (<anonymous>)
	    at JitCompiler.push../node_modules/@angular/compiler/esm5/compiler.js.JitCompiler._compileComponents node_modules/@angular/compiler/esm5/compiler.js:34505:1)
	    at http://localhost:18763/_karma_webpack_/webpack:/node_modules/@angular/compiler/esm5/compiler.js:34393:1
	    at Object.then node_modules/@angular/compiler/esm5/compiler.js:475:33)
	    at JitCompiler.push../node_modules/@angular/compiler/esm5/compiler.js.JitCompiler._compileModuleAndAllComponents node_modules/@angular/compiler/esm5/compiler.js:34391:1)
	Error: Template parse errors:
	'activity-selector' is not a known element:
	1. If 'activity-selector' is an Angular component, then verify that it is part of this module.
	2. If 'activity-selector' is a Web Component then add 'CUSTOM_ELEMENTS_SCHEMA' to the '@NgModule.schemas' of this component to suppress this message. ("
	  <div class="row">
	    <div class="col-md-12">
	      [ERROR ->]<activity-selector>
	      </activity-selector>
	    </div>
	"): ng:///DynamicTestModule/TrackerComponent.html@3:6
	'timer' is not a known element:
	1. If 'timer' is an Angular component, then verify that it is part of this module.
	2. To allow any element add 'NO_ERRORS_SCHEMA' to the '@NgModule.schemas' of this component. ("
	  <div class="row">
	    <div class="col-md-12">
	      [ERROR ->]<timer class="text-center" (onTimerStopped)="onTimerStopped($event)"></timer>
	    </div>
	  </div>
	"): ng:///DynamicTestModule/TrackerComponent.html@9:6
	'recent-activities' is not a known element:
	1. If 'recent-activities' is an Angular component, then verify that it is part of this module.
	2. If 'recent-activities' is a Web Component then add 'CUSTOM_ELEMENTS_SCHEMA' to the '@NgModule.schemas' of this component to suppress this message. ("
	</main>
	<aside class="col-md-3">
	  [ERROR ->]<recent-activities></recent-activities>
	</aside>
	"): ng:///DynamicTestModule/TrackerComponent.html@14:2
	    at syntaxError node_modules/@angular/compiler/esm5/compiler.js:486:22)
	    at TemplateParser.push../node_modules/@angular/compiler/esm5/compiler.js.TemplateParser.parse node_modules/@angular/compiler/esm5/compiler.js:24674:1)
	    at JitCompiler.push../node_modules/@angular/compiler/esm5/compiler.js.JitCompiler._parseTemplate node_modules/@angular/compiler/esm5/compiler.js:34629:1)
	    at JitCompiler.push../node_modules/@angular/compiler/esm5/compiler.js.JitCompiler._compileTemplate node_modules/@angular/compiler/esm5/compiler.js:34604:1)
	    at http://localhost:18763/_karma_webpack_/webpack:/node_modules/@angular/compiler/esm5/compiler.js:34505:48
	    at Set.forEach (<anonymous>)
	    at JitCompiler.push../node_modules/@angular/compiler/esm5/compiler.js.JitCompiler._compileComponents node_modules/@angular/compiler/esm5/compiler.js:34505:1)
	    at http://localhost:18763/_karma_webpack_/webpack:/node_modules/@angular/compiler/esm5/compiler.js:34393:1
	    at Object.then node_modules/@angular/compiler/esm5/compiler.js:475:33)
	    at JitCompiler.push../node_modules/@angular/compiler/esm5/compiler.js.JitCompiler._compileModuleAndAllComponents node_modules/@angular/compiler/esm5/compiler.js:34391:1)
	Expected undefined to be truthy.
	    at Object.<anonymous> src/app/components/tracker/tracker.component.spec.ts:23:23)
	    at ZoneDelegate../node_modules/zone.js/dist/zone.js.ZoneDelegate.invoke node_modules/zone.js/dist/zone.js:388:1)
	    at ProxyZoneSpec.push../node_modules/zone.js/dist/proxy.js.ProxyZoneSpec.onInvoke node_modules/zone.js/dist/proxy.js:128:1)
	    at ZoneDelegate../node_modules/zone.js/dist/zone.js.ZoneDelegate.invoke node_modules/zone.js/dist/zone.js:387:1)
Chrome 67.0.3396 (Mac OS X 10.13.3): Executed 9 of 14 (8 FAILED) (0 secs / 0.325 secs)
Chrome 67.0.3396 (Mac OS X 10.13.3) TrackerComponent should be created FAILED
	'activity-selector' is not a known element:
	1. If 'activity-selector' is an Angular component, then verify that it is part of this module.
	2. If 'activity-selector' is a Web Component then add 'CUSTOM_ELEMENTS_SCHEMA' to the '@NgModule.schemas' of this component to suppress this message. ("
	  <div class="row">
	    <div class="col-md-12">
	      [ERROR ->]<activity-selector>
	      </activity-selector>
	    </div>
	"): ng:///DynamicTestModule/TrackerComponent.html@3:6
	'timer' is not a known element:
	1. If 'timer' is an Angular component, then verify that it is part of this module.
	2. To allow any element add 'NO_ERRORS_SCHEMA' to the '@NgModule.schemas' of this component. ("
	  <div class="row">
	    <div class="col-md-12">
	      [ERROR ->]<timer class="text-center" (onTimerStopped)="onTimerStopped($event)"></timer>
	    </div>
	  </div>
	"): ng:///DynamicTestModule/TrackerComponent.html@9:6
	'recent-activities' is not a known element:
	1. If 'recent-activities' is an Angular component, then verify that it is part of this module.
	2. If 'recent-activities' is a Web Component then add 'CUSTOM_ELEMENTS_SCHEMA' to the '@NgModule.schemas' of this component to suppress this message. ("
	</main>
	<aside class="col-md-3">
	  [ERROR ->]<recent-activities></recent-activities>
	</aside>
	"): ng:///DynamicTestModule/TrackerComponent.html@14:2
	Error: Template parse errors:
	    at syntaxError node_modules/@angular/compiler/esm5/compiler.js:486:22)
	    at TemplateParser.push../node_modules/@angular/compiler/esm5/compiler.js.TemplateParser.parse node_modules/@angular/compiler/esm5/compiler.js:24674:1)
	    at JitCompiler.push../node_modules/@angular/compiler/esm5/compiler.js.JitCompiler._parseTemplate node_modules/@angular/compiler/esm5/compiler.js:34629:1)
	    at JitCompiler.push../node_modules/@angular/compiler/esm5/compiler.js.JitCompiler._compileTemplate node_modules/@angular/compiler/esm5/compiler.js:34604:1)
	    at http://localhost:18763/_karma_webpack_/webpack:/node_modules/@angular/compiler/esm5/compiler.js:34505:48
	    at Set.forEach (<anonymous>)
	    at JitCompiler.push../node_modules/@angular/compiler/esm5/compiler.js.JitCompiler._compileComponents node_modules/@angular/compiler/esm5/compiler.js:34505:1)
	    at http://localhost:18763/_karma_webpack_/webpack:/node_modules/@angular/compiler/esm5/compiler.js:34393:1
	    at Object.then node_modules/@angular/compiler/esm5/compiler.js:475:33)
	    at JitCompiler.push../node_modules/@angular/compiler/esm5/compiler.js.JitCompiler._compileModuleAndAllComponents node_modules/@angular/compiler/esm5/compiler.js:34391:1)
	Error: Template parse errors:
	'activity-selector' is not a known element:
	1. If 'activity-selector' is an Angular component, then verify that it is part of this module.
	2. If 'activity-selector' is a Web Component then add 'CUSTOM_ELEMENTS_SCHEMA' to the '@NgModule.schemas' of this component to suppress this message. ("
	  <div class="row">
	    <div class="col-md-12">
	      [ERROR ->]<activity-selector>
	      </activity-selector>
	    </div>
	"): ng:///DynamicTestModule/TrackerComponent.html@3:6
	'timer' is not a known element:
	1. If 'timer' is an Angular component, then verify that it is part of this module.
	2. To allow any element add 'NO_ERRORS_SCHEMA' to the '@NgModule.schemas' of this component. ("
	  <div class="row">
	    <div class="col-md-12">
	      [ERROR ->]<timer class="text-center" (onTimerStopped)="onTimerStopped($event)"></timer>
	    </div>
	  </div>
	"): ng:///DynamicTestModule/TrackerComponent.html@9:6
	'recent-activities' is not a known element:
	1. If 'recent-activities' is an Angular component, then verify that it is part of this module.
	2. If 'recent-activities' is a Web Component then add 'CUSTOM_ELEMENTS_SCHEMA' to the '@NgModule.schemas' of this component to suppress this message. ("
	</main>
	<aside class="col-md-3">
	  [ERROR ->]<recent-activities></recent-activities>
	</aside>
	"): ng:///DynamicTestModule/TrackerComponent.html@14:2
	    at syntaxError node_modules/@angular/compiler/esm5/compiler.js:486:22)
	    at TemplateParser.push../node_modules/@angular/compiler/esm5/compiler.js.TemplateParser.parse node_modules/@angular/compiler/esm5/compiler.js:24674:1)
	    at JitCompiler.push../node_modules/@angular/compiler/esm5/compiler.js.JitCompiler._parseTemplate node_modules/@angular/compiler/esm5/compiler.js:34629:1)
	    at JitCompiler.push../node_modules/@angular/compiler/esm5/compiler.js.JitCompiler._compileTemplate node_modules/@angular/compiler/esm5/compiler.js:34604:1)
	    at http://localhost:18763/_karma_webpack_/webpack:/node_modules/@angular/compiler/esm5/compiler.js:34505:48
	    at Set.forEach (<anonymous>)
	    at JitCompiler.push../node_modules/@angular/compiler/esm5/compiler.js.JitCompiler._compileComponents node_modules/@angular/compiler/esm5/compiler.js:34505:1)
	    at http://localhost:18763/_karma_webpack_/webpack:/node_modules/@angular/compiler/esm5/compiler.js:34393:1
	    at Object.then node_modules/@angular/compiler/esm5/compiler.js:475:33)
	    at JitCompiler.push../node_modules/@angular/compiler/esm5/compiler.js.JitCompiler._compileModuleAndAllComponents node_modules/@angular/compiler/esm5/compiler.js:34391:1)
	Expected undefined to be truthy.
	    at Object.<anonymous> src/app/components/tracker/tracker.component.spec.ts:23:23)
	    at ZoneDelegate../node_modules/zone.js/dist/zone.js.ZoneDelegate.invoke node_modules/zone.js/dist/zone.js:388:1)
	    at ProxyZoneSpec.push../node_modules/zone.js/dist/proxy.js.ProxyZoneSpec.onInvoke node_modules/zone.js/dist/proxy.js:128:1)
	    at ZoneDelegate../node_modules/zone.js/dist/zone.js.ZoneDelegate.invoke node_modules/zone.js/dist/zone.js:387:1)
Chrome 67.0.3396 (Mac OS X 10.13.3) UserLoginComponent should create FAILED
	Can't bind to 'ngModel' since it isn't a known property of 'input'. (">
	  <div class="form-group">
	    <input name="username" class="form-control" placeholder="Username" [ERROR ->][(ngModel)]="data.username">
	  </div>
	  <div class="form-group">
	"): ng:///DynamicTestModule/UserLoginComponent.html@2:71
	Can't bind to 'ngModel' since it isn't a known property of 'input'. ("form-group">
	    <input name="password" type="password" placeholder="Password" class="form-control" [ERROR ->][(ngModel)]="data.password">
	  </div>
	  <button class="btn btn-primary center-block" [mat-dialog-clos"): ng:///DynamicTestModule/UserLoginComponent.html@5:87
	Can't bind to 'mat-dialog-close' since it isn't a known property of 'button'. (""form-control" [(ngModel)]="data.password">
	  </div>
	  <button class="btn btn-primary center-block" [ERROR ->][mat-dialog-close]="data">Login</button>
	</form>"): ng:///DynamicTestModule/UserLoginComponent.html@7:47
	Error: Template parse errors:
	    at syntaxError node_modules/@angular/compiler/esm5/compiler.js:486:22)
	    at TemplateParser.push../node_modules/@angular/compiler/esm5/compiler.js.TemplateParser.parse node_modules/@angular/compiler/esm5/compiler.js:24674:1)
	    at JitCompiler.push../node_modules/@angular/compiler/esm5/compiler.js.JitCompiler._parseTemplate node_modules/@angular/compiler/esm5/compiler.js:34629:1)
	    at JitCompiler.push../node_modules/@angular/compiler/esm5/compiler.js.JitCompiler._compileTemplate node_modules/@angular/compiler/esm5/compiler.js:34604:1)
	    at http://localhost:18763/_karma_webpack_/webpack:/node_modules/@angular/compiler/esm5/compiler.js:34505:48
	    at Set.forEach (<anonymous>)
	    at JitCompiler.push../node_modules/@angular/compiler/esm5/compiler.js.JitCompiler._compileComponents node_modules/@angular/compiler/esm5/compiler.js:34505:1)
	    at http://localhost:18763/_karma_webpack_/webpack:/node_modules/@angular/compiler/esm5/compiler.js:34393:1
	    at Object.then node_modules/@angular/compiler/esm5/compiler.js:475:33)
	    at JitCompiler.push../node_modules/@angular/compiler/esm5/compiler.js.JitCompiler._compileModuleAndAllComponents node_modules/@angular/compiler/esm5/compiler.js:34391:1)
	Error: Template parse errors:
	Can't bind to 'ngModel' since it isn't a known property of 'input'. (">
	  <div class="form-group">
	    <input name="username" class="form-control" placeholder="Username" [ERROR ->][(ngModel)]="data.username">
	  </div>
	  <div class="form-group">
	"): ng:///DynamicTestModule/UserLoginComponent.html@2:71
	Can't bind to 'ngModel' since it isn't a known property of 'input'. ("form-group">
	    <input name="password" type="password" placeholder="Password" class="form-control" [ERROR ->][(ngModel)]="data.password">
	  </div>
	  <button class="btn btn-primary center-block" [mat-dialog-clos"): ng:///DynamicTestModule/UserLoginComponent.html@5:87
	Can't bind to 'mat-dialog-close' since it isn't a known property of 'button'. (""form-control" [(ngModel)]="data.password">
	  </div>
	  <button class="btn btn-primary center-block" [ERROR ->][mat-dialog-close]="data">Login</button>
	</form>"): ng:///DynamicTestModule/UserLoginComponent.html@7:47
	    at syntaxError node_modules/@angular/compiler/esm5/compiler.js:486:22)
	    at TemplateParser.push../node_modules/@angular/compiler/esm5/compiler.js.TemplateParser.parse node_modules/@angular/compiler/esm5/compiler.js:24674:1)
	    at JitCompiler.push../node_modules/@angular/compiler/esm5/compiler.js.JitCompiler._parseTemplate node_modules/@angular/compiler/esm5/compiler.js:34629:1)
	    at JitCompiler.push../node_modules/@angular/compiler/esm5/compiler.js.JitCompiler._compileTemplate node_modules/@angular/compiler/esm5/compiler.js:34604:1)
	    at http://localhost:18763/_karma_webpack_/webpack:/node_modules/@angular/compiler/esm5/compiler.js:34505:48
	    at Set.forEach (<anonymous>)
	    at JitCompiler.push../node_modules/@angular/compiler/esm5/compiler.js.JitCompiler._compileComponents node_modules/@angular/compiler/esm5/compiler.js:34505:1)
	    at http://localhost:18763/_karma_webpack_/webpack:/node_modules/@angular/compiler/esm5/compiler.js:34393:1
	    at Object.then node_modules/@angular/compiler/esm5/compiler.js:475:33)
	    at JitCompiler.push../node_modules/@angular/compiler/esm5/compiler.js.JitCompiler._compileModuleAndAllComponents node_modules/@angular/compiler/esm5/compiler.js:34391:1)
	Expected undefined to be truthy.
	    at Object.<anonymous> src/app/components/user-login/user-login.component.spec.ts:23:23)
	    at ZoneDelegate../node_modules/zone.js/dist/zone.js.ZoneDelegate.invoke node_modules/zone.js/dist/zone.js:388:1)
	    at ProxyZoneSpec.push../node_modules/zone.js/dist/proxy.js.ProxyZoneSpec.onInvoke node_modules/zone.js/dist/proxy.js:128:1)
	    at ZoneDelegate../node_modules/zone.js/dist/zone.js.ZoneDelegate.invoke node_modules/zone.js/dist/zone.js:387:1)
[1A[2KChrome 67.0.3396 (Mac OS X 10.13.3) UserLoginComponent should create FAILED
	Can't bind to 'ngModel' since it isn't a known property of 'input'. (">
	  <div class="form-group">
	    <input name="username" class="form-control" placeholder="Username" [ERROR ->][(ngModel)]="data.username">
	  </div>
	  <div class="form-group">
	"): ng:///DynamicTestModule/UserLoginComponent.html@2:71
	Can't bind to 'ngModel' since it isn't a known property of 'input'. ("form-group">
	    <input name="password" type="password" placeholder="Password" class="form-control" [ERROR ->][(ngModel)]="data.password">
	  </div>
	  <button class="btn btn-primary center-block" [mat-dialog-clos"): ng:///DynamicTestModule/UserLoginComponent.html@5:87
	Can't bind to 'mat-dialog-close' since it isn't a known property of 'button'. (""form-control" [(ngModel)]="data.password">
	  </div>
	  <button class="btn btn-primary center-block" [ERROR ->][mat-dialog-close]="data">Login</button>
	</form>"): ng:///DynamicTestModule/UserLoginComponent.html@7:47
	Error: Template parse errors:
	    at syntaxError node_modules/@angular/compiler/esm5/compiler.js:486:22)
	    at TemplateParser.push../node_modules/@angular/compiler/esm5/compiler.js.TemplateParser.parse node_modules/@angular/compiler/esm5/compiler.js:24674:1)
	    at JitCompiler.push../node_modules/@angular/compiler/esm5/compiler.js.JitCompiler._parseTemplate node_modules/@angular/compiler/esm5/compiler.js:34629:1)
	    at JitCompiler.push../node_modules/@angular/compiler/esm5/compiler.js.JitCompiler._compileTemplate node_modules/@angular/compiler/esm5/compiler.js:34604:1)
	    at http://localhost:18763/_karma_webpack_/webpack:/node_modules/@angular/compiler/esm5/compiler.js:34505:48
	    at Set.forEach (<anonymous>)
	    at JitCompiler.push../node_modules/@angular/compiler/esm5/compiler.js.JitCompiler._compileComponents node_modules/@angular/compiler/esm5/compiler.js:34505:1)
	    at http://localhost:18763/_karma_webpack_/webpack:/node_modules/@angular/compiler/esm5/compiler.js:34393:1
	    at Object.then node_modules/@angular/compiler/esm5/compiler.js:475:33)
	    at JitCompiler.push../node_modules/@angular/compiler/esm5/compiler.js.JitCompiler._compileModuleAndAllComponents node_modules/@angular/compiler/esm5/compiler.js:34391:1)
	Error: Template parse errors:
	Can't bind to 'ngModel' since it isn't a known property of 'input'. (">
	  <div class="form-group">
	    <input name="username" class="form-control" placeholder="Username" [ERROR ->][(ngModel)]="data.username">
	  </div>
	  <div class="form-group">
	"): ng:///DynamicTestModule/UserLoginComponent.html@2:71
	Can't bind to 'ngModel' since it isn't a known property of 'input'. ("form-group">
	    <input name="password" type="password" placeholder="Password" class="form-control" [ERROR ->][(ngModel)]="data.password">
	  </div>
	  <button class="btn btn-primary center-block" [mat-dialog-clos"): ng:///DynamicTestModule/UserLoginComponent.html@5:87
	Can't bind to 'mat-dialog-close' since it isn't a known property of 'button'. (""form-control" [(ngModel)]="data.password">
	  </div>
	  <button class="btn btn-primary center-block" [ERROR ->][mat-dialog-close]="data">Login</button>
	</form>"): ng:///DynamicTestModule/UserLoginComponent.html@7:47
	    at syntaxError node_modules/@angular/compiler/esm5/compiler.js:486:22)
	    at TemplateParser.push../node_modules/@angular/compiler/esm5/compiler.js.TemplateParser.parse node_modules/@angular/compiler/esm5/compiler.js:24674:1)
	    at JitCompiler.push../node_modules/@angular/compiler/esm5/compiler.js.JitCompiler._parseTemplate node_modules/@angular/compiler/esm5/compiler.js:34629:1)
	    at JitCompiler.push../node_modules/@angular/compiler/esm5/compiler.js.JitCompiler._compileTemplate node_modules/@angular/compiler/esm5/compiler.js:34604:1)
	    at http://localhost:18763/_karma_webpack_/webpack:/node_modules/@angular/compiler/esm5/compiler.js:34505:48
	    at Set.forEach (<anonymous>)
	    at JitCompiler.push../node_modules/@angular/compiler/esm5/compiler.js.JitCompiler._compileComponents node_modules/@angular/compiler/esm5/compiler.js:34505:1)
	    at http://localhost:18763/_karma_webpack_/webpack:/node_modules/@angular/compiler/esm5/compiler.js:34393:1
	    at Object.then node_modules/@angular/compiler/esm5/compiler.js:475:33)
	    at JitCompiler.push../node_modules/@angular/compiler/esm5/compiler.js.JitCompiler._compileModuleAndAllComponents node_modules/@angular/compiler/esm5/compiler.js:34391:1)
	Expected undefined to be truthy.
	    at Object.<anonymous> src/app/components/user-login/user-login.component.spec.ts:23:23)
	    at ZoneDelegate../node_modules/zone.js/dist/zone.js.ZoneDelegate.invoke node_modules/zone.js/dist/zone.js:388:1)
	    at ProxyZoneSpec.push../node_modules/zone.js/dist/proxy.js.ProxyZoneSpec.onInvoke node_modules/zone.js/dist/proxy.js:128:1)
	    at ZoneDelegate../node_modules/zone.js/dist/zone.js.ZoneDelegate.invoke node_modules/zone.js/dist/zone.js:387:1)
Chrome 67.0.3396 (Mac OS X 10.13.3): Executed 10 of 14 (9 FAILED) (0 secs / 0.335 secs)
Chrome 67.0.3396 (Mac OS X 10.13.3) UserLoginComponent should create FAILED
	Can't bind to 'ngModel' since it isn't a known property of 'input'. (">
	  <div class="form-group">
	    <input name="username" class="form-control" placeholder="Username" [ERROR ->][(ngModel)]="data.username">
	  </div>
	  <div class="form-group">
	"): ng:///DynamicTestModule/UserLoginComponent.html@2:71
	Can't bind to 'ngModel' since it isn't a known property of 'input'. ("form-group">
	    <input name="password" type="password" placeholder="Password" class="form-control" [ERROR ->][(ngModel)]="data.password">
	  </div>
	  <button class="btn btn-primary center-block" [mat-dialog-clos"): ng:///DynamicTestModule/UserLoginComponent.html@5:87
	Can't bind to 'mat-dialog-close' since it isn't a known property of 'button'. (""form-control" [(ngModel)]="data.password">
	  </div>
	  <button class="btn btn-primary center-block" [ERROR ->][mat-dialog-close]="data">Login</button>
	</form>"): ng:///DynamicTestModule/UserLoginComponent.html@7:47
	Error: Template parse errors:
	    at syntaxError node_modules/@angular/compiler/esm5/compiler.js:486:22)
	    at TemplateParser.push../node_modules/@angular/compiler/esm5/compiler.js.TemplateParser.parse node_modules/@angular/compiler/esm5/compiler.js:24674:1)
	    at JitCompiler.push../node_modules/@angular/compiler/esm5/compiler.js.JitCompiler._parseTemplate node_modules/@angular/compiler/esm5/compiler.js:34629:1)
	    at JitCompiler.push../node_modules/@angular/compiler/esm5/compiler.js.JitCompiler._compileTemplate node_modules/@angular/compiler/esm5/compiler.js:34604:1)
	    at http://localhost:18763/_karma_webpack_/webpack:/node_modules/@angular/compiler/esm5/compiler.js:34505:48
	    at Set.forEach (<anonymous>)
	    at JitCompiler.push../node_modules/@angular/compiler/esm5/compiler.js.JitCompiler._compileComponents node_modules/@angular/compiler/esm5/compiler.js:34505:1)
	    at http://localhost:18763/_karma_webpack_/webpack:/node_modules/@angular/compiler/esm5/compiler.js:34393:1
	    at Object.then node_modules/@angular/compiler/esm5/compiler.js:475:33)
	    at JitCompiler.push../node_modules/@angular/compiler/esm5/compiler.js.JitCompiler._compileModuleAndAllComponents node_modules/@angular/compiler/esm5/compiler.js:34391:1)
	Error: Template parse errors:
	Can't bind to 'ngModel' since it isn't a known property of 'input'. (">
	  <div class="form-group">
	    <input name="username" class="form-control" placeholder="Username" [ERROR ->][(ngModel)]="data.username">
	  </div>
	  <div class="form-group">
	"): ng:///DynamicTestModule/UserLoginComponent.html@2:71
	Can't bind to 'ngModel' since it isn't a known property of 'input'. ("form-group">
	    <input name="password" type="password" placeholder="Password" class="form-control" [ERROR ->][(ngModel)]="data.password">
	  </div>
	  <button class="btn btn-primary center-block" [mat-dialog-clos"): ng:///DynamicTestModule/UserLoginComponent.html@5:87
	Can't bind to 'mat-dialog-close' since it isn't a known property of 'button'. (""form-control" [(ngModel)]="data.password">
	  </div>
	  <button class="btn btn-primary center-block" [ERROR ->][mat-dialog-close]="data">Login</button>
	</form>"): ng:///DynamicTestModule/UserLoginComponent.html@7:47
	    at syntaxError node_modules/@angular/compiler/esm5/compiler.js:486:22)
	    at TemplateParser.push../node_modules/@angular/compiler/esm5/compiler.js.TemplateParser.parse node_modules/@angular/compiler/esm5/compiler.js:24674:1)
	    at JitCompiler.push../node_modules/@angular/compiler/esm5/compiler.js.JitCompiler._parseTemplate node_modules/@angular/compiler/esm5/compiler.js:34629:1)
	    at JitCompiler.push../node_modules/@angular/compiler/esm5/compiler.js.JitCompiler._compileTemplate node_modules/@angular/compiler/esm5/compiler.js:34604:1)
	    at http://localhost:18763/_karma_webpack_/webpack:/node_modules/@angular/compiler/esm5/compiler.js:34505:48
	    at Set.forEach (<anonymous>)
	    at JitCompiler.push../node_modules/@angular/compiler/esm5/compiler.js.JitCompiler._compileComponents node_modules/@angular/compiler/esm5/compiler.js:34505:1)
	    at http://localhost:18763/_karma_webpack_/webpack:/node_modules/@angular/compiler/esm5/compiler.js:34393:1
	    at Object.then node_modules/@angular/compiler/esm5/compiler.js:475:33)
	    at JitCompiler.push../node_modules/@angular/compiler/esm5/compiler.js.JitCompiler._compileModuleAndAllComponents node_modules/@angular/compiler/esm5/compiler.js:34391:1)
	Expected undefined to be truthy.
	    at Object.<anonymous> src/app/components/user-login/user-login.component.spec.ts:23:23)
	    at ZoneDelegate../node_modules/zone.js/dist/zone.js.ZoneDelegate.invoke node_modules/zone.js/dist/zone.js:388:1)
	    at ProxyZoneSpec.push../node_modules/zone.js/dist/proxy.js.ProxyZoneSpec.onInvoke node_modules/zone.js/dist/proxy.js:128:1)
	    at ZoneDelegate../node_modules/zone.js/dist/zone.js.ZoneDelegate.invoke node_modules/zone.js/dist/zone.js:387:1)
Chrome 67.0.3396 (Mac OS X 10.13.3) ActivityService should be created FAILED
	Error: StaticInjectorError(DynamicTestModule)[ActivityService -> HttpClient]: 
	  StaticInjectorError(Platform: core)[ActivityService -> HttpClient]: 
	    NullInjectorError: No provider for HttpClient!
	    at _NullInjector.push../node_modules/@angular/core/esm5/core.js._NullInjector.get node_modules/@angular/core/esm5/core.js:1003:1)
	    at resolveToken node_modules/@angular/core/esm5/core.js:1301:1)
	    at tryResolveToken node_modules/@angular/core/esm5/core.js:1243:1)
	    at StaticInjector.push../node_modules/@angular/core/esm5/core.js.StaticInjector.get node_modules/@angular/core/esm5/core.js:1111:1)
	    at resolveToken node_modules/@angular/core/esm5/core.js:1301:1)
	    at tryResolveToken node_modules/@angular/core/esm5/core.js:1243:1)
	    at StaticInjector.push../node_modules/@angular/core/esm5/core.js.StaticInjector.get node_modules/@angular/core/esm5/core.js:1111:1)
	    at resolveNgModuleDep node_modules/@angular/core/esm5/core.js:10896:1)
	    at _createClass node_modules/@angular/core/esm5/core.js:10935:1)
	    at _createProviderInstance$1 node_modules/@angular/core/esm5/core.js:10907:1)
[1A[2KChrome 67.0.3396 (Mac OS X 10.13.3) ActivityService should be created FAILED
	Error: StaticInjectorError(DynamicTestModule)[ActivityService -> HttpClient]: 
	  StaticInjectorError(Platform: core)[ActivityService -> HttpClient]: 
	    NullInjectorError: No provider for HttpClient!
	    at _NullInjector.push../node_modules/@angular/core/esm5/core.js._NullInjector.get node_modules/@angular/core/esm5/core.js:1003:1)
	    at resolveToken node_modules/@angular/core/esm5/core.js:1301:1)
	    at tryResolveToken node_modules/@angular/core/esm5/core.js:1243:1)
	    at StaticInjector.push../node_modules/@angular/core/esm5/core.js.StaticInjector.get node_modules/@angular/core/esm5/core.js:1111:1)
	    at resolveToken node_modules/@angular/core/esm5/core.js:1301:1)
	    at tryResolveToken node_modules/@angular/core/esm5/core.js:1243:1)
	    at StaticInjector.push../node_modules/@angular/core/esm5/core.js.StaticInjector.get node_modules/@angular/core/esm5/core.js:1111:1)
	    at resolveNgModuleDep node_modules/@angular/core/esm5/core.js:10896:1)
	    at _createClass node_modules/@angular/core/esm5/core.js:10935:1)
	    at _createProviderInstance$1 node_modules/@angular/core/esm5/core.js:10907:1)
Chrome 67.0.3396 (Mac OS X 10.13.3): Executed 11 of 14 (10 FAILED) (0 secs / 0.341 secs)
Chrome 67.0.3396 (Mac OS X 10.13.3) ActivityService should be created FAILED
	Error: StaticInjectorError(DynamicTestModule)[ActivityService -> HttpClient]: 
	  StaticInjectorError(Platform: core)[ActivityService -> HttpClient]: 
	    NullInjectorError: No provider for HttpClient!
	    at _NullInjector.push../node_modules/@angular/core/esm5/core.js._NullInjector.get node_modules/@angular/core/esm5/core.js:1003:1)
	    at resolveToken node_modules/@angular/core/esm5/core.js:1301:1)
	    at tryResolveToken node_modules/@angular/core/esm5/core.js:1243:1)
	    at StaticInjector.push../node_modules/@angular/core/esm5/core.js.StaticInjector.get node_modules/@angular/core/esm5/core.js:1111:1)
	    at resolveToken node_modules/@angular/core/esm5/core.js:1301:1)
	    at tryResolveToken node_modules/@angular/core/esm5/core.js:1243:1)
	    at StaticInjector.push../node_modules/@angular/core/esm5/core.js.StaticInjector.get node_modules/@angular/core/esm5/core.js:1111:1)
	    at resolveNgModuleDep node_modules/@angular/core/esm5/core.js:10896:1)
	    at _createClass node_modules/@angular/core/esm5/core.js:10935:1)
	    at _createProviderInstance$1 node_modules/@angular/core/esm5/core.js:10907:1)
Chrome 67.0.3396 (Mac OS X 10.13.3) RecentActivitiesService should be created FAILED
	Error: StaticInjectorError(DynamicTestModule)[RecentActivitiesService -> HttpClient]: 
	  StaticInjectorError(Platform: core)[RecentActivitiesService -> HttpClient]: 
	    NullInjectorError: No provider for HttpClient!
	    at _NullInjector.push../node_modules/@angular/core/esm5/core.js._NullInjector.get node_modules/@angular/core/esm5/core.js:1003:1)
	    at resolveToken node_modules/@angular/core/esm5/core.js:1301:1)
	    at tryResolveToken node_modules/@angular/core/esm5/core.js:1243:1)
	    at StaticInjector.push../node_modules/@angular/core/esm5/core.js.StaticInjector.get node_modules/@angular/core/esm5/core.js:1111:1)
	    at resolveToken node_modules/@angular/core/esm5/core.js:1301:1)
	    at tryResolveToken node_modules/@angular/core/esm5/core.js:1243:1)
	    at StaticInjector.push../node_modules/@angular/core/esm5/core.js.StaticInjector.get node_modules/@angular/core/esm5/core.js:1111:1)
	    at resolveNgModuleDep node_modules/@angular/core/esm5/core.js:10896:1)
	    at _createClass node_modules/@angular/core/esm5/core.js:10935:1)
	    at _createProviderInstance$1 node_modules/@angular/core/esm5/core.js:10907:1)
[1A[2KChrome 67.0.3396 (Mac OS X 10.13.3) RecentActivitiesService should be created FAILED
	Error: StaticInjectorError(DynamicTestModule)[RecentActivitiesService -> HttpClient]: 
	  StaticInjectorError(Platform: core)[RecentActivitiesService -> HttpClient]: 
	    NullInjectorError: No provider for HttpClient!
	    at _NullInjector.push../node_modules/@angular/core/esm5/core.js._NullInjector.get node_modules/@angular/core/esm5/core.js:1003:1)
	    at resolveToken node_modules/@angular/core/esm5/core.js:1301:1)
	    at tryResolveToken node_modules/@angular/core/esm5/core.js:1243:1)
	    at StaticInjector.push../node_modules/@angular/core/esm5/core.js.StaticInjector.get node_modules/@angular/core/esm5/core.js:1111:1)
	    at resolveToken node_modules/@angular/core/esm5/core.js:1301:1)
	    at tryResolveToken node_modules/@angular/core/esm5/core.js:1243:1)
	    at StaticInjector.push../node_modules/@angular/core/esm5/core.js.StaticInjector.get node_modules/@angular/core/esm5/core.js:1111:1)
	    at resolveNgModuleDep node_modules/@angular/core/esm5/core.js:10896:1)
	    at _createClass node_modules/@angular/core/esm5/core.js:10935:1)
	    at _createProviderInstance$1 node_modules/@angular/core/esm5/core.js:10907:1)
Chrome 67.0.3396 (Mac OS X 10.13.3): Executed 12 of 14 (11 FAILED) (0 secs / 0.347 secs)
Chrome 67.0.3396 (Mac OS X 10.13.3) RecentActivitiesService should be created FAILED
	Error: StaticInjectorError(DynamicTestModule)[RecentActivitiesService -> HttpClient]: 
	  StaticInjectorError(Platform: core)[RecentActivitiesService -> HttpClient]: 
	    NullInjectorError: No provider for HttpClient!
	    at _NullInjector.push../node_modules/@angular/core/esm5/core.js._NullInjector.get node_modules/@angular/core/esm5/core.js:1003:1)
	    at resolveToken node_modules/@angular/core/esm5/core.js:1301:1)
	    at tryResolveToken node_modules/@angular/core/esm5/core.js:1243:1)
	    at StaticInjector.push../node_modules/@angular/core/esm5/core.js.StaticInjector.get node_modules/@angular/core/esm5/core.js:1111:1)
	    at resolveToken node_modules/@angular/core/esm5/core.js:1301:1)
	    at tryResolveToken node_modules/@angular/core/esm5/core.js:1243:1)
	    at StaticInjector.push../node_modules/@angular/core/esm5/core.js.StaticInjector.get node_modules/@angular/core/esm5/core.js:1111:1)
	    at resolveNgModuleDep node_modules/@angular/core/esm5/core.js:10896:1)
	    at _createClass node_modules/@angular/core/esm5/core.js:10935:1)
	    at _createProviderInstance$1 node_modules/@angular/core/esm5/core.js:10907:1)
[1A[2KChrome 67.0.3396 (Mac OS X 10.13.3): Executed 13 of 14 (11 FAILED) (0 secs / 0.352 secs)
Chrome 67.0.3396 (Mac OS X 10.13.3) UserService should be created FAILED
	Error: StaticInjectorError(DynamicTestModule)[UserService -> StateService]: 
	  StaticInjectorError(Platform: core)[UserService -> StateService]: 
	    NullInjectorError: No provider for StateService!
	    at _NullInjector.push../node_modules/@angular/core/esm5/core.js._NullInjector.get node_modules/@angular/core/esm5/core.js:1003:1)
	    at resolveToken node_modules/@angular/core/esm5/core.js:1301:1)
	    at tryResolveToken node_modules/@angular/core/esm5/core.js:1243:1)
	    at StaticInjector.push../node_modules/@angular/core/esm5/core.js.StaticInjector.get node_modules/@angular/core/esm5/core.js:1111:1)
	    at resolveToken node_modules/@angular/core/esm5/core.js:1301:1)
	    at tryResolveToken node_modules/@angular/core/esm5/core.js:1243:1)
	    at StaticInjector.push../node_modules/@angular/core/esm5/core.js.StaticInjector.get node_modules/@angular/core/esm5/core.js:1111:1)
	    at resolveNgModuleDep node_modules/@angular/core/esm5/core.js:10896:1)
	    at _createClass node_modules/@angular/core/esm5/core.js:10933:1)
	    at _createProviderInstance$1 node_modules/@angular/core/esm5/core.js:10907:1)
[1A[2KChrome 67.0.3396 (Mac OS X 10.13.3) UserService should be created FAILED
	Error: StaticInjectorError(DynamicTestModule)[UserService -> StateService]: 
	  StaticInjectorError(Platform: core)[UserService -> StateService]: 
	    NullInjectorError: No provider for StateService!
	    at _NullInjector.push../node_modules/@angular/core/esm5/core.js._NullInjector.get node_modules/@angular/core/esm5/core.js:1003:1)
	    at resolveToken node_modules/@angular/core/esm5/core.js:1301:1)
	    at tryResolveToken node_modules/@angular/core/esm5/core.js:1243:1)
	    at StaticInjector.push../node_modules/@angular/core/esm5/core.js.StaticInjector.get node_modules/@angular/core/esm5/core.js:1111:1)
	    at resolveToken node_modules/@angular/core/esm5/core.js:1301:1)
	    at tryResolveToken node_modules/@angular/core/esm5/core.js:1243:1)
	    at StaticInjector.push../node_modules/@angular/core/esm5/core.js.StaticInjector.get node_modules/@angular/core/esm5/core.js:1111:1)
	    at resolveNgModuleDep node_modules/@angular/core/esm5/core.js:10896:1)
	    at _createClass node_modules/@angular/core/esm5/core.js:10933:1)
	    at _createProviderInstance$1 node_modules/@angular/core/esm5/core.js:10907:1)
Chrome 67.0.3396 (Mac OS X 10.13.3): Executed 14 of 14 (12 FAILED) (0 secs / 0.357 secs)
Chrome 67.0.3396 (Mac OS X 10.13.3) UserService should be created FAILED
	Error: StaticInjectorError(DynamicTestModule)[UserService -> StateService]: 
	  StaticInjectorError(Platform: core)[UserService -> StateService]: 
	    NullInjectorError: No provider for StateService!
	    at _NullInjector.push../node_modules/@angular/core/esm5/core.js._NullInjector.get node_modules/@angular/core/esm5/core.js:1003:1)
	    at resolveToken node_modules/@angular/core/esm5/core.js:1301:1)
	    at tryResolveToken node_modules/@angular/core/esm5/core.js:1243:1)
	    at StaticInjector.push../node_modules/@angular/core/esm5/core.js.StaticInjector.get node_modules/@angular/core/esm5/core.js:1111:1)
	    at resolveToken node_modules/@angular/core/esm5/core.js:1301:1)
	    at tryResolveToken node_modules/@angular/core/esm5/core.js:1243:1)
	    at StaticInjector.push../node_modules/@angular/core/esm5/core.js.StaticInjector.get node_modules/@angular/core/esm5/core.js:1111:1)
	    at resolveNgModuleDep node_modules/@angular/core/esm5/core.js:10896:1)
	    at _createClass node_modules/@angular/core/esm5/core.js:10933:1)
	    at _createProviderInstance$1 node_modules/@angular/core/esm5/core.js:10907:1)
[1A[2KChrome 67.0.3396 (Mac OS X 10.13.3): Executed 14 of 14 (12 FAILED) (0.451 secs / 0.357 secs)
Chrome 67.0.3396 (Mac OS X 10.13.3): Executed 0 of 14 SUCCESS (0 secs / 0 secs)
[1A[2KChrome 67.0.3396 (Mac OS X 10.13.3): Executed 1 of 14 SUCCESS (0 secs / 0.056 secs)
Chrome 67.0.3396 (Mac OS X 10.13.3) ActivitySelectorComponent should be created FAILED
	Can't bind to 'ngModel' since it isn't a known property of 'select'. ("
					name="activity"
					class="form-control" 
					[ERROR ->][(ngModel)]="selectedActivity" 
					(ngModelChange)="onChange($event)">
					<option [value]="defaultA"): ng:///DynamicTestModule/ActivitySelectorComponent.html@6:4
	Can't bind to 'ngValue' since it isn't a known property of 'option'. ("d="selected">Select an activity</option>
					<option *ngFor="let activity of activityList$ | async" [ERROR ->][ngValue]="activity">
						{{activity.name}}
					</option>
	"): ng:///DynamicTestModule/ActivitySelectorComponent.html@9:59
	Error: Template parse errors:
	    at syntaxError node_modules/@angular/compiler/esm5/compiler.js:486:22)
	    at TemplateParser.push../node_modules/@angular/compiler/esm5/compiler.js.TemplateParser.parse node_modules/@angular/compiler/esm5/compiler.js:24674:1)
	    at JitCompiler.push../node_modules/@angular/compiler/esm5/compiler.js.JitCompiler._parseTemplate node_modules/@angular/compiler/esm5/compiler.js:34629:1)
	    at JitCompiler.push../node_modules/@angular/compiler/esm5/compiler.js.JitCompiler._compileTemplate node_modules/@angular/compiler/esm5/compiler.js:34604:1)
	    at http://localhost:18763/_karma_webpack_/webpack:/node_modules/@angular/compiler/esm5/compiler.js:34505:48
	    at Set.forEach (<anonymous>)
	    at JitCompiler.push../node_modules/@angular/compiler/esm5/compiler.js.JitCompiler._compileComponents node_modules/@angular/compiler/esm5/compiler.js:34505:1)
	    at http://localhost:18763/_karma_webpack_/webpack:/node_modules/@angular/compiler/esm5/compiler.js:34393:1
	    at Object.then node_modules/@angular/compiler/esm5/compiler.js:475:33)
	    at JitCompiler.push../node_modules/@angular/compiler/esm5/compiler.js.JitCompiler._compileModuleAndAllComponents node_modules/@angular/compiler/esm5/compiler.js:34391:1)
	Error: Template parse errors:
	Can't bind to 'ngModel' since it isn't a known property of 'select'. ("
					name="activity"
					class="form-control" 
					[ERROR ->][(ngModel)]="selectedActivity" 
					(ngModelChange)="onChange($event)">
					<option [value]="defaultA"): ng:///DynamicTestModule/ActivitySelectorComponent.html@6:4
	Can't bind to 'ngValue' since it isn't a known property of 'option'. ("d="selected">Select an activity</option>
					<option *ngFor="let activity of activityList$ | async" [ERROR ->][ngValue]="activity">
						{{activity.name}}
					</option>
	"): ng:///DynamicTestModule/ActivitySelectorComponent.html@9:59
	    at syntaxError node_modules/@angular/compiler/esm5/compiler.js:486:22)
	    at TemplateParser.push../node_modules/@angular/compiler/esm5/compiler.js.TemplateParser.parse node_modules/@angular/compiler/esm5/compiler.js:24674:1)
	    at JitCompiler.push../node_modules/@angular/compiler/esm5/compiler.js.JitCompiler._parseTemplate node_modules/@angular/compiler/esm5/compiler.js:34629:1)
	    at JitCompiler.push../node_modules/@angular/compiler/esm5/compiler.js.JitCompiler._compileTemplate node_modules/@angular/compiler/esm5/compiler.js:34604:1)
	    at http://localhost:18763/_karma_webpack_/webpack:/node_modules/@angular/compiler/esm5/compiler.js:34505:48
	    at Set.forEach (<anonymous>)
	    at JitCompiler.push../node_modules/@angular/compiler/esm5/compiler.js.JitCompiler._compileComponents node_modules/@angular/compiler/esm5/compiler.js:34505:1)
	    at http://localhost:18763/_karma_webpack_/webpack:/node_modules/@angular/compiler/esm5/compiler.js:34393:1
	    at Object.then node_modules/@angular/compiler/esm5/compiler.js:475:33)
	    at JitCompiler.push../node_modules/@angular/compiler/esm5/compiler.js.JitCompiler._compileModuleAndAllComponents node_modules/@angular/compiler/esm5/compiler.js:34391:1)
	Expected undefined to be truthy.
	    at Object.<anonymous> src/app/components/activity-selector/activity-selector.component.spec.ts:31:23)
	    at ZoneDelegate../node_modules/zone.js/dist/zone.js.ZoneDelegate.invoke node_modules/zone.js/dist/zone.js:388:1)
	    at ProxyZoneSpec.push../node_modules/zone.js/dist/proxy.js.ProxyZoneSpec.onInvoke node_modules/zone.js/dist/proxy.js:128:1)
	    at ZoneDelegate../node_modules/zone.js/dist/zone.js.ZoneDelegate.invoke node_modules/zone.js/dist/zone.js:387:1)
[1A[2KChrome 67.0.3396 (Mac OS X 10.13.3) ActivitySelectorComponent should be created FAILED
	Can't bind to 'ngModel' since it isn't a known property of 'select'. ("
					name="activity"
					class="form-control" 
					[ERROR ->][(ngModel)]="selectedActivity" 
					(ngModelChange)="onChange($event)">
					<option [value]="defaultA"): ng:///DynamicTestModule/ActivitySelectorComponent.html@6:4
	Can't bind to 'ngValue' since it isn't a known property of 'option'. ("d="selected">Select an activity</option>
					<option *ngFor="let activity of activityList$ | async" [ERROR ->][ngValue]="activity">
						{{activity.name}}
					</option>
	"): ng:///DynamicTestModule/ActivitySelectorComponent.html@9:59
	Error: Template parse errors:
	    at syntaxError node_modules/@angular/compiler/esm5/compiler.js:486:22)
	    at TemplateParser.push../node_modules/@angular/compiler/esm5/compiler.js.TemplateParser.parse node_modules/@angular/compiler/esm5/compiler.js:24674:1)
	    at JitCompiler.push../node_modules/@angular/compiler/esm5/compiler.js.JitCompiler._parseTemplate node_modules/@angular/compiler/esm5/compiler.js:34629:1)
	    at JitCompiler.push../node_modules/@angular/compiler/esm5/compiler.js.JitCompiler._compileTemplate node_modules/@angular/compiler/esm5/compiler.js:34604:1)
	    at http://localhost:18763/_karma_webpack_/webpack:/node_modules/@angular/compiler/esm5/compiler.js:34505:48
	    at Set.forEach (<anonymous>)
	    at JitCompiler.push../node_modules/@angular/compiler/esm5/compiler.js.JitCompiler._compileComponents node_modules/@angular/compiler/esm5/compiler.js:34505:1)
	    at http://localhost:18763/_karma_webpack_/webpack:/node_modules/@angular/compiler/esm5/compiler.js:34393:1
	    at Object.then node_modules/@angular/compiler/esm5/compiler.js:475:33)
	    at JitCompiler.push../node_modules/@angular/compiler/esm5/compiler.js.JitCompiler._compileModuleAndAllComponents node_modules/@angular/compiler/esm5/compiler.js:34391:1)
	Error: Template parse errors:
	Can't bind to 'ngModel' since it isn't a known property of 'select'. ("
					name="activity"
					class="form-control" 
					[ERROR ->][(ngModel)]="selectedActivity" 
					(ngModelChange)="onChange($event)">
					<option [value]="defaultA"): ng:///DynamicTestModule/ActivitySelectorComponent.html@6:4
	Can't bind to 'ngValue' since it isn't a known property of 'option'. ("d="selected">Select an activity</option>
					<option *ngFor="let activity of activityList$ | async" [ERROR ->][ngValue]="activity">
						{{activity.name}}
					</option>
	"): ng:///DynamicTestModule/ActivitySelectorComponent.html@9:59
	    at syntaxError node_modules/@angular/compiler/esm5/compiler.js:486:22)
	    at TemplateParser.push../node_modules/@angular/compiler/esm5/compiler.js.TemplateParser.parse node_modules/@angular/compiler/esm5/compiler.js:24674:1)
	    at JitCompiler.push../node_modules/@angular/compiler/esm5/compiler.js.JitCompiler._parseTemplate node_modules/@angular/compiler/esm5/compiler.js:34629:1)
	    at JitCompiler.push../node_modules/@angular/compiler/esm5/compiler.js.JitCompiler._compileTemplate node_modules/@angular/compiler/esm5/compiler.js:34604:1)
	    at http://localhost:18763/_karma_webpack_/webpack:/node_modules/@angular/compiler/esm5/compiler.js:34505:48
	    at Set.forEach (<anonymous>)
	    at JitCompiler.push../node_modules/@angular/compiler/esm5/compiler.js.JitCompiler._compileComponents node_modules/@angular/compiler/esm5/compiler.js:34505:1)
	    at http://localhost:18763/_karma_webpack_/webpack:/node_modules/@angular/compiler/esm5/compiler.js:34393:1
	    at Object.then node_modules/@angular/compiler/esm5/compiler.js:475:33)
	    at JitCompiler.push../node_modules/@angular/compiler/esm5/compiler.js.JitCompiler._compileModuleAndAllComponents node_modules/@angular/compiler/esm5/compiler.js:34391:1)
	Expected undefined to be truthy.
	    at Object.<anonymous> src/app/components/activity-selector/activity-selector.component.spec.ts:31:23)
	    at ZoneDelegate../node_modules/zone.js/dist/zone.js.ZoneDelegate.invoke node_modules/zone.js/dist/zone.js:388:1)
	    at ProxyZoneSpec.push../node_modules/zone.js/dist/proxy.js.ProxyZoneSpec.onInvoke node_modules/zone.js/dist/proxy.js:128:1)
	    at ZoneDelegate../node_modules/zone.js/dist/zone.js.ZoneDelegate.invoke node_modules/zone.js/dist/zone.js:387:1)
Chrome 67.0.3396 (Mac OS X 10.13.3): Executed 2 of 14 (1 FAILED) (0 secs / 0.205 secs)
Chrome 67.0.3396 (Mac OS X 10.13.3) ActivitySelectorComponent should be created FAILED
	Can't bind to 'ngModel' since it isn't a known property of 'select'. ("
					name="activity"
					class="form-control" 
					[ERROR ->][(ngModel)]="selectedActivity" 
					(ngModelChange)="onChange($event)">
					<option [value]="defaultA"): ng:///DynamicTestModule/ActivitySelectorComponent.html@6:4
	Can't bind to 'ngValue' since it isn't a known property of 'option'. ("d="selected">Select an activity</option>
					<option *ngFor="let activity of activityList$ | async" [ERROR ->][ngValue]="activity">
						{{activity.name}}
					</option>
	"): ng:///DynamicTestModule/ActivitySelectorComponent.html@9:59
	Error: Template parse errors:
	    at syntaxError node_modules/@angular/compiler/esm5/compiler.js:486:22)
	    at TemplateParser.push../node_modules/@angular/compiler/esm5/compiler.js.TemplateParser.parse node_modules/@angular/compiler/esm5/compiler.js:24674:1)
	    at JitCompiler.push../node_modules/@angular/compiler/esm5/compiler.js.JitCompiler._parseTemplate node_modules/@angular/compiler/esm5/compiler.js:34629:1)
	    at JitCompiler.push../node_modules/@angular/compiler/esm5/compiler.js.JitCompiler._compileTemplate node_modules/@angular/compiler/esm5/compiler.js:34604:1)
	    at http://localhost:18763/_karma_webpack_/webpack:/node_modules/@angular/compiler/esm5/compiler.js:34505:48
	    at Set.forEach (<anonymous>)
	    at JitCompiler.push../node_modules/@angular/compiler/esm5/compiler.js.JitCompiler._compileComponents node_modules/@angular/compiler/esm5/compiler.js:34505:1)
	    at http://localhost:18763/_karma_webpack_/webpack:/node_modules/@angular/compiler/esm5/compiler.js:34393:1
	    at Object.then node_modules/@angular/compiler/esm5/compiler.js:475:33)
	    at JitCompiler.push../node_modules/@angular/compiler/esm5/compiler.js.JitCompiler._compileModuleAndAllComponents node_modules/@angular/compiler/esm5/compiler.js:34391:1)
	Error: Template parse errors:
	Can't bind to 'ngModel' since it isn't a known property of 'select'. ("
					name="activity"
					class="form-control" 
					[ERROR ->][(ngModel)]="selectedActivity" 
					(ngModelChange)="onChange($event)">
					<option [value]="defaultA"): ng:///DynamicTestModule/ActivitySelectorComponent.html@6:4
	Can't bind to 'ngValue' since it isn't a known property of 'option'. ("d="selected">Select an activity</option>
					<option *ngFor="let activity of activityList$ | async" [ERROR ->][ngValue]="activity">
						{{activity.name}}
					</option>
	"): ng:///DynamicTestModule/ActivitySelectorComponent.html@9:59
	    at syntaxError node_modules/@angular/compiler/esm5/compiler.js:486:22)
	    at TemplateParser.push../node_modules/@angular/compiler/esm5/compiler.js.TemplateParser.parse node_modules/@angular/compiler/esm5/compiler.js:24674:1)
	    at JitCompiler.push../node_modules/@angular/compiler/esm5/compiler.js.JitCompiler._parseTemplate node_modules/@angular/compiler/esm5/compiler.js:34629:1)
	    at JitCompiler.push../node_modules/@angular/compiler/esm5/compiler.js.JitCompiler._compileTemplate node_modules/@angular/compiler/esm5/compiler.js:34604:1)
	    at http://localhost:18763/_karma_webpack_/webpack:/node_modules/@angular/compiler/esm5/compiler.js:34505:48
	    at Set.forEach (<anonymous>)
	    at JitCompiler.push../node_modules/@angular/compiler/esm5/compiler.js.JitCompiler._compileComponents node_modules/@angular/compiler/esm5/compiler.js:34505:1)
	    at http://localhost:18763/_karma_webpack_/webpack:/node_modules/@angular/compiler/esm5/compiler.js:34393:1
	    at Object.then node_modules/@angular/compiler/esm5/compiler.js:475:33)
	    at JitCompiler.push../node_modules/@angular/compiler/esm5/compiler.js.JitCompiler._compileModuleAndAllComponents node_modules/@angular/compiler/esm5/compiler.js:34391:1)
	Expected undefined to be truthy.
	    at Object.<anonymous> src/app/components/activity-selector/activity-selector.component.spec.ts:31:23)
	    at ZoneDelegate../node_modules/zone.js/dist/zone.js.ZoneDelegate.invoke node_modules/zone.js/dist/zone.js:388:1)
	    at ProxyZoneSpec.push../node_modules/zone.js/dist/proxy.js.ProxyZoneSpec.onInvoke node_modules/zone.js/dist/proxy.js:128:1)
	    at ZoneDelegate../node_modules/zone.js/dist/zone.js.ZoneDelegate.invoke node_modules/zone.js/dist/zone.js:387:1)
Chrome 67.0.3396 (Mac OS X 10.13.3) AppComponent should create the app FAILED
	'topnav' is not a known element:
	1. If 'topnav' is an Angular component, then verify that it is part of this module.
	2. To allow any element add 'NO_ERRORS_SCHEMA' to the '@NgModule.schemas' of this component. ("[ERROR ->]<topnav></topnav>    
	<div class="container">
		<div class="row">
	"): ng:///DynamicTestModule/AppComponent.html@0:0
	'router-outlet' is not a known element:
	1. If 'router-outlet' is an Angular component, then verify that it is part of this module.
	2. If 'router-outlet' is a Web Component then add 'CUSTOM_ELEMENTS_SCHEMA' to the '@NgModule.schemas' of this component to suppress this message. ("
		<div class="row">
			<div class="col-md-1"></div>
			[ERROR ->]<router-outlet></router-outlet>
			<div class="col-md-1"></div>
		</div>
	"): ng:///DynamicTestModule/AppComponent.html@4:2
	Error: Template parse errors:
	    at syntaxError node_modules/@angular/compiler/esm5/compiler.js:486:22)
	    at TemplateParser.push../node_modules/@angular/compiler/esm5/compiler.js.TemplateParser.parse node_modules/@angular/compiler/esm5/compiler.js:24674:1)
	    at JitCompiler.push../node_modules/@angular/compiler/esm5/compiler.js.JitCompiler._parseTemplate node_modules/@angular/compiler/esm5/compiler.js:34629:1)
	    at JitCompiler.push../node_modules/@angular/compiler/esm5/compiler.js.JitCompiler._compileTemplate node_modules/@angular/compiler/esm5/compiler.js:34604:1)
	    at http://localhost:18763/_karma_webpack_/webpack:/node_modules/@angular/compiler/esm5/compiler.js:34505:48
	    at Set.forEach (<anonymous>)
	    at JitCompiler.push../node_modules/@angular/compiler/esm5/compiler.js.JitCompiler._compileComponents node_modules/@angular/compiler/esm5/compiler.js:34505:1)
	    at http://localhost:18763/_karma_webpack_/webpack:/node_modules/@angular/compiler/esm5/compiler.js:34393:1
	    at Object.then node_modules/@angular/compiler/esm5/compiler.js:475:33)
	    at JitCompiler.push../node_modules/@angular/compiler/esm5/compiler.js.JitCompiler._compileModuleAndAllComponents node_modules/@angular/compiler/esm5/compiler.js:34391:1)
	'topnav' is not a known element:
	1. If 'topnav' is an Angular component, then verify that it is part of this module.
	2. To allow any element add 'NO_ERRORS_SCHEMA' to the '@NgModule.schemas' of this component. ("[ERROR ->]<topnav></topnav>    
	<div class="container">
		<div class="row">
	"): ng:///DynamicTestModule/AppComponent.html@0:0
	'router-outlet' is not a known element:
	1. If 'router-outlet' is an Angular component, then verify that it is part of this module.
	2. If 'router-outlet' is a Web Component then add 'CUSTOM_ELEMENTS_SCHEMA' to the '@NgModule.schemas' of this component to suppress this message. ("
		<div class="row">
			<div class="col-md-1"></div>
			[ERROR ->]<router-outlet></router-outlet>
			<div class="col-md-1"></div>
		</div>
	"): ng:///DynamicTestModule/AppComponent.html@4:2
	Error: Template parse errors:
	    at syntaxError node_modules/@angular/compiler/esm5/compiler.js:486:22)
	    at TemplateParser.push../node_modules/@angular/compiler/esm5/compiler.js.TemplateParser.parse node_modules/@angular/compiler/esm5/compiler.js:24674:1)
	    at JitCompiler.push../node_modules/@angular/compiler/esm5/compiler.js.JitCompiler._parseTemplate node_modules/@angular/compiler/esm5/compiler.js:34629:1)
	    at JitCompiler.push../node_modules/@angular/compiler/esm5/compiler.js.JitCompiler._compileTemplate node_modules/@angular/compiler/esm5/compiler.js:34604:1)
	    at http://localhost:18763/_karma_webpack_/webpack:/node_modules/@angular/compiler/esm5/compiler.js:34505:48
	    at Set.forEach (<anonymous>)
	    at JitCompiler.push../node_modules/@angular/compiler/esm5/compiler.js.JitCompiler._compileComponents node_modules/@angular/compiler/esm5/compiler.js:34505:1)
	    at http://localhost:18763/_karma_webpack_/webpack:/node_modules/@angular/compiler/esm5/compiler.js:34393:1
	    at Object.then node_modules/@angular/compiler/esm5/compiler.js:475:33)
	    at JitCompiler.push../node_modules/@angular/compiler/esm5/compiler.js.JitCompiler._compileModuleAndAllComponents node_modules/@angular/compiler/esm5/compiler.js:34391:1)
[1A[2KChrome 67.0.3396 (Mac OS X 10.13.3) AppComponent should create the app FAILED
	'topnav' is not a known element:
	1. If 'topnav' is an Angular component, then verify that it is part of this module.
	2. To allow any element add 'NO_ERRORS_SCHEMA' to the '@NgModule.schemas' of this component. ("[ERROR ->]<topnav></topnav>    
	<div class="container">
		<div class="row">
	"): ng:///DynamicTestModule/AppComponent.html@0:0
	'router-outlet' is not a known element:
	1. If 'router-outlet' is an Angular component, then verify that it is part of this module.
	2. If 'router-outlet' is a Web Component then add 'CUSTOM_ELEMENTS_SCHEMA' to the '@NgModule.schemas' of this component to suppress this message. ("
		<div class="row">
			<div class="col-md-1"></div>
			[ERROR ->]<router-outlet></router-outlet>
			<div class="col-md-1"></div>
		</div>
	"): ng:///DynamicTestModule/AppComponent.html@4:2
	Error: Template parse errors:
	    at syntaxError node_modules/@angular/compiler/esm5/compiler.js:486:22)
	    at TemplateParser.push../node_modules/@angular/compiler/esm5/compiler.js.TemplateParser.parse node_modules/@angular/compiler/esm5/compiler.js:24674:1)
	    at JitCompiler.push../node_modules/@angular/compiler/esm5/compiler.js.JitCompiler._parseTemplate node_modules/@angular/compiler/esm5/compiler.js:34629:1)
	    at JitCompiler.push../node_modules/@angular/compiler/esm5/compiler.js.JitCompiler._compileTemplate node_modules/@angular/compiler/esm5/compiler.js:34604:1)
	    at http://localhost:18763/_karma_webpack_/webpack:/node_modules/@angular/compiler/esm5/compiler.js:34505:48
	    at Set.forEach (<anonymous>)
	    at JitCompiler.push../node_modules/@angular/compiler/esm5/compiler.js.JitCompiler._compileComponents node_modules/@angular/compiler/esm5/compiler.js:34505:1)
	    at http://localhost:18763/_karma_webpack_/webpack:/node_modules/@angular/compiler/esm5/compiler.js:34393:1
	    at Object.then node_modules/@angular/compiler/esm5/compiler.js:475:33)
	    at JitCompiler.push../node_modules/@angular/compiler/esm5/compiler.js.JitCompiler._compileModuleAndAllComponents node_modules/@angular/compiler/esm5/compiler.js:34391:1)
	'topnav' is not a known element:
	1. If 'topnav' is an Angular component, then verify that it is part of this module.
	2. To allow any element add 'NO_ERRORS_SCHEMA' to the '@NgModule.schemas' of this component. ("[ERROR ->]<topnav></topnav>    
	<div class="container">
		<div class="row">
	"): ng:///DynamicTestModule/AppComponent.html@0:0
	'router-outlet' is not a known element:
	1. If 'router-outlet' is an Angular component, then verify that it is part of this module.
	2. If 'router-outlet' is a Web Component then add 'CUSTOM_ELEMENTS_SCHEMA' to the '@NgModule.schemas' of this component to suppress this message. ("
		<div class="row">
			<div class="col-md-1"></div>
			[ERROR ->]<router-outlet></router-outlet>
			<div class="col-md-1"></div>
		</div>
	"): ng:///DynamicTestModule/AppComponent.html@4:2
	Error: Template parse errors:
	    at syntaxError node_modules/@angular/compiler/esm5/compiler.js:486:22)
	    at TemplateParser.push../node_modules/@angular/compiler/esm5/compiler.js.TemplateParser.parse node_modules/@angular/compiler/esm5/compiler.js:24674:1)
	    at JitCompiler.push../node_modules/@angular/compiler/esm5/compiler.js.JitCompiler._parseTemplate node_modules/@angular/compiler/esm5/compiler.js:34629:1)
	    at JitCompiler.push../node_modules/@angular/compiler/esm5/compiler.js.JitCompiler._compileTemplate node_modules/@angular/compiler/esm5/compiler.js:34604:1)
	    at http://localhost:18763/_karma_webpack_/webpack:/node_modules/@angular/compiler/esm5/compiler.js:34505:48
	    at Set.forEach (<anonymous>)
	    at JitCompiler.push../node_modules/@angular/compiler/esm5/compiler.js.JitCompiler._compileComponents node_modules/@angular/compiler/esm5/compiler.js:34505:1)
	    at http://localhost:18763/_karma_webpack_/webpack:/node_modules/@angular/compiler/esm5/compiler.js:34393:1
	    at Object.then node_modules/@angular/compiler/esm5/compiler.js:475:33)
	    at JitCompiler.push../node_modules/@angular/compiler/esm5/compiler.js.JitCompiler._compileModuleAndAllComponents node_modules/@angular/compiler/esm5/compiler.js:34391:1)
Chrome 67.0.3396 (Mac OS X 10.13.3): Executed 3 of 14 (2 FAILED) (0 secs / 0.221 secs)
Chrome 67.0.3396 (Mac OS X 10.13.3) AppComponent should create the app FAILED
	'topnav' is not a known element:
	1. If 'topnav' is an Angular component, then verify that it is part of this module.
	2. To allow any element add 'NO_ERRORS_SCHEMA' to the '@NgModule.schemas' of this component. ("[ERROR ->]<topnav></topnav>    
	<div class="container">
		<div class="row">
	"): ng:///DynamicTestModule/AppComponent.html@0:0
	'router-outlet' is not a known element:
	1. If 'router-outlet' is an Angular component, then verify that it is part of this module.
	2. If 'router-outlet' is a Web Component then add 'CUSTOM_ELEMENTS_SCHEMA' to the '@NgModule.schemas' of this component to suppress this message. ("
		<div class="row">
			<div class="col-md-1"></div>
			[ERROR ->]<router-outlet></router-outlet>
			<div class="col-md-1"></div>
		</div>
	"): ng:///DynamicTestModule/AppComponent.html@4:2
	Error: Template parse errors:
	    at syntaxError node_modules/@angular/compiler/esm5/compiler.js:486:22)
	    at TemplateParser.push../node_modules/@angular/compiler/esm5/compiler.js.TemplateParser.parse node_modules/@angular/compiler/esm5/compiler.js:24674:1)
	    at JitCompiler.push../node_modules/@angular/compiler/esm5/compiler.js.JitCompiler._parseTemplate node_modules/@angular/compiler/esm5/compiler.js:34629:1)
	    at JitCompiler.push../node_modules/@angular/compiler/esm5/compiler.js.JitCompiler._compileTemplate node_modules/@angular/compiler/esm5/compiler.js:34604:1)
	    at http://localhost:18763/_karma_webpack_/webpack:/node_modules/@angular/compiler/esm5/compiler.js:34505:48
	    at Set.forEach (<anonymous>)
	    at JitCompiler.push../node_modules/@angular/compiler/esm5/compiler.js.JitCompiler._compileComponents node_modules/@angular/compiler/esm5/compiler.js:34505:1)
	    at http://localhost:18763/_karma_webpack_/webpack:/node_modules/@angular/compiler/esm5/compiler.js:34393:1
	    at Object.then node_modules/@angular/compiler/esm5/compiler.js:475:33)
	    at JitCompiler.push../node_modules/@angular/compiler/esm5/compiler.js.JitCompiler._compileModuleAndAllComponents node_modules/@angular/compiler/esm5/compiler.js:34391:1)
	'topnav' is not a known element:
	1. If 'topnav' is an Angular component, then verify that it is part of this module.
	2. To allow any element add 'NO_ERRORS_SCHEMA' to the '@NgModule.schemas' of this component. ("[ERROR ->]<topnav></topnav>    
	<div class="container">
		<div class="row">
	"): ng:///DynamicTestModule/AppComponent.html@0:0
	'router-outlet' is not a known element:
	1. If 'router-outlet' is an Angular component, then verify that it is part of this module.
	2. If 'router-outlet' is a Web Component then add 'CUSTOM_ELEMENTS_SCHEMA' to the '@NgModule.schemas' of this component to suppress this message. ("
		<div class="row">
			<div class="col-md-1"></div>
			[ERROR ->]<router-outlet></router-outlet>
			<div class="col-md-1"></div>
		</div>
	"): ng:///DynamicTestModule/AppComponent.html@4:2
	Error: Template parse errors:
	    at syntaxError node_modules/@angular/compiler/esm5/compiler.js:486:22)
	    at TemplateParser.push../node_modules/@angular/compiler/esm5/compiler.js.TemplateParser.parse node_modules/@angular/compiler/esm5/compiler.js:24674:1)
	    at JitCompiler.push../node_modules/@angular/compiler/esm5/compiler.js.JitCompiler._parseTemplate node_modules/@angular/compiler/esm5/compiler.js:34629:1)
	    at JitCompiler.push../node_modules/@angular/compiler/esm5/compiler.js.JitCompiler._compileTemplate node_modules/@angular/compiler/esm5/compiler.js:34604:1)
	    at http://localhost:18763/_karma_webpack_/webpack:/node_modules/@angular/compiler/esm5/compiler.js:34505:48
	    at Set.forEach (<anonymous>)
	    at JitCompiler.push../node_modules/@angular/compiler/esm5/compiler.js.JitCompiler._compileComponents node_modules/@angular/compiler/esm5/compiler.js:34505:1)
	    at http://localhost:18763/_karma_webpack_/webpack:/node_modules/@angular/compiler/esm5/compiler.js:34393:1
	    at Object.then node_modules/@angular/compiler/esm5/compiler.js:475:33)
	    at JitCompiler.push../node_modules/@angular/compiler/esm5/compiler.js.JitCompiler._compileModuleAndAllComponents node_modules/@angular/compiler/esm5/compiler.js:34391:1)
Chrome 67.0.3396 (Mac OS X 10.13.3) AppComponent should have as title 'app' FAILED
	'topnav' is not a known element:
	1. If 'topnav' is an Angular component, then verify that it is part of this module.
	2. To allow any element add 'NO_ERRORS_SCHEMA' to the '@NgModule.schemas' of this component. ("[ERROR ->]<topnav></topnav>    
	<div class="container">
		<div class="row">
	"): ng:///DynamicTestModule/AppComponent.html@0:0
	'router-outlet' is not a known element:
	1. If 'router-outlet' is an Angular component, then verify that it is part of this module.
	2. If 'router-outlet' is a Web Component then add 'CUSTOM_ELEMENTS_SCHEMA' to the '@NgModule.schemas' of this component to suppress this message. ("
		<div class="row">
			<div class="col-md-1"></div>
			[ERROR ->]<router-outlet></router-outlet>
			<div class="col-md-1"></div>
		</div>
	"): ng:///DynamicTestModule/AppComponent.html@4:2
	Error: Template parse errors:
	    at syntaxError node_modules/@angular/compiler/esm5/compiler.js:486:22)
	    at TemplateParser.push../node_modules/@angular/compiler/esm5/compiler.js.TemplateParser.parse node_modules/@angular/compiler/esm5/compiler.js:24674:1)
	    at JitCompiler.push../node_modules/@angular/compiler/esm5/compiler.js.JitCompiler._parseTemplate node_modules/@angular/compiler/esm5/compiler.js:34629:1)
	    at JitCompiler.push../node_modules/@angular/compiler/esm5/compiler.js.JitCompiler._compileTemplate node_modules/@angular/compiler/esm5/compiler.js:34604:1)
	    at http://localhost:18763/_karma_webpack_/webpack:/node_modules/@angular/compiler/esm5/compiler.js:34505:48
	    at Set.forEach (<anonymous>)
	    at JitCompiler.push../node_modules/@angular/compiler/esm5/compiler.js.JitCompiler._compileComponents node_modules/@angular/compiler/esm5/compiler.js:34505:1)
	    at http://localhost:18763/_karma_webpack_/webpack:/node_modules/@angular/compiler/esm5/compiler.js:34393:1
	    at Object.then node_modules/@angular/compiler/esm5/compiler.js:475:33)
	    at JitCompiler.push../node_modules/@angular/compiler/esm5/compiler.js.JitCompiler._compileModuleAndAllComponents node_modules/@angular/compiler/esm5/compiler.js:34391:1)
	'topnav' is not a known element:
	1. If 'topnav' is an Angular component, then verify that it is part of this module.
	2. To allow any element add 'NO_ERRORS_SCHEMA' to the '@NgModule.schemas' of this component. ("[ERROR ->]<topnav></topnav>    
	<div class="container">
		<div class="row">
	"): ng:///DynamicTestModule/AppComponent.html@0:0
	'router-outlet' is not a known element:
	1. If 'router-outlet' is an Angular component, then verify that it is part of this module.
	2. If 'router-outlet' is a Web Component then add 'CUSTOM_ELEMENTS_SCHEMA' to the '@NgModule.schemas' of this component to suppress this message. ("
		<div class="row">
			<div class="col-md-1"></div>
			[ERROR ->]<router-outlet></router-outlet>
			<div class="col-md-1"></div>
		</div>
	"): ng:///DynamicTestModule/AppComponent.html@4:2
	Error: Template parse errors:
	    at syntaxError node_modules/@angular/compiler/esm5/compiler.js:486:22)
	    at TemplateParser.push../node_modules/@angular/compiler/esm5/compiler.js.TemplateParser.parse node_modules/@angular/compiler/esm5/compiler.js:24674:1)
	    at JitCompiler.push../node_modules/@angular/compiler/esm5/compiler.js.JitCompiler._parseTemplate node_modules/@angular/compiler/esm5/compiler.js:34629:1)
	    at JitCompiler.push../node_modules/@angular/compiler/esm5/compiler.js.JitCompiler._compileTemplate node_modules/@angular/compiler/esm5/compiler.js:34604:1)
	    at http://localhost:18763/_karma_webpack_/webpack:/node_modules/@angular/compiler/esm5/compiler.js:34505:48
	    at Set.forEach (<anonymous>)
	    at JitCompiler.push../node_modules/@angular/compiler/esm5/compiler.js.JitCompiler._compileComponents node_modules/@angular/compiler/esm5/compiler.js:34505:1)
	    at http://localhost:18763/_karma_webpack_/webpack:/node_modules/@angular/compiler/esm5/compiler.js:34393:1
	    at Object.then node_modules/@angular/compiler/esm5/compiler.js:475:33)
	    at JitCompiler.push../node_modules/@angular/compiler/esm5/compiler.js.JitCompiler._compileModuleAndAllComponents node_modules/@angular/compiler/esm5/compiler.js:34391:1)
[1A[2KChrome 67.0.3396 (Mac OS X 10.13.3) AppComponent should have as title 'app' FAILED
	'topnav' is not a known element:
	1. If 'topnav' is an Angular component, then verify that it is part of this module.
	2. To allow any element add 'NO_ERRORS_SCHEMA' to the '@NgModule.schemas' of this component. ("[ERROR ->]<topnav></topnav>    
	<div class="container">
		<div class="row">
	"): ng:///DynamicTestModule/AppComponent.html@0:0
	'router-outlet' is not a known element:
	1. If 'router-outlet' is an Angular component, then verify that it is part of this module.
	2. If 'router-outlet' is a Web Component then add 'CUSTOM_ELEMENTS_SCHEMA' to the '@NgModule.schemas' of this component to suppress this message. ("
		<div class="row">
			<div class="col-md-1"></div>
			[ERROR ->]<router-outlet></router-outlet>
			<div class="col-md-1"></div>
		</div>
	"): ng:///DynamicTestModule/AppComponent.html@4:2
	Error: Template parse errors:
	    at syntaxError node_modules/@angular/compiler/esm5/compiler.js:486:22)
	    at TemplateParser.push../node_modules/@angular/compiler/esm5/compiler.js.TemplateParser.parse node_modules/@angular/compiler/esm5/compiler.js:24674:1)
	    at JitCompiler.push../node_modules/@angular/compiler/esm5/compiler.js.JitCompiler._parseTemplate node_modules/@angular/compiler/esm5/compiler.js:34629:1)
	    at JitCompiler.push../node_modules/@angular/compiler/esm5/compiler.js.JitCompiler._compileTemplate node_modules/@angular/compiler/esm5/compiler.js:34604:1)
	    at http://localhost:18763/_karma_webpack_/webpack:/node_modules/@angular/compiler/esm5/compiler.js:34505:48
	    at Set.forEach (<anonymous>)
	    at JitCompiler.push../node_modules/@angular/compiler/esm5/compiler.js.JitCompiler._compileComponents node_modules/@angular/compiler/esm5/compiler.js:34505:1)
	    at http://localhost:18763/_karma_webpack_/webpack:/node_modules/@angular/compiler/esm5/compiler.js:34393:1
	    at Object.then node_modules/@angular/compiler/esm5/compiler.js:475:33)
	    at JitCompiler.push../node_modules/@angular/compiler/esm5/compiler.js.JitCompiler._compileModuleAndAllComponents node_modules/@angular/compiler/esm5/compiler.js:34391:1)
	'topnav' is not a known element:
	1. If 'topnav' is an Angular component, then verify that it is part of this module.
	2. To allow any element add 'NO_ERRORS_SCHEMA' to the '@NgModule.schemas' of this component. ("[ERROR ->]<topnav></topnav>    
	<div class="container">
		<div class="row">
	"): ng:///DynamicTestModule/AppComponent.html@0:0
	'router-outlet' is not a known element:
	1. If 'router-outlet' is an Angular component, then verify that it is part of this module.
	2. If 'router-outlet' is a Web Component then add 'CUSTOM_ELEMENTS_SCHEMA' to the '@NgModule.schemas' of this component to suppress this message. ("
		<div class="row">
			<div class="col-md-1"></div>
			[ERROR ->]<router-outlet></router-outlet>
			<div class="col-md-1"></div>
		</div>
	"): ng:///DynamicTestModule/AppComponent.html@4:2
	Error: Template parse errors:
	    at syntaxError node_modules/@angular/compiler/esm5/compiler.js:486:22)
	    at TemplateParser.push../node_modules/@angular/compiler/esm5/compiler.js.TemplateParser.parse node_modules/@angular/compiler/esm5/compiler.js:24674:1)
	    at JitCompiler.push../node_modules/@angular/compiler/esm5/compiler.js.JitCompiler._parseTemplate node_modules/@angular/compiler/esm5/compiler.js:34629:1)
	    at JitCompiler.push../node_modules/@angular/compiler/esm5/compiler.js.JitCompiler._compileTemplate node_modules/@angular/compiler/esm5/compiler.js:34604:1)
	    at http://localhost:18763/_karma_webpack_/webpack:/node_modules/@angular/compiler/esm5/compiler.js:34505:48
	    at Set.forEach (<anonymous>)
	    at JitCompiler.push../node_modules/@angular/compiler/esm5/compiler.js.JitCompiler._compileComponents node_modules/@angular/compiler/esm5/compiler.js:34505:1)
	    at http://localhost:18763/_karma_webpack_/webpack:/node_modules/@angular/compiler/esm5/compiler.js:34393:1
	    at Object.then node_modules/@angular/compiler/esm5/compiler.js:475:33)
	    at JitCompiler.push../node_modules/@angular/compiler/esm5/compiler.js.JitCompiler._compileModuleAndAllComponents node_modules/@angular/compiler/esm5/compiler.js:34391:1)
Chrome 67.0.3396 (Mac OS X 10.13.3): Executed 4 of 14 (3 FAILED) (0 secs / 0.235 secs)
Chrome 67.0.3396 (Mac OS X 10.13.3) AppComponent should have as title 'app' FAILED
	'topnav' is not a known element:
	1. If 'topnav' is an Angular component, then verify that it is part of this module.
	2. To allow any element add 'NO_ERRORS_SCHEMA' to the '@NgModule.schemas' of this component. ("[ERROR ->]<topnav></topnav>    
	<div class="container">
		<div class="row">
	"): ng:///DynamicTestModule/AppComponent.html@0:0
	'router-outlet' is not a known element:
	1. If 'router-outlet' is an Angular component, then verify that it is part of this module.
	2. If 'router-outlet' is a Web Component then add 'CUSTOM_ELEMENTS_SCHEMA' to the '@NgModule.schemas' of this component to suppress this message. ("
		<div class="row">
			<div class="col-md-1"></div>
			[ERROR ->]<router-outlet></router-outlet>
			<div class="col-md-1"></div>
		</div>
	"): ng:///DynamicTestModule/AppComponent.html@4:2
	Error: Template parse errors:
	    at syntaxError node_modules/@angular/compiler/esm5/compiler.js:486:22)
	    at TemplateParser.push../node_modules/@angular/compiler/esm5/compiler.js.TemplateParser.parse node_modules/@angular/compiler/esm5/compiler.js:24674:1)
	    at JitCompiler.push../node_modules/@angular/compiler/esm5/compiler.js.JitCompiler._parseTemplate node_modules/@angular/compiler/esm5/compiler.js:34629:1)
	    at JitCompiler.push../node_modules/@angular/compiler/esm5/compiler.js.JitCompiler._compileTemplate node_modules/@angular/compiler/esm5/compiler.js:34604:1)
	    at http://localhost:18763/_karma_webpack_/webpack:/node_modules/@angular/compiler/esm5/compiler.js:34505:48
	    at Set.forEach (<anonymous>)
	    at JitCompiler.push../node_modules/@angular/compiler/esm5/compiler.js.JitCompiler._compileComponents node_modules/@angular/compiler/esm5/compiler.js:34505:1)
	    at http://localhost:18763/_karma_webpack_/webpack:/node_modules/@angular/compiler/esm5/compiler.js:34393:1
	    at Object.then node_modules/@angular/compiler/esm5/compiler.js:475:33)
	    at JitCompiler.push../node_modules/@angular/compiler/esm5/compiler.js.JitCompiler._compileModuleAndAllComponents node_modules/@angular/compiler/esm5/compiler.js:34391:1)
	'topnav' is not a known element:
	1. If 'topnav' is an Angular component, then verify that it is part of this module.
	2. To allow any element add 'NO_ERRORS_SCHEMA' to the '@NgModule.schemas' of this component. ("[ERROR ->]<topnav></topnav>    
	<div class="container">
		<div class="row">
	"): ng:///DynamicTestModule/AppComponent.html@0:0
	'router-outlet' is not a known element:
	1. If 'router-outlet' is an Angular component, then verify that it is part of this module.
	2. If 'router-outlet' is a Web Component then add 'CUSTOM_ELEMENTS_SCHEMA' to the '@NgModule.schemas' of this component to suppress this message. ("
		<div class="row">
			<div class="col-md-1"></div>
			[ERROR ->]<router-outlet></router-outlet>
			<div class="col-md-1"></div>
		</div>
	"): ng:///DynamicTestModule/AppComponent.html@4:2
	Error: Template parse errors:
	    at syntaxError node_modules/@angular/compiler/esm5/compiler.js:486:22)
	    at TemplateParser.push../node_modules/@angular/compiler/esm5/compiler.js.TemplateParser.parse node_modules/@angular/compiler/esm5/compiler.js:24674:1)
	    at JitCompiler.push../node_modules/@angular/compiler/esm5/compiler.js.JitCompiler._parseTemplate node_modules/@angular/compiler/esm5/compiler.js:34629:1)
	    at JitCompiler.push../node_modules/@angular/compiler/esm5/compiler.js.JitCompiler._compileTemplate node_modules/@angular/compiler/esm5/compiler.js:34604:1)
	    at http://localhost:18763/_karma_webpack_/webpack:/node_modules/@angular/compiler/esm5/compiler.js:34505:48
	    at Set.forEach (<anonymous>)
	    at JitCompiler.push../node_modules/@angular/compiler/esm5/compiler.js.JitCompiler._compileComponents node_modules/@angular/compiler/esm5/compiler.js:34505:1)
	    at http://localhost:18763/_karma_webpack_/webpack:/node_modules/@angular/compiler/esm5/compiler.js:34393:1
	    at Object.then node_modules/@angular/compiler/esm5/compiler.js:475:33)
	    at JitCompiler.push../node_modules/@angular/compiler/esm5/compiler.js.JitCompiler._compileModuleAndAllComponents node_modules/@angular/compiler/esm5/compiler.js:34391:1)
Chrome 67.0.3396 (Mac OS X 10.13.3) AppComponent should render title in a h1 tag FAILED
	'topnav' is not a known element:
	1. If 'topnav' is an Angular component, then verify that it is part of this module.
	2. To allow any element add 'NO_ERRORS_SCHEMA' to the '@NgModule.schemas' of this component. ("[ERROR ->]<topnav></topnav>    
	<div class="container">
		<div class="row">
	"): ng:///DynamicTestModule/AppComponent.html@0:0
	'router-outlet' is not a known element:
	1. If 'router-outlet' is an Angular component, then verify that it is part of this module.
	2. If 'router-outlet' is a Web Component then add 'CUSTOM_ELEMENTS_SCHEMA' to the '@NgModule.schemas' of this component to suppress this message. ("
		<div class="row">
			<div class="col-md-1"></div>
			[ERROR ->]<router-outlet></router-outlet>
			<div class="col-md-1"></div>
		</div>
	"): ng:///DynamicTestModule/AppComponent.html@4:2
	Error: Template parse errors:
	    at syntaxError node_modules/@angular/compiler/esm5/compiler.js:486:22)
	    at TemplateParser.push../node_modules/@angular/compiler/esm5/compiler.js.TemplateParser.parse node_modules/@angular/compiler/esm5/compiler.js:24674:1)
	    at JitCompiler.push../node_modules/@angular/compiler/esm5/compiler.js.JitCompiler._parseTemplate node_modules/@angular/compiler/esm5/compiler.js:34629:1)
	    at JitCompiler.push../node_modules/@angular/compiler/esm5/compiler.js.JitCompiler._compileTemplate node_modules/@angular/compiler/esm5/compiler.js:34604:1)
	    at http://localhost:18763/_karma_webpack_/webpack:/node_modules/@angular/compiler/esm5/compiler.js:34505:48
	    at Set.forEach (<anonymous>)
	    at JitCompiler.push../node_modules/@angular/compiler/esm5/compiler.js.JitCompiler._compileComponents node_modules/@angular/compiler/esm5/compiler.js:34505:1)
	    at http://localhost:18763/_karma_webpack_/webpack:/node_modules/@angular/compiler/esm5/compiler.js:34393:1
	    at Object.then node_modules/@angular/compiler/esm5/compiler.js:475:33)
	    at JitCompiler.push../node_modules/@angular/compiler/esm5/compiler.js.JitCompiler._compileModuleAndAllComponents node_modules/@angular/compiler/esm5/compiler.js:34391:1)
	'topnav' is not a known element:
	1. If 'topnav' is an Angular component, then verify that it is part of this module.
	2. To allow any element add 'NO_ERRORS_SCHEMA' to the '@NgModule.schemas' of this component. ("[ERROR ->]<topnav></topnav>    
	<div class="container">
		<div class="row">
	"): ng:///DynamicTestModule/AppComponent.html@0:0
	'router-outlet' is not a known element:
	1. If 'router-outlet' is an Angular component, then verify that it is part of this module.
	2. If 'router-outlet' is a Web Component then add 'CUSTOM_ELEMENTS_SCHEMA' to the '@NgModule.schemas' of this component to suppress this message. ("
		<div class="row">
			<div class="col-md-1"></div>
			[ERROR ->]<router-outlet></router-outlet>
			<div class="col-md-1"></div>
		</div>
	"): ng:///DynamicTestModule/AppComponent.html@4:2
	Error: Template parse errors:
	    at syntaxError node_modules/@angular/compiler/esm5/compiler.js:486:22)
	    at TemplateParser.push../node_modules/@angular/compiler/esm5/compiler.js.TemplateParser.parse node_modules/@angular/compiler/esm5/compiler.js:24674:1)
	    at JitCompiler.push../node_modules/@angular/compiler/esm5/compiler.js.JitCompiler._parseTemplate node_modules/@angular/compiler/esm5/compiler.js:34629:1)
	    at JitCompiler.push../node_modules/@angular/compiler/esm5/compiler.js.JitCompiler._compileTemplate node_modules/@angular/compiler/esm5/compiler.js:34604:1)
	    at http://localhost:18763/_karma_webpack_/webpack:/node_modules/@angular/compiler/esm5/compiler.js:34505:48
	    at Set.forEach (<anonymous>)
	    at JitCompiler.push../node_modules/@angular/compiler/esm5/compiler.js.JitCompiler._compileComponents node_modules/@angular/compiler/esm5/compiler.js:34505:1)
	    at http://localhost:18763/_karma_webpack_/webpack:/node_modules/@angular/compiler/esm5/compiler.js:34393:1
	    at Object.then node_modules/@angular/compiler/esm5/compiler.js:475:33)
	    at JitCompiler.push../node_modules/@angular/compiler/esm5/compiler.js.JitCompiler._compileModuleAndAllComponents node_modules/@angular/compiler/esm5/compiler.js:34391:1)
[1A[2KChrome 67.0.3396 (Mac OS X 10.13.3) AppComponent should render title in a h1 tag FAILED
	'topnav' is not a known element:
	1. If 'topnav' is an Angular component, then verify that it is part of this module.
	2. To allow any element add 'NO_ERRORS_SCHEMA' to the '@NgModule.schemas' of this component. ("[ERROR ->]<topnav></topnav>    
	<div class="container">
		<div class="row">
	"): ng:///DynamicTestModule/AppComponent.html@0:0
	'router-outlet' is not a known element:
	1. If 'router-outlet' is an Angular component, then verify that it is part of this module.
	2. If 'router-outlet' is a Web Component then add 'CUSTOM_ELEMENTS_SCHEMA' to the '@NgModule.schemas' of this component to suppress this message. ("
		<div class="row">
			<div class="col-md-1"></div>
			[ERROR ->]<router-outlet></router-outlet>
			<div class="col-md-1"></div>
		</div>
	"): ng:///DynamicTestModule/AppComponent.html@4:2
	Error: Template parse errors:
	    at syntaxError node_modules/@angular/compiler/esm5/compiler.js:486:22)
	    at TemplateParser.push../node_modules/@angular/compiler/esm5/compiler.js.TemplateParser.parse node_modules/@angular/compiler/esm5/compiler.js:24674:1)
	    at JitCompiler.push../node_modules/@angular/compiler/esm5/compiler.js.JitCompiler._parseTemplate node_modules/@angular/compiler/esm5/compiler.js:34629:1)
	    at JitCompiler.push../node_modules/@angular/compiler/esm5/compiler.js.JitCompiler._compileTemplate node_modules/@angular/compiler/esm5/compiler.js:34604:1)
	    at http://localhost:18763/_karma_webpack_/webpack:/node_modules/@angular/compiler/esm5/compiler.js:34505:48
	    at Set.forEach (<anonymous>)
	    at JitCompiler.push../node_modules/@angular/compiler/esm5/compiler.js.JitCompiler._compileComponents node_modules/@angular/compiler/esm5/compiler.js:34505:1)
	    at http://localhost:18763/_karma_webpack_/webpack:/node_modules/@angular/compiler/esm5/compiler.js:34393:1
	    at Object.then node_modules/@angular/compiler/esm5/compiler.js:475:33)
	    at JitCompiler.push../node_modules/@angular/compiler/esm5/compiler.js.JitCompiler._compileModuleAndAllComponents node_modules/@angular/compiler/esm5/compiler.js:34391:1)
	'topnav' is not a known element:
	1. If 'topnav' is an Angular component, then verify that it is part of this module.
	2. To allow any element add 'NO_ERRORS_SCHEMA' to the '@NgModule.schemas' of this component. ("[ERROR ->]<topnav></topnav>    
	<div class="container">
		<div class="row">
	"): ng:///DynamicTestModule/AppComponent.html@0:0
	'router-outlet' is not a known element:
	1. If 'router-outlet' is an Angular component, then verify that it is part of this module.
	2. If 'router-outlet' is a Web Component then add 'CUSTOM_ELEMENTS_SCHEMA' to the '@NgModule.schemas' of this component to suppress this message. ("
		<div class="row">
			<div class="col-md-1"></div>
			[ERROR ->]<router-outlet></router-outlet>
			<div class="col-md-1"></div>
		</div>
	"): ng:///DynamicTestModule/AppComponent.html@4:2
	Error: Template parse errors:
	    at syntaxError node_modules/@angular/compiler/esm5/compiler.js:486:22)
	    at TemplateParser.push../node_modules/@angular/compiler/esm5/compiler.js.TemplateParser.parse node_modules/@angular/compiler/esm5/compiler.js:24674:1)
	    at JitCompiler.push../node_modules/@angular/compiler/esm5/compiler.js.JitCompiler._parseTemplate node_modules/@angular/compiler/esm5/compiler.js:34629:1)
	    at JitCompiler.push../node_modules/@angular/compiler/esm5/compiler.js.JitCompiler._compileTemplate node_modules/@angular/compiler/esm5/compiler.js:34604:1)
	    at http://localhost:18763/_karma_webpack_/webpack:/node_modules/@angular/compiler/esm5/compiler.js:34505:48
	    at Set.forEach (<anonymous>)
	    at JitCompiler.push../node_modules/@angular/compiler/esm5/compiler.js.JitCompiler._compileComponents node_modules/@angular/compiler/esm5/compiler.js:34505:1)
	    at http://localhost:18763/_karma_webpack_/webpack:/node_modules/@angular/compiler/esm5/compiler.js:34393:1
	    at Object.then node_modules/@angular/compiler/esm5/compiler.js:475:33)
	    at JitCompiler.push../node_modules/@angular/compiler/esm5/compiler.js.JitCompiler._compileModuleAndAllComponents node_modules/@angular/compiler/esm5/compiler.js:34391:1)
Chrome 67.0.3396 (Mac OS X 10.13.3): Executed 5 of 14 (4 FAILED) (0 secs / 0.249 secs)
Chrome 67.0.3396 (Mac OS X 10.13.3) AppComponent should render title in a h1 tag FAILED
	'topnav' is not a known element:
	1. If 'topnav' is an Angular component, then verify that it is part of this module.
	2. To allow any element add 'NO_ERRORS_SCHEMA' to the '@NgModule.schemas' of this component. ("[ERROR ->]<topnav></topnav>    
	<div class="container">
		<div class="row">
	"): ng:///DynamicTestModule/AppComponent.html@0:0
	'router-outlet' is not a known element:
	1. If 'router-outlet' is an Angular component, then verify that it is part of this module.
	2. If 'router-outlet' is a Web Component then add 'CUSTOM_ELEMENTS_SCHEMA' to the '@NgModule.schemas' of this component to suppress this message. ("
		<div class="row">
			<div class="col-md-1"></div>
			[ERROR ->]<router-outlet></router-outlet>
			<div class="col-md-1"></div>
		</div>
	"): ng:///DynamicTestModule/AppComponent.html@4:2
	Error: Template parse errors:
	    at syntaxError node_modules/@angular/compiler/esm5/compiler.js:486:22)
	    at TemplateParser.push../node_modules/@angular/compiler/esm5/compiler.js.TemplateParser.parse node_modules/@angular/compiler/esm5/compiler.js:24674:1)
	    at JitCompiler.push../node_modules/@angular/compiler/esm5/compiler.js.JitCompiler._parseTemplate node_modules/@angular/compiler/esm5/compiler.js:34629:1)
	    at JitCompiler.push../node_modules/@angular/compiler/esm5/compiler.js.JitCompiler._compileTemplate node_modules/@angular/compiler/esm5/compiler.js:34604:1)
	    at http://localhost:18763/_karma_webpack_/webpack:/node_modules/@angular/compiler/esm5/compiler.js:34505:48
	    at Set.forEach (<anonymous>)
	    at JitCompiler.push../node_modules/@angular/compiler/esm5/compiler.js.JitCompiler._compileComponents node_modules/@angular/compiler/esm5/compiler.js:34505:1)
	    at http://localhost:18763/_karma_webpack_/webpack:/node_modules/@angular/compiler/esm5/compiler.js:34393:1
	    at Object.then node_modules/@angular/compiler/esm5/compiler.js:475:33)
	    at JitCompiler.push../node_modules/@angular/compiler/esm5/compiler.js.JitCompiler._compileModuleAndAllComponents node_modules/@angular/compiler/esm5/compiler.js:34391:1)
	'topnav' is not a known element:
	1. If 'topnav' is an Angular component, then verify that it is part of this module.
	2. To allow any element add 'NO_ERRORS_SCHEMA' to the '@NgModule.schemas' of this component. ("[ERROR ->]<topnav></topnav>    
	<div class="container">
		<div class="row">
	"): ng:///DynamicTestModule/AppComponent.html@0:0
	'router-outlet' is not a known element:
	1. If 'router-outlet' is an Angular component, then verify that it is part of this module.
	2. If 'router-outlet' is a Web Component then add 'CUSTOM_ELEMENTS_SCHEMA' to the '@NgModule.schemas' of this component to suppress this message. ("
		<div class="row">
			<div class="col-md-1"></div>
			[ERROR ->]<router-outlet></router-outlet>
			<div class="col-md-1"></div>
		</div>
	"): ng:///DynamicTestModule/AppComponent.html@4:2
	Error: Template parse errors:
	    at syntaxError node_modules/@angular/compiler/esm5/compiler.js:486:22)
	    at TemplateParser.push../node_modules/@angular/compiler/esm5/compiler.js.TemplateParser.parse node_modules/@angular/compiler/esm5/compiler.js:24674:1)
	    at JitCompiler.push../node_modules/@angular/compiler/esm5/compiler.js.JitCompiler._parseTemplate node_modules/@angular/compiler/esm5/compiler.js:34629:1)
	    at JitCompiler.push../node_modules/@angular/compiler/esm5/compiler.js.JitCompiler._compileTemplate node_modules/@angular/compiler/esm5/compiler.js:34604:1)
	    at http://localhost:18763/_karma_webpack_/webpack:/node_modules/@angular/compiler/esm5/compiler.js:34505:48
	    at Set.forEach (<anonymous>)
	    at JitCompiler.push../node_modules/@angular/compiler/esm5/compiler.js.JitCompiler._compileComponents node_modules/@angular/compiler/esm5/compiler.js:34505:1)
	    at http://localhost:18763/_karma_webpack_/webpack:/node_modules/@angular/compiler/esm5/compiler.js:34393:1
	    at Object.then node_modules/@angular/compiler/esm5/compiler.js:475:33)
	    at JitCompiler.push../node_modules/@angular/compiler/esm5/compiler.js.JitCompiler._compileModuleAndAllComponents node_modules/@angular/compiler/esm5/compiler.js:34391:1)
Chrome 67.0.3396 (Mac OS X 10.13.3) RecentActivitiesComponent should be created FAILED
	Error: StaticInjectorError(DynamicTestModule)[RecentActivitiesComponent -> RecentActivitiesService]: 
	  StaticInjectorError(Platform: core)[RecentActivitiesComponent -> RecentActivitiesService]: 
	    NullInjectorError: No provider for RecentActivitiesService!
	    at _NullInjector.push../node_modules/@angular/core/esm5/core.js._NullInjector.get node_modules/@angular/core/esm5/core.js:1003:1)
	    at resolveToken node_modules/@angular/core/esm5/core.js:1301:1)
	    at tryResolveToken node_modules/@angular/core/esm5/core.js:1243:1)
	    at StaticInjector.push../node_modules/@angular/core/esm5/core.js.StaticInjector.get node_modules/@angular/core/esm5/core.js:1111:1)
	    at resolveToken node_modules/@angular/core/esm5/core.js:1301:1)
	    at tryResolveToken node_modules/@angular/core/esm5/core.js:1243:1)
	    at StaticInjector.push../node_modules/@angular/core/esm5/core.js.StaticInjector.get node_modules/@angular/core/esm5/core.js:1111:1)
	    at resolveNgModuleDep node_modules/@angular/core/esm5/core.js:10896:1)
	    at NgModuleRef_.push../node_modules/@angular/core/esm5/core.js.NgModuleRef_.get node_modules/@angular/core/esm5/core.js:12129:1)
	    at resolveDep node_modules/@angular/core/esm5/core.js:12619:1)
	Expected undefined to be truthy.
	    at Object.<anonymous> src/app/components/recent-activities/recent-activities.component.spec.ts:23:23)
	    at ZoneDelegate../node_modules/zone.js/dist/zone.js.ZoneDelegate.invoke node_modules/zone.js/dist/zone.js:388:1)
	    at ProxyZoneSpec.push../node_modules/zone.js/dist/proxy.js.ProxyZoneSpec.onInvoke node_modules/zone.js/dist/proxy.js:128:1)
	    at ZoneDelegate../node_modules/zone.js/dist/zone.js.ZoneDelegate.invoke node_modules/zone.js/dist/zone.js:387:1)
[1A[2KChrome 67.0.3396 (Mac OS X 10.13.3) RecentActivitiesComponent should be created FAILED
	Error: StaticInjectorError(DynamicTestModule)[RecentActivitiesComponent -> RecentActivitiesService]: 
	  StaticInjectorError(Platform: core)[RecentActivitiesComponent -> RecentActivitiesService]: 
	    NullInjectorError: No provider for RecentActivitiesService!
	    at _NullInjector.push../node_modules/@angular/core/esm5/core.js._NullInjector.get node_modules/@angular/core/esm5/core.js:1003:1)
	    at resolveToken node_modules/@angular/core/esm5/core.js:1301:1)
	    at tryResolveToken node_modules/@angular/core/esm5/core.js:1243:1)
	    at StaticInjector.push../node_modules/@angular/core/esm5/core.js.StaticInjector.get node_modules/@angular/core/esm5/core.js:1111:1)
	    at resolveToken node_modules/@angular/core/esm5/core.js:1301:1)
	    at tryResolveToken node_modules/@angular/core/esm5/core.js:1243:1)
	    at StaticInjector.push../node_modules/@angular/core/esm5/core.js.StaticInjector.get node_modules/@angular/core/esm5/core.js:1111:1)
	    at resolveNgModuleDep node_modules/@angular/core/esm5/core.js:10896:1)
	    at NgModuleRef_.push../node_modules/@angular/core/esm5/core.js.NgModuleRef_.get node_modules/@angular/core/esm5/core.js:12129:1)
	    at resolveDep node_modules/@angular/core/esm5/core.js:12619:1)
	Expected undefined to be truthy.
	    at Object.<anonymous> src/app/components/recent-activities/recent-activities.component.spec.ts:23:23)
	    at ZoneDelegate../node_modules/zone.js/dist/zone.js.ZoneDelegate.invoke node_modules/zone.js/dist/zone.js:388:1)
	    at ProxyZoneSpec.push../node_modules/zone.js/dist/proxy.js.ProxyZoneSpec.onInvoke node_modules/zone.js/dist/proxy.js:128:1)
	    at ZoneDelegate../node_modules/zone.js/dist/zone.js.ZoneDelegate.invoke node_modules/zone.js/dist/zone.js:387:1)
Chrome 67.0.3396 (Mac OS X 10.13.3): Executed 6 of 14 (5 FAILED) (0 secs / 0.279 secs)
Chrome 67.0.3396 (Mac OS X 10.13.3) RecentActivitiesComponent should be created FAILED
	Error: StaticInjectorError(DynamicTestModule)[RecentActivitiesComponent -> RecentActivitiesService]: 
	  StaticInjectorError(Platform: core)[RecentActivitiesComponent -> RecentActivitiesService]: 
	    NullInjectorError: No provider for RecentActivitiesService!
	    at _NullInjector.push../node_modules/@angular/core/esm5/core.js._NullInjector.get node_modules/@angular/core/esm5/core.js:1003:1)
	    at resolveToken node_modules/@angular/core/esm5/core.js:1301:1)
	    at tryResolveToken node_modules/@angular/core/esm5/core.js:1243:1)
	    at StaticInjector.push../node_modules/@angular/core/esm5/core.js.StaticInjector.get node_modules/@angular/core/esm5/core.js:1111:1)
	    at resolveToken node_modules/@angular/core/esm5/core.js:1301:1)
	    at tryResolveToken node_modules/@angular/core/esm5/core.js:1243:1)
	    at StaticInjector.push../node_modules/@angular/core/esm5/core.js.StaticInjector.get node_modules/@angular/core/esm5/core.js:1111:1)
	    at resolveNgModuleDep node_modules/@angular/core/esm5/core.js:10896:1)
	    at NgModuleRef_.push../node_modules/@angular/core/esm5/core.js.NgModuleRef_.get node_modules/@angular/core/esm5/core.js:12129:1)
	    at resolveDep node_modules/@angular/core/esm5/core.js:12619:1)
	Expected undefined to be truthy.
	    at Object.<anonymous> src/app/components/recent-activities/recent-activities.component.spec.ts:23:23)
	    at ZoneDelegate../node_modules/zone.js/dist/zone.js.ZoneDelegate.invoke node_modules/zone.js/dist/zone.js:388:1)
	    at ProxyZoneSpec.push../node_modules/zone.js/dist/proxy.js.ProxyZoneSpec.onInvoke node_modules/zone.js/dist/proxy.js:128:1)
	    at ZoneDelegate../node_modules/zone.js/dist/zone.js.ZoneDelegate.invoke node_modules/zone.js/dist/zone.js:387:1)
Chrome 67.0.3396 (Mac OS X 10.13.3) TimerComponent should be created FAILED
	Error: StaticInjectorError(DynamicTestModule)[TimerComponent -> RecentActivitiesService]: 
	  StaticInjectorError(Platform: core)[TimerComponent -> RecentActivitiesService]: 
	    NullInjectorError: No provider for RecentActivitiesService!
	    at _NullInjector.push../node_modules/@angular/core/esm5/core.js._NullInjector.get node_modules/@angular/core/esm5/core.js:1003:1)
	    at resolveToken node_modules/@angular/core/esm5/core.js:1301:1)
	    at tryResolveToken node_modules/@angular/core/esm5/core.js:1243:1)
	    at StaticInjector.push../node_modules/@angular/core/esm5/core.js.StaticInjector.get node_modules/@angular/core/esm5/core.js:1111:1)
	    at resolveToken node_modules/@angular/core/esm5/core.js:1301:1)
	    at tryResolveToken node_modules/@angular/core/esm5/core.js:1243:1)
	    at StaticInjector.push../node_modules/@angular/core/esm5/core.js.StaticInjector.get node_modules/@angular/core/esm5/core.js:1111:1)
	    at resolveNgModuleDep node_modules/@angular/core/esm5/core.js:10896:1)
	    at NgModuleRef_.push../node_modules/@angular/core/esm5/core.js.NgModuleRef_.get node_modules/@angular/core/esm5/core.js:12129:1)
	    at resolveDep node_modules/@angular/core/esm5/core.js:12619:1)
	Expected undefined to be truthy.
	    at Object.<anonymous> src/app/components/timer/timer.component.spec.ts:23:23)
	    at ZoneDelegate../node_modules/zone.js/dist/zone.js.ZoneDelegate.invoke node_modules/zone.js/dist/zone.js:388:1)
	    at ProxyZoneSpec.push../node_modules/zone.js/dist/proxy.js.ProxyZoneSpec.onInvoke node_modules/zone.js/dist/proxy.js:128:1)
	    at ZoneDelegate../node_modules/zone.js/dist/zone.js.ZoneDelegate.invoke node_modules/zone.js/dist/zone.js:387:1)
[1A[2KChrome 67.0.3396 (Mac OS X 10.13.3) TimerComponent should be created FAILED
	Error: StaticInjectorError(DynamicTestModule)[TimerComponent -> RecentActivitiesService]: 
	  StaticInjectorError(Platform: core)[TimerComponent -> RecentActivitiesService]: 
	    NullInjectorError: No provider for RecentActivitiesService!
	    at _NullInjector.push../node_modules/@angular/core/esm5/core.js._NullInjector.get node_modules/@angular/core/esm5/core.js:1003:1)
	    at resolveToken node_modules/@angular/core/esm5/core.js:1301:1)
	    at tryResolveToken node_modules/@angular/core/esm5/core.js:1243:1)
	    at StaticInjector.push../node_modules/@angular/core/esm5/core.js.StaticInjector.get node_modules/@angular/core/esm5/core.js:1111:1)
	    at resolveToken node_modules/@angular/core/esm5/core.js:1301:1)
	    at tryResolveToken node_modules/@angular/core/esm5/core.js:1243:1)
	    at StaticInjector.push../node_modules/@angular/core/esm5/core.js.StaticInjector.get node_modules/@angular/core/esm5/core.js:1111:1)
	    at resolveNgModuleDep node_modules/@angular/core/esm5/core.js:10896:1)
	    at NgModuleRef_.push../node_modules/@angular/core/esm5/core.js.NgModuleRef_.get node_modules/@angular/core/esm5/core.js:12129:1)
	    at resolveDep node_modules/@angular/core/esm5/core.js:12619:1)
	Expected undefined to be truthy.
	    at Object.<anonymous> src/app/components/timer/timer.component.spec.ts:23:23)
	    at ZoneDelegate../node_modules/zone.js/dist/zone.js.ZoneDelegate.invoke node_modules/zone.js/dist/zone.js:388:1)
	    at ProxyZoneSpec.push../node_modules/zone.js/dist/proxy.js.ProxyZoneSpec.onInvoke node_modules/zone.js/dist/proxy.js:128:1)
	    at ZoneDelegate../node_modules/zone.js/dist/zone.js.ZoneDelegate.invoke node_modules/zone.js/dist/zone.js:387:1)
Chrome 67.0.3396 (Mac OS X 10.13.3): Executed 7 of 14 (6 FAILED) (0 secs / 0.297 secs)
Chrome 67.0.3396 (Mac OS X 10.13.3) TimerComponent should be created FAILED
	Error: StaticInjectorError(DynamicTestModule)[TimerComponent -> RecentActivitiesService]: 
	  StaticInjectorError(Platform: core)[TimerComponent -> RecentActivitiesService]: 
	    NullInjectorError: No provider for RecentActivitiesService!
	    at _NullInjector.push../node_modules/@angular/core/esm5/core.js._NullInjector.get node_modules/@angular/core/esm5/core.js:1003:1)
	    at resolveToken node_modules/@angular/core/esm5/core.js:1301:1)
	    at tryResolveToken node_modules/@angular/core/esm5/core.js:1243:1)
	    at StaticInjector.push../node_modules/@angular/core/esm5/core.js.StaticInjector.get node_modules/@angular/core/esm5/core.js:1111:1)
	    at resolveToken node_modules/@angular/core/esm5/core.js:1301:1)
	    at tryResolveToken node_modules/@angular/core/esm5/core.js:1243:1)
	    at StaticInjector.push../node_modules/@angular/core/esm5/core.js.StaticInjector.get node_modules/@angular/core/esm5/core.js:1111:1)
	    at resolveNgModuleDep node_modules/@angular/core/esm5/core.js:10896:1)
	    at NgModuleRef_.push../node_modules/@angular/core/esm5/core.js.NgModuleRef_.get node_modules/@angular/core/esm5/core.js:12129:1)
	    at resolveDep node_modules/@angular/core/esm5/core.js:12619:1)
	Expected undefined to be truthy.
	    at Object.<anonymous> src/app/components/timer/timer.component.spec.ts:23:23)
	    at ZoneDelegate../node_modules/zone.js/dist/zone.js.ZoneDelegate.invoke node_modules/zone.js/dist/zone.js:388:1)
	    at ProxyZoneSpec.push../node_modules/zone.js/dist/proxy.js.ProxyZoneSpec.onInvoke node_modules/zone.js/dist/proxy.js:128:1)
	    at ZoneDelegate../node_modules/zone.js/dist/zone.js.ZoneDelegate.invoke node_modules/zone.js/dist/zone.js:387:1)
Chrome 67.0.3396 (Mac OS X 10.13.3) TopnavComponent should be created FAILED
	Can't bind to 'collapse' since it isn't a known property of 'div'. ("ef="#">Activity Tracker</a>
			</div>
			<div id="navbar-collapse-1" class="collapse navbar-collapse" [ERROR ->][collapse]="isCollapsed">
				<ul class="nav navbar-nav">
					<li class="active">
	"): ng:///DynamicTestModule/TopnavComponent.html@14:63
	Error: Template parse errors:
	    at syntaxError node_modules/@angular/compiler/esm5/compiler.js:486:22)
	    at TemplateParser.push../node_modules/@angular/compiler/esm5/compiler.js.TemplateParser.parse node_modules/@angular/compiler/esm5/compiler.js:24674:1)
	    at JitCompiler.push../node_modules/@angular/compiler/esm5/compiler.js.JitCompiler._parseTemplate node_modules/@angular/compiler/esm5/compiler.js:34629:1)
	    at JitCompiler.push../node_modules/@angular/compiler/esm5/compiler.js.JitCompiler._compileTemplate node_modules/@angular/compiler/esm5/compiler.js:34604:1)
	    at http://localhost:18763/_karma_webpack_/webpack:/node_modules/@angular/compiler/esm5/compiler.js:34505:48
	    at Set.forEach (<anonymous>)
	    at JitCompiler.push../node_modules/@angular/compiler/esm5/compiler.js.JitCompiler._compileComponents node_modules/@angular/compiler/esm5/compiler.js:34505:1)
	    at http://localhost:18763/_karma_webpack_/webpack:/node_modules/@angular/compiler/esm5/compiler.js:34393:1
	    at Object.then node_modules/@angular/compiler/esm5/compiler.js:475:33)
	    at JitCompiler.push../node_modules/@angular/compiler/esm5/compiler.js.JitCompiler._compileModuleAndAllComponents node_modules/@angular/compiler/esm5/compiler.js:34391:1)
	Error: Template parse errors:
	Can't bind to 'collapse' since it isn't a known property of 'div'. ("ef="#">Activity Tracker</a>
			</div>
			<div id="navbar-collapse-1" class="collapse navbar-collapse" [ERROR ->][collapse]="isCollapsed">
				<ul class="nav navbar-nav">
					<li class="active">
	"): ng:///DynamicTestModule/TopnavComponent.html@14:63
	    at syntaxError node_modules/@angular/compiler/esm5/compiler.js:486:22)
	    at TemplateParser.push../node_modules/@angular/compiler/esm5/compiler.js.TemplateParser.parse node_modules/@angular/compiler/esm5/compiler.js:24674:1)
	    at JitCompiler.push../node_modules/@angular/compiler/esm5/compiler.js.JitCompiler._parseTemplate node_modules/@angular/compiler/esm5/compiler.js:34629:1)
	    at JitCompiler.push../node_modules/@angular/compiler/esm5/compiler.js.JitCompiler._compileTemplate node_modules/@angular/compiler/esm5/compiler.js:34604:1)
	    at http://localhost:18763/_karma_webpack_/webpack:/node_modules/@angular/compiler/esm5/compiler.js:34505:48
	    at Set.forEach (<anonymous>)
	    at JitCompiler.push../node_modules/@angular/compiler/esm5/compiler.js.JitCompiler._compileComponents node_modules/@angular/compiler/esm5/compiler.js:34505:1)
	    at http://localhost:18763/_karma_webpack_/webpack:/node_modules/@angular/compiler/esm5/compiler.js:34393:1
	    at Object.then node_modules/@angular/compiler/esm5/compiler.js:475:33)
	    at JitCompiler.push../node_modules/@angular/compiler/esm5/compiler.js.JitCompiler._compileModuleAndAllComponents node_modules/@angular/compiler/esm5/compiler.js:34391:1)
	Expected undefined to be truthy.
	    at Object.<anonymous> src/app/components/topnav/topnav.component.spec.ts:23:23)
	    at ZoneDelegate../node_modules/zone.js/dist/zone.js.ZoneDelegate.invoke node_modules/zone.js/dist/zone.js:388:1)
	    at ProxyZoneSpec.push../node_modules/zone.js/dist/proxy.js.ProxyZoneSpec.onInvoke node_modules/zone.js/dist/proxy.js:128:1)
	    at ZoneDelegate../node_modules/zone.js/dist/zone.js.ZoneDelegate.invoke node_modules/zone.js/dist/zone.js:387:1)
[1A[2KChrome 67.0.3396 (Mac OS X 10.13.3) TopnavComponent should be created FAILED
	Can't bind to 'collapse' since it isn't a known property of 'div'. ("ef="#">Activity Tracker</a>
			</div>
			<div id="navbar-collapse-1" class="collapse navbar-collapse" [ERROR ->][collapse]="isCollapsed">
				<ul class="nav navbar-nav">
					<li class="active">
	"): ng:///DynamicTestModule/TopnavComponent.html@14:63
	Error: Template parse errors:
	    at syntaxError node_modules/@angular/compiler/esm5/compiler.js:486:22)
	    at TemplateParser.push../node_modules/@angular/compiler/esm5/compiler.js.TemplateParser.parse node_modules/@angular/compiler/esm5/compiler.js:24674:1)
	    at JitCompiler.push../node_modules/@angular/compiler/esm5/compiler.js.JitCompiler._parseTemplate node_modules/@angular/compiler/esm5/compiler.js:34629:1)
	    at JitCompiler.push../node_modules/@angular/compiler/esm5/compiler.js.JitCompiler._compileTemplate node_modules/@angular/compiler/esm5/compiler.js:34604:1)
	    at http://localhost:18763/_karma_webpack_/webpack:/node_modules/@angular/compiler/esm5/compiler.js:34505:48
	    at Set.forEach (<anonymous>)
	    at JitCompiler.push../node_modules/@angular/compiler/esm5/compiler.js.JitCompiler._compileComponents node_modules/@angular/compiler/esm5/compiler.js:34505:1)
	    at http://localhost:18763/_karma_webpack_/webpack:/node_modules/@angular/compiler/esm5/compiler.js:34393:1
	    at Object.then node_modules/@angular/compiler/esm5/compiler.js:475:33)
	    at JitCompiler.push../node_modules/@angular/compiler/esm5/compiler.js.JitCompiler._compileModuleAndAllComponents node_modules/@angular/compiler/esm5/compiler.js:34391:1)
	Error: Template parse errors:
	Can't bind to 'collapse' since it isn't a known property of 'div'. ("ef="#">Activity Tracker</a>
			</div>
			<div id="navbar-collapse-1" class="collapse navbar-collapse" [ERROR ->][collapse]="isCollapsed">
				<ul class="nav navbar-nav">
					<li class="active">
	"): ng:///DynamicTestModule/TopnavComponent.html@14:63
	    at syntaxError node_modules/@angular/compiler/esm5/compiler.js:486:22)
	    at TemplateParser.push../node_modules/@angular/compiler/esm5/compiler.js.TemplateParser.parse node_modules/@angular/compiler/esm5/compiler.js:24674:1)
	    at JitCompiler.push../node_modules/@angular/compiler/esm5/compiler.js.JitCompiler._parseTemplate node_modules/@angular/compiler/esm5/compiler.js:34629:1)
	    at JitCompiler.push../node_modules/@angular/compiler/esm5/compiler.js.JitCompiler._compileTemplate node_modules/@angular/compiler/esm5/compiler.js:34604:1)
	    at http://localhost:18763/_karma_webpack_/webpack:/node_modules/@angular/compiler/esm5/compiler.js:34505:48
	    at Set.forEach (<anonymous>)
	    at JitCompiler.push../node_modules/@angular/compiler/esm5/compiler.js.JitCompiler._compileComponents node_modules/@angular/compiler/esm5/compiler.js:34505:1)
	    at http://localhost:18763/_karma_webpack_/webpack:/node_modules/@angular/compiler/esm5/compiler.js:34393:1
	    at Object.then node_modules/@angular/compiler/esm5/compiler.js:475:33)
	    at JitCompiler.push../node_modules/@angular/compiler/esm5/compiler.js.JitCompiler._compileModuleAndAllComponents node_modules/@angular/compiler/esm5/compiler.js:34391:1)
	Expected undefined to be truthy.
	    at Object.<anonymous> src/app/components/topnav/topnav.component.spec.ts:23:23)
	    at ZoneDelegate../node_modules/zone.js/dist/zone.js.ZoneDelegate.invoke node_modules/zone.js/dist/zone.js:388:1)
	    at ProxyZoneSpec.push../node_modules/zone.js/dist/proxy.js.ProxyZoneSpec.onInvoke node_modules/zone.js/dist/proxy.js:128:1)
	    at ZoneDelegate../node_modules/zone.js/dist/zone.js.ZoneDelegate.invoke node_modules/zone.js/dist/zone.js:387:1)
Chrome 67.0.3396 (Mac OS X 10.13.3): Executed 8 of 14 (7 FAILED) (0 secs / 0.313 secs)
Chrome 67.0.3396 (Mac OS X 10.13.3) TopnavComponent should be created FAILED
	Can't bind to 'collapse' since it isn't a known property of 'div'. ("ef="#">Activity Tracker</a>
			</div>
			<div id="navbar-collapse-1" class="collapse navbar-collapse" [ERROR ->][collapse]="isCollapsed">
				<ul class="nav navbar-nav">
					<li class="active">
	"): ng:///DynamicTestModule/TopnavComponent.html@14:63
	Error: Template parse errors:
	    at syntaxError node_modules/@angular/compiler/esm5/compiler.js:486:22)
	    at TemplateParser.push../node_modules/@angular/compiler/esm5/compiler.js.TemplateParser.parse node_modules/@angular/compiler/esm5/compiler.js:24674:1)
	    at JitCompiler.push../node_modules/@angular/compiler/esm5/compiler.js.JitCompiler._parseTemplate node_modules/@angular/compiler/esm5/compiler.js:34629:1)
	    at JitCompiler.push../node_modules/@angular/compiler/esm5/compiler.js.JitCompiler._compileTemplate node_modules/@angular/compiler/esm5/compiler.js:34604:1)
	    at http://localhost:18763/_karma_webpack_/webpack:/node_modules/@angular/compiler/esm5/compiler.js:34505:48
	    at Set.forEach (<anonymous>)
	    at JitCompiler.push../node_modules/@angular/compiler/esm5/compiler.js.JitCompiler._compileComponents node_modules/@angular/compiler/esm5/compiler.js:34505:1)
	    at http://localhost:18763/_karma_webpack_/webpack:/node_modules/@angular/compiler/esm5/compiler.js:34393:1
	    at Object.then node_modules/@angular/compiler/esm5/compiler.js:475:33)
	    at JitCompiler.push../node_modules/@angular/compiler/esm5/compiler.js.JitCompiler._compileModuleAndAllComponents node_modules/@angular/compiler/esm5/compiler.js:34391:1)
	Error: Template parse errors:
	Can't bind to 'collapse' since it isn't a known property of 'div'. ("ef="#">Activity Tracker</a>
			</div>
			<div id="navbar-collapse-1" class="collapse navbar-collapse" [ERROR ->][collapse]="isCollapsed">
				<ul class="nav navbar-nav">
					<li class="active">
	"): ng:///DynamicTestModule/TopnavComponent.html@14:63
	    at syntaxError node_modules/@angular/compiler/esm5/compiler.js:486:22)
	    at TemplateParser.push../node_modules/@angular/compiler/esm5/compiler.js.TemplateParser.parse node_modules/@angular/compiler/esm5/compiler.js:24674:1)
	    at JitCompiler.push../node_modules/@angular/compiler/esm5/compiler.js.JitCompiler._parseTemplate node_modules/@angular/compiler/esm5/compiler.js:34629:1)
	    at JitCompiler.push../node_modules/@angular/compiler/esm5/compiler.js.JitCompiler._compileTemplate node_modules/@angular/compiler/esm5/compiler.js:34604:1)
	    at http://localhost:18763/_karma_webpack_/webpack:/node_modules/@angular/compiler/esm5/compiler.js:34505:48
	    at Set.forEach (<anonymous>)
	    at JitCompiler.push../node_modules/@angular/compiler/esm5/compiler.js.JitCompiler._compileComponents node_modules/@angular/compiler/esm5/compiler.js:34505:1)
	    at http://localhost:18763/_karma_webpack_/webpack:/node_modules/@angular/compiler/esm5/compiler.js:34393:1
	    at Object.then node_modules/@angular/compiler/esm5/compiler.js:475:33)
	    at JitCompiler.push../node_modules/@angular/compiler/esm5/compiler.js.JitCompiler._compileModuleAndAllComponents node_modules/@angular/compiler/esm5/compiler.js:34391:1)
	Expected undefined to be truthy.
	    at Object.<anonymous> src/app/components/topnav/topnav.component.spec.ts:23:23)
	    at ZoneDelegate../node_modules/zone.js/dist/zone.js.ZoneDelegate.invoke node_modules/zone.js/dist/zone.js:388:1)
	    at ProxyZoneSpec.push../node_modules/zone.js/dist/proxy.js.ProxyZoneSpec.onInvoke node_modules/zone.js/dist/proxy.js:128:1)
	    at ZoneDelegate../node_modules/zone.js/dist/zone.js.ZoneDelegate.invoke node_modules/zone.js/dist/zone.js:387:1)
Chrome 67.0.3396 (Mac OS X 10.13.3) TrackerComponent should be created FAILED
	'activity-selector' is not a known element:
	1. If 'activity-selector' is an Angular component, then verify that it is part of this module.
	2. If 'activity-selector' is a Web Component then add 'CUSTOM_ELEMENTS_SCHEMA' to the '@NgModule.schemas' of this component to suppress this message. ("
	  <div class="row">
	    <div class="col-md-12">
	      [ERROR ->]<activity-selector>
	      </activity-selector>
	    </div>
	"): ng:///DynamicTestModule/TrackerComponent.html@3:6
	'timer' is not a known element:
	1. If 'timer' is an Angular component, then verify that it is part of this module.
	2. To allow any element add 'NO_ERRORS_SCHEMA' to the '@NgModule.schemas' of this component. ("
	  <div class="row">
	    <div class="col-md-12">
	      [ERROR ->]<timer class="text-center" (onTimerStopped)="onTimerStopped($event)"></timer>
	    </div>
	  </div>
	"): ng:///DynamicTestModule/TrackerComponent.html@9:6
	'recent-activities' is not a known element:
	1. If 'recent-activities' is an Angular component, then verify that it is part of this module.
	2. If 'recent-activities' is a Web Component then add 'CUSTOM_ELEMENTS_SCHEMA' to the '@NgModule.schemas' of this component to suppress this message. ("
	</main>
	<aside class="col-md-3">
	  [ERROR ->]<recent-activities></recent-activities>
	</aside>
	"): ng:///DynamicTestModule/TrackerComponent.html@14:2
	Error: Template parse errors:
	    at syntaxError node_modules/@angular/compiler/esm5/compiler.js:486:22)
	    at TemplateParser.push../node_modules/@angular/compiler/esm5/compiler.js.TemplateParser.parse node_modules/@angular/compiler/esm5/compiler.js:24674:1)
	    at JitCompiler.push../node_modules/@angular/compiler/esm5/compiler.js.JitCompiler._parseTemplate node_modules/@angular/compiler/esm5/compiler.js:34629:1)
	    at JitCompiler.push../node_modules/@angular/compiler/esm5/compiler.js.JitCompiler._compileTemplate node_modules/@angular/compiler/esm5/compiler.js:34604:1)
	    at http://localhost:18763/_karma_webpack_/webpack:/node_modules/@angular/compiler/esm5/compiler.js:34505:48
	    at Set.forEach (<anonymous>)
	    at JitCompiler.push../node_modules/@angular/compiler/esm5/compiler.js.JitCompiler._compileComponents node_modules/@angular/compiler/esm5/compiler.js:34505:1)
	    at http://localhost:18763/_karma_webpack_/webpack:/node_modules/@angular/compiler/esm5/compiler.js:34393:1
	    at Object.then node_modules/@angular/compiler/esm5/compiler.js:475:33)
	    at JitCompiler.push../node_modules/@angular/compiler/esm5/compiler.js.JitCompiler._compileModuleAndAllComponents node_modules/@angular/compiler/esm5/compiler.js:34391:1)
	Error: Template parse errors:
	'activity-selector' is not a known element:
	1. If 'activity-selector' is an Angular component, then verify that it is part of this module.
	2. If 'activity-selector' is a Web Component then add 'CUSTOM_ELEMENTS_SCHEMA' to the '@NgModule.schemas' of this component to suppress this message. ("
	  <div class="row">
	    <div class="col-md-12">
	      [ERROR ->]<activity-selector>
	      </activity-selector>
	    </div>
	"): ng:///DynamicTestModule/TrackerComponent.html@3:6
	'timer' is not a known element:
	1. If 'timer' is an Angular component, then verify that it is part of this module.
	2. To allow any element add 'NO_ERRORS_SCHEMA' to the '@NgModule.schemas' of this component. ("
	  <div class="row">
	    <div class="col-md-12">
	      [ERROR ->]<timer class="text-center" (onTimerStopped)="onTimerStopped($event)"></timer>
	    </div>
	  </div>
	"): ng:///DynamicTestModule/TrackerComponent.html@9:6
	'recent-activities' is not a known element:
	1. If 'recent-activities' is an Angular component, then verify that it is part of this module.
	2. If 'recent-activities' is a Web Component then add 'CUSTOM_ELEMENTS_SCHEMA' to the '@NgModule.schemas' of this component to suppress this message. ("
	</main>
	<aside class="col-md-3">
	  [ERROR ->]<recent-activities></recent-activities>
	</aside>
	"): ng:///DynamicTestModule/TrackerComponent.html@14:2
	    at syntaxError node_modules/@angular/compiler/esm5/compiler.js:486:22)
	    at TemplateParser.push../node_modules/@angular/compiler/esm5/compiler.js.TemplateParser.parse node_modules/@angular/compiler/esm5/compiler.js:24674:1)
	    at JitCompiler.push../node_modules/@angular/compiler/esm5/compiler.js.JitCompiler._parseTemplate node_modules/@angular/compiler/esm5/compiler.js:34629:1)
	    at JitCompiler.push../node_modules/@angular/compiler/esm5/compiler.js.JitCompiler._compileTemplate node_modules/@angular/compiler/esm5/compiler.js:34604:1)
	    at http://localhost:18763/_karma_webpack_/webpack:/node_modules/@angular/compiler/esm5/compiler.js:34505:48
	    at Set.forEach (<anonymous>)
	    at JitCompiler.push../node_modules/@angular/compiler/esm5/compiler.js.JitCompiler._compileComponents node_modules/@angular/compiler/esm5/compiler.js:34505:1)
	    at http://localhost:18763/_karma_webpack_/webpack:/node_modules/@angular/compiler/esm5/compiler.js:34393:1
	    at Object.then node_modules/@angular/compiler/esm5/compiler.js:475:33)
	    at JitCompiler.push../node_modules/@angular/compiler/esm5/compiler.js.JitCompiler._compileModuleAndAllComponents node_modules/@angular/compiler/esm5/compiler.js:34391:1)
	Expected undefined to be truthy.
	    at Object.<anonymous> src/app/components/tracker/tracker.component.spec.ts:23:23)
	    at ZoneDelegate../node_modules/zone.js/dist/zone.js.ZoneDelegate.invoke node_modules/zone.js/dist/zone.js:388:1)
	    at ProxyZoneSpec.push../node_modules/zone.js/dist/proxy.js.ProxyZoneSpec.onInvoke node_modules/zone.js/dist/proxy.js:128:1)
	    at ZoneDelegate../node_modules/zone.js/dist/zone.js.ZoneDelegate.invoke node_modules/zone.js/dist/zone.js:387:1)
[1A[2KChrome 67.0.3396 (Mac OS X 10.13.3) TrackerComponent should be created FAILED
	'activity-selector' is not a known element:
	1. If 'activity-selector' is an Angular component, then verify that it is part of this module.
	2. If 'activity-selector' is a Web Component then add 'CUSTOM_ELEMENTS_SCHEMA' to the '@NgModule.schemas' of this component to suppress this message. ("
	  <div class="row">
	    <div class="col-md-12">
	      [ERROR ->]<activity-selector>
	      </activity-selector>
	    </div>
	"): ng:///DynamicTestModule/TrackerComponent.html@3:6
	'timer' is not a known element:
	1. If 'timer' is an Angular component, then verify that it is part of this module.
	2. To allow any element add 'NO_ERRORS_SCHEMA' to the '@NgModule.schemas' of this component. ("
	  <div class="row">
	    <div class="col-md-12">
	      [ERROR ->]<timer class="text-center" (onTimerStopped)="onTimerStopped($event)"></timer>
	    </div>
	  </div>
	"): ng:///DynamicTestModule/TrackerComponent.html@9:6
	'recent-activities' is not a known element:
	1. If 'recent-activities' is an Angular component, then verify that it is part of this module.
	2. If 'recent-activities' is a Web Component then add 'CUSTOM_ELEMENTS_SCHEMA' to the '@NgModule.schemas' of this component to suppress this message. ("
	</main>
	<aside class="col-md-3">
	  [ERROR ->]<recent-activities></recent-activities>
	</aside>
	"): ng:///DynamicTestModule/TrackerComponent.html@14:2
	Error: Template parse errors:
	    at syntaxError node_modules/@angular/compiler/esm5/compiler.js:486:22)
	    at TemplateParser.push../node_modules/@angular/compiler/esm5/compiler.js.TemplateParser.parse node_modules/@angular/compiler/esm5/compiler.js:24674:1)
	    at JitCompiler.push../node_modules/@angular/compiler/esm5/compiler.js.JitCompiler._parseTemplate node_modules/@angular/compiler/esm5/compiler.js:34629:1)
	    at JitCompiler.push../node_modules/@angular/compiler/esm5/compiler.js.JitCompiler._compileTemplate node_modules/@angular/compiler/esm5/compiler.js:34604:1)
	    at http://localhost:18763/_karma_webpack_/webpack:/node_modules/@angular/compiler/esm5/compiler.js:34505:48
	    at Set.forEach (<anonymous>)
	    at JitCompiler.push../node_modules/@angular/compiler/esm5/compiler.js.JitCompiler._compileComponents node_modules/@angular/compiler/esm5/compiler.js:34505:1)
	    at http://localhost:18763/_karma_webpack_/webpack:/node_modules/@angular/compiler/esm5/compiler.js:34393:1
	    at Object.then node_modules/@angular/compiler/esm5/compiler.js:475:33)
	    at JitCompiler.push../node_modules/@angular/compiler/esm5/compiler.js.JitCompiler._compileModuleAndAllComponents node_modules/@angular/compiler/esm5/compiler.js:34391:1)
	Error: Template parse errors:
	'activity-selector' is not a known element:
	1. If 'activity-selector' is an Angular component, then verify that it is part of this module.
	2. If 'activity-selector' is a Web Component then add 'CUSTOM_ELEMENTS_SCHEMA' to the '@NgModule.schemas' of this component to suppress this message. ("
	  <div class="row">
	    <div class="col-md-12">
	      [ERROR ->]<activity-selector>
	      </activity-selector>
	    </div>
	"): ng:///DynamicTestModule/TrackerComponent.html@3:6
	'timer' is not a known element:
	1. If 'timer' is an Angular component, then verify that it is part of this module.
	2. To allow any element add 'NO_ERRORS_SCHEMA' to the '@NgModule.schemas' of this component. ("
	  <div class="row">
	    <div class="col-md-12">
	      [ERROR ->]<timer class="text-center" (onTimerStopped)="onTimerStopped($event)"></timer>
	    </div>
	  </div>
	"): ng:///DynamicTestModule/TrackerComponent.html@9:6
	'recent-activities' is not a known element:
	1. If 'recent-activities' is an Angular component, then verify that it is part of this module.
	2. If 'recent-activities' is a Web Component then add 'CUSTOM_ELEMENTS_SCHEMA' to the '@NgModule.schemas' of this component to suppress this message. ("
	</main>
	<aside class="col-md-3">
	  [ERROR ->]<recent-activities></recent-activities>
	</aside>
	"): ng:///DynamicTestModule/TrackerComponent.html@14:2
	    at syntaxError node_modules/@angular/compiler/esm5/compiler.js:486:22)
	    at TemplateParser.push../node_modules/@angular/compiler/esm5/compiler.js.TemplateParser.parse node_modules/@angular/compiler/esm5/compiler.js:24674:1)
	    at JitCompiler.push../node_modules/@angular/compiler/esm5/compiler.js.JitCompiler._parseTemplate node_modules/@angular/compiler/esm5/compiler.js:34629:1)
	    at JitCompiler.push../node_modules/@angular/compiler/esm5/compiler.js.JitCompiler._compileTemplate node_modules/@angular/compiler/esm5/compiler.js:34604:1)
	    at http://localhost:18763/_karma_webpack_/webpack:/node_modules/@angular/compiler/esm5/compiler.js:34505:48
	    at Set.forEach (<anonymous>)
	    at JitCompiler.push../node_modules/@angular/compiler/esm5/compiler.js.JitCompiler._compileComponents node_modules/@angular/compiler/esm5/compiler.js:34505:1)
	    at http://localhost:18763/_karma_webpack_/webpack:/node_modules/@angular/compiler/esm5/compiler.js:34393:1
	    at Object.then node_modules/@angular/compiler/esm5/compiler.js:475:33)
	    at JitCompiler.push../node_modules/@angular/compiler/esm5/compiler.js.JitCompiler._compileModuleAndAllComponents node_modules/@angular/compiler/esm5/compiler.js:34391:1)
	Expected undefined to be truthy.
	    at Object.<anonymous> src/app/components/tracker/tracker.component.spec.ts:23:23)
	    at ZoneDelegate../node_modules/zone.js/dist/zone.js.ZoneDelegate.invoke node_modules/zone.js/dist/zone.js:388:1)
	    at ProxyZoneSpec.push../node_modules/zone.js/dist/proxy.js.ProxyZoneSpec.onInvoke node_modules/zone.js/dist/proxy.js:128:1)
	    at ZoneDelegate../node_modules/zone.js/dist/zone.js.ZoneDelegate.invoke node_modules/zone.js/dist/zone.js:387:1)
Chrome 67.0.3396 (Mac OS X 10.13.3): Executed 9 of 14 (8 FAILED) (0 secs / 0.328 secs)
Chrome 67.0.3396 (Mac OS X 10.13.3) TrackerComponent should be created FAILED
	'activity-selector' is not a known element:
	1. If 'activity-selector' is an Angular component, then verify that it is part of this module.
	2. If 'activity-selector' is a Web Component then add 'CUSTOM_ELEMENTS_SCHEMA' to the '@NgModule.schemas' of this component to suppress this message. ("
	  <div class="row">
	    <div class="col-md-12">
	      [ERROR ->]<activity-selector>
	      </activity-selector>
	    </div>
	"): ng:///DynamicTestModule/TrackerComponent.html@3:6
	'timer' is not a known element:
	1. If 'timer' is an Angular component, then verify that it is part of this module.
	2. To allow any element add 'NO_ERRORS_SCHEMA' to the '@NgModule.schemas' of this component. ("
	  <div class="row">
	    <div class="col-md-12">
	      [ERROR ->]<timer class="text-center" (onTimerStopped)="onTimerStopped($event)"></timer>
	    </div>
	  </div>
	"): ng:///DynamicTestModule/TrackerComponent.html@9:6
	'recent-activities' is not a known element:
	1. If 'recent-activities' is an Angular component, then verify that it is part of this module.
	2. If 'recent-activities' is a Web Component then add 'CUSTOM_ELEMENTS_SCHEMA' to the '@NgModule.schemas' of this component to suppress this message. ("
	</main>
	<aside class="col-md-3">
	  [ERROR ->]<recent-activities></recent-activities>
	</aside>
	"): ng:///DynamicTestModule/TrackerComponent.html@14:2
	Error: Template parse errors:
	    at syntaxError node_modules/@angular/compiler/esm5/compiler.js:486:22)
	    at TemplateParser.push../node_modules/@angular/compiler/esm5/compiler.js.TemplateParser.parse node_modules/@angular/compiler/esm5/compiler.js:24674:1)
	    at JitCompiler.push../node_modules/@angular/compiler/esm5/compiler.js.JitCompiler._parseTemplate node_modules/@angular/compiler/esm5/compiler.js:34629:1)
	    at JitCompiler.push../node_modules/@angular/compiler/esm5/compiler.js.JitCompiler._compileTemplate node_modules/@angular/compiler/esm5/compiler.js:34604:1)
	    at http://localhost:18763/_karma_webpack_/webpack:/node_modules/@angular/compiler/esm5/compiler.js:34505:48
	    at Set.forEach (<anonymous>)
	    at JitCompiler.push../node_modules/@angular/compiler/esm5/compiler.js.JitCompiler._compileComponents node_modules/@angular/compiler/esm5/compiler.js:34505:1)
	    at http://localhost:18763/_karma_webpack_/webpack:/node_modules/@angular/compiler/esm5/compiler.js:34393:1
	    at Object.then node_modules/@angular/compiler/esm5/compiler.js:475:33)
	    at JitCompiler.push../node_modules/@angular/compiler/esm5/compiler.js.JitCompiler._compileModuleAndAllComponents node_modules/@angular/compiler/esm5/compiler.js:34391:1)
	Error: Template parse errors:
	'activity-selector' is not a known element:
	1. If 'activity-selector' is an Angular component, then verify that it is part of this module.
	2. If 'activity-selector' is a Web Component then add 'CUSTOM_ELEMENTS_SCHEMA' to the '@NgModule.schemas' of this component to suppress this message. ("
	  <div class="row">
	    <div class="col-md-12">
	      [ERROR ->]<activity-selector>
	      </activity-selector>
	    </div>
	"): ng:///DynamicTestModule/TrackerComponent.html@3:6
	'timer' is not a known element:
	1. If 'timer' is an Angular component, then verify that it is part of this module.
	2. To allow any element add 'NO_ERRORS_SCHEMA' to the '@NgModule.schemas' of this component. ("
	  <div class="row">
	    <div class="col-md-12">
	      [ERROR ->]<timer class="text-center" (onTimerStopped)="onTimerStopped($event)"></timer>
	    </div>
	  </div>
	"): ng:///DynamicTestModule/TrackerComponent.html@9:6
	'recent-activities' is not a known element:
	1. If 'recent-activities' is an Angular component, then verify that it is part of this module.
	2. If 'recent-activities' is a Web Component then add 'CUSTOM_ELEMENTS_SCHEMA' to the '@NgModule.schemas' of this component to suppress this message. ("
	</main>
	<aside class="col-md-3">
	  [ERROR ->]<recent-activities></recent-activities>
	</aside>
	"): ng:///DynamicTestModule/TrackerComponent.html@14:2
	    at syntaxError node_modules/@angular/compiler/esm5/compiler.js:486:22)
	    at TemplateParser.push../node_modules/@angular/compiler/esm5/compiler.js.TemplateParser.parse node_modules/@angular/compiler/esm5/compiler.js:24674:1)
	    at JitCompiler.push../node_modules/@angular/compiler/esm5/compiler.js.JitCompiler._parseTemplate node_modules/@angular/compiler/esm5/compiler.js:34629:1)
	    at JitCompiler.push../node_modules/@angular/compiler/esm5/compiler.js.JitCompiler._compileTemplate node_modules/@angular/compiler/esm5/compiler.js:34604:1)
	    at http://localhost:18763/_karma_webpack_/webpack:/node_modules/@angular/compiler/esm5/compiler.js:34505:48
	    at Set.forEach (<anonymous>)
	    at JitCompiler.push../node_modules/@angular/compiler/esm5/compiler.js.JitCompiler._compileComponents node_modules/@angular/compiler/esm5/compiler.js:34505:1)
	    at http://localhost:18763/_karma_webpack_/webpack:/node_modules/@angular/compiler/esm5/compiler.js:34393:1
	    at Object.then node_modules/@angular/compiler/esm5/compiler.js:475:33)
	    at JitCompiler.push../node_modules/@angular/compiler/esm5/compiler.js.JitCompiler._compileModuleAndAllComponents node_modules/@angular/compiler/esm5/compiler.js:34391:1)
	Expected undefined to be truthy.
	    at Object.<anonymous> src/app/components/tracker/tracker.component.spec.ts:23:23)
	    at ZoneDelegate../node_modules/zone.js/dist/zone.js.ZoneDelegate.invoke node_modules/zone.js/dist/zone.js:388:1)
	    at ProxyZoneSpec.push../node_modules/zone.js/dist/proxy.js.ProxyZoneSpec.onInvoke node_modules/zone.js/dist/proxy.js:128:1)
	    at ZoneDelegate../node_modules/zone.js/dist/zone.js.ZoneDelegate.invoke node_modules/zone.js/dist/zone.js:387:1)
Chrome 67.0.3396 (Mac OS X 10.13.3) UserLoginComponent should create FAILED
	Can't bind to 'ngModel' since it isn't a known property of 'input'. (">
	  <div class="form-group">
	    <input name="username" class="form-control" placeholder="Username" [ERROR ->][(ngModel)]="data.username">
	  </div>
	  <div class="form-group">
	"): ng:///DynamicTestModule/UserLoginComponent.html@2:71
	Can't bind to 'ngModel' since it isn't a known property of 'input'. ("form-group">
	    <input name="password" type="password" placeholder="Password" class="form-control" [ERROR ->][(ngModel)]="data.password">
	  </div>
	  <button class="btn btn-primary center-block" [mat-dialog-clos"): ng:///DynamicTestModule/UserLoginComponent.html@5:87
	Can't bind to 'mat-dialog-close' since it isn't a known property of 'button'. (""form-control" [(ngModel)]="data.password">
	  </div>
	  <button class="btn btn-primary center-block" [ERROR ->][mat-dialog-close]="data">Login</button>
	</form>"): ng:///DynamicTestModule/UserLoginComponent.html@7:47
	Error: Template parse errors:
	    at syntaxError node_modules/@angular/compiler/esm5/compiler.js:486:22)
	    at TemplateParser.push../node_modules/@angular/compiler/esm5/compiler.js.TemplateParser.parse node_modules/@angular/compiler/esm5/compiler.js:24674:1)
	    at JitCompiler.push../node_modules/@angular/compiler/esm5/compiler.js.JitCompiler._parseTemplate node_modules/@angular/compiler/esm5/compiler.js:34629:1)
	    at JitCompiler.push../node_modules/@angular/compiler/esm5/compiler.js.JitCompiler._compileTemplate node_modules/@angular/compiler/esm5/compiler.js:34604:1)
	    at http://localhost:18763/_karma_webpack_/webpack:/node_modules/@angular/compiler/esm5/compiler.js:34505:48
	    at Set.forEach (<anonymous>)
	    at JitCompiler.push../node_modules/@angular/compiler/esm5/compiler.js.JitCompiler._compileComponents node_modules/@angular/compiler/esm5/compiler.js:34505:1)
	    at http://localhost:18763/_karma_webpack_/webpack:/node_modules/@angular/compiler/esm5/compiler.js:34393:1
	    at Object.then node_modules/@angular/compiler/esm5/compiler.js:475:33)
	    at JitCompiler.push../node_modules/@angular/compiler/esm5/compiler.js.JitCompiler._compileModuleAndAllComponents node_modules/@angular/compiler/esm5/compiler.js:34391:1)
	Error: Template parse errors:
	Can't bind to 'ngModel' since it isn't a known property of 'input'. (">
	  <div class="form-group">
	    <input name="username" class="form-control" placeholder="Username" [ERROR ->][(ngModel)]="data.username">
	  </div>
	  <div class="form-group">
	"): ng:///DynamicTestModule/UserLoginComponent.html@2:71
	Can't bind to 'ngModel' since it isn't a known property of 'input'. ("form-group">
	    <input name="password" type="password" placeholder="Password" class="form-control" [ERROR ->][(ngModel)]="data.password">
	  </div>
	  <button class="btn btn-primary center-block" [mat-dialog-clos"): ng:///DynamicTestModule/UserLoginComponent.html@5:87
	Can't bind to 'mat-dialog-close' since it isn't a known property of 'button'. (""form-control" [(ngModel)]="data.password">
	  </div>
	  <button class="btn btn-primary center-block" [ERROR ->][mat-dialog-close]="data">Login</button>
	</form>"): ng:///DynamicTestModule/UserLoginComponent.html@7:47
	    at syntaxError node_modules/@angular/compiler/esm5/compiler.js:486:22)
	    at TemplateParser.push../node_modules/@angular/compiler/esm5/compiler.js.TemplateParser.parse node_modules/@angular/compiler/esm5/compiler.js:24674:1)
	    at JitCompiler.push../node_modules/@angular/compiler/esm5/compiler.js.JitCompiler._parseTemplate node_modules/@angular/compiler/esm5/compiler.js:34629:1)
	    at JitCompiler.push../node_modules/@angular/compiler/esm5/compiler.js.JitCompiler._compileTemplate node_modules/@angular/compiler/esm5/compiler.js:34604:1)
	    at http://localhost:18763/_karma_webpack_/webpack:/node_modules/@angular/compiler/esm5/compiler.js:34505:48
	    at Set.forEach (<anonymous>)
	    at JitCompiler.push../node_modules/@angular/compiler/esm5/compiler.js.JitCompiler._compileComponents node_modules/@angular/compiler/esm5/compiler.js:34505:1)
	    at http://localhost:18763/_karma_webpack_/webpack:/node_modules/@angular/compiler/esm5/compiler.js:34393:1
	    at Object.then node_modules/@angular/compiler/esm5/compiler.js:475:33)
	    at JitCompiler.push../node_modules/@angular/compiler/esm5/compiler.js.JitCompiler._compileModuleAndAllComponents node_modules/@angular/compiler/esm5/compiler.js:34391:1)
	Expected undefined to be truthy.
	    at Object.<anonymous> src/app/components/user-login/user-login.component.spec.ts:23:23)
	    at ZoneDelegate../node_modules/zone.js/dist/zone.js.ZoneDelegate.invoke node_modules/zone.js/dist/zone.js:388:1)
	    at ProxyZoneSpec.push../node_modules/zone.js/dist/proxy.js.ProxyZoneSpec.onInvoke node_modules/zone.js/dist/proxy.js:128:1)
	    at ZoneDelegate../node_modules/zone.js/dist/zone.js.ZoneDelegate.invoke node_modules/zone.js/dist/zone.js:387:1)
[1A[2KChrome 67.0.3396 (Mac OS X 10.13.3) UserLoginComponent should create FAILED
	Can't bind to 'ngModel' since it isn't a known property of 'input'. (">
	  <div class="form-group">
	    <input name="username" class="form-control" placeholder="Username" [ERROR ->][(ngModel)]="data.username">
	  </div>
	  <div class="form-group">
	"): ng:///DynamicTestModule/UserLoginComponent.html@2:71
	Can't bind to 'ngModel' since it isn't a known property of 'input'. ("form-group">
	    <input name="password" type="password" placeholder="Password" class="form-control" [ERROR ->][(ngModel)]="data.password">
	  </div>
	  <button class="btn btn-primary center-block" [mat-dialog-clos"): ng:///DynamicTestModule/UserLoginComponent.html@5:87
	Can't bind to 'mat-dialog-close' since it isn't a known property of 'button'. (""form-control" [(ngModel)]="data.password">
	  </div>
	  <button class="btn btn-primary center-block" [ERROR ->][mat-dialog-close]="data">Login</button>
	</form>"): ng:///DynamicTestModule/UserLoginComponent.html@7:47
	Error: Template parse errors:
	    at syntaxError node_modules/@angular/compiler/esm5/compiler.js:486:22)
	    at TemplateParser.push../node_modules/@angular/compiler/esm5/compiler.js.TemplateParser.parse node_modules/@angular/compiler/esm5/compiler.js:24674:1)
	    at JitCompiler.push../node_modules/@angular/compiler/esm5/compiler.js.JitCompiler._parseTemplate node_modules/@angular/compiler/esm5/compiler.js:34629:1)
	    at JitCompiler.push../node_modules/@angular/compiler/esm5/compiler.js.JitCompiler._compileTemplate node_modules/@angular/compiler/esm5/compiler.js:34604:1)
	    at http://localhost:18763/_karma_webpack_/webpack:/node_modules/@angular/compiler/esm5/compiler.js:34505:48
	    at Set.forEach (<anonymous>)
	    at JitCompiler.push../node_modules/@angular/compiler/esm5/compiler.js.JitCompiler._compileComponents node_modules/@angular/compiler/esm5/compiler.js:34505:1)
	    at http://localhost:18763/_karma_webpack_/webpack:/node_modules/@angular/compiler/esm5/compiler.js:34393:1
	    at Object.then node_modules/@angular/compiler/esm5/compiler.js:475:33)
	    at JitCompiler.push../node_modules/@angular/compiler/esm5/compiler.js.JitCompiler._compileModuleAndAllComponents node_modules/@angular/compiler/esm5/compiler.js:34391:1)
	Error: Template parse errors:
	Can't bind to 'ngModel' since it isn't a known property of 'input'. (">
	  <div class="form-group">
	    <input name="username" class="form-control" placeholder="Username" [ERROR ->][(ngModel)]="data.username">
	  </div>
	  <div class="form-group">
	"): ng:///DynamicTestModule/UserLoginComponent.html@2:71
	Can't bind to 'ngModel' since it isn't a known property of 'input'. ("form-group">
	    <input name="password" type="password" placeholder="Password" class="form-control" [ERROR ->][(ngModel)]="data.password">
	  </div>
	  <button class="btn btn-primary center-block" [mat-dialog-clos"): ng:///DynamicTestModule/UserLoginComponent.html@5:87
	Can't bind to 'mat-dialog-close' since it isn't a known property of 'button'. (""form-control" [(ngModel)]="data.password">
	  </div>
	  <button class="btn btn-primary center-block" [ERROR ->][mat-dialog-close]="data">Login</button>
	</form>"): ng:///DynamicTestModule/UserLoginComponent.html@7:47
	    at syntaxError node_modules/@angular/compiler/esm5/compiler.js:486:22)
	    at TemplateParser.push../node_modules/@angular/compiler/esm5/compiler.js.TemplateParser.parse node_modules/@angular/compiler/esm5/compiler.js:24674:1)
	    at JitCompiler.push../node_modules/@angular/compiler/esm5/compiler.js.JitCompiler._parseTemplate node_modules/@angular/compiler/esm5/compiler.js:34629:1)
	    at JitCompiler.push../node_modules/@angular/compiler/esm5/compiler.js.JitCompiler._compileTemplate node_modules/@angular/compiler/esm5/compiler.js:34604:1)
	    at http://localhost:18763/_karma_webpack_/webpack:/node_modules/@angular/compiler/esm5/compiler.js:34505:48
	    at Set.forEach (<anonymous>)
	    at JitCompiler.push../node_modules/@angular/compiler/esm5/compiler.js.JitCompiler._compileComponents node_modules/@angular/compiler/esm5/compiler.js:34505:1)
	    at http://localhost:18763/_karma_webpack_/webpack:/node_modules/@angular/compiler/esm5/compiler.js:34393:1
	    at Object.then node_modules/@angular/compiler/esm5/compiler.js:475:33)
	    at JitCompiler.push../node_modules/@angular/compiler/esm5/compiler.js.JitCompiler._compileModuleAndAllComponents node_modules/@angular/compiler/esm5/compiler.js:34391:1)
	Expected undefined to be truthy.
	    at Object.<anonymous> src/app/components/user-login/user-login.component.spec.ts:23:23)
	    at ZoneDelegate../node_modules/zone.js/dist/zone.js.ZoneDelegate.invoke node_modules/zone.js/dist/zone.js:388:1)
	    at ProxyZoneSpec.push../node_modules/zone.js/dist/proxy.js.ProxyZoneSpec.onInvoke node_modules/zone.js/dist/proxy.js:128:1)
	    at ZoneDelegate../node_modules/zone.js/dist/zone.js.ZoneDelegate.invoke node_modules/zone.js/dist/zone.js:387:1)
Chrome 67.0.3396 (Mac OS X 10.13.3): Executed 10 of 14 (9 FAILED) (0 secs / 0.344 secs)
Chrome 67.0.3396 (Mac OS X 10.13.3) UserLoginComponent should create FAILED
	Can't bind to 'ngModel' since it isn't a known property of 'input'. (">
	  <div class="form-group">
	    <input name="username" class="form-control" placeholder="Username" [ERROR ->][(ngModel)]="data.username">
	  </div>
	  <div class="form-group">
	"): ng:///DynamicTestModule/UserLoginComponent.html@2:71
	Can't bind to 'ngModel' since it isn't a known property of 'input'. ("form-group">
	    <input name="password" type="password" placeholder="Password" class="form-control" [ERROR ->][(ngModel)]="data.password">
	  </div>
	  <button class="btn btn-primary center-block" [mat-dialog-clos"): ng:///DynamicTestModule/UserLoginComponent.html@5:87
	Can't bind to 'mat-dialog-close' since it isn't a known property of 'button'. (""form-control" [(ngModel)]="data.password">
	  </div>
	  <button class="btn btn-primary center-block" [ERROR ->][mat-dialog-close]="data">Login</button>
	</form>"): ng:///DynamicTestModule/UserLoginComponent.html@7:47
	Error: Template parse errors:
	    at syntaxError node_modules/@angular/compiler/esm5/compiler.js:486:22)
	    at TemplateParser.push../node_modules/@angular/compiler/esm5/compiler.js.TemplateParser.parse node_modules/@angular/compiler/esm5/compiler.js:24674:1)
	    at JitCompiler.push../node_modules/@angular/compiler/esm5/compiler.js.JitCompiler._parseTemplate node_modules/@angular/compiler/esm5/compiler.js:34629:1)
	    at JitCompiler.push../node_modules/@angular/compiler/esm5/compiler.js.JitCompiler._compileTemplate node_modules/@angular/compiler/esm5/compiler.js:34604:1)
	    at http://localhost:18763/_karma_webpack_/webpack:/node_modules/@angular/compiler/esm5/compiler.js:34505:48
	    at Set.forEach (<anonymous>)
	    at JitCompiler.push../node_modules/@angular/compiler/esm5/compiler.js.JitCompiler._compileComponents node_modules/@angular/compiler/esm5/compiler.js:34505:1)
	    at http://localhost:18763/_karma_webpack_/webpack:/node_modules/@angular/compiler/esm5/compiler.js:34393:1
	    at Object.then node_modules/@angular/compiler/esm5/compiler.js:475:33)
	    at JitCompiler.push../node_modules/@angular/compiler/esm5/compiler.js.JitCompiler._compileModuleAndAllComponents node_modules/@angular/compiler/esm5/compiler.js:34391:1)
	Error: Template parse errors:
	Can't bind to 'ngModel' since it isn't a known property of 'input'. (">
	  <div class="form-group">
	    <input name="username" class="form-control" placeholder="Username" [ERROR ->][(ngModel)]="data.username">
	  </div>
	  <div class="form-group">
	"): ng:///DynamicTestModule/UserLoginComponent.html@2:71
	Can't bind to 'ngModel' since it isn't a known property of 'input'. ("form-group">
	    <input name="password" type="password" placeholder="Password" class="form-control" [ERROR ->][(ngModel)]="data.password">
	  </div>
	  <button class="btn btn-primary center-block" [mat-dialog-clos"): ng:///DynamicTestModule/UserLoginComponent.html@5:87
	Can't bind to 'mat-dialog-close' since it isn't a known property of 'button'. (""form-control" [(ngModel)]="data.password">
	  </div>
	  <button class="btn btn-primary center-block" [ERROR ->][mat-dialog-close]="data">Login</button>
	</form>"): ng:///DynamicTestModule/UserLoginComponent.html@7:47
	    at syntaxError node_modules/@angular/compiler/esm5/compiler.js:486:22)
	    at TemplateParser.push../node_modules/@angular/compiler/esm5/compiler.js.TemplateParser.parse node_modules/@angular/compiler/esm5/compiler.js:24674:1)
	    at JitCompiler.push../node_modules/@angular/compiler/esm5/compiler.js.JitCompiler._parseTemplate node_modules/@angular/compiler/esm5/compiler.js:34629:1)
	    at JitCompiler.push../node_modules/@angular/compiler/esm5/compiler.js.JitCompiler._compileTemplate node_modules/@angular/compiler/esm5/compiler.js:34604:1)
	    at http://localhost:18763/_karma_webpack_/webpack:/node_modules/@angular/compiler/esm5/compiler.js:34505:48
	    at Set.forEach (<anonymous>)
	    at JitCompiler.push../node_modules/@angular/compiler/esm5/compiler.js.JitCompiler._compileComponents node_modules/@angular/compiler/esm5/compiler.js:34505:1)
	    at http://localhost:18763/_karma_webpack_/webpack:/node_modules/@angular/compiler/esm5/compiler.js:34393:1
	    at Object.then node_modules/@angular/compiler/esm5/compiler.js:475:33)
	    at JitCompiler.push../node_modules/@angular/compiler/esm5/compiler.js.JitCompiler._compileModuleAndAllComponents node_modules/@angular/compiler/esm5/compiler.js:34391:1)
	Expected undefined to be truthy.
	    at Object.<anonymous> src/app/components/user-login/user-login.component.spec.ts:23:23)
	    at ZoneDelegate../node_modules/zone.js/dist/zone.js.ZoneDelegate.invoke node_modules/zone.js/dist/zone.js:388:1)
	    at ProxyZoneSpec.push../node_modules/zone.js/dist/proxy.js.ProxyZoneSpec.onInvoke node_modules/zone.js/dist/proxy.js:128:1)
	    at ZoneDelegate../node_modules/zone.js/dist/zone.js.ZoneDelegate.invoke node_modules/zone.js/dist/zone.js:387:1)
Chrome 67.0.3396 (Mac OS X 10.13.3) ActivityService should be created FAILED
	Error: StaticInjectorError(DynamicTestModule)[ActivityService -> HttpClient]: 
	  StaticInjectorError(Platform: core)[ActivityService -> HttpClient]: 
	    NullInjectorError: No provider for HttpClient!
	    at _NullInjector.push../node_modules/@angular/core/esm5/core.js._NullInjector.get node_modules/@angular/core/esm5/core.js:1003:1)
	    at resolveToken node_modules/@angular/core/esm5/core.js:1301:1)
	    at tryResolveToken node_modules/@angular/core/esm5/core.js:1243:1)
	    at StaticInjector.push../node_modules/@angular/core/esm5/core.js.StaticInjector.get node_modules/@angular/core/esm5/core.js:1111:1)
	    at resolveToken node_modules/@angular/core/esm5/core.js:1301:1)
	    at tryResolveToken node_modules/@angular/core/esm5/core.js:1243:1)
	    at StaticInjector.push../node_modules/@angular/core/esm5/core.js.StaticInjector.get node_modules/@angular/core/esm5/core.js:1111:1)
	    at resolveNgModuleDep node_modules/@angular/core/esm5/core.js:10896:1)
	    at _createClass node_modules/@angular/core/esm5/core.js:10935:1)
	    at _createProviderInstance$1 node_modules/@angular/core/esm5/core.js:10907:1)
[1A[2KChrome 67.0.3396 (Mac OS X 10.13.3) ActivityService should be created FAILED
	Error: StaticInjectorError(DynamicTestModule)[ActivityService -> HttpClient]: 
	  StaticInjectorError(Platform: core)[ActivityService -> HttpClient]: 
	    NullInjectorError: No provider for HttpClient!
	    at _NullInjector.push../node_modules/@angular/core/esm5/core.js._NullInjector.get node_modules/@angular/core/esm5/core.js:1003:1)
	    at resolveToken node_modules/@angular/core/esm5/core.js:1301:1)
	    at tryResolveToken node_modules/@angular/core/esm5/core.js:1243:1)
	    at StaticInjector.push../node_modules/@angular/core/esm5/core.js.StaticInjector.get node_modules/@angular/core/esm5/core.js:1111:1)
	    at resolveToken node_modules/@angular/core/esm5/core.js:1301:1)
	    at tryResolveToken node_modules/@angular/core/esm5/core.js:1243:1)
	    at StaticInjector.push../node_modules/@angular/core/esm5/core.js.StaticInjector.get node_modules/@angular/core/esm5/core.js:1111:1)
	    at resolveNgModuleDep node_modules/@angular/core/esm5/core.js:10896:1)
	    at _createClass node_modules/@angular/core/esm5/core.js:10935:1)
	    at _createProviderInstance$1 node_modules/@angular/core/esm5/core.js:10907:1)
Chrome 67.0.3396 (Mac OS X 10.13.3): Executed 11 of 14 (10 FAILED) (0 secs / 0.351 secs)
Chrome 67.0.3396 (Mac OS X 10.13.3) ActivityService should be created FAILED
	Error: StaticInjectorError(DynamicTestModule)[ActivityService -> HttpClient]: 
	  StaticInjectorError(Platform: core)[ActivityService -> HttpClient]: 
	    NullInjectorError: No provider for HttpClient!
	    at _NullInjector.push../node_modules/@angular/core/esm5/core.js._NullInjector.get node_modules/@angular/core/esm5/core.js:1003:1)
	    at resolveToken node_modules/@angular/core/esm5/core.js:1301:1)
	    at tryResolveToken node_modules/@angular/core/esm5/core.js:1243:1)
	    at StaticInjector.push../node_modules/@angular/core/esm5/core.js.StaticInjector.get node_modules/@angular/core/esm5/core.js:1111:1)
	    at resolveToken node_modules/@angular/core/esm5/core.js:1301:1)
	    at tryResolveToken node_modules/@angular/core/esm5/core.js:1243:1)
	    at StaticInjector.push../node_modules/@angular/core/esm5/core.js.StaticInjector.get node_modules/@angular/core/esm5/core.js:1111:1)
	    at resolveNgModuleDep node_modules/@angular/core/esm5/core.js:10896:1)
	    at _createClass node_modules/@angular/core/esm5/core.js:10935:1)
	    at _createProviderInstance$1 node_modules/@angular/core/esm5/core.js:10907:1)
Chrome 67.0.3396 (Mac OS X 10.13.3) RecentActivitiesService should be created FAILED
	Error: StaticInjectorError(DynamicTestModule)[RecentActivitiesService -> HttpClient]: 
	  StaticInjectorError(Platform: core)[RecentActivitiesService -> HttpClient]: 
	    NullInjectorError: No provider for HttpClient!
	    at _NullInjector.push../node_modules/@angular/core/esm5/core.js._NullInjector.get node_modules/@angular/core/esm5/core.js:1003:1)
	    at resolveToken node_modules/@angular/core/esm5/core.js:1301:1)
	    at tryResolveToken node_modules/@angular/core/esm5/core.js:1243:1)
	    at StaticInjector.push../node_modules/@angular/core/esm5/core.js.StaticInjector.get node_modules/@angular/core/esm5/core.js:1111:1)
	    at resolveToken node_modules/@angular/core/esm5/core.js:1301:1)
	    at tryResolveToken node_modules/@angular/core/esm5/core.js:1243:1)
	    at StaticInjector.push../node_modules/@angular/core/esm5/core.js.StaticInjector.get node_modules/@angular/core/esm5/core.js:1111:1)
	    at resolveNgModuleDep node_modules/@angular/core/esm5/core.js:10896:1)
	    at _createClass node_modules/@angular/core/esm5/core.js:10935:1)
	    at _createProviderInstance$1 node_modules/@angular/core/esm5/core.js:10907:1)
[1A[2KChrome 67.0.3396 (Mac OS X 10.13.3) RecentActivitiesService should be created FAILED
	Error: StaticInjectorError(DynamicTestModule)[RecentActivitiesService -> HttpClient]: 
	  StaticInjectorError(Platform: core)[RecentActivitiesService -> HttpClient]: 
	    NullInjectorError: No provider for HttpClient!
	    at _NullInjector.push../node_modules/@angular/core/esm5/core.js._NullInjector.get node_modules/@angular/core/esm5/core.js:1003:1)
	    at resolveToken node_modules/@angular/core/esm5/core.js:1301:1)
	    at tryResolveToken node_modules/@angular/core/esm5/core.js:1243:1)
	    at StaticInjector.push../node_modules/@angular/core/esm5/core.js.StaticInjector.get node_modules/@angular/core/esm5/core.js:1111:1)
	    at resolveToken node_modules/@angular/core/esm5/core.js:1301:1)
	    at tryResolveToken node_modules/@angular/core/esm5/core.js:1243:1)
	    at StaticInjector.push../node_modules/@angular/core/esm5/core.js.StaticInjector.get node_modules/@angular/core/esm5/core.js:1111:1)
	    at resolveNgModuleDep node_modules/@angular/core/esm5/core.js:10896:1)
	    at _createClass node_modules/@angular/core/esm5/core.js:10935:1)
	    at _createProviderInstance$1 node_modules/@angular/core/esm5/core.js:10907:1)
Chrome 67.0.3396 (Mac OS X 10.13.3): Executed 12 of 14 (11 FAILED) (0 secs / 0.359 secs)
Chrome 67.0.3396 (Mac OS X 10.13.3) RecentActivitiesService should be created FAILED
	Error: StaticInjectorError(DynamicTestModule)[RecentActivitiesService -> HttpClient]: 
	  StaticInjectorError(Platform: core)[RecentActivitiesService -> HttpClient]: 
	    NullInjectorError: No provider for HttpClient!
	    at _NullInjector.push../node_modules/@angular/core/esm5/core.js._NullInjector.get node_modules/@angular/core/esm5/core.js:1003:1)
	    at resolveToken node_modules/@angular/core/esm5/core.js:1301:1)
	    at tryResolveToken node_modules/@angular/core/esm5/core.js:1243:1)
	    at StaticInjector.push../node_modules/@angular/core/esm5/core.js.StaticInjector.get node_modules/@angular/core/esm5/core.js:1111:1)
	    at resolveToken node_modules/@angular/core/esm5/core.js:1301:1)
	    at tryResolveToken node_modules/@angular/core/esm5/core.js:1243:1)
	    at StaticInjector.push../node_modules/@angular/core/esm5/core.js.StaticInjector.get node_modules/@angular/core/esm5/core.js:1111:1)
	    at resolveNgModuleDep node_modules/@angular/core/esm5/core.js:10896:1)
	    at _createClass node_modules/@angular/core/esm5/core.js:10935:1)
	    at _createProviderInstance$1 node_modules/@angular/core/esm5/core.js:10907:1)
[1A[2KChrome 67.0.3396 (Mac OS X 10.13.3): Executed 13 of 14 (11 FAILED) (0 secs / 0.365 secs)
Chrome 67.0.3396 (Mac OS X 10.13.3) UserService should be created FAILED
	Error: StaticInjectorError(DynamicTestModule)[UserService -> StateService]: 
	  StaticInjectorError(Platform: core)[UserService -> StateService]: 
	    NullInjectorError: No provider for StateService!
	    at _NullInjector.push../node_modules/@angular/core/esm5/core.js._NullInjector.get node_modules/@angular/core/esm5/core.js:1003:1)
	    at resolveToken node_modules/@angular/core/esm5/core.js:1301:1)
	    at tryResolveToken node_modules/@angular/core/esm5/core.js:1243:1)
	    at StaticInjector.push../node_modules/@angular/core/esm5/core.js.StaticInjector.get node_modules/@angular/core/esm5/core.js:1111:1)
	    at resolveToken node_modules/@angular/core/esm5/core.js:1301:1)
	    at tryResolveToken node_modules/@angular/core/esm5/core.js:1243:1)
	    at StaticInjector.push../node_modules/@angular/core/esm5/core.js.StaticInjector.get node_modules/@angular/core/esm5/core.js:1111:1)
	    at resolveNgModuleDep node_modules/@angular/core/esm5/core.js:10896:1)
	    at _createClass node_modules/@angular/core/esm5/core.js:10933:1)
	    at _createProviderInstance$1 node_modules/@angular/core/esm5/core.js:10907:1)
[1A[2KChrome 67.0.3396 (Mac OS X 10.13.3) UserService should be created FAILED
	Error: StaticInjectorError(DynamicTestModule)[UserService -> StateService]: 
	  StaticInjectorError(Platform: core)[UserService -> StateService]: 
	    NullInjectorError: No provider for StateService!
	    at _NullInjector.push../node_modules/@angular/core/esm5/core.js._NullInjector.get node_modules/@angular/core/esm5/core.js:1003:1)
	    at resolveToken node_modules/@angular/core/esm5/core.js:1301:1)
	    at tryResolveToken node_modules/@angular/core/esm5/core.js:1243:1)
	    at StaticInjector.push../node_modules/@angular/core/esm5/core.js.StaticInjector.get node_modules/@angular/core/esm5/core.js:1111:1)
	    at resolveToken node_modules/@angular/core/esm5/core.js:1301:1)
	    at tryResolveToken node_modules/@angular/core/esm5/core.js:1243:1)
	    at StaticInjector.push../node_modules/@angular/core/esm5/core.js.StaticInjector.get node_modules/@angular/core/esm5/core.js:1111:1)
	    at resolveNgModuleDep node_modules/@angular/core/esm5/core.js:10896:1)
	    at _createClass node_modules/@angular/core/esm5/core.js:10933:1)
	    at _createProviderInstance$1 node_modules/@angular/core/esm5/core.js:10907:1)
Chrome 67.0.3396 (Mac OS X 10.13.3): Executed 14 of 14 (12 FAILED) (0 secs / 0.373 secs)
Chrome 67.0.3396 (Mac OS X 10.13.3) UserService should be created FAILED
	Error: StaticInjectorError(DynamicTestModule)[UserService -> StateService]: 
	  StaticInjectorError(Platform: core)[UserService -> StateService]: 
	    NullInjectorError: No provider for StateService!
	    at _NullInjector.push../node_modules/@angular/core/esm5/core.js._NullInjector.get node_modules/@angular/core/esm5/core.js:1003:1)
	    at resolveToken node_modules/@angular/core/esm5/core.js:1301:1)
	    at tryResolveToken node_modules/@angular/core/esm5/core.js:1243:1)
	    at StaticInjector.push../node_modules/@angular/core/esm5/core.js.StaticInjector.get node_modules/@angular/core/esm5/core.js:1111:1)
	    at resolveToken node_modules/@angular/core/esm5/core.js:1301:1)
	    at tryResolveToken node_modules/@angular/core/esm5/core.js:1243:1)
	    at StaticInjector.push../node_modules/@angular/core/esm5/core.js.StaticInjector.get node_modules/@angular/core/esm5/core.js:1111:1)
	    at resolveNgModuleDep node_modules/@angular/core/esm5/core.js:10896:1)
	    at _createClass node_modules/@angular/core/esm5/core.js:10933:1)
	    at _createProviderInstance$1 node_modules/@angular/core/esm5/core.js:10907:1)
[1A[2KChrome 67.0.3396 (Mac OS X 10.13.3): Executed 14 of 14 (12 FAILED) (0.473 secs / 0.373 secs)
Chrome 67.0.3396 (Mac OS X 10.13.3): Executed 0 of 14 SUCCESS (0 secs / 0 secs)
[1A[2KChrome 67.0.3396 (Mac OS X 10.13.3): Executed 1 of 14 SUCCESS (0 secs / 0.052 secs)
Chrome 67.0.3396 (Mac OS X 10.13.3) ActivitySelectorComponent should be created FAILED
	Can't bind to 'ngModel' since it isn't a known property of 'select'. ("
					name="activity"
					class="form-control" 
					[ERROR ->][(ngModel)]="selectedActivity" 
					(ngModelChange)="onChange($event)">
					<option [value]="defaultA"): ng:///DynamicTestModule/ActivitySelectorComponent.html@6:4
	Can't bind to 'ngValue' since it isn't a known property of 'option'. ("d="selected">Select an activity</option>
					<option *ngFor="let activity of activityList$ | async" [ERROR ->][ngValue]="activity">
						{{activity.name}}
					</option>
	"): ng:///DynamicTestModule/ActivitySelectorComponent.html@9:59
	Error: Template parse errors:
	    at syntaxError node_modules/@angular/compiler/esm5/compiler.js:486:22)
	    at TemplateParser.push../node_modules/@angular/compiler/esm5/compiler.js.TemplateParser.parse node_modules/@angular/compiler/esm5/compiler.js:24674:1)
	    at JitCompiler.push../node_modules/@angular/compiler/esm5/compiler.js.JitCompiler._parseTemplate node_modules/@angular/compiler/esm5/compiler.js:34629:1)
	    at JitCompiler.push../node_modules/@angular/compiler/esm5/compiler.js.JitCompiler._compileTemplate node_modules/@angular/compiler/esm5/compiler.js:34604:1)
	    at http://localhost:18763/_karma_webpack_/webpack:/node_modules/@angular/compiler/esm5/compiler.js:34505:48
	    at Set.forEach (<anonymous>)
	    at JitCompiler.push../node_modules/@angular/compiler/esm5/compiler.js.JitCompiler._compileComponents node_modules/@angular/compiler/esm5/compiler.js:34505:1)
	    at http://localhost:18763/_karma_webpack_/webpack:/node_modules/@angular/compiler/esm5/compiler.js:34393:1
	    at Object.then node_modules/@angular/compiler/esm5/compiler.js:475:33)
	    at JitCompiler.push../node_modules/@angular/compiler/esm5/compiler.js.JitCompiler._compileModuleAndAllComponents node_modules/@angular/compiler/esm5/compiler.js:34391:1)
	Error: Template parse errors:
	Can't bind to 'ngModel' since it isn't a known property of 'select'. ("
					name="activity"
					class="form-control" 
					[ERROR ->][(ngModel)]="selectedActivity" 
					(ngModelChange)="onChange($event)">
					<option [value]="defaultA"): ng:///DynamicTestModule/ActivitySelectorComponent.html@6:4
	Can't bind to 'ngValue' since it isn't a known property of 'option'. ("d="selected">Select an activity</option>
					<option *ngFor="let activity of activityList$ | async" [ERROR ->][ngValue]="activity">
						{{activity.name}}
					</option>
	"): ng:///DynamicTestModule/ActivitySelectorComponent.html@9:59
	    at syntaxError node_modules/@angular/compiler/esm5/compiler.js:486:22)
	    at TemplateParser.push../node_modules/@angular/compiler/esm5/compiler.js.TemplateParser.parse node_modules/@angular/compiler/esm5/compiler.js:24674:1)
	    at JitCompiler.push../node_modules/@angular/compiler/esm5/compiler.js.JitCompiler._parseTemplate node_modules/@angular/compiler/esm5/compiler.js:34629:1)
	    at JitCompiler.push../node_modules/@angular/compiler/esm5/compiler.js.JitCompiler._compileTemplate node_modules/@angular/compiler/esm5/compiler.js:34604:1)
	    at http://localhost:18763/_karma_webpack_/webpack:/node_modules/@angular/compiler/esm5/compiler.js:34505:48
	    at Set.forEach (<anonymous>)
	    at JitCompiler.push../node_modules/@angular/compiler/esm5/compiler.js.JitCompiler._compileComponents node_modules/@angular/compiler/esm5/compiler.js:34505:1)
	    at http://localhost:18763/_karma_webpack_/webpack:/node_modules/@angular/compiler/esm5/compiler.js:34393:1
	    at Object.then node_modules/@angular/compiler/esm5/compiler.js:475:33)
	    at JitCompiler.push../node_modules/@angular/compiler/esm5/compiler.js.JitCompiler._compileModuleAndAllComponents node_modules/@angular/compiler/esm5/compiler.js:34391:1)
	Expected undefined to be truthy.
	    at Object.<anonymous> src/app/components/activity-selector/activity-selector.component.spec.ts:39:23)
	    at ZoneDelegate../node_modules/zone.js/dist/zone.js.ZoneDelegate.invoke node_modules/zone.js/dist/zone.js:388:1)
	    at ProxyZoneSpec.push../node_modules/zone.js/dist/proxy.js.ProxyZoneSpec.onInvoke node_modules/zone.js/dist/proxy.js:128:1)
	    at ZoneDelegate../node_modules/zone.js/dist/zone.js.ZoneDelegate.invoke node_modules/zone.js/dist/zone.js:387:1)
[1A[2KChrome 67.0.3396 (Mac OS X 10.13.3) ActivitySelectorComponent should be created FAILED
	Can't bind to 'ngModel' since it isn't a known property of 'select'. ("
					name="activity"
					class="form-control" 
					[ERROR ->][(ngModel)]="selectedActivity" 
					(ngModelChange)="onChange($event)">
					<option [value]="defaultA"): ng:///DynamicTestModule/ActivitySelectorComponent.html@6:4
	Can't bind to 'ngValue' since it isn't a known property of 'option'. ("d="selected">Select an activity</option>
					<option *ngFor="let activity of activityList$ | async" [ERROR ->][ngValue]="activity">
						{{activity.name}}
					</option>
	"): ng:///DynamicTestModule/ActivitySelectorComponent.html@9:59
	Error: Template parse errors:
	    at syntaxError node_modules/@angular/compiler/esm5/compiler.js:486:22)
	    at TemplateParser.push../node_modules/@angular/compiler/esm5/compiler.js.TemplateParser.parse node_modules/@angular/compiler/esm5/compiler.js:24674:1)
	    at JitCompiler.push../node_modules/@angular/compiler/esm5/compiler.js.JitCompiler._parseTemplate node_modules/@angular/compiler/esm5/compiler.js:34629:1)
	    at JitCompiler.push../node_modules/@angular/compiler/esm5/compiler.js.JitCompiler._compileTemplate node_modules/@angular/compiler/esm5/compiler.js:34604:1)
	    at http://localhost:18763/_karma_webpack_/webpack:/node_modules/@angular/compiler/esm5/compiler.js:34505:48
	    at Set.forEach (<anonymous>)
	    at JitCompiler.push../node_modules/@angular/compiler/esm5/compiler.js.JitCompiler._compileComponents node_modules/@angular/compiler/esm5/compiler.js:34505:1)
	    at http://localhost:18763/_karma_webpack_/webpack:/node_modules/@angular/compiler/esm5/compiler.js:34393:1
	    at Object.then node_modules/@angular/compiler/esm5/compiler.js:475:33)
	    at JitCompiler.push../node_modules/@angular/compiler/esm5/compiler.js.JitCompiler._compileModuleAndAllComponents node_modules/@angular/compiler/esm5/compiler.js:34391:1)
	Error: Template parse errors:
	Can't bind to 'ngModel' since it isn't a known property of 'select'. ("
					name="activity"
					class="form-control" 
					[ERROR ->][(ngModel)]="selectedActivity" 
					(ngModelChange)="onChange($event)">
					<option [value]="defaultA"): ng:///DynamicTestModule/ActivitySelectorComponent.html@6:4
	Can't bind to 'ngValue' since it isn't a known property of 'option'. ("d="selected">Select an activity</option>
					<option *ngFor="let activity of activityList$ | async" [ERROR ->][ngValue]="activity">
						{{activity.name}}
					</option>
	"): ng:///DynamicTestModule/ActivitySelectorComponent.html@9:59
	    at syntaxError node_modules/@angular/compiler/esm5/compiler.js:486:22)
	    at TemplateParser.push../node_modules/@angular/compiler/esm5/compiler.js.TemplateParser.parse node_modules/@angular/compiler/esm5/compiler.js:24674:1)
	    at JitCompiler.push../node_modules/@angular/compiler/esm5/compiler.js.JitCompiler._parseTemplate node_modules/@angular/compiler/esm5/compiler.js:34629:1)
	    at JitCompiler.push../node_modules/@angular/compiler/esm5/compiler.js.JitCompiler._compileTemplate node_modules/@angular/compiler/esm5/compiler.js:34604:1)
	    at http://localhost:18763/_karma_webpack_/webpack:/node_modules/@angular/compiler/esm5/compiler.js:34505:48
	    at Set.forEach (<anonymous>)
	    at JitCompiler.push../node_modules/@angular/compiler/esm5/compiler.js.JitCompiler._compileComponents node_modules/@angular/compiler/esm5/compiler.js:34505:1)
	    at http://localhost:18763/_karma_webpack_/webpack:/node_modules/@angular/compiler/esm5/compiler.js:34393:1
	    at Object.then node_modules/@angular/compiler/esm5/compiler.js:475:33)
	    at JitCompiler.push../node_modules/@angular/compiler/esm5/compiler.js.JitCompiler._compileModuleAndAllComponents node_modules/@angular/compiler/esm5/compiler.js:34391:1)
	Expected undefined to be truthy.
	    at Object.<anonymous> src/app/components/activity-selector/activity-selector.component.spec.ts:39:23)
	    at ZoneDelegate../node_modules/zone.js/dist/zone.js.ZoneDelegate.invoke node_modules/zone.js/dist/zone.js:388:1)
	    at ProxyZoneSpec.push../node_modules/zone.js/dist/proxy.js.ProxyZoneSpec.onInvoke node_modules/zone.js/dist/proxy.js:128:1)
	    at ZoneDelegate../node_modules/zone.js/dist/zone.js.ZoneDelegate.invoke node_modules/zone.js/dist/zone.js:387:1)
Chrome 67.0.3396 (Mac OS X 10.13.3): Executed 2 of 14 (1 FAILED) (0 secs / 0.191 secs)
Chrome 67.0.3396 (Mac OS X 10.13.3) ActivitySelectorComponent should be created FAILED
	Can't bind to 'ngModel' since it isn't a known property of 'select'. ("
					name="activity"
					class="form-control" 
					[ERROR ->][(ngModel)]="selectedActivity" 
					(ngModelChange)="onChange($event)">
					<option [value]="defaultA"): ng:///DynamicTestModule/ActivitySelectorComponent.html@6:4
	Can't bind to 'ngValue' since it isn't a known property of 'option'. ("d="selected">Select an activity</option>
					<option *ngFor="let activity of activityList$ | async" [ERROR ->][ngValue]="activity">
						{{activity.name}}
					</option>
	"): ng:///DynamicTestModule/ActivitySelectorComponent.html@9:59
	Error: Template parse errors:
	    at syntaxError node_modules/@angular/compiler/esm5/compiler.js:486:22)
	    at TemplateParser.push../node_modules/@angular/compiler/esm5/compiler.js.TemplateParser.parse node_modules/@angular/compiler/esm5/compiler.js:24674:1)
	    at JitCompiler.push../node_modules/@angular/compiler/esm5/compiler.js.JitCompiler._parseTemplate node_modules/@angular/compiler/esm5/compiler.js:34629:1)
	    at JitCompiler.push../node_modules/@angular/compiler/esm5/compiler.js.JitCompiler._compileTemplate node_modules/@angular/compiler/esm5/compiler.js:34604:1)
	    at http://localhost:18763/_karma_webpack_/webpack:/node_modules/@angular/compiler/esm5/compiler.js:34505:48
	    at Set.forEach (<anonymous>)
	    at JitCompiler.push../node_modules/@angular/compiler/esm5/compiler.js.JitCompiler._compileComponents node_modules/@angular/compiler/esm5/compiler.js:34505:1)
	    at http://localhost:18763/_karma_webpack_/webpack:/node_modules/@angular/compiler/esm5/compiler.js:34393:1
	    at Object.then node_modules/@angular/compiler/esm5/compiler.js:475:33)
	    at JitCompiler.push../node_modules/@angular/compiler/esm5/compiler.js.JitCompiler._compileModuleAndAllComponents node_modules/@angular/compiler/esm5/compiler.js:34391:1)
	Error: Template parse errors:
	Can't bind to 'ngModel' since it isn't a known property of 'select'. ("
					name="activity"
					class="form-control" 
					[ERROR ->][(ngModel)]="selectedActivity" 
					(ngModelChange)="onChange($event)">
					<option [value]="defaultA"): ng:///DynamicTestModule/ActivitySelectorComponent.html@6:4
	Can't bind to 'ngValue' since it isn't a known property of 'option'. ("d="selected">Select an activity</option>
					<option *ngFor="let activity of activityList$ | async" [ERROR ->][ngValue]="activity">
						{{activity.name}}
					</option>
	"): ng:///DynamicTestModule/ActivitySelectorComponent.html@9:59
	    at syntaxError node_modules/@angular/compiler/esm5/compiler.js:486:22)
	    at TemplateParser.push../node_modules/@angular/compiler/esm5/compiler.js.TemplateParser.parse node_modules/@angular/compiler/esm5/compiler.js:24674:1)
	    at JitCompiler.push../node_modules/@angular/compiler/esm5/compiler.js.JitCompiler._parseTemplate node_modules/@angular/compiler/esm5/compiler.js:34629:1)
	    at JitCompiler.push../node_modules/@angular/compiler/esm5/compiler.js.JitCompiler._compileTemplate node_modules/@angular/compiler/esm5/compiler.js:34604:1)
	    at http://localhost:18763/_karma_webpack_/webpack:/node_modules/@angular/compiler/esm5/compiler.js:34505:48
	    at Set.forEach (<anonymous>)
	    at JitCompiler.push../node_modules/@angular/compiler/esm5/compiler.js.JitCompiler._compileComponents node_modules/@angular/compiler/esm5/compiler.js:34505:1)
	    at http://localhost:18763/_karma_webpack_/webpack:/node_modules/@angular/compiler/esm5/compiler.js:34393:1
	    at Object.then node_modules/@angular/compiler/esm5/compiler.js:475:33)
	    at JitCompiler.push../node_modules/@angular/compiler/esm5/compiler.js.JitCompiler._compileModuleAndAllComponents node_modules/@angular/compiler/esm5/compiler.js:34391:1)
	Expected undefined to be truthy.
	    at Object.<anonymous> src/app/components/activity-selector/activity-selector.component.spec.ts:39:23)
	    at ZoneDelegate../node_modules/zone.js/dist/zone.js.ZoneDelegate.invoke node_modules/zone.js/dist/zone.js:388:1)
	    at ProxyZoneSpec.push../node_modules/zone.js/dist/proxy.js.ProxyZoneSpec.onInvoke node_modules/zone.js/dist/proxy.js:128:1)
	    at ZoneDelegate../node_modules/zone.js/dist/zone.js.ZoneDelegate.invoke node_modules/zone.js/dist/zone.js:387:1)
Chrome 67.0.3396 (Mac OS X 10.13.3) AppComponent should create the app FAILED
	'topnav' is not a known element:
	1. If 'topnav' is an Angular component, then verify that it is part of this module.
	2. To allow any element add 'NO_ERRORS_SCHEMA' to the '@NgModule.schemas' of this component. ("[ERROR ->]<topnav></topnav>    
	<div class="container">
		<div class="row">
	"): ng:///DynamicTestModule/AppComponent.html@0:0
	'router-outlet' is not a known element:
	1. If 'router-outlet' is an Angular component, then verify that it is part of this module.
	2. If 'router-outlet' is a Web Component then add 'CUSTOM_ELEMENTS_SCHEMA' to the '@NgModule.schemas' of this component to suppress this message. ("
		<div class="row">
			<div class="col-md-1"></div>
			[ERROR ->]<router-outlet></router-outlet>
			<div class="col-md-1"></div>
		</div>
	"): ng:///DynamicTestModule/AppComponent.html@4:2
	Error: Template parse errors:
	    at syntaxError node_modules/@angular/compiler/esm5/compiler.js:486:22)
	    at TemplateParser.push../node_modules/@angular/compiler/esm5/compiler.js.TemplateParser.parse node_modules/@angular/compiler/esm5/compiler.js:24674:1)
	    at JitCompiler.push../node_modules/@angular/compiler/esm5/compiler.js.JitCompiler._parseTemplate node_modules/@angular/compiler/esm5/compiler.js:34629:1)
	    at JitCompiler.push../node_modules/@angular/compiler/esm5/compiler.js.JitCompiler._compileTemplate node_modules/@angular/compiler/esm5/compiler.js:34604:1)
	    at http://localhost:18763/_karma_webpack_/webpack:/node_modules/@angular/compiler/esm5/compiler.js:34505:48
	    at Set.forEach (<anonymous>)
	    at JitCompiler.push../node_modules/@angular/compiler/esm5/compiler.js.JitCompiler._compileComponents node_modules/@angular/compiler/esm5/compiler.js:34505:1)
	    at http://localhost:18763/_karma_webpack_/webpack:/node_modules/@angular/compiler/esm5/compiler.js:34393:1
	    at Object.then node_modules/@angular/compiler/esm5/compiler.js:475:33)
	    at JitCompiler.push../node_modules/@angular/compiler/esm5/compiler.js.JitCompiler._compileModuleAndAllComponents node_modules/@angular/compiler/esm5/compiler.js:34391:1)
	'topnav' is not a known element:
	1. If 'topnav' is an Angular component, then verify that it is part of this module.
	2. To allow any element add 'NO_ERRORS_SCHEMA' to the '@NgModule.schemas' of this component. ("[ERROR ->]<topnav></topnav>    
	<div class="container">
		<div class="row">
	"): ng:///DynamicTestModule/AppComponent.html@0:0
	'router-outlet' is not a known element:
	1. If 'router-outlet' is an Angular component, then verify that it is part of this module.
	2. If 'router-outlet' is a Web Component then add 'CUSTOM_ELEMENTS_SCHEMA' to the '@NgModule.schemas' of this component to suppress this message. ("
		<div class="row">
			<div class="col-md-1"></div>
			[ERROR ->]<router-outlet></router-outlet>
			<div class="col-md-1"></div>
		</div>
	"): ng:///DynamicTestModule/AppComponent.html@4:2
	Error: Template parse errors:
	    at syntaxError node_modules/@angular/compiler/esm5/compiler.js:486:22)
	    at TemplateParser.push../node_modules/@angular/compiler/esm5/compiler.js.TemplateParser.parse node_modules/@angular/compiler/esm5/compiler.js:24674:1)
	    at JitCompiler.push../node_modules/@angular/compiler/esm5/compiler.js.JitCompiler._parseTemplate node_modules/@angular/compiler/esm5/compiler.js:34629:1)
	    at JitCompiler.push../node_modules/@angular/compiler/esm5/compiler.js.JitCompiler._compileTemplate node_modules/@angular/compiler/esm5/compiler.js:34604:1)
	    at http://localhost:18763/_karma_webpack_/webpack:/node_modules/@angular/compiler/esm5/compiler.js:34505:48
	    at Set.forEach (<anonymous>)
	    at JitCompiler.push../node_modules/@angular/compiler/esm5/compiler.js.JitCompiler._compileComponents node_modules/@angular/compiler/esm5/compiler.js:34505:1)
	    at http://localhost:18763/_karma_webpack_/webpack:/node_modules/@angular/compiler/esm5/compiler.js:34393:1
	    at Object.then node_modules/@angular/compiler/esm5/compiler.js:475:33)
	    at JitCompiler.push../node_modules/@angular/compiler/esm5/compiler.js.JitCompiler._compileModuleAndAllComponents node_modules/@angular/compiler/esm5/compiler.js:34391:1)
[1A[2KChrome 67.0.3396 (Mac OS X 10.13.3) AppComponent should create the app FAILED
	'topnav' is not a known element:
	1. If 'topnav' is an Angular component, then verify that it is part of this module.
	2. To allow any element add 'NO_ERRORS_SCHEMA' to the '@NgModule.schemas' of this component. ("[ERROR ->]<topnav></topnav>    
	<div class="container">
		<div class="row">
	"): ng:///DynamicTestModule/AppComponent.html@0:0
	'router-outlet' is not a known element:
	1. If 'router-outlet' is an Angular component, then verify that it is part of this module.
	2. If 'router-outlet' is a Web Component then add 'CUSTOM_ELEMENTS_SCHEMA' to the '@NgModule.schemas' of this component to suppress this message. ("
		<div class="row">
			<div class="col-md-1"></div>
			[ERROR ->]<router-outlet></router-outlet>
			<div class="col-md-1"></div>
		</div>
	"): ng:///DynamicTestModule/AppComponent.html@4:2
	Error: Template parse errors:
	    at syntaxError node_modules/@angular/compiler/esm5/compiler.js:486:22)
	    at TemplateParser.push../node_modules/@angular/compiler/esm5/compiler.js.TemplateParser.parse node_modules/@angular/compiler/esm5/compiler.js:24674:1)
	    at JitCompiler.push../node_modules/@angular/compiler/esm5/compiler.js.JitCompiler._parseTemplate node_modules/@angular/compiler/esm5/compiler.js:34629:1)
	    at JitCompiler.push../node_modules/@angular/compiler/esm5/compiler.js.JitCompiler._compileTemplate node_modules/@angular/compiler/esm5/compiler.js:34604:1)
	    at http://localhost:18763/_karma_webpack_/webpack:/node_modules/@angular/compiler/esm5/compiler.js:34505:48
	    at Set.forEach (<anonymous>)
	    at JitCompiler.push../node_modules/@angular/compiler/esm5/compiler.js.JitCompiler._compileComponents node_modules/@angular/compiler/esm5/compiler.js:34505:1)
	    at http://localhost:18763/_karma_webpack_/webpack:/node_modules/@angular/compiler/esm5/compiler.js:34393:1
	    at Object.then node_modules/@angular/compiler/esm5/compiler.js:475:33)
	    at JitCompiler.push../node_modules/@angular/compiler/esm5/compiler.js.JitCompiler._compileModuleAndAllComponents node_modules/@angular/compiler/esm5/compiler.js:34391:1)
	'topnav' is not a known element:
	1. If 'topnav' is an Angular component, then verify that it is part of this module.
	2. To allow any element add 'NO_ERRORS_SCHEMA' to the '@NgModule.schemas' of this component. ("[ERROR ->]<topnav></topnav>    
	<div class="container">
		<div class="row">
	"): ng:///DynamicTestModule/AppComponent.html@0:0
	'router-outlet' is not a known element:
	1. If 'router-outlet' is an Angular component, then verify that it is part of this module.
	2. If 'router-outlet' is a Web Component then add 'CUSTOM_ELEMENTS_SCHEMA' to the '@NgModule.schemas' of this component to suppress this message. ("
		<div class="row">
			<div class="col-md-1"></div>
			[ERROR ->]<router-outlet></router-outlet>
			<div class="col-md-1"></div>
		</div>
	"): ng:///DynamicTestModule/AppComponent.html@4:2
	Error: Template parse errors:
	    at syntaxError node_modules/@angular/compiler/esm5/compiler.js:486:22)
	    at TemplateParser.push../node_modules/@angular/compiler/esm5/compiler.js.TemplateParser.parse node_modules/@angular/compiler/esm5/compiler.js:24674:1)
	    at JitCompiler.push../node_modules/@angular/compiler/esm5/compiler.js.JitCompiler._parseTemplate node_modules/@angular/compiler/esm5/compiler.js:34629:1)
	    at JitCompiler.push../node_modules/@angular/compiler/esm5/compiler.js.JitCompiler._compileTemplate node_modules/@angular/compiler/esm5/compiler.js:34604:1)
	    at http://localhost:18763/_karma_webpack_/webpack:/node_modules/@angular/compiler/esm5/compiler.js:34505:48
	    at Set.forEach (<anonymous>)
	    at JitCompiler.push../node_modules/@angular/compiler/esm5/compiler.js.JitCompiler._compileComponents node_modules/@angular/compiler/esm5/compiler.js:34505:1)
	    at http://localhost:18763/_karma_webpack_/webpack:/node_modules/@angular/compiler/esm5/compiler.js:34393:1
	    at Object.then node_modules/@angular/compiler/esm5/compiler.js:475:33)
	    at JitCompiler.push../node_modules/@angular/compiler/esm5/compiler.js.JitCompiler._compileModuleAndAllComponents node_modules/@angular/compiler/esm5/compiler.js:34391:1)
Chrome 67.0.3396 (Mac OS X 10.13.3): Executed 3 of 14 (2 FAILED) (0 secs / 0.206 secs)
Chrome 67.0.3396 (Mac OS X 10.13.3) AppComponent should create the app FAILED
	'topnav' is not a known element:
	1. If 'topnav' is an Angular component, then verify that it is part of this module.
	2. To allow any element add 'NO_ERRORS_SCHEMA' to the '@NgModule.schemas' of this component. ("[ERROR ->]<topnav></topnav>    
	<div class="container">
		<div class="row">
	"): ng:///DynamicTestModule/AppComponent.html@0:0
	'router-outlet' is not a known element:
	1. If 'router-outlet' is an Angular component, then verify that it is part of this module.
	2. If 'router-outlet' is a Web Component then add 'CUSTOM_ELEMENTS_SCHEMA' to the '@NgModule.schemas' of this component to suppress this message. ("
		<div class="row">
			<div class="col-md-1"></div>
			[ERROR ->]<router-outlet></router-outlet>
			<div class="col-md-1"></div>
		</div>
	"): ng:///DynamicTestModule/AppComponent.html@4:2
	Error: Template parse errors:
	    at syntaxError node_modules/@angular/compiler/esm5/compiler.js:486:22)
	    at TemplateParser.push../node_modules/@angular/compiler/esm5/compiler.js.TemplateParser.parse node_modules/@angular/compiler/esm5/compiler.js:24674:1)
	    at JitCompiler.push../node_modules/@angular/compiler/esm5/compiler.js.JitCompiler._parseTemplate node_modules/@angular/compiler/esm5/compiler.js:34629:1)
	    at JitCompiler.push../node_modules/@angular/compiler/esm5/compiler.js.JitCompiler._compileTemplate node_modules/@angular/compiler/esm5/compiler.js:34604:1)
	    at http://localhost:18763/_karma_webpack_/webpack:/node_modules/@angular/compiler/esm5/compiler.js:34505:48
	    at Set.forEach (<anonymous>)
	    at JitCompiler.push../node_modules/@angular/compiler/esm5/compiler.js.JitCompiler._compileComponents node_modules/@angular/compiler/esm5/compiler.js:34505:1)
	    at http://localhost:18763/_karma_webpack_/webpack:/node_modules/@angular/compiler/esm5/compiler.js:34393:1
	    at Object.then node_modules/@angular/compiler/esm5/compiler.js:475:33)
	    at JitCompiler.push../node_modules/@angular/compiler/esm5/compiler.js.JitCompiler._compileModuleAndAllComponents node_modules/@angular/compiler/esm5/compiler.js:34391:1)
	'topnav' is not a known element:
	1. If 'topnav' is an Angular component, then verify that it is part of this module.
	2. To allow any element add 'NO_ERRORS_SCHEMA' to the '@NgModule.schemas' of this component. ("[ERROR ->]<topnav></topnav>    
	<div class="container">
		<div class="row">
	"): ng:///DynamicTestModule/AppComponent.html@0:0
	'router-outlet' is not a known element:
	1. If 'router-outlet' is an Angular component, then verify that it is part of this module.
	2. If 'router-outlet' is a Web Component then add 'CUSTOM_ELEMENTS_SCHEMA' to the '@NgModule.schemas' of this component to suppress this message. ("
		<div class="row">
			<div class="col-md-1"></div>
			[ERROR ->]<router-outlet></router-outlet>
			<div class="col-md-1"></div>
		</div>
	"): ng:///DynamicTestModule/AppComponent.html@4:2
	Error: Template parse errors:
	    at syntaxError node_modules/@angular/compiler/esm5/compiler.js:486:22)
	    at TemplateParser.push../node_modules/@angular/compiler/esm5/compiler.js.TemplateParser.parse node_modules/@angular/compiler/esm5/compiler.js:24674:1)
	    at JitCompiler.push../node_modules/@angular/compiler/esm5/compiler.js.JitCompiler._parseTemplate node_modules/@angular/compiler/esm5/compiler.js:34629:1)
	    at JitCompiler.push../node_modules/@angular/compiler/esm5/compiler.js.JitCompiler._compileTemplate node_modules/@angular/compiler/esm5/compiler.js:34604:1)
	    at http://localhost:18763/_karma_webpack_/webpack:/node_modules/@angular/compiler/esm5/compiler.js:34505:48
	    at Set.forEach (<anonymous>)
	    at JitCompiler.push../node_modules/@angular/compiler/esm5/compiler.js.JitCompiler._compileComponents node_modules/@angular/compiler/esm5/compiler.js:34505:1)
	    at http://localhost:18763/_karma_webpack_/webpack:/node_modules/@angular/compiler/esm5/compiler.js:34393:1
	    at Object.then node_modules/@angular/compiler/esm5/compiler.js:475:33)
	    at JitCompiler.push../node_modules/@angular/compiler/esm5/compiler.js.JitCompiler._compileModuleAndAllComponents node_modules/@angular/compiler/esm5/compiler.js:34391:1)
Chrome 67.0.3396 (Mac OS X 10.13.3) AppComponent should have as title 'app' FAILED
	'topnav' is not a known element:
	1. If 'topnav' is an Angular component, then verify that it is part of this module.
	2. To allow any element add 'NO_ERRORS_SCHEMA' to the '@NgModule.schemas' of this component. ("[ERROR ->]<topnav></topnav>    
	<div class="container">
		<div class="row">
	"): ng:///DynamicTestModule/AppComponent.html@0:0
	'router-outlet' is not a known element:
	1. If 'router-outlet' is an Angular component, then verify that it is part of this module.
	2. If 'router-outlet' is a Web Component then add 'CUSTOM_ELEMENTS_SCHEMA' to the '@NgModule.schemas' of this component to suppress this message. ("
		<div class="row">
			<div class="col-md-1"></div>
			[ERROR ->]<router-outlet></router-outlet>
			<div class="col-md-1"></div>
		</div>
	"): ng:///DynamicTestModule/AppComponent.html@4:2
	Error: Template parse errors:
	    at syntaxError node_modules/@angular/compiler/esm5/compiler.js:486:22)
	    at TemplateParser.push../node_modules/@angular/compiler/esm5/compiler.js.TemplateParser.parse node_modules/@angular/compiler/esm5/compiler.js:24674:1)
	    at JitCompiler.push../node_modules/@angular/compiler/esm5/compiler.js.JitCompiler._parseTemplate node_modules/@angular/compiler/esm5/compiler.js:34629:1)
	    at JitCompiler.push../node_modules/@angular/compiler/esm5/compiler.js.JitCompiler._compileTemplate node_modules/@angular/compiler/esm5/compiler.js:34604:1)
	    at http://localhost:18763/_karma_webpack_/webpack:/node_modules/@angular/compiler/esm5/compiler.js:34505:48
	    at Set.forEach (<anonymous>)
	    at JitCompiler.push../node_modules/@angular/compiler/esm5/compiler.js.JitCompiler._compileComponents node_modules/@angular/compiler/esm5/compiler.js:34505:1)
	    at http://localhost:18763/_karma_webpack_/webpack:/node_modules/@angular/compiler/esm5/compiler.js:34393:1
	    at Object.then node_modules/@angular/compiler/esm5/compiler.js:475:33)
	    at JitCompiler.push../node_modules/@angular/compiler/esm5/compiler.js.JitCompiler._compileModuleAndAllComponents node_modules/@angular/compiler/esm5/compiler.js:34391:1)
	'topnav' is not a known element:
	1. If 'topnav' is an Angular component, then verify that it is part of this module.
	2. To allow any element add 'NO_ERRORS_SCHEMA' to the '@NgModule.schemas' of this component. ("[ERROR ->]<topnav></topnav>    
	<div class="container">
		<div class="row">
	"): ng:///DynamicTestModule/AppComponent.html@0:0
	'router-outlet' is not a known element:
	1. If 'router-outlet' is an Angular component, then verify that it is part of this module.
	2. If 'router-outlet' is a Web Component then add 'CUSTOM_ELEMENTS_SCHEMA' to the '@NgModule.schemas' of this component to suppress this message. ("
		<div class="row">
			<div class="col-md-1"></div>
			[ERROR ->]<router-outlet></router-outlet>
			<div class="col-md-1"></div>
		</div>
	"): ng:///DynamicTestModule/AppComponent.html@4:2
	Error: Template parse errors:
	    at syntaxError node_modules/@angular/compiler/esm5/compiler.js:486:22)
	    at TemplateParser.push../node_modules/@angular/compiler/esm5/compiler.js.TemplateParser.parse node_modules/@angular/compiler/esm5/compiler.js:24674:1)
	    at JitCompiler.push../node_modules/@angular/compiler/esm5/compiler.js.JitCompiler._parseTemplate node_modules/@angular/compiler/esm5/compiler.js:34629:1)
	    at JitCompiler.push../node_modules/@angular/compiler/esm5/compiler.js.JitCompiler._compileTemplate node_modules/@angular/compiler/esm5/compiler.js:34604:1)
	    at http://localhost:18763/_karma_webpack_/webpack:/node_modules/@angular/compiler/esm5/compiler.js:34505:48
	    at Set.forEach (<anonymous>)
	    at JitCompiler.push../node_modules/@angular/compiler/esm5/compiler.js.JitCompiler._compileComponents node_modules/@angular/compiler/esm5/compiler.js:34505:1)
	    at http://localhost:18763/_karma_webpack_/webpack:/node_modules/@angular/compiler/esm5/compiler.js:34393:1
	    at Object.then node_modules/@angular/compiler/esm5/compiler.js:475:33)
	    at JitCompiler.push../node_modules/@angular/compiler/esm5/compiler.js.JitCompiler._compileModuleAndAllComponents node_modules/@angular/compiler/esm5/compiler.js:34391:1)
[1A[2KChrome 67.0.3396 (Mac OS X 10.13.3) AppComponent should have as title 'app' FAILED
	'topnav' is not a known element:
	1. If 'topnav' is an Angular component, then verify that it is part of this module.
	2. To allow any element add 'NO_ERRORS_SCHEMA' to the '@NgModule.schemas' of this component. ("[ERROR ->]<topnav></topnav>    
	<div class="container">
		<div class="row">
	"): ng:///DynamicTestModule/AppComponent.html@0:0
	'router-outlet' is not a known element:
	1. If 'router-outlet' is an Angular component, then verify that it is part of this module.
	2. If 'router-outlet' is a Web Component then add 'CUSTOM_ELEMENTS_SCHEMA' to the '@NgModule.schemas' of this component to suppress this message. ("
		<div class="row">
			<div class="col-md-1"></div>
			[ERROR ->]<router-outlet></router-outlet>
			<div class="col-md-1"></div>
		</div>
	"): ng:///DynamicTestModule/AppComponent.html@4:2
	Error: Template parse errors:
	    at syntaxError node_modules/@angular/compiler/esm5/compiler.js:486:22)
	    at TemplateParser.push../node_modules/@angular/compiler/esm5/compiler.js.TemplateParser.parse node_modules/@angular/compiler/esm5/compiler.js:24674:1)
	    at JitCompiler.push../node_modules/@angular/compiler/esm5/compiler.js.JitCompiler._parseTemplate node_modules/@angular/compiler/esm5/compiler.js:34629:1)
	    at JitCompiler.push../node_modules/@angular/compiler/esm5/compiler.js.JitCompiler._compileTemplate node_modules/@angular/compiler/esm5/compiler.js:34604:1)
	    at http://localhost:18763/_karma_webpack_/webpack:/node_modules/@angular/compiler/esm5/compiler.js:34505:48
	    at Set.forEach (<anonymous>)
	    at JitCompiler.push../node_modules/@angular/compiler/esm5/compiler.js.JitCompiler._compileComponents node_modules/@angular/compiler/esm5/compiler.js:34505:1)
	    at http://localhost:18763/_karma_webpack_/webpack:/node_modules/@angular/compiler/esm5/compiler.js:34393:1
	    at Object.then node_modules/@angular/compiler/esm5/compiler.js:475:33)
	    at JitCompiler.push../node_modules/@angular/compiler/esm5/compiler.js.JitCompiler._compileModuleAndAllComponents node_modules/@angular/compiler/esm5/compiler.js:34391:1)
	'topnav' is not a known element:
	1. If 'topnav' is an Angular component, then verify that it is part of this module.
	2. To allow any element add 'NO_ERRORS_SCHEMA' to the '@NgModule.schemas' of this component. ("[ERROR ->]<topnav></topnav>    
	<div class="container">
		<div class="row">
	"): ng:///DynamicTestModule/AppComponent.html@0:0
	'router-outlet' is not a known element:
	1. If 'router-outlet' is an Angular component, then verify that it is part of this module.
	2. If 'router-outlet' is a Web Component then add 'CUSTOM_ELEMENTS_SCHEMA' to the '@NgModule.schemas' of this component to suppress this message. ("
		<div class="row">
			<div class="col-md-1"></div>
			[ERROR ->]<router-outlet></router-outlet>
			<div class="col-md-1"></div>
		</div>
	"): ng:///DynamicTestModule/AppComponent.html@4:2
	Error: Template parse errors:
	    at syntaxError node_modules/@angular/compiler/esm5/compiler.js:486:22)
	    at TemplateParser.push../node_modules/@angular/compiler/esm5/compiler.js.TemplateParser.parse node_modules/@angular/compiler/esm5/compiler.js:24674:1)
	    at JitCompiler.push../node_modules/@angular/compiler/esm5/compiler.js.JitCompiler._parseTemplate node_modules/@angular/compiler/esm5/compiler.js:34629:1)
	    at JitCompiler.push../node_modules/@angular/compiler/esm5/compiler.js.JitCompiler._compileTemplate node_modules/@angular/compiler/esm5/compiler.js:34604:1)
	    at http://localhost:18763/_karma_webpack_/webpack:/node_modules/@angular/compiler/esm5/compiler.js:34505:48
	    at Set.forEach (<anonymous>)
	    at JitCompiler.push../node_modules/@angular/compiler/esm5/compiler.js.JitCompiler._compileComponents node_modules/@angular/compiler/esm5/compiler.js:34505:1)
	    at http://localhost:18763/_karma_webpack_/webpack:/node_modules/@angular/compiler/esm5/compiler.js:34393:1
	    at Object.then node_modules/@angular/compiler/esm5/compiler.js:475:33)
	    at JitCompiler.push../node_modules/@angular/compiler/esm5/compiler.js.JitCompiler._compileModuleAndAllComponents node_modules/@angular/compiler/esm5/compiler.js:34391:1)
Chrome 67.0.3396 (Mac OS X 10.13.3): Executed 4 of 14 (3 FAILED) (0 secs / 0.218 secs)
Chrome 67.0.3396 (Mac OS X 10.13.3) AppComponent should have as title 'app' FAILED
	'topnav' is not a known element:
	1. If 'topnav' is an Angular component, then verify that it is part of this module.
	2. To allow any element add 'NO_ERRORS_SCHEMA' to the '@NgModule.schemas' of this component. ("[ERROR ->]<topnav></topnav>    
	<div class="container">
		<div class="row">
	"): ng:///DynamicTestModule/AppComponent.html@0:0
	'router-outlet' is not a known element:
	1. If 'router-outlet' is an Angular component, then verify that it is part of this module.
	2. If 'router-outlet' is a Web Component then add 'CUSTOM_ELEMENTS_SCHEMA' to the '@NgModule.schemas' of this component to suppress this message. ("
		<div class="row">
			<div class="col-md-1"></div>
			[ERROR ->]<router-outlet></router-outlet>
			<div class="col-md-1"></div>
		</div>
	"): ng:///DynamicTestModule/AppComponent.html@4:2
	Error: Template parse errors:
	    at syntaxError node_modules/@angular/compiler/esm5/compiler.js:486:22)
	    at TemplateParser.push../node_modules/@angular/compiler/esm5/compiler.js.TemplateParser.parse node_modules/@angular/compiler/esm5/compiler.js:24674:1)
	    at JitCompiler.push../node_modules/@angular/compiler/esm5/compiler.js.JitCompiler._parseTemplate node_modules/@angular/compiler/esm5/compiler.js:34629:1)
	    at JitCompiler.push../node_modules/@angular/compiler/esm5/compiler.js.JitCompiler._compileTemplate node_modules/@angular/compiler/esm5/compiler.js:34604:1)
	    at http://localhost:18763/_karma_webpack_/webpack:/node_modules/@angular/compiler/esm5/compiler.js:34505:48
	    at Set.forEach (<anonymous>)
	    at JitCompiler.push../node_modules/@angular/compiler/esm5/compiler.js.JitCompiler._compileComponents node_modules/@angular/compiler/esm5/compiler.js:34505:1)
	    at http://localhost:18763/_karma_webpack_/webpack:/node_modules/@angular/compiler/esm5/compiler.js:34393:1
	    at Object.then node_modules/@angular/compiler/esm5/compiler.js:475:33)
	    at JitCompiler.push../node_modules/@angular/compiler/esm5/compiler.js.JitCompiler._compileModuleAndAllComponents node_modules/@angular/compiler/esm5/compiler.js:34391:1)
	'topnav' is not a known element:
	1. If 'topnav' is an Angular component, then verify that it is part of this module.
	2. To allow any element add 'NO_ERRORS_SCHEMA' to the '@NgModule.schemas' of this component. ("[ERROR ->]<topnav></topnav>    
	<div class="container">
		<div class="row">
	"): ng:///DynamicTestModule/AppComponent.html@0:0
	'router-outlet' is not a known element:
	1. If 'router-outlet' is an Angular component, then verify that it is part of this module.
	2. If 'router-outlet' is a Web Component then add 'CUSTOM_ELEMENTS_SCHEMA' to the '@NgModule.schemas' of this component to suppress this message. ("
		<div class="row">
			<div class="col-md-1"></div>
			[ERROR ->]<router-outlet></router-outlet>
			<div class="col-md-1"></div>
		</div>
	"): ng:///DynamicTestModule/AppComponent.html@4:2
	Error: Template parse errors:
	    at syntaxError node_modules/@angular/compiler/esm5/compiler.js:486:22)
	    at TemplateParser.push../node_modules/@angular/compiler/esm5/compiler.js.TemplateParser.parse node_modules/@angular/compiler/esm5/compiler.js:24674:1)
	    at JitCompiler.push../node_modules/@angular/compiler/esm5/compiler.js.JitCompiler._parseTemplate node_modules/@angular/compiler/esm5/compiler.js:34629:1)
	    at JitCompiler.push../node_modules/@angular/compiler/esm5/compiler.js.JitCompiler._compileTemplate node_modules/@angular/compiler/esm5/compiler.js:34604:1)
	    at http://localhost:18763/_karma_webpack_/webpack:/node_modules/@angular/compiler/esm5/compiler.js:34505:48
	    at Set.forEach (<anonymous>)
	    at JitCompiler.push../node_modules/@angular/compiler/esm5/compiler.js.JitCompiler._compileComponents node_modules/@angular/compiler/esm5/compiler.js:34505:1)
	    at http://localhost:18763/_karma_webpack_/webpack:/node_modules/@angular/compiler/esm5/compiler.js:34393:1
	    at Object.then node_modules/@angular/compiler/esm5/compiler.js:475:33)
	    at JitCompiler.push../node_modules/@angular/compiler/esm5/compiler.js.JitCompiler._compileModuleAndAllComponents node_modules/@angular/compiler/esm5/compiler.js:34391:1)
Chrome 67.0.3396 (Mac OS X 10.13.3) AppComponent should render title in a h1 tag FAILED
	'topnav' is not a known element:
	1. If 'topnav' is an Angular component, then verify that it is part of this module.
	2. To allow any element add 'NO_ERRORS_SCHEMA' to the '@NgModule.schemas' of this component. ("[ERROR ->]<topnav></topnav>    
	<div class="container">
		<div class="row">
	"): ng:///DynamicTestModule/AppComponent.html@0:0
	'router-outlet' is not a known element:
	1. If 'router-outlet' is an Angular component, then verify that it is part of this module.
	2. If 'router-outlet' is a Web Component then add 'CUSTOM_ELEMENTS_SCHEMA' to the '@NgModule.schemas' of this component to suppress this message. ("
		<div class="row">
			<div class="col-md-1"></div>
			[ERROR ->]<router-outlet></router-outlet>
			<div class="col-md-1"></div>
		</div>
	"): ng:///DynamicTestModule/AppComponent.html@4:2
	Error: Template parse errors:
	    at syntaxError node_modules/@angular/compiler/esm5/compiler.js:486:22)
	    at TemplateParser.push../node_modules/@angular/compiler/esm5/compiler.js.TemplateParser.parse node_modules/@angular/compiler/esm5/compiler.js:24674:1)
	    at JitCompiler.push../node_modules/@angular/compiler/esm5/compiler.js.JitCompiler._parseTemplate node_modules/@angular/compiler/esm5/compiler.js:34629:1)
	    at JitCompiler.push../node_modules/@angular/compiler/esm5/compiler.js.JitCompiler._compileTemplate node_modules/@angular/compiler/esm5/compiler.js:34604:1)
	    at http://localhost:18763/_karma_webpack_/webpack:/node_modules/@angular/compiler/esm5/compiler.js:34505:48
	    at Set.forEach (<anonymous>)
	    at JitCompiler.push../node_modules/@angular/compiler/esm5/compiler.js.JitCompiler._compileComponents node_modules/@angular/compiler/esm5/compiler.js:34505:1)
	    at http://localhost:18763/_karma_webpack_/webpack:/node_modules/@angular/compiler/esm5/compiler.js:34393:1
	    at Object.then node_modules/@angular/compiler/esm5/compiler.js:475:33)
	    at JitCompiler.push../node_modules/@angular/compiler/esm5/compiler.js.JitCompiler._compileModuleAndAllComponents node_modules/@angular/compiler/esm5/compiler.js:34391:1)
	'topnav' is not a known element:
	1. If 'topnav' is an Angular component, then verify that it is part of this module.
	2. To allow any element add 'NO_ERRORS_SCHEMA' to the '@NgModule.schemas' of this component. ("[ERROR ->]<topnav></topnav>    
	<div class="container">
		<div class="row">
	"): ng:///DynamicTestModule/AppComponent.html@0:0
	'router-outlet' is not a known element:
	1. If 'router-outlet' is an Angular component, then verify that it is part of this module.
	2. If 'router-outlet' is a Web Component then add 'CUSTOM_ELEMENTS_SCHEMA' to the '@NgModule.schemas' of this component to suppress this message. ("
		<div class="row">
			<div class="col-md-1"></div>
			[ERROR ->]<router-outlet></router-outlet>
			<div class="col-md-1"></div>
		</div>
	"): ng:///DynamicTestModule/AppComponent.html@4:2
	Error: Template parse errors:
	    at syntaxError node_modules/@angular/compiler/esm5/compiler.js:486:22)
	    at TemplateParser.push../node_modules/@angular/compiler/esm5/compiler.js.TemplateParser.parse node_modules/@angular/compiler/esm5/compiler.js:24674:1)
	    at JitCompiler.push../node_modules/@angular/compiler/esm5/compiler.js.JitCompiler._parseTemplate node_modules/@angular/compiler/esm5/compiler.js:34629:1)
	    at JitCompiler.push../node_modules/@angular/compiler/esm5/compiler.js.JitCompiler._compileTemplate node_modules/@angular/compiler/esm5/compiler.js:34604:1)
	    at http://localhost:18763/_karma_webpack_/webpack:/node_modules/@angular/compiler/esm5/compiler.js:34505:48
	    at Set.forEach (<anonymous>)
	    at JitCompiler.push../node_modules/@angular/compiler/esm5/compiler.js.JitCompiler._compileComponents node_modules/@angular/compiler/esm5/compiler.js:34505:1)
	    at http://localhost:18763/_karma_webpack_/webpack:/node_modules/@angular/compiler/esm5/compiler.js:34393:1
	    at Object.then node_modules/@angular/compiler/esm5/compiler.js:475:33)
	    at JitCompiler.push../node_modules/@angular/compiler/esm5/compiler.js.JitCompiler._compileModuleAndAllComponents node_modules/@angular/compiler/esm5/compiler.js:34391:1)
[1A[2KChrome 67.0.3396 (Mac OS X 10.13.3) AppComponent should render title in a h1 tag FAILED
	'topnav' is not a known element:
	1. If 'topnav' is an Angular component, then verify that it is part of this module.
	2. To allow any element add 'NO_ERRORS_SCHEMA' to the '@NgModule.schemas' of this component. ("[ERROR ->]<topnav></topnav>    
	<div class="container">
		<div class="row">
	"): ng:///DynamicTestModule/AppComponent.html@0:0
	'router-outlet' is not a known element:
	1. If 'router-outlet' is an Angular component, then verify that it is part of this module.
	2. If 'router-outlet' is a Web Component then add 'CUSTOM_ELEMENTS_SCHEMA' to the '@NgModule.schemas' of this component to suppress this message. ("
		<div class="row">
			<div class="col-md-1"></div>
			[ERROR ->]<router-outlet></router-outlet>
			<div class="col-md-1"></div>
		</div>
	"): ng:///DynamicTestModule/AppComponent.html@4:2
	Error: Template parse errors:
	    at syntaxError node_modules/@angular/compiler/esm5/compiler.js:486:22)
	    at TemplateParser.push../node_modules/@angular/compiler/esm5/compiler.js.TemplateParser.parse node_modules/@angular/compiler/esm5/compiler.js:24674:1)
	    at JitCompiler.push../node_modules/@angular/compiler/esm5/compiler.js.JitCompiler._parseTemplate node_modules/@angular/compiler/esm5/compiler.js:34629:1)
	    at JitCompiler.push../node_modules/@angular/compiler/esm5/compiler.js.JitCompiler._compileTemplate node_modules/@angular/compiler/esm5/compiler.js:34604:1)
	    at http://localhost:18763/_karma_webpack_/webpack:/node_modules/@angular/compiler/esm5/compiler.js:34505:48
	    at Set.forEach (<anonymous>)
	    at JitCompiler.push../node_modules/@angular/compiler/esm5/compiler.js.JitCompiler._compileComponents node_modules/@angular/compiler/esm5/compiler.js:34505:1)
	    at http://localhost:18763/_karma_webpack_/webpack:/node_modules/@angular/compiler/esm5/compiler.js:34393:1
	    at Object.then node_modules/@angular/compiler/esm5/compiler.js:475:33)
	    at JitCompiler.push../node_modules/@angular/compiler/esm5/compiler.js.JitCompiler._compileModuleAndAllComponents node_modules/@angular/compiler/esm5/compiler.js:34391:1)
	'topnav' is not a known element:
	1. If 'topnav' is an Angular component, then verify that it is part of this module.
	2. To allow any element add 'NO_ERRORS_SCHEMA' to the '@NgModule.schemas' of this component. ("[ERROR ->]<topnav></topnav>    
	<div class="container">
		<div class="row">
	"): ng:///DynamicTestModule/AppComponent.html@0:0
	'router-outlet' is not a known element:
	1. If 'router-outlet' is an Angular component, then verify that it is part of this module.
	2. If 'router-outlet' is a Web Component then add 'CUSTOM_ELEMENTS_SCHEMA' to the '@NgModule.schemas' of this component to suppress this message. ("
		<div class="row">
			<div class="col-md-1"></div>
			[ERROR ->]<router-outlet></router-outlet>
			<div class="col-md-1"></div>
		</div>
	"): ng:///DynamicTestModule/AppComponent.html@4:2
	Error: Template parse errors:
	    at syntaxError node_modules/@angular/compiler/esm5/compiler.js:486:22)
	    at TemplateParser.push../node_modules/@angular/compiler/esm5/compiler.js.TemplateParser.parse node_modules/@angular/compiler/esm5/compiler.js:24674:1)
	    at JitCompiler.push../node_modules/@angular/compiler/esm5/compiler.js.JitCompiler._parseTemplate node_modules/@angular/compiler/esm5/compiler.js:34629:1)
	    at JitCompiler.push../node_modules/@angular/compiler/esm5/compiler.js.JitCompiler._compileTemplate node_modules/@angular/compiler/esm5/compiler.js:34604:1)
	    at http://localhost:18763/_karma_webpack_/webpack:/node_modules/@angular/compiler/esm5/compiler.js:34505:48
	    at Set.forEach (<anonymous>)
	    at JitCompiler.push../node_modules/@angular/compiler/esm5/compiler.js.JitCompiler._compileComponents node_modules/@angular/compiler/esm5/compiler.js:34505:1)
	    at http://localhost:18763/_karma_webpack_/webpack:/node_modules/@angular/compiler/esm5/compiler.js:34393:1
	    at Object.then node_modules/@angular/compiler/esm5/compiler.js:475:33)
	    at JitCompiler.push../node_modules/@angular/compiler/esm5/compiler.js.JitCompiler._compileModuleAndAllComponents node_modules/@angular/compiler/esm5/compiler.js:34391:1)
Chrome 67.0.3396 (Mac OS X 10.13.3): Executed 5 of 14 (4 FAILED) (0 secs / 0.232 secs)
Chrome 67.0.3396 (Mac OS X 10.13.3) AppComponent should render title in a h1 tag FAILED
	'topnav' is not a known element:
	1. If 'topnav' is an Angular component, then verify that it is part of this module.
	2. To allow any element add 'NO_ERRORS_SCHEMA' to the '@NgModule.schemas' of this component. ("[ERROR ->]<topnav></topnav>    
	<div class="container">
		<div class="row">
	"): ng:///DynamicTestModule/AppComponent.html@0:0
	'router-outlet' is not a known element:
	1. If 'router-outlet' is an Angular component, then verify that it is part of this module.
	2. If 'router-outlet' is a Web Component then add 'CUSTOM_ELEMENTS_SCHEMA' to the '@NgModule.schemas' of this component to suppress this message. ("
		<div class="row">
			<div class="col-md-1"></div>
			[ERROR ->]<router-outlet></router-outlet>
			<div class="col-md-1"></div>
		</div>
	"): ng:///DynamicTestModule/AppComponent.html@4:2
	Error: Template parse errors:
	    at syntaxError node_modules/@angular/compiler/esm5/compiler.js:486:22)
	    at TemplateParser.push../node_modules/@angular/compiler/esm5/compiler.js.TemplateParser.parse node_modules/@angular/compiler/esm5/compiler.js:24674:1)
	    at JitCompiler.push../node_modules/@angular/compiler/esm5/compiler.js.JitCompiler._parseTemplate node_modules/@angular/compiler/esm5/compiler.js:34629:1)
	    at JitCompiler.push../node_modules/@angular/compiler/esm5/compiler.js.JitCompiler._compileTemplate node_modules/@angular/compiler/esm5/compiler.js:34604:1)
	    at http://localhost:18763/_karma_webpack_/webpack:/node_modules/@angular/compiler/esm5/compiler.js:34505:48
	    at Set.forEach (<anonymous>)
	    at JitCompiler.push../node_modules/@angular/compiler/esm5/compiler.js.JitCompiler._compileComponents node_modules/@angular/compiler/esm5/compiler.js:34505:1)
	    at http://localhost:18763/_karma_webpack_/webpack:/node_modules/@angular/compiler/esm5/compiler.js:34393:1
	    at Object.then node_modules/@angular/compiler/esm5/compiler.js:475:33)
	    at JitCompiler.push../node_modules/@angular/compiler/esm5/compiler.js.JitCompiler._compileModuleAndAllComponents node_modules/@angular/compiler/esm5/compiler.js:34391:1)
	'topnav' is not a known element:
	1. If 'topnav' is an Angular component, then verify that it is part of this module.
	2. To allow any element add 'NO_ERRORS_SCHEMA' to the '@NgModule.schemas' of this component. ("[ERROR ->]<topnav></topnav>    
	<div class="container">
		<div class="row">
	"): ng:///DynamicTestModule/AppComponent.html@0:0
	'router-outlet' is not a known element:
	1. If 'router-outlet' is an Angular component, then verify that it is part of this module.
	2. If 'router-outlet' is a Web Component then add 'CUSTOM_ELEMENTS_SCHEMA' to the '@NgModule.schemas' of this component to suppress this message. ("
		<div class="row">
			<div class="col-md-1"></div>
			[ERROR ->]<router-outlet></router-outlet>
			<div class="col-md-1"></div>
		</div>
	"): ng:///DynamicTestModule/AppComponent.html@4:2
	Error: Template parse errors:
	    at syntaxError node_modules/@angular/compiler/esm5/compiler.js:486:22)
	    at TemplateParser.push../node_modules/@angular/compiler/esm5/compiler.js.TemplateParser.parse node_modules/@angular/compiler/esm5/compiler.js:24674:1)
	    at JitCompiler.push../node_modules/@angular/compiler/esm5/compiler.js.JitCompiler._parseTemplate node_modules/@angular/compiler/esm5/compiler.js:34629:1)
	    at JitCompiler.push../node_modules/@angular/compiler/esm5/compiler.js.JitCompiler._compileTemplate node_modules/@angular/compiler/esm5/compiler.js:34604:1)
	    at http://localhost:18763/_karma_webpack_/webpack:/node_modules/@angular/compiler/esm5/compiler.js:34505:48
	    at Set.forEach (<anonymous>)
	    at JitCompiler.push../node_modules/@angular/compiler/esm5/compiler.js.JitCompiler._compileComponents node_modules/@angular/compiler/esm5/compiler.js:34505:1)
	    at http://localhost:18763/_karma_webpack_/webpack:/node_modules/@angular/compiler/esm5/compiler.js:34393:1
	    at Object.then node_modules/@angular/compiler/esm5/compiler.js:475:33)
	    at JitCompiler.push../node_modules/@angular/compiler/esm5/compiler.js.JitCompiler._compileModuleAndAllComponents node_modules/@angular/compiler/esm5/compiler.js:34391:1)
Chrome 67.0.3396 (Mac OS X 10.13.3) RecentActivitiesComponent should be created FAILED
	Error: StaticInjectorError(DynamicTestModule)[RecentActivitiesComponent -> RecentActivitiesService]: 
	  StaticInjectorError(Platform: core)[RecentActivitiesComponent -> RecentActivitiesService]: 
	    NullInjectorError: No provider for RecentActivitiesService!
	    at _NullInjector.push../node_modules/@angular/core/esm5/core.js._NullInjector.get node_modules/@angular/core/esm5/core.js:1003:1)
	    at resolveToken node_modules/@angular/core/esm5/core.js:1301:1)
	    at tryResolveToken node_modules/@angular/core/esm5/core.js:1243:1)
	    at StaticInjector.push../node_modules/@angular/core/esm5/core.js.StaticInjector.get node_modules/@angular/core/esm5/core.js:1111:1)
	    at resolveToken node_modules/@angular/core/esm5/core.js:1301:1)
	    at tryResolveToken node_modules/@angular/core/esm5/core.js:1243:1)
	    at StaticInjector.push../node_modules/@angular/core/esm5/core.js.StaticInjector.get node_modules/@angular/core/esm5/core.js:1111:1)
	    at resolveNgModuleDep node_modules/@angular/core/esm5/core.js:10896:1)
	    at NgModuleRef_.push../node_modules/@angular/core/esm5/core.js.NgModuleRef_.get node_modules/@angular/core/esm5/core.js:12129:1)
	    at resolveDep node_modules/@angular/core/esm5/core.js:12619:1)
	Expected undefined to be truthy.
	    at Object.<anonymous> src/app/components/recent-activities/recent-activities.component.spec.ts:23:23)
	    at ZoneDelegate../node_modules/zone.js/dist/zone.js.ZoneDelegate.invoke node_modules/zone.js/dist/zone.js:388:1)
	    at ProxyZoneSpec.push../node_modules/zone.js/dist/proxy.js.ProxyZoneSpec.onInvoke node_modules/zone.js/dist/proxy.js:128:1)
	    at ZoneDelegate../node_modules/zone.js/dist/zone.js.ZoneDelegate.invoke node_modules/zone.js/dist/zone.js:387:1)
[1A[2KChrome 67.0.3396 (Mac OS X 10.13.3) RecentActivitiesComponent should be created FAILED
	Error: StaticInjectorError(DynamicTestModule)[RecentActivitiesComponent -> RecentActivitiesService]: 
	  StaticInjectorError(Platform: core)[RecentActivitiesComponent -> RecentActivitiesService]: 
	    NullInjectorError: No provider for RecentActivitiesService!
	    at _NullInjector.push../node_modules/@angular/core/esm5/core.js._NullInjector.get node_modules/@angular/core/esm5/core.js:1003:1)
	    at resolveToken node_modules/@angular/core/esm5/core.js:1301:1)
	    at tryResolveToken node_modules/@angular/core/esm5/core.js:1243:1)
	    at StaticInjector.push../node_modules/@angular/core/esm5/core.js.StaticInjector.get node_modules/@angular/core/esm5/core.js:1111:1)
	    at resolveToken node_modules/@angular/core/esm5/core.js:1301:1)
	    at tryResolveToken node_modules/@angular/core/esm5/core.js:1243:1)
	    at StaticInjector.push../node_modules/@angular/core/esm5/core.js.StaticInjector.get node_modules/@angular/core/esm5/core.js:1111:1)
	    at resolveNgModuleDep node_modules/@angular/core/esm5/core.js:10896:1)
	    at NgModuleRef_.push../node_modules/@angular/core/esm5/core.js.NgModuleRef_.get node_modules/@angular/core/esm5/core.js:12129:1)
	    at resolveDep node_modules/@angular/core/esm5/core.js:12619:1)
	Expected undefined to be truthy.
	    at Object.<anonymous> src/app/components/recent-activities/recent-activities.component.spec.ts:23:23)
	    at ZoneDelegate../node_modules/zone.js/dist/zone.js.ZoneDelegate.invoke node_modules/zone.js/dist/zone.js:388:1)
	    at ProxyZoneSpec.push../node_modules/zone.js/dist/proxy.js.ProxyZoneSpec.onInvoke node_modules/zone.js/dist/proxy.js:128:1)
	    at ZoneDelegate../node_modules/zone.js/dist/zone.js.ZoneDelegate.invoke node_modules/zone.js/dist/zone.js:387:1)
Chrome 67.0.3396 (Mac OS X 10.13.3): Executed 6 of 14 (5 FAILED) (0 secs / 0.261 secs)
Chrome 67.0.3396 (Mac OS X 10.13.3) RecentActivitiesComponent should be created FAILED
	Error: StaticInjectorError(DynamicTestModule)[RecentActivitiesComponent -> RecentActivitiesService]: 
	  StaticInjectorError(Platform: core)[RecentActivitiesComponent -> RecentActivitiesService]: 
	    NullInjectorError: No provider for RecentActivitiesService!
	    at _NullInjector.push../node_modules/@angular/core/esm5/core.js._NullInjector.get node_modules/@angular/core/esm5/core.js:1003:1)
	    at resolveToken node_modules/@angular/core/esm5/core.js:1301:1)
	    at tryResolveToken node_modules/@angular/core/esm5/core.js:1243:1)
	    at StaticInjector.push../node_modules/@angular/core/esm5/core.js.StaticInjector.get node_modules/@angular/core/esm5/core.js:1111:1)
	    at resolveToken node_modules/@angular/core/esm5/core.js:1301:1)
	    at tryResolveToken node_modules/@angular/core/esm5/core.js:1243:1)
	    at StaticInjector.push../node_modules/@angular/core/esm5/core.js.StaticInjector.get node_modules/@angular/core/esm5/core.js:1111:1)
	    at resolveNgModuleDep node_modules/@angular/core/esm5/core.js:10896:1)
	    at NgModuleRef_.push../node_modules/@angular/core/esm5/core.js.NgModuleRef_.get node_modules/@angular/core/esm5/core.js:12129:1)
	    at resolveDep node_modules/@angular/core/esm5/core.js:12619:1)
	Expected undefined to be truthy.
	    at Object.<anonymous> src/app/components/recent-activities/recent-activities.component.spec.ts:23:23)
	    at ZoneDelegate../node_modules/zone.js/dist/zone.js.ZoneDelegate.invoke node_modules/zone.js/dist/zone.js:388:1)
	    at ProxyZoneSpec.push../node_modules/zone.js/dist/proxy.js.ProxyZoneSpec.onInvoke node_modules/zone.js/dist/proxy.js:128:1)
	    at ZoneDelegate../node_modules/zone.js/dist/zone.js.ZoneDelegate.invoke node_modules/zone.js/dist/zone.js:387:1)
Chrome 67.0.3396 (Mac OS X 10.13.3) TimerComponent should be created FAILED
	Error: StaticInjectorError(DynamicTestModule)[TimerComponent -> RecentActivitiesService]: 
	  StaticInjectorError(Platform: core)[TimerComponent -> RecentActivitiesService]: 
	    NullInjectorError: No provider for RecentActivitiesService!
	    at _NullInjector.push../node_modules/@angular/core/esm5/core.js._NullInjector.get node_modules/@angular/core/esm5/core.js:1003:1)
	    at resolveToken node_modules/@angular/core/esm5/core.js:1301:1)
	    at tryResolveToken node_modules/@angular/core/esm5/core.js:1243:1)
	    at StaticInjector.push../node_modules/@angular/core/esm5/core.js.StaticInjector.get node_modules/@angular/core/esm5/core.js:1111:1)
	    at resolveToken node_modules/@angular/core/esm5/core.js:1301:1)
	    at tryResolveToken node_modules/@angular/core/esm5/core.js:1243:1)
	    at StaticInjector.push../node_modules/@angular/core/esm5/core.js.StaticInjector.get node_modules/@angular/core/esm5/core.js:1111:1)
	    at resolveNgModuleDep node_modules/@angular/core/esm5/core.js:10896:1)
	    at NgModuleRef_.push../node_modules/@angular/core/esm5/core.js.NgModuleRef_.get node_modules/@angular/core/esm5/core.js:12129:1)
	    at resolveDep node_modules/@angular/core/esm5/core.js:12619:1)
	Expected undefined to be truthy.
	    at Object.<anonymous> src/app/components/timer/timer.component.spec.ts:23:23)
	    at ZoneDelegate../node_modules/zone.js/dist/zone.js.ZoneDelegate.invoke node_modules/zone.js/dist/zone.js:388:1)
	    at ProxyZoneSpec.push../node_modules/zone.js/dist/proxy.js.ProxyZoneSpec.onInvoke node_modules/zone.js/dist/proxy.js:128:1)
	    at ZoneDelegate../node_modules/zone.js/dist/zone.js.ZoneDelegate.invoke node_modules/zone.js/dist/zone.js:387:1)
[1A[2KChrome 67.0.3396 (Mac OS X 10.13.3) TimerComponent should be created FAILED
	Error: StaticInjectorError(DynamicTestModule)[TimerComponent -> RecentActivitiesService]: 
	  StaticInjectorError(Platform: core)[TimerComponent -> RecentActivitiesService]: 
	    NullInjectorError: No provider for RecentActivitiesService!
	    at _NullInjector.push../node_modules/@angular/core/esm5/core.js._NullInjector.get node_modules/@angular/core/esm5/core.js:1003:1)
	    at resolveToken node_modules/@angular/core/esm5/core.js:1301:1)
	    at tryResolveToken node_modules/@angular/core/esm5/core.js:1243:1)
	    at StaticInjector.push../node_modules/@angular/core/esm5/core.js.StaticInjector.get node_modules/@angular/core/esm5/core.js:1111:1)
	    at resolveToken node_modules/@angular/core/esm5/core.js:1301:1)
	    at tryResolveToken node_modules/@angular/core/esm5/core.js:1243:1)
	    at StaticInjector.push../node_modules/@angular/core/esm5/core.js.StaticInjector.get node_modules/@angular/core/esm5/core.js:1111:1)
	    at resolveNgModuleDep node_modules/@angular/core/esm5/core.js:10896:1)
	    at NgModuleRef_.push../node_modules/@angular/core/esm5/core.js.NgModuleRef_.get node_modules/@angular/core/esm5/core.js:12129:1)
	    at resolveDep node_modules/@angular/core/esm5/core.js:12619:1)
	Expected undefined to be truthy.
	    at Object.<anonymous> src/app/components/timer/timer.component.spec.ts:23:23)
	    at ZoneDelegate../node_modules/zone.js/dist/zone.js.ZoneDelegate.invoke node_modules/zone.js/dist/zone.js:388:1)
	    at ProxyZoneSpec.push../node_modules/zone.js/dist/proxy.js.ProxyZoneSpec.onInvoke node_modules/zone.js/dist/proxy.js:128:1)
	    at ZoneDelegate../node_modules/zone.js/dist/zone.js.ZoneDelegate.invoke node_modules/zone.js/dist/zone.js:387:1)
Chrome 67.0.3396 (Mac OS X 10.13.3): Executed 7 of 14 (6 FAILED) (0 secs / 0.278 secs)
Chrome 67.0.3396 (Mac OS X 10.13.3) TimerComponent should be created FAILED
	Error: StaticInjectorError(DynamicTestModule)[TimerComponent -> RecentActivitiesService]: 
	  StaticInjectorError(Platform: core)[TimerComponent -> RecentActivitiesService]: 
	    NullInjectorError: No provider for RecentActivitiesService!
	    at _NullInjector.push../node_modules/@angular/core/esm5/core.js._NullInjector.get node_modules/@angular/core/esm5/core.js:1003:1)
	    at resolveToken node_modules/@angular/core/esm5/core.js:1301:1)
	    at tryResolveToken node_modules/@angular/core/esm5/core.js:1243:1)
	    at StaticInjector.push../node_modules/@angular/core/esm5/core.js.StaticInjector.get node_modules/@angular/core/esm5/core.js:1111:1)
	    at resolveToken node_modules/@angular/core/esm5/core.js:1301:1)
	    at tryResolveToken node_modules/@angular/core/esm5/core.js:1243:1)
	    at StaticInjector.push../node_modules/@angular/core/esm5/core.js.StaticInjector.get node_modules/@angular/core/esm5/core.js:1111:1)
	    at resolveNgModuleDep node_modules/@angular/core/esm5/core.js:10896:1)
	    at NgModuleRef_.push../node_modules/@angular/core/esm5/core.js.NgModuleRef_.get node_modules/@angular/core/esm5/core.js:12129:1)
	    at resolveDep node_modules/@angular/core/esm5/core.js:12619:1)
	Expected undefined to be truthy.
	    at Object.<anonymous> src/app/components/timer/timer.component.spec.ts:23:23)
	    at ZoneDelegate../node_modules/zone.js/dist/zone.js.ZoneDelegate.invoke node_modules/zone.js/dist/zone.js:388:1)
	    at ProxyZoneSpec.push../node_modules/zone.js/dist/proxy.js.ProxyZoneSpec.onInvoke node_modules/zone.js/dist/proxy.js:128:1)
	    at ZoneDelegate../node_modules/zone.js/dist/zone.js.ZoneDelegate.invoke node_modules/zone.js/dist/zone.js:387:1)
Chrome 67.0.3396 (Mac OS X 10.13.3) TopnavComponent should be created FAILED
	Can't bind to 'collapse' since it isn't a known property of 'div'. ("ef="#">Activity Tracker</a>
			</div>
			<div id="navbar-collapse-1" class="collapse navbar-collapse" [ERROR ->][collapse]="isCollapsed">
				<ul class="nav navbar-nav">
					<li class="active">
	"): ng:///DynamicTestModule/TopnavComponent.html@14:63
	Error: Template parse errors:
	    at syntaxError node_modules/@angular/compiler/esm5/compiler.js:486:22)
	    at TemplateParser.push../node_modules/@angular/compiler/esm5/compiler.js.TemplateParser.parse node_modules/@angular/compiler/esm5/compiler.js:24674:1)
	    at JitCompiler.push../node_modules/@angular/compiler/esm5/compiler.js.JitCompiler._parseTemplate node_modules/@angular/compiler/esm5/compiler.js:34629:1)
	    at JitCompiler.push../node_modules/@angular/compiler/esm5/compiler.js.JitCompiler._compileTemplate node_modules/@angular/compiler/esm5/compiler.js:34604:1)
	    at http://localhost:18763/_karma_webpack_/webpack:/node_modules/@angular/compiler/esm5/compiler.js:34505:48
	    at Set.forEach (<anonymous>)
	    at JitCompiler.push../node_modules/@angular/compiler/esm5/compiler.js.JitCompiler._compileComponents node_modules/@angular/compiler/esm5/compiler.js:34505:1)
	    at http://localhost:18763/_karma_webpack_/webpack:/node_modules/@angular/compiler/esm5/compiler.js:34393:1
	    at Object.then node_modules/@angular/compiler/esm5/compiler.js:475:33)
	    at JitCompiler.push../node_modules/@angular/compiler/esm5/compiler.js.JitCompiler._compileModuleAndAllComponents node_modules/@angular/compiler/esm5/compiler.js:34391:1)
	Error: Template parse errors:
	Can't bind to 'collapse' since it isn't a known property of 'div'. ("ef="#">Activity Tracker</a>
			</div>
			<div id="navbar-collapse-1" class="collapse navbar-collapse" [ERROR ->][collapse]="isCollapsed">
				<ul class="nav navbar-nav">
					<li class="active">
	"): ng:///DynamicTestModule/TopnavComponent.html@14:63
	    at syntaxError node_modules/@angular/compiler/esm5/compiler.js:486:22)
	    at TemplateParser.push../node_modules/@angular/compiler/esm5/compiler.js.TemplateParser.parse node_modules/@angular/compiler/esm5/compiler.js:24674:1)
	    at JitCompiler.push../node_modules/@angular/compiler/esm5/compiler.js.JitCompiler._parseTemplate node_modules/@angular/compiler/esm5/compiler.js:34629:1)
	    at JitCompiler.push../node_modules/@angular/compiler/esm5/compiler.js.JitCompiler._compileTemplate node_modules/@angular/compiler/esm5/compiler.js:34604:1)
	    at http://localhost:18763/_karma_webpack_/webpack:/node_modules/@angular/compiler/esm5/compiler.js:34505:48
	    at Set.forEach (<anonymous>)
	    at JitCompiler.push../node_modules/@angular/compiler/esm5/compiler.js.JitCompiler._compileComponents node_modules/@angular/compiler/esm5/compiler.js:34505:1)
	    at http://localhost:18763/_karma_webpack_/webpack:/node_modules/@angular/compiler/esm5/compiler.js:34393:1
	    at Object.then node_modules/@angular/compiler/esm5/compiler.js:475:33)
	    at JitCompiler.push../node_modules/@angular/compiler/esm5/compiler.js.JitCompiler._compileModuleAndAllComponents node_modules/@angular/compiler/esm5/compiler.js:34391:1)
	Expected undefined to be truthy.
	    at Object.<anonymous> src/app/components/topnav/topnav.component.spec.ts:23:23)
	    at ZoneDelegate../node_modules/zone.js/dist/zone.js.ZoneDelegate.invoke node_modules/zone.js/dist/zone.js:388:1)
	    at ProxyZoneSpec.push../node_modules/zone.js/dist/proxy.js.ProxyZoneSpec.onInvoke node_modules/zone.js/dist/proxy.js:128:1)
	    at ZoneDelegate../node_modules/zone.js/dist/zone.js.ZoneDelegate.invoke node_modules/zone.js/dist/zone.js:387:1)
[1A[2KChrome 67.0.3396 (Mac OS X 10.13.3) TopnavComponent should be created FAILED
	Can't bind to 'collapse' since it isn't a known property of 'div'. ("ef="#">Activity Tracker</a>
			</div>
			<div id="navbar-collapse-1" class="collapse navbar-collapse" [ERROR ->][collapse]="isCollapsed">
				<ul class="nav navbar-nav">
					<li class="active">
	"): ng:///DynamicTestModule/TopnavComponent.html@14:63
	Error: Template parse errors:
	    at syntaxError node_modules/@angular/compiler/esm5/compiler.js:486:22)
	    at TemplateParser.push../node_modules/@angular/compiler/esm5/compiler.js.TemplateParser.parse node_modules/@angular/compiler/esm5/compiler.js:24674:1)
	    at JitCompiler.push../node_modules/@angular/compiler/esm5/compiler.js.JitCompiler._parseTemplate node_modules/@angular/compiler/esm5/compiler.js:34629:1)
	    at JitCompiler.push../node_modules/@angular/compiler/esm5/compiler.js.JitCompiler._compileTemplate node_modules/@angular/compiler/esm5/compiler.js:34604:1)
	    at http://localhost:18763/_karma_webpack_/webpack:/node_modules/@angular/compiler/esm5/compiler.js:34505:48
	    at Set.forEach (<anonymous>)
	    at JitCompiler.push../node_modules/@angular/compiler/esm5/compiler.js.JitCompiler._compileComponents node_modules/@angular/compiler/esm5/compiler.js:34505:1)
	    at http://localhost:18763/_karma_webpack_/webpack:/node_modules/@angular/compiler/esm5/compiler.js:34393:1
	    at Object.then node_modules/@angular/compiler/esm5/compiler.js:475:33)
	    at JitCompiler.push../node_modules/@angular/compiler/esm5/compiler.js.JitCompiler._compileModuleAndAllComponents node_modules/@angular/compiler/esm5/compiler.js:34391:1)
	Error: Template parse errors:
	Can't bind to 'collapse' since it isn't a known property of 'div'. ("ef="#">Activity Tracker</a>
			</div>
			<div id="navbar-collapse-1" class="collapse navbar-collapse" [ERROR ->][collapse]="isCollapsed">
				<ul class="nav navbar-nav">
					<li class="active">
	"): ng:///DynamicTestModule/TopnavComponent.html@14:63
	    at syntaxError node_modules/@angular/compiler/esm5/compiler.js:486:22)
	    at TemplateParser.push../node_modules/@angular/compiler/esm5/compiler.js.TemplateParser.parse node_modules/@angular/compiler/esm5/compiler.js:24674:1)
	    at JitCompiler.push../node_modules/@angular/compiler/esm5/compiler.js.JitCompiler._parseTemplate node_modules/@angular/compiler/esm5/compiler.js:34629:1)
	    at JitCompiler.push../node_modules/@angular/compiler/esm5/compiler.js.JitCompiler._compileTemplate node_modules/@angular/compiler/esm5/compiler.js:34604:1)
	    at http://localhost:18763/_karma_webpack_/webpack:/node_modules/@angular/compiler/esm5/compiler.js:34505:48
	    at Set.forEach (<anonymous>)
	    at JitCompiler.push../node_modules/@angular/compiler/esm5/compiler.js.JitCompiler._compileComponents node_modules/@angular/compiler/esm5/compiler.js:34505:1)
	    at http://localhost:18763/_karma_webpack_/webpack:/node_modules/@angular/compiler/esm5/compiler.js:34393:1
	    at Object.then node_modules/@angular/compiler/esm5/compiler.js:475:33)
	    at JitCompiler.push../node_modules/@angular/compiler/esm5/compiler.js.JitCompiler._compileModuleAndAllComponents node_modules/@angular/compiler/esm5/compiler.js:34391:1)
	Expected undefined to be truthy.
	    at Object.<anonymous> src/app/components/topnav/topnav.component.spec.ts:23:23)
	    at ZoneDelegate../node_modules/zone.js/dist/zone.js.ZoneDelegate.invoke node_modules/zone.js/dist/zone.js:388:1)
	    at ProxyZoneSpec.push../node_modules/zone.js/dist/proxy.js.ProxyZoneSpec.onInvoke node_modules/zone.js/dist/proxy.js:128:1)
	    at ZoneDelegate../node_modules/zone.js/dist/zone.js.ZoneDelegate.invoke node_modules/zone.js/dist/zone.js:387:1)
Chrome 67.0.3396 (Mac OS X 10.13.3): Executed 8 of 14 (7 FAILED) (0 secs / 0.294 secs)
Chrome 67.0.3396 (Mac OS X 10.13.3) TopnavComponent should be created FAILED
	Can't bind to 'collapse' since it isn't a known property of 'div'. ("ef="#">Activity Tracker</a>
			</div>
			<div id="navbar-collapse-1" class="collapse navbar-collapse" [ERROR ->][collapse]="isCollapsed">
				<ul class="nav navbar-nav">
					<li class="active">
	"): ng:///DynamicTestModule/TopnavComponent.html@14:63
	Error: Template parse errors:
	    at syntaxError node_modules/@angular/compiler/esm5/compiler.js:486:22)
	    at TemplateParser.push../node_modules/@angular/compiler/esm5/compiler.js.TemplateParser.parse node_modules/@angular/compiler/esm5/compiler.js:24674:1)
	    at JitCompiler.push../node_modules/@angular/compiler/esm5/compiler.js.JitCompiler._parseTemplate node_modules/@angular/compiler/esm5/compiler.js:34629:1)
	    at JitCompiler.push../node_modules/@angular/compiler/esm5/compiler.js.JitCompiler._compileTemplate node_modules/@angular/compiler/esm5/compiler.js:34604:1)
	    at http://localhost:18763/_karma_webpack_/webpack:/node_modules/@angular/compiler/esm5/compiler.js:34505:48
	    at Set.forEach (<anonymous>)
	    at JitCompiler.push../node_modules/@angular/compiler/esm5/compiler.js.JitCompiler._compileComponents node_modules/@angular/compiler/esm5/compiler.js:34505:1)
	    at http://localhost:18763/_karma_webpack_/webpack:/node_modules/@angular/compiler/esm5/compiler.js:34393:1
	    at Object.then node_modules/@angular/compiler/esm5/compiler.js:475:33)
	    at JitCompiler.push../node_modules/@angular/compiler/esm5/compiler.js.JitCompiler._compileModuleAndAllComponents node_modules/@angular/compiler/esm5/compiler.js:34391:1)
	Error: Template parse errors:
	Can't bind to 'collapse' since it isn't a known property of 'div'. ("ef="#">Activity Tracker</a>
			</div>
			<div id="navbar-collapse-1" class="collapse navbar-collapse" [ERROR ->][collapse]="isCollapsed">
				<ul class="nav navbar-nav">
					<li class="active">
	"): ng:///DynamicTestModule/TopnavComponent.html@14:63
	    at syntaxError node_modules/@angular/compiler/esm5/compiler.js:486:22)
	    at TemplateParser.push../node_modules/@angular/compiler/esm5/compiler.js.TemplateParser.parse node_modules/@angular/compiler/esm5/compiler.js:24674:1)
	    at JitCompiler.push../node_modules/@angular/compiler/esm5/compiler.js.JitCompiler._parseTemplate node_modules/@angular/compiler/esm5/compiler.js:34629:1)
	    at JitCompiler.push../node_modules/@angular/compiler/esm5/compiler.js.JitCompiler._compileTemplate node_modules/@angular/compiler/esm5/compiler.js:34604:1)
	    at http://localhost:18763/_karma_webpack_/webpack:/node_modules/@angular/compiler/esm5/compiler.js:34505:48
	    at Set.forEach (<anonymous>)
	    at JitCompiler.push../node_modules/@angular/compiler/esm5/compiler.js.JitCompiler._compileComponents node_modules/@angular/compiler/esm5/compiler.js:34505:1)
	    at http://localhost:18763/_karma_webpack_/webpack:/node_modules/@angular/compiler/esm5/compiler.js:34393:1
	    at Object.then node_modules/@angular/compiler/esm5/compiler.js:475:33)
	    at JitCompiler.push../node_modules/@angular/compiler/esm5/compiler.js.JitCompiler._compileModuleAndAllComponents node_modules/@angular/compiler/esm5/compiler.js:34391:1)
	Expected undefined to be truthy.
	    at Object.<anonymous> src/app/components/topnav/topnav.component.spec.ts:23:23)
	    at ZoneDelegate../node_modules/zone.js/dist/zone.js.ZoneDelegate.invoke node_modules/zone.js/dist/zone.js:388:1)
	    at ProxyZoneSpec.push../node_modules/zone.js/dist/proxy.js.ProxyZoneSpec.onInvoke node_modules/zone.js/dist/proxy.js:128:1)
	    at ZoneDelegate../node_modules/zone.js/dist/zone.js.ZoneDelegate.invoke node_modules/zone.js/dist/zone.js:387:1)
Chrome 67.0.3396 (Mac OS X 10.13.3) TrackerComponent should be created FAILED
	'activity-selector' is not a known element:
	1. If 'activity-selector' is an Angular component, then verify that it is part of this module.
	2. If 'activity-selector' is a Web Component then add 'CUSTOM_ELEMENTS_SCHEMA' to the '@NgModule.schemas' of this component to suppress this message. ("
	  <div class="row">
	    <div class="col-md-12">
	      [ERROR ->]<activity-selector>
	      </activity-selector>
	    </div>
	"): ng:///DynamicTestModule/TrackerComponent.html@3:6
	'timer' is not a known element:
	1. If 'timer' is an Angular component, then verify that it is part of this module.
	2. To allow any element add 'NO_ERRORS_SCHEMA' to the '@NgModule.schemas' of this component. ("
	  <div class="row">
	    <div class="col-md-12">
	      [ERROR ->]<timer class="text-center" (onTimerStopped)="onTimerStopped($event)"></timer>
	    </div>
	  </div>
	"): ng:///DynamicTestModule/TrackerComponent.html@9:6
	'recent-activities' is not a known element:
	1. If 'recent-activities' is an Angular component, then verify that it is part of this module.
	2. If 'recent-activities' is a Web Component then add 'CUSTOM_ELEMENTS_SCHEMA' to the '@NgModule.schemas' of this component to suppress this message. ("
	</main>
	<aside class="col-md-3">
	  [ERROR ->]<recent-activities></recent-activities>
	</aside>
	"): ng:///DynamicTestModule/TrackerComponent.html@14:2
	Error: Template parse errors:
	    at syntaxError node_modules/@angular/compiler/esm5/compiler.js:486:22)
	    at TemplateParser.push../node_modules/@angular/compiler/esm5/compiler.js.TemplateParser.parse node_modules/@angular/compiler/esm5/compiler.js:24674:1)
	    at JitCompiler.push../node_modules/@angular/compiler/esm5/compiler.js.JitCompiler._parseTemplate node_modules/@angular/compiler/esm5/compiler.js:34629:1)
	    at JitCompiler.push../node_modules/@angular/compiler/esm5/compiler.js.JitCompiler._compileTemplate node_modules/@angular/compiler/esm5/compiler.js:34604:1)
	    at http://localhost:18763/_karma_webpack_/webpack:/node_modules/@angular/compiler/esm5/compiler.js:34505:48
	    at Set.forEach (<anonymous>)
	    at JitCompiler.push../node_modules/@angular/compiler/esm5/compiler.js.JitCompiler._compileComponents node_modules/@angular/compiler/esm5/compiler.js:34505:1)
	    at http://localhost:18763/_karma_webpack_/webpack:/node_modules/@angular/compiler/esm5/compiler.js:34393:1
	    at Object.then node_modules/@angular/compiler/esm5/compiler.js:475:33)
	    at JitCompiler.push../node_modules/@angular/compiler/esm5/compiler.js.JitCompiler._compileModuleAndAllComponents node_modules/@angular/compiler/esm5/compiler.js:34391:1)
	Error: Template parse errors:
	'activity-selector' is not a known element:
	1. If 'activity-selector' is an Angular component, then verify that it is part of this module.
	2. If 'activity-selector' is a Web Component then add 'CUSTOM_ELEMENTS_SCHEMA' to the '@NgModule.schemas' of this component to suppress this message. ("
	  <div class="row">
	    <div class="col-md-12">
	      [ERROR ->]<activity-selector>
	      </activity-selector>
	    </div>
	"): ng:///DynamicTestModule/TrackerComponent.html@3:6
	'timer' is not a known element:
	1. If 'timer' is an Angular component, then verify that it is part of this module.
	2. To allow any element add 'NO_ERRORS_SCHEMA' to the '@NgModule.schemas' of this component. ("
	  <div class="row">
	    <div class="col-md-12">
	      [ERROR ->]<timer class="text-center" (onTimerStopped)="onTimerStopped($event)"></timer>
	    </div>
	  </div>
	"): ng:///DynamicTestModule/TrackerComponent.html@9:6
	'recent-activities' is not a known element:
	1. If 'recent-activities' is an Angular component, then verify that it is part of this module.
	2. If 'recent-activities' is a Web Component then add 'CUSTOM_ELEMENTS_SCHEMA' to the '@NgModule.schemas' of this component to suppress this message. ("
	</main>
	<aside class="col-md-3">
	  [ERROR ->]<recent-activities></recent-activities>
	</aside>
	"): ng:///DynamicTestModule/TrackerComponent.html@14:2
	    at syntaxError node_modules/@angular/compiler/esm5/compiler.js:486:22)
	    at TemplateParser.push../node_modules/@angular/compiler/esm5/compiler.js.TemplateParser.parse node_modules/@angular/compiler/esm5/compiler.js:24674:1)
	    at JitCompiler.push../node_modules/@angular/compiler/esm5/compiler.js.JitCompiler._parseTemplate node_modules/@angular/compiler/esm5/compiler.js:34629:1)
	    at JitCompiler.push../node_modules/@angular/compiler/esm5/compiler.js.JitCompiler._compileTemplate node_modules/@angular/compiler/esm5/compiler.js:34604:1)
	    at http://localhost:18763/_karma_webpack_/webpack:/node_modules/@angular/compiler/esm5/compiler.js:34505:48
	    at Set.forEach (<anonymous>)
	    at JitCompiler.push../node_modules/@angular/compiler/esm5/compiler.js.JitCompiler._compileComponents node_modules/@angular/compiler/esm5/compiler.js:34505:1)
	    at http://localhost:18763/_karma_webpack_/webpack:/node_modules/@angular/compiler/esm5/compiler.js:34393:1
	    at Object.then node_modules/@angular/compiler/esm5/compiler.js:475:33)
	    at JitCompiler.push../node_modules/@angular/compiler/esm5/compiler.js.JitCompiler._compileModuleAndAllComponents node_modules/@angular/compiler/esm5/compiler.js:34391:1)
	Expected undefined to be truthy.
	    at Object.<anonymous> src/app/components/tracker/tracker.component.spec.ts:23:23)
	    at ZoneDelegate../node_modules/zone.js/dist/zone.js.ZoneDelegate.invoke node_modules/zone.js/dist/zone.js:388:1)
	    at ProxyZoneSpec.push../node_modules/zone.js/dist/proxy.js.ProxyZoneSpec.onInvoke node_modules/zone.js/dist/proxy.js:128:1)
	    at ZoneDelegate../node_modules/zone.js/dist/zone.js.ZoneDelegate.invoke node_modules/zone.js/dist/zone.js:387:1)
[1A[2KChrome 67.0.3396 (Mac OS X 10.13.3) TrackerComponent should be created FAILED
	'activity-selector' is not a known element:
	1. If 'activity-selector' is an Angular component, then verify that it is part of this module.
	2. If 'activity-selector' is a Web Component then add 'CUSTOM_ELEMENTS_SCHEMA' to the '@NgModule.schemas' of this component to suppress this message. ("
	  <div class="row">
	    <div class="col-md-12">
	      [ERROR ->]<activity-selector>
	      </activity-selector>
	    </div>
	"): ng:///DynamicTestModule/TrackerComponent.html@3:6
	'timer' is not a known element:
	1. If 'timer' is an Angular component, then verify that it is part of this module.
	2. To allow any element add 'NO_ERRORS_SCHEMA' to the '@NgModule.schemas' of this component. ("
	  <div class="row">
	    <div class="col-md-12">
	      [ERROR ->]<timer class="text-center" (onTimerStopped)="onTimerStopped($event)"></timer>
	    </div>
	  </div>
	"): ng:///DynamicTestModule/TrackerComponent.html@9:6
	'recent-activities' is not a known element:
	1. If 'recent-activities' is an Angular component, then verify that it is part of this module.
	2. If 'recent-activities' is a Web Component then add 'CUSTOM_ELEMENTS_SCHEMA' to the '@NgModule.schemas' of this component to suppress this message. ("
	</main>
	<aside class="col-md-3">
	  [ERROR ->]<recent-activities></recent-activities>
	</aside>
	"): ng:///DynamicTestModule/TrackerComponent.html@14:2
	Error: Template parse errors:
	    at syntaxError node_modules/@angular/compiler/esm5/compiler.js:486:22)
	    at TemplateParser.push../node_modules/@angular/compiler/esm5/compiler.js.TemplateParser.parse node_modules/@angular/compiler/esm5/compiler.js:24674:1)
	    at JitCompiler.push../node_modules/@angular/compiler/esm5/compiler.js.JitCompiler._parseTemplate node_modules/@angular/compiler/esm5/compiler.js:34629:1)
	    at JitCompiler.push../node_modules/@angular/compiler/esm5/compiler.js.JitCompiler._compileTemplate node_modules/@angular/compiler/esm5/compiler.js:34604:1)
	    at http://localhost:18763/_karma_webpack_/webpack:/node_modules/@angular/compiler/esm5/compiler.js:34505:48
	    at Set.forEach (<anonymous>)
	    at JitCompiler.push../node_modules/@angular/compiler/esm5/compiler.js.JitCompiler._compileComponents node_modules/@angular/compiler/esm5/compiler.js:34505:1)
	    at http://localhost:18763/_karma_webpack_/webpack:/node_modules/@angular/compiler/esm5/compiler.js:34393:1
	    at Object.then node_modules/@angular/compiler/esm5/compiler.js:475:33)
	    at JitCompiler.push../node_modules/@angular/compiler/esm5/compiler.js.JitCompiler._compileModuleAndAllComponents node_modules/@angular/compiler/esm5/compiler.js:34391:1)
	Error: Template parse errors:
	'activity-selector' is not a known element:
	1. If 'activity-selector' is an Angular component, then verify that it is part of this module.
	2. If 'activity-selector' is a Web Component then add 'CUSTOM_ELEMENTS_SCHEMA' to the '@NgModule.schemas' of this component to suppress this message. ("
	  <div class="row">
	    <div class="col-md-12">
	      [ERROR ->]<activity-selector>
	      </activity-selector>
	    </div>
	"): ng:///DynamicTestModule/TrackerComponent.html@3:6
	'timer' is not a known element:
	1. If 'timer' is an Angular component, then verify that it is part of this module.
	2. To allow any element add 'NO_ERRORS_SCHEMA' to the '@NgModule.schemas' of this component. ("
	  <div class="row">
	    <div class="col-md-12">
	      [ERROR ->]<timer class="text-center" (onTimerStopped)="onTimerStopped($event)"></timer>
	    </div>
	  </div>
	"): ng:///DynamicTestModule/TrackerComponent.html@9:6
	'recent-activities' is not a known element:
	1. If 'recent-activities' is an Angular component, then verify that it is part of this module.
	2. If 'recent-activities' is a Web Component then add 'CUSTOM_ELEMENTS_SCHEMA' to the '@NgModule.schemas' of this component to suppress this message. ("
	</main>
	<aside class="col-md-3">
	  [ERROR ->]<recent-activities></recent-activities>
	</aside>
	"): ng:///DynamicTestModule/TrackerComponent.html@14:2
	    at syntaxError node_modules/@angular/compiler/esm5/compiler.js:486:22)
	    at TemplateParser.push../node_modules/@angular/compiler/esm5/compiler.js.TemplateParser.parse node_modules/@angular/compiler/esm5/compiler.js:24674:1)
	    at JitCompiler.push../node_modules/@angular/compiler/esm5/compiler.js.JitCompiler._parseTemplate node_modules/@angular/compiler/esm5/compiler.js:34629:1)
	    at JitCompiler.push../node_modules/@angular/compiler/esm5/compiler.js.JitCompiler._compileTemplate node_modules/@angular/compiler/esm5/compiler.js:34604:1)
	    at http://localhost:18763/_karma_webpack_/webpack:/node_modules/@angular/compiler/esm5/compiler.js:34505:48
	    at Set.forEach (<anonymous>)
	    at JitCompiler.push../node_modules/@angular/compiler/esm5/compiler.js.JitCompiler._compileComponents node_modules/@angular/compiler/esm5/compiler.js:34505:1)
	    at http://localhost:18763/_karma_webpack_/webpack:/node_modules/@angular/compiler/esm5/compiler.js:34393:1
	    at Object.then node_modules/@angular/compiler/esm5/compiler.js:475:33)
	    at JitCompiler.push../node_modules/@angular/compiler/esm5/compiler.js.JitCompiler._compileModuleAndAllComponents node_modules/@angular/compiler/esm5/compiler.js:34391:1)
	Expected undefined to be truthy.
	    at Object.<anonymous> src/app/components/tracker/tracker.component.spec.ts:23:23)
	    at ZoneDelegate../node_modules/zone.js/dist/zone.js.ZoneDelegate.invoke node_modules/zone.js/dist/zone.js:388:1)
	    at ProxyZoneSpec.push../node_modules/zone.js/dist/proxy.js.ProxyZoneSpec.onInvoke node_modules/zone.js/dist/proxy.js:128:1)
	    at ZoneDelegate../node_modules/zone.js/dist/zone.js.ZoneDelegate.invoke node_modules/zone.js/dist/zone.js:387:1)
Chrome 67.0.3396 (Mac OS X 10.13.3): Executed 9 of 14 (8 FAILED) (0 secs / 0.309 secs)
Chrome 67.0.3396 (Mac OS X 10.13.3) TrackerComponent should be created FAILED
	'activity-selector' is not a known element:
	1. If 'activity-selector' is an Angular component, then verify that it is part of this module.
	2. If 'activity-selector' is a Web Component then add 'CUSTOM_ELEMENTS_SCHEMA' to the '@NgModule.schemas' of this component to suppress this message. ("
	  <div class="row">
	    <div class="col-md-12">
	      [ERROR ->]<activity-selector>
	      </activity-selector>
	    </div>
	"): ng:///DynamicTestModule/TrackerComponent.html@3:6
	'timer' is not a known element:
	1. If 'timer' is an Angular component, then verify that it is part of this module.
	2. To allow any element add 'NO_ERRORS_SCHEMA' to the '@NgModule.schemas' of this component. ("
	  <div class="row">
	    <div class="col-md-12">
	      [ERROR ->]<timer class="text-center" (onTimerStopped)="onTimerStopped($event)"></timer>
	    </div>
	  </div>
	"): ng:///DynamicTestModule/TrackerComponent.html@9:6
	'recent-activities' is not a known element:
	1. If 'recent-activities' is an Angular component, then verify that it is part of this module.
	2. If 'recent-activities' is a Web Component then add 'CUSTOM_ELEMENTS_SCHEMA' to the '@NgModule.schemas' of this component to suppress this message. ("
	</main>
	<aside class="col-md-3">
	  [ERROR ->]<recent-activities></recent-activities>
	</aside>
	"): ng:///DynamicTestModule/TrackerComponent.html@14:2
	Error: Template parse errors:
	    at syntaxError node_modules/@angular/compiler/esm5/compiler.js:486:22)
	    at TemplateParser.push../node_modules/@angular/compiler/esm5/compiler.js.TemplateParser.parse node_modules/@angular/compiler/esm5/compiler.js:24674:1)
	    at JitCompiler.push../node_modules/@angular/compiler/esm5/compiler.js.JitCompiler._parseTemplate node_modules/@angular/compiler/esm5/compiler.js:34629:1)
	    at JitCompiler.push../node_modules/@angular/compiler/esm5/compiler.js.JitCompiler._compileTemplate node_modules/@angular/compiler/esm5/compiler.js:34604:1)
	    at http://localhost:18763/_karma_webpack_/webpack:/node_modules/@angular/compiler/esm5/compiler.js:34505:48
	    at Set.forEach (<anonymous>)
	    at JitCompiler.push../node_modules/@angular/compiler/esm5/compiler.js.JitCompiler._compileComponents node_modules/@angular/compiler/esm5/compiler.js:34505:1)
	    at http://localhost:18763/_karma_webpack_/webpack:/node_modules/@angular/compiler/esm5/compiler.js:34393:1
	    at Object.then node_modules/@angular/compiler/esm5/compiler.js:475:33)
	    at JitCompiler.push../node_modules/@angular/compiler/esm5/compiler.js.JitCompiler._compileModuleAndAllComponents node_modules/@angular/compiler/esm5/compiler.js:34391:1)
	Error: Template parse errors:
	'activity-selector' is not a known element:
	1. If 'activity-selector' is an Angular component, then verify that it is part of this module.
	2. If 'activity-selector' is a Web Component then add 'CUSTOM_ELEMENTS_SCHEMA' to the '@NgModule.schemas' of this component to suppress this message. ("
	  <div class="row">
	    <div class="col-md-12">
	      [ERROR ->]<activity-selector>
	      </activity-selector>
	    </div>
	"): ng:///DynamicTestModule/TrackerComponent.html@3:6
	'timer' is not a known element:
	1. If 'timer' is an Angular component, then verify that it is part of this module.
	2. To allow any element add 'NO_ERRORS_SCHEMA' to the '@NgModule.schemas' of this component. ("
	  <div class="row">
	    <div class="col-md-12">
	      [ERROR ->]<timer class="text-center" (onTimerStopped)="onTimerStopped($event)"></timer>
	    </div>
	  </div>
	"): ng:///DynamicTestModule/TrackerComponent.html@9:6
	'recent-activities' is not a known element:
	1. If 'recent-activities' is an Angular component, then verify that it is part of this module.
	2. If 'recent-activities' is a Web Component then add 'CUSTOM_ELEMENTS_SCHEMA' to the '@NgModule.schemas' of this component to suppress this message. ("
	</main>
	<aside class="col-md-3">
	  [ERROR ->]<recent-activities></recent-activities>
	</aside>
	"): ng:///DynamicTestModule/TrackerComponent.html@14:2
	    at syntaxError node_modules/@angular/compiler/esm5/compiler.js:486:22)
	    at TemplateParser.push../node_modules/@angular/compiler/esm5/compiler.js.TemplateParser.parse node_modules/@angular/compiler/esm5/compiler.js:24674:1)
	    at JitCompiler.push../node_modules/@angular/compiler/esm5/compiler.js.JitCompiler._parseTemplate node_modules/@angular/compiler/esm5/compiler.js:34629:1)
	    at JitCompiler.push../node_modules/@angular/compiler/esm5/compiler.js.JitCompiler._compileTemplate node_modules/@angular/compiler/esm5/compiler.js:34604:1)
	    at http://localhost:18763/_karma_webpack_/webpack:/node_modules/@angular/compiler/esm5/compiler.js:34505:48
	    at Set.forEach (<anonymous>)
	    at JitCompiler.push../node_modules/@angular/compiler/esm5/compiler.js.JitCompiler._compileComponents node_modules/@angular/compiler/esm5/compiler.js:34505:1)
	    at http://localhost:18763/_karma_webpack_/webpack:/node_modules/@angular/compiler/esm5/compiler.js:34393:1
	    at Object.then node_modules/@angular/compiler/esm5/compiler.js:475:33)
	    at JitCompiler.push../node_modules/@angular/compiler/esm5/compiler.js.JitCompiler._compileModuleAndAllComponents node_modules/@angular/compiler/esm5/compiler.js:34391:1)
	Expected undefined to be truthy.
	    at Object.<anonymous> src/app/components/tracker/tracker.component.spec.ts:23:23)
	    at ZoneDelegate../node_modules/zone.js/dist/zone.js.ZoneDelegate.invoke node_modules/zone.js/dist/zone.js:388:1)
	    at ProxyZoneSpec.push../node_modules/zone.js/dist/proxy.js.ProxyZoneSpec.onInvoke node_modules/zone.js/dist/proxy.js:128:1)
	    at ZoneDelegate../node_modules/zone.js/dist/zone.js.ZoneDelegate.invoke node_modules/zone.js/dist/zone.js:387:1)
Chrome 67.0.3396 (Mac OS X 10.13.3) UserLoginComponent should create FAILED
	Can't bind to 'ngModel' since it isn't a known property of 'input'. (">
	  <div class="form-group">
	    <input name="username" class="form-control" placeholder="Username" [ERROR ->][(ngModel)]="data.username">
	  </div>
	  <div class="form-group">
	"): ng:///DynamicTestModule/UserLoginComponent.html@2:71
	Can't bind to 'ngModel' since it isn't a known property of 'input'. ("form-group">
	    <input name="password" type="password" placeholder="Password" class="form-control" [ERROR ->][(ngModel)]="data.password">
	  </div>
	  <button class="btn btn-primary center-block" [mat-dialog-clos"): ng:///DynamicTestModule/UserLoginComponent.html@5:87
	Can't bind to 'mat-dialog-close' since it isn't a known property of 'button'. (""form-control" [(ngModel)]="data.password">
	  </div>
	  <button class="btn btn-primary center-block" [ERROR ->][mat-dialog-close]="data">Login</button>
	</form>"): ng:///DynamicTestModule/UserLoginComponent.html@7:47
	Error: Template parse errors:
	    at syntaxError node_modules/@angular/compiler/esm5/compiler.js:486:22)
	    at TemplateParser.push../node_modules/@angular/compiler/esm5/compiler.js.TemplateParser.parse node_modules/@angular/compiler/esm5/compiler.js:24674:1)
	    at JitCompiler.push../node_modules/@angular/compiler/esm5/compiler.js.JitCompiler._parseTemplate node_modules/@angular/compiler/esm5/compiler.js:34629:1)
	    at JitCompiler.push../node_modules/@angular/compiler/esm5/compiler.js.JitCompiler._compileTemplate node_modules/@angular/compiler/esm5/compiler.js:34604:1)
	    at http://localhost:18763/_karma_webpack_/webpack:/node_modules/@angular/compiler/esm5/compiler.js:34505:48
	    at Set.forEach (<anonymous>)
	    at JitCompiler.push../node_modules/@angular/compiler/esm5/compiler.js.JitCompiler._compileComponents node_modules/@angular/compiler/esm5/compiler.js:34505:1)
	    at http://localhost:18763/_karma_webpack_/webpack:/node_modules/@angular/compiler/esm5/compiler.js:34393:1
	    at Object.then node_modules/@angular/compiler/esm5/compiler.js:475:33)
	    at JitCompiler.push../node_modules/@angular/compiler/esm5/compiler.js.JitCompiler._compileModuleAndAllComponents node_modules/@angular/compiler/esm5/compiler.js:34391:1)
	Error: Template parse errors:
	Can't bind to 'ngModel' since it isn't a known property of 'input'. (">
	  <div class="form-group">
	    <input name="username" class="form-control" placeholder="Username" [ERROR ->][(ngModel)]="data.username">
	  </div>
	  <div class="form-group">
	"): ng:///DynamicTestModule/UserLoginComponent.html@2:71
	Can't bind to 'ngModel' since it isn't a known property of 'input'. ("form-group">
	    <input name="password" type="password" placeholder="Password" class="form-control" [ERROR ->][(ngModel)]="data.password">
	  </div>
	  <button class="btn btn-primary center-block" [mat-dialog-clos"): ng:///DynamicTestModule/UserLoginComponent.html@5:87
	Can't bind to 'mat-dialog-close' since it isn't a known property of 'button'. (""form-control" [(ngModel)]="data.password">
	  </div>
	  <button class="btn btn-primary center-block" [ERROR ->][mat-dialog-close]="data">Login</button>
	</form>"): ng:///DynamicTestModule/UserLoginComponent.html@7:47
	    at syntaxError node_modules/@angular/compiler/esm5/compiler.js:486:22)
	    at TemplateParser.push../node_modules/@angular/compiler/esm5/compiler.js.TemplateParser.parse node_modules/@angular/compiler/esm5/compiler.js:24674:1)
	    at JitCompiler.push../node_modules/@angular/compiler/esm5/compiler.js.JitCompiler._parseTemplate node_modules/@angular/compiler/esm5/compiler.js:34629:1)
	    at JitCompiler.push../node_modules/@angular/compiler/esm5/compiler.js.JitCompiler._compileTemplate node_modules/@angular/compiler/esm5/compiler.js:34604:1)
	    at http://localhost:18763/_karma_webpack_/webpack:/node_modules/@angular/compiler/esm5/compiler.js:34505:48
	    at Set.forEach (<anonymous>)
	    at JitCompiler.push../node_modules/@angular/compiler/esm5/compiler.js.JitCompiler._compileComponents node_modules/@angular/compiler/esm5/compiler.js:34505:1)
	    at http://localhost:18763/_karma_webpack_/webpack:/node_modules/@angular/compiler/esm5/compiler.js:34393:1
	    at Object.then node_modules/@angular/compiler/esm5/compiler.js:475:33)
	    at JitCompiler.push../node_modules/@angular/compiler/esm5/compiler.js.JitCompiler._compileModuleAndAllComponents node_modules/@angular/compiler/esm5/compiler.js:34391:1)
	Expected undefined to be truthy.
	    at Object.<anonymous> src/app/components/user-login/user-login.component.spec.ts:23:23)
	    at ZoneDelegate../node_modules/zone.js/dist/zone.js.ZoneDelegate.invoke node_modules/zone.js/dist/zone.js:388:1)
	    at ProxyZoneSpec.push../node_modules/zone.js/dist/proxy.js.ProxyZoneSpec.onInvoke node_modules/zone.js/dist/proxy.js:128:1)
	    at ZoneDelegate../node_modules/zone.js/dist/zone.js.ZoneDelegate.invoke node_modules/zone.js/dist/zone.js:387:1)
[1A[2KChrome 67.0.3396 (Mac OS X 10.13.3) UserLoginComponent should create FAILED
	Can't bind to 'ngModel' since it isn't a known property of 'input'. (">
	  <div class="form-group">
	    <input name="username" class="form-control" placeholder="Username" [ERROR ->][(ngModel)]="data.username">
	  </div>
	  <div class="form-group">
	"): ng:///DynamicTestModule/UserLoginComponent.html@2:71
	Can't bind to 'ngModel' since it isn't a known property of 'input'. ("form-group">
	    <input name="password" type="password" placeholder="Password" class="form-control" [ERROR ->][(ngModel)]="data.password">
	  </div>
	  <button class="btn btn-primary center-block" [mat-dialog-clos"): ng:///DynamicTestModule/UserLoginComponent.html@5:87
	Can't bind to 'mat-dialog-close' since it isn't a known property of 'button'. (""form-control" [(ngModel)]="data.password">
	  </div>
	  <button class="btn btn-primary center-block" [ERROR ->][mat-dialog-close]="data">Login</button>
	</form>"): ng:///DynamicTestModule/UserLoginComponent.html@7:47
	Error: Template parse errors:
	    at syntaxError node_modules/@angular/compiler/esm5/compiler.js:486:22)
	    at TemplateParser.push../node_modules/@angular/compiler/esm5/compiler.js.TemplateParser.parse node_modules/@angular/compiler/esm5/compiler.js:24674:1)
	    at JitCompiler.push../node_modules/@angular/compiler/esm5/compiler.js.JitCompiler._parseTemplate node_modules/@angular/compiler/esm5/compiler.js:34629:1)
	    at JitCompiler.push../node_modules/@angular/compiler/esm5/compiler.js.JitCompiler._compileTemplate node_modules/@angular/compiler/esm5/compiler.js:34604:1)
	    at http://localhost:18763/_karma_webpack_/webpack:/node_modules/@angular/compiler/esm5/compiler.js:34505:48
	    at Set.forEach (<anonymous>)
	    at JitCompiler.push../node_modules/@angular/compiler/esm5/compiler.js.JitCompiler._compileComponents node_modules/@angular/compiler/esm5/compiler.js:34505:1)
	    at http://localhost:18763/_karma_webpack_/webpack:/node_modules/@angular/compiler/esm5/compiler.js:34393:1
	    at Object.then node_modules/@angular/compiler/esm5/compiler.js:475:33)
	    at JitCompiler.push../node_modules/@angular/compiler/esm5/compiler.js.JitCompiler._compileModuleAndAllComponents node_modules/@angular/compiler/esm5/compiler.js:34391:1)
	Error: Template parse errors:
	Can't bind to 'ngModel' since it isn't a known property of 'input'. (">
	  <div class="form-group">
	    <input name="username" class="form-control" placeholder="Username" [ERROR ->][(ngModel)]="data.username">
	  </div>
	  <div class="form-group">
	"): ng:///DynamicTestModule/UserLoginComponent.html@2:71
	Can't bind to 'ngModel' since it isn't a known property of 'input'. ("form-group">
	    <input name="password" type="password" placeholder="Password" class="form-control" [ERROR ->][(ngModel)]="data.password">
	  </div>
	  <button class="btn btn-primary center-block" [mat-dialog-clos"): ng:///DynamicTestModule/UserLoginComponent.html@5:87
	Can't bind to 'mat-dialog-close' since it isn't a known property of 'button'. (""form-control" [(ngModel)]="data.password">
	  </div>
	  <button class="btn btn-primary center-block" [ERROR ->][mat-dialog-close]="data">Login</button>
	</form>"): ng:///DynamicTestModule/UserLoginComponent.html@7:47
	    at syntaxError node_modules/@angular/compiler/esm5/compiler.js:486:22)
	    at TemplateParser.push../node_modules/@angular/compiler/esm5/compiler.js.TemplateParser.parse node_modules/@angular/compiler/esm5/compiler.js:24674:1)
	    at JitCompiler.push../node_modules/@angular/compiler/esm5/compiler.js.JitCompiler._parseTemplate node_modules/@angular/compiler/esm5/compiler.js:34629:1)
	    at JitCompiler.push../node_modules/@angular/compiler/esm5/compiler.js.JitCompiler._compileTemplate node_modules/@angular/compiler/esm5/compiler.js:34604:1)
	    at http://localhost:18763/_karma_webpack_/webpack:/node_modules/@angular/compiler/esm5/compiler.js:34505:48
	    at Set.forEach (<anonymous>)
	    at JitCompiler.push../node_modules/@angular/compiler/esm5/compiler.js.JitCompiler._compileComponents node_modules/@angular/compiler/esm5/compiler.js:34505:1)
	    at http://localhost:18763/_karma_webpack_/webpack:/node_modules/@angular/compiler/esm5/compiler.js:34393:1
	    at Object.then node_modules/@angular/compiler/esm5/compiler.js:475:33)
	    at JitCompiler.push../node_modules/@angular/compiler/esm5/compiler.js.JitCompiler._compileModuleAndAllComponents node_modules/@angular/compiler/esm5/compiler.js:34391:1)
	Expected undefined to be truthy.
	    at Object.<anonymous> src/app/components/user-login/user-login.component.spec.ts:23:23)
	    at ZoneDelegate../node_modules/zone.js/dist/zone.js.ZoneDelegate.invoke node_modules/zone.js/dist/zone.js:388:1)
	    at ProxyZoneSpec.push../node_modules/zone.js/dist/proxy.js.ProxyZoneSpec.onInvoke node_modules/zone.js/dist/proxy.js:128:1)
	    at ZoneDelegate../node_modules/zone.js/dist/zone.js.ZoneDelegate.invoke node_modules/zone.js/dist/zone.js:387:1)
Chrome 67.0.3396 (Mac OS X 10.13.3): Executed 10 of 14 (9 FAILED) (0 secs / 0.322 secs)
Chrome 67.0.3396 (Mac OS X 10.13.3) UserLoginComponent should create FAILED
	Can't bind to 'ngModel' since it isn't a known property of 'input'. (">
	  <div class="form-group">
	    <input name="username" class="form-control" placeholder="Username" [ERROR ->][(ngModel)]="data.username">
	  </div>
	  <div class="form-group">
	"): ng:///DynamicTestModule/UserLoginComponent.html@2:71
	Can't bind to 'ngModel' since it isn't a known property of 'input'. ("form-group">
	    <input name="password" type="password" placeholder="Password" class="form-control" [ERROR ->][(ngModel)]="data.password">
	  </div>
	  <button class="btn btn-primary center-block" [mat-dialog-clos"): ng:///DynamicTestModule/UserLoginComponent.html@5:87
	Can't bind to 'mat-dialog-close' since it isn't a known property of 'button'. (""form-control" [(ngModel)]="data.password">
	  </div>
	  <button class="btn btn-primary center-block" [ERROR ->][mat-dialog-close]="data">Login</button>
	</form>"): ng:///DynamicTestModule/UserLoginComponent.html@7:47
	Error: Template parse errors:
	    at syntaxError node_modules/@angular/compiler/esm5/compiler.js:486:22)
	    at TemplateParser.push../node_modules/@angular/compiler/esm5/compiler.js.TemplateParser.parse node_modules/@angular/compiler/esm5/compiler.js:24674:1)
	    at JitCompiler.push../node_modules/@angular/compiler/esm5/compiler.js.JitCompiler._parseTemplate node_modules/@angular/compiler/esm5/compiler.js:34629:1)
	    at JitCompiler.push../node_modules/@angular/compiler/esm5/compiler.js.JitCompiler._compileTemplate node_modules/@angular/compiler/esm5/compiler.js:34604:1)
	    at http://localhost:18763/_karma_webpack_/webpack:/node_modules/@angular/compiler/esm5/compiler.js:34505:48
	    at Set.forEach (<anonymous>)
	    at JitCompiler.push../node_modules/@angular/compiler/esm5/compiler.js.JitCompiler._compileComponents node_modules/@angular/compiler/esm5/compiler.js:34505:1)
	    at http://localhost:18763/_karma_webpack_/webpack:/node_modules/@angular/compiler/esm5/compiler.js:34393:1
	    at Object.then node_modules/@angular/compiler/esm5/compiler.js:475:33)
	    at JitCompiler.push../node_modules/@angular/compiler/esm5/compiler.js.JitCompiler._compileModuleAndAllComponents node_modules/@angular/compiler/esm5/compiler.js:34391:1)
	Error: Template parse errors:
	Can't bind to 'ngModel' since it isn't a known property of 'input'. (">
	  <div class="form-group">
	    <input name="username" class="form-control" placeholder="Username" [ERROR ->][(ngModel)]="data.username">
	  </div>
	  <div class="form-group">
	"): ng:///DynamicTestModule/UserLoginComponent.html@2:71
	Can't bind to 'ngModel' since it isn't a known property of 'input'. ("form-group">
	    <input name="password" type="password" placeholder="Password" class="form-control" [ERROR ->][(ngModel)]="data.password">
	  </div>
	  <button class="btn btn-primary center-block" [mat-dialog-clos"): ng:///DynamicTestModule/UserLoginComponent.html@5:87
	Can't bind to 'mat-dialog-close' since it isn't a known property of 'button'. (""form-control" [(ngModel)]="data.password">
	  </div>
	  <button class="btn btn-primary center-block" [ERROR ->][mat-dialog-close]="data">Login</button>
	</form>"): ng:///DynamicTestModule/UserLoginComponent.html@7:47
	    at syntaxError node_modules/@angular/compiler/esm5/compiler.js:486:22)
	    at TemplateParser.push../node_modules/@angular/compiler/esm5/compiler.js.TemplateParser.parse node_modules/@angular/compiler/esm5/compiler.js:24674:1)
	    at JitCompiler.push../node_modules/@angular/compiler/esm5/compiler.js.JitCompiler._parseTemplate node_modules/@angular/compiler/esm5/compiler.js:34629:1)
	    at JitCompiler.push../node_modules/@angular/compiler/esm5/compiler.js.JitCompiler._compileTemplate node_modules/@angular/compiler/esm5/compiler.js:34604:1)
	    at http://localhost:18763/_karma_webpack_/webpack:/node_modules/@angular/compiler/esm5/compiler.js:34505:48
	    at Set.forEach (<anonymous>)
	    at JitCompiler.push../node_modules/@angular/compiler/esm5/compiler.js.JitCompiler._compileComponents node_modules/@angular/compiler/esm5/compiler.js:34505:1)
	    at http://localhost:18763/_karma_webpack_/webpack:/node_modules/@angular/compiler/esm5/compiler.js:34393:1
	    at Object.then node_modules/@angular/compiler/esm5/compiler.js:475:33)
	    at JitCompiler.push../node_modules/@angular/compiler/esm5/compiler.js.JitCompiler._compileModuleAndAllComponents node_modules/@angular/compiler/esm5/compiler.js:34391:1)
	Expected undefined to be truthy.
	    at Object.<anonymous> src/app/components/user-login/user-login.component.spec.ts:23:23)
	    at ZoneDelegate../node_modules/zone.js/dist/zone.js.ZoneDelegate.invoke node_modules/zone.js/dist/zone.js:388:1)
	    at ProxyZoneSpec.push../node_modules/zone.js/dist/proxy.js.ProxyZoneSpec.onInvoke node_modules/zone.js/dist/proxy.js:128:1)
	    at ZoneDelegate../node_modules/zone.js/dist/zone.js.ZoneDelegate.invoke node_modules/zone.js/dist/zone.js:387:1)
Chrome 67.0.3396 (Mac OS X 10.13.3) ActivityService should be created FAILED
	Error: StaticInjectorError(DynamicTestModule)[ActivityService -> HttpClient]: 
	  StaticInjectorError(Platform: core)[ActivityService -> HttpClient]: 
	    NullInjectorError: No provider for HttpClient!
	    at _NullInjector.push../node_modules/@angular/core/esm5/core.js._NullInjector.get node_modules/@angular/core/esm5/core.js:1003:1)
	    at resolveToken node_modules/@angular/core/esm5/core.js:1301:1)
	    at tryResolveToken node_modules/@angular/core/esm5/core.js:1243:1)
	    at StaticInjector.push../node_modules/@angular/core/esm5/core.js.StaticInjector.get node_modules/@angular/core/esm5/core.js:1111:1)
	    at resolveToken node_modules/@angular/core/esm5/core.js:1301:1)
	    at tryResolveToken node_modules/@angular/core/esm5/core.js:1243:1)
	    at StaticInjector.push../node_modules/@angular/core/esm5/core.js.StaticInjector.get node_modules/@angular/core/esm5/core.js:1111:1)
	    at resolveNgModuleDep node_modules/@angular/core/esm5/core.js:10896:1)
	    at _createClass node_modules/@angular/core/esm5/core.js:10935:1)
	    at _createProviderInstance$1 node_modules/@angular/core/esm5/core.js:10907:1)
[1A[2KChrome 67.0.3396 (Mac OS X 10.13.3) ActivityService should be created FAILED
	Error: StaticInjectorError(DynamicTestModule)[ActivityService -> HttpClient]: 
	  StaticInjectorError(Platform: core)[ActivityService -> HttpClient]: 
	    NullInjectorError: No provider for HttpClient!
	    at _NullInjector.push../node_modules/@angular/core/esm5/core.js._NullInjector.get node_modules/@angular/core/esm5/core.js:1003:1)
	    at resolveToken node_modules/@angular/core/esm5/core.js:1301:1)
	    at tryResolveToken node_modules/@angular/core/esm5/core.js:1243:1)
	    at StaticInjector.push../node_modules/@angular/core/esm5/core.js.StaticInjector.get node_modules/@angular/core/esm5/core.js:1111:1)
	    at resolveToken node_modules/@angular/core/esm5/core.js:1301:1)
	    at tryResolveToken node_modules/@angular/core/esm5/core.js:1243:1)
	    at StaticInjector.push../node_modules/@angular/core/esm5/core.js.StaticInjector.get node_modules/@angular/core/esm5/core.js:1111:1)
	    at resolveNgModuleDep node_modules/@angular/core/esm5/core.js:10896:1)
	    at _createClass node_modules/@angular/core/esm5/core.js:10935:1)
	    at _createProviderInstance$1 node_modules/@angular/core/esm5/core.js:10907:1)
Chrome 67.0.3396 (Mac OS X 10.13.3): Executed 11 of 14 (10 FAILED) (0 secs / 0.328 secs)
Chrome 67.0.3396 (Mac OS X 10.13.3) ActivityService should be created FAILED
	Error: StaticInjectorError(DynamicTestModule)[ActivityService -> HttpClient]: 
	  StaticInjectorError(Platform: core)[ActivityService -> HttpClient]: 
	    NullInjectorError: No provider for HttpClient!
	    at _NullInjector.push../node_modules/@angular/core/esm5/core.js._NullInjector.get node_modules/@angular/core/esm5/core.js:1003:1)
	    at resolveToken node_modules/@angular/core/esm5/core.js:1301:1)
	    at tryResolveToken node_modules/@angular/core/esm5/core.js:1243:1)
	    at StaticInjector.push../node_modules/@angular/core/esm5/core.js.StaticInjector.get node_modules/@angular/core/esm5/core.js:1111:1)
	    at resolveToken node_modules/@angular/core/esm5/core.js:1301:1)
	    at tryResolveToken node_modules/@angular/core/esm5/core.js:1243:1)
	    at StaticInjector.push../node_modules/@angular/core/esm5/core.js.StaticInjector.get node_modules/@angular/core/esm5/core.js:1111:1)
	    at resolveNgModuleDep node_modules/@angular/core/esm5/core.js:10896:1)
	    at _createClass node_modules/@angular/core/esm5/core.js:10935:1)
	    at _createProviderInstance$1 node_modules/@angular/core/esm5/core.js:10907:1)
Chrome 67.0.3396 (Mac OS X 10.13.3) RecentActivitiesService should be created FAILED
	Error: StaticInjectorError(DynamicTestModule)[RecentActivitiesService -> HttpClient]: 
	  StaticInjectorError(Platform: core)[RecentActivitiesService -> HttpClient]: 
	    NullInjectorError: No provider for HttpClient!
	    at _NullInjector.push../node_modules/@angular/core/esm5/core.js._NullInjector.get node_modules/@angular/core/esm5/core.js:1003:1)
	    at resolveToken node_modules/@angular/core/esm5/core.js:1301:1)
	    at tryResolveToken node_modules/@angular/core/esm5/core.js:1243:1)
	    at StaticInjector.push../node_modules/@angular/core/esm5/core.js.StaticInjector.get node_modules/@angular/core/esm5/core.js:1111:1)
	    at resolveToken node_modules/@angular/core/esm5/core.js:1301:1)
	    at tryResolveToken node_modules/@angular/core/esm5/core.js:1243:1)
	    at StaticInjector.push../node_modules/@angular/core/esm5/core.js.StaticInjector.get node_modules/@angular/core/esm5/core.js:1111:1)
	    at resolveNgModuleDep node_modules/@angular/core/esm5/core.js:10896:1)
	    at _createClass node_modules/@angular/core/esm5/core.js:10935:1)
	    at _createProviderInstance$1 node_modules/@angular/core/esm5/core.js:10907:1)
[1A[2KChrome 67.0.3396 (Mac OS X 10.13.3) RecentActivitiesService should be created FAILED
	Error: StaticInjectorError(DynamicTestModule)[RecentActivitiesService -> HttpClient]: 
	  StaticInjectorError(Platform: core)[RecentActivitiesService -> HttpClient]: 
	    NullInjectorError: No provider for HttpClient!
	    at _NullInjector.push../node_modules/@angular/core/esm5/core.js._NullInjector.get node_modules/@angular/core/esm5/core.js:1003:1)
	    at resolveToken node_modules/@angular/core/esm5/core.js:1301:1)
	    at tryResolveToken node_modules/@angular/core/esm5/core.js:1243:1)
	    at StaticInjector.push../node_modules/@angular/core/esm5/core.js.StaticInjector.get node_modules/@angular/core/esm5/core.js:1111:1)
	    at resolveToken node_modules/@angular/core/esm5/core.js:1301:1)
	    at tryResolveToken node_modules/@angular/core/esm5/core.js:1243:1)
	    at StaticInjector.push../node_modules/@angular/core/esm5/core.js.StaticInjector.get node_modules/@angular/core/esm5/core.js:1111:1)
	    at resolveNgModuleDep node_modules/@angular/core/esm5/core.js:10896:1)
	    at _createClass node_modules/@angular/core/esm5/core.js:10935:1)
	    at _createProviderInstance$1 node_modules/@angular/core/esm5/core.js:10907:1)
Chrome 67.0.3396 (Mac OS X 10.13.3): Executed 12 of 14 (11 FAILED) (0 secs / 0.335 secs)
Chrome 67.0.3396 (Mac OS X 10.13.3) RecentActivitiesService should be created FAILED
	Error: StaticInjectorError(DynamicTestModule)[RecentActivitiesService -> HttpClient]: 
	  StaticInjectorError(Platform: core)[RecentActivitiesService -> HttpClient]: 
	    NullInjectorError: No provider for HttpClient!
	    at _NullInjector.push../node_modules/@angular/core/esm5/core.js._NullInjector.get node_modules/@angular/core/esm5/core.js:1003:1)
	    at resolveToken node_modules/@angular/core/esm5/core.js:1301:1)
	    at tryResolveToken node_modules/@angular/core/esm5/core.js:1243:1)
	    at StaticInjector.push../node_modules/@angular/core/esm5/core.js.StaticInjector.get node_modules/@angular/core/esm5/core.js:1111:1)
	    at resolveToken node_modules/@angular/core/esm5/core.js:1301:1)
	    at tryResolveToken node_modules/@angular/core/esm5/core.js:1243:1)
	    at StaticInjector.push../node_modules/@angular/core/esm5/core.js.StaticInjector.get node_modules/@angular/core/esm5/core.js:1111:1)
	    at resolveNgModuleDep node_modules/@angular/core/esm5/core.js:10896:1)
	    at _createClass node_modules/@angular/core/esm5/core.js:10935:1)
	    at _createProviderInstance$1 node_modules/@angular/core/esm5/core.js:10907:1)
[1A[2KChrome 67.0.3396 (Mac OS X 10.13.3): Executed 13 of 14 (11 FAILED) (0 secs / 0.341 secs)
Chrome 67.0.3396 (Mac OS X 10.13.3) UserService should be created FAILED
	Error: StaticInjectorError(DynamicTestModule)[UserService -> StateService]: 
	  StaticInjectorError(Platform: core)[UserService -> StateService]: 
	    NullInjectorError: No provider for StateService!
	    at _NullInjector.push../node_modules/@angular/core/esm5/core.js._NullInjector.get node_modules/@angular/core/esm5/core.js:1003:1)
	    at resolveToken node_modules/@angular/core/esm5/core.js:1301:1)
	    at tryResolveToken node_modules/@angular/core/esm5/core.js:1243:1)
	    at StaticInjector.push../node_modules/@angular/core/esm5/core.js.StaticInjector.get node_modules/@angular/core/esm5/core.js:1111:1)
	    at resolveToken node_modules/@angular/core/esm5/core.js:1301:1)
	    at tryResolveToken node_modules/@angular/core/esm5/core.js:1243:1)
	    at StaticInjector.push../node_modules/@angular/core/esm5/core.js.StaticInjector.get node_modules/@angular/core/esm5/core.js:1111:1)
	    at resolveNgModuleDep node_modules/@angular/core/esm5/core.js:10896:1)
	    at _createClass node_modules/@angular/core/esm5/core.js:10933:1)
	    at _createProviderInstance$1 node_modules/@angular/core/esm5/core.js:10907:1)
[1A[2KChrome 67.0.3396 (Mac OS X 10.13.3) UserService should be created FAILED
	Error: StaticInjectorError(DynamicTestModule)[UserService -> StateService]: 
	  StaticInjectorError(Platform: core)[UserService -> StateService]: 
	    NullInjectorError: No provider for StateService!
	    at _NullInjector.push../node_modules/@angular/core/esm5/core.js._NullInjector.get node_modules/@angular/core/esm5/core.js:1003:1)
	    at resolveToken node_modules/@angular/core/esm5/core.js:1301:1)
	    at tryResolveToken node_modules/@angular/core/esm5/core.js:1243:1)
	    at StaticInjector.push../node_modules/@angular/core/esm5/core.js.StaticInjector.get node_modules/@angular/core/esm5/core.js:1111:1)
	    at resolveToken node_modules/@angular/core/esm5/core.js:1301:1)
	    at tryResolveToken node_modules/@angular/core/esm5/core.js:1243:1)
	    at StaticInjector.push../node_modules/@angular/core/esm5/core.js.StaticInjector.get node_modules/@angular/core/esm5/core.js:1111:1)
	    at resolveNgModuleDep node_modules/@angular/core/esm5/core.js:10896:1)
	    at _createClass node_modules/@angular/core/esm5/core.js:10933:1)
	    at _createProviderInstance$1 node_modules/@angular/core/esm5/core.js:10907:1)
Chrome 67.0.3396 (Mac OS X 10.13.3): Executed 14 of 14 (12 FAILED) (0 secs / 0.347 secs)
Chrome 67.0.3396 (Mac OS X 10.13.3) UserService should be created FAILED
	Error: StaticInjectorError(DynamicTestModule)[UserService -> StateService]: 
	  StaticInjectorError(Platform: core)[UserService -> StateService]: 
	    NullInjectorError: No provider for StateService!
	    at _NullInjector.push../node_modules/@angular/core/esm5/core.js._NullInjector.get node_modules/@angular/core/esm5/core.js:1003:1)
	    at resolveToken node_modules/@angular/core/esm5/core.js:1301:1)
	    at tryResolveToken node_modules/@angular/core/esm5/core.js:1243:1)
	    at StaticInjector.push../node_modules/@angular/core/esm5/core.js.StaticInjector.get node_modules/@angular/core/esm5/core.js:1111:1)
	    at resolveToken node_modules/@angular/core/esm5/core.js:1301:1)
	    at tryResolveToken node_modules/@angular/core/esm5/core.js:1243:1)
	    at StaticInjector.push../node_modules/@angular/core/esm5/core.js.StaticInjector.get node_modules/@angular/core/esm5/core.js:1111:1)
	    at resolveNgModuleDep node_modules/@angular/core/esm5/core.js:10896:1)
	    at _createClass node_modules/@angular/core/esm5/core.js:10933:1)
	    at _createProviderInstance$1 node_modules/@angular/core/esm5/core.js:10907:1)
[1A[2KChrome 67.0.3396 (Mac OS X 10.13.3): Executed 14 of 14 (12 FAILED) (0.451 secs / 0.347 secs)
Chrome 67.0.3396 (Mac OS X 10.13.3): Executed 0 of 14 SUCCESS (0 secs / 0 secs)
[1A[2KChrome 67.0.3396 (Mac OS X 10.13.3): Executed 1 of 14 SUCCESS (0 secs / 0.06 secs)
Chrome 67.0.3396 (Mac OS X 10.13.3) ActivitySelectorComponent should be created FAILED
	Can't bind to 'ngModel' since it isn't a known property of 'select'. ("
					name="activity"
					class="form-control" 
					[ERROR ->][(ngModel)]="selectedActivity" 
					(ngModelChange)="onChange($event)">
					<option [value]="defaultA"): ng:///DynamicTestModule/ActivitySelectorComponent.html@6:4
	Can't bind to 'ngValue' since it isn't a known property of 'option'. ("d="selected">Select an activity</option>
					<option *ngFor="let activity of activityList$ | async" [ERROR ->][ngValue]="activity">
						{{activity.name}}
					</option>
	"): ng:///DynamicTestModule/ActivitySelectorComponent.html@9:59
	Error: Template parse errors:
	    at syntaxError node_modules/@angular/compiler/esm5/compiler.js:486:22)
	    at TemplateParser.push../node_modules/@angular/compiler/esm5/compiler.js.TemplateParser.parse node_modules/@angular/compiler/esm5/compiler.js:24674:1)
	    at JitCompiler.push../node_modules/@angular/compiler/esm5/compiler.js.JitCompiler._parseTemplate node_modules/@angular/compiler/esm5/compiler.js:34629:1)
	    at JitCompiler.push../node_modules/@angular/compiler/esm5/compiler.js.JitCompiler._compileTemplate node_modules/@angular/compiler/esm5/compiler.js:34604:1)
	    at http://localhost:18763/_karma_webpack_/webpack:/node_modules/@angular/compiler/esm5/compiler.js:34505:48
	    at Set.forEach (<anonymous>)
	    at JitCompiler.push../node_modules/@angular/compiler/esm5/compiler.js.JitCompiler._compileComponents node_modules/@angular/compiler/esm5/compiler.js:34505:1)
	    at http://localhost:18763/_karma_webpack_/webpack:/node_modules/@angular/compiler/esm5/compiler.js:34393:1
	    at Object.then node_modules/@angular/compiler/esm5/compiler.js:475:33)
	    at JitCompiler.push../node_modules/@angular/compiler/esm5/compiler.js.JitCompiler._compileModuleAndAllComponents node_modules/@angular/compiler/esm5/compiler.js:34391:1)
	Error: Template parse errors:
	Can't bind to 'ngModel' since it isn't a known property of 'select'. ("
					name="activity"
					class="form-control" 
					[ERROR ->][(ngModel)]="selectedActivity" 
					(ngModelChange)="onChange($event)">
					<option [value]="defaultA"): ng:///DynamicTestModule/ActivitySelectorComponent.html@6:4
	Can't bind to 'ngValue' since it isn't a known property of 'option'. ("d="selected">Select an activity</option>
					<option *ngFor="let activity of activityList$ | async" [ERROR ->][ngValue]="activity">
						{{activity.name}}
					</option>
	"): ng:///DynamicTestModule/ActivitySelectorComponent.html@9:59
	    at syntaxError node_modules/@angular/compiler/esm5/compiler.js:486:22)
	    at TemplateParser.push../node_modules/@angular/compiler/esm5/compiler.js.TemplateParser.parse node_modules/@angular/compiler/esm5/compiler.js:24674:1)
	    at JitCompiler.push../node_modules/@angular/compiler/esm5/compiler.js.JitCompiler._parseTemplate node_modules/@angular/compiler/esm5/compiler.js:34629:1)
	    at JitCompiler.push../node_modules/@angular/compiler/esm5/compiler.js.JitCompiler._compileTemplate node_modules/@angular/compiler/esm5/compiler.js:34604:1)
	    at http://localhost:18763/_karma_webpack_/webpack:/node_modules/@angular/compiler/esm5/compiler.js:34505:48
	    at Set.forEach (<anonymous>)
	    at JitCompiler.push../node_modules/@angular/compiler/esm5/compiler.js.JitCompiler._compileComponents node_modules/@angular/compiler/esm5/compiler.js:34505:1)
	    at http://localhost:18763/_karma_webpack_/webpack:/node_modules/@angular/compiler/esm5/compiler.js:34393:1
	    at Object.then node_modules/@angular/compiler/esm5/compiler.js:475:33)
	    at JitCompiler.push../node_modules/@angular/compiler/esm5/compiler.js.JitCompiler._compileModuleAndAllComponents node_modules/@angular/compiler/esm5/compiler.js:34391:1)
	Expected undefined to be truthy.
	    at Object.<anonymous> src/app/components/activity-selector/activity-selector.component.spec.ts:41:23)
	    at ZoneDelegate../node_modules/zone.js/dist/zone.js.ZoneDelegate.invoke node_modules/zone.js/dist/zone.js:388:1)
	    at ProxyZoneSpec.push../node_modules/zone.js/dist/proxy.js.ProxyZoneSpec.onInvoke node_modules/zone.js/dist/proxy.js:128:1)
	    at ZoneDelegate../node_modules/zone.js/dist/zone.js.ZoneDelegate.invoke node_modules/zone.js/dist/zone.js:387:1)
[1A[2KChrome 67.0.3396 (Mac OS X 10.13.3) ActivitySelectorComponent should be created FAILED
	Can't bind to 'ngModel' since it isn't a known property of 'select'. ("
					name="activity"
					class="form-control" 
					[ERROR ->][(ngModel)]="selectedActivity" 
					(ngModelChange)="onChange($event)">
					<option [value]="defaultA"): ng:///DynamicTestModule/ActivitySelectorComponent.html@6:4
	Can't bind to 'ngValue' since it isn't a known property of 'option'. ("d="selected">Select an activity</option>
					<option *ngFor="let activity of activityList$ | async" [ERROR ->][ngValue]="activity">
						{{activity.name}}
					</option>
	"): ng:///DynamicTestModule/ActivitySelectorComponent.html@9:59
	Error: Template parse errors:
	    at syntaxError node_modules/@angular/compiler/esm5/compiler.js:486:22)
	    at TemplateParser.push../node_modules/@angular/compiler/esm5/compiler.js.TemplateParser.parse node_modules/@angular/compiler/esm5/compiler.js:24674:1)
	    at JitCompiler.push../node_modules/@angular/compiler/esm5/compiler.js.JitCompiler._parseTemplate node_modules/@angular/compiler/esm5/compiler.js:34629:1)
	    at JitCompiler.push../node_modules/@angular/compiler/esm5/compiler.js.JitCompiler._compileTemplate node_modules/@angular/compiler/esm5/compiler.js:34604:1)
	    at http://localhost:18763/_karma_webpack_/webpack:/node_modules/@angular/compiler/esm5/compiler.js:34505:48
	    at Set.forEach (<anonymous>)
	    at JitCompiler.push../node_modules/@angular/compiler/esm5/compiler.js.JitCompiler._compileComponents node_modules/@angular/compiler/esm5/compiler.js:34505:1)
	    at http://localhost:18763/_karma_webpack_/webpack:/node_modules/@angular/compiler/esm5/compiler.js:34393:1
	    at Object.then node_modules/@angular/compiler/esm5/compiler.js:475:33)
	    at JitCompiler.push../node_modules/@angular/compiler/esm5/compiler.js.JitCompiler._compileModuleAndAllComponents node_modules/@angular/compiler/esm5/compiler.js:34391:1)
	Error: Template parse errors:
	Can't bind to 'ngModel' since it isn't a known property of 'select'. ("
					name="activity"
					class="form-control" 
					[ERROR ->][(ngModel)]="selectedActivity" 
					(ngModelChange)="onChange($event)">
					<option [value]="defaultA"): ng:///DynamicTestModule/ActivitySelectorComponent.html@6:4
	Can't bind to 'ngValue' since it isn't a known property of 'option'. ("d="selected">Select an activity</option>
					<option *ngFor="let activity of activityList$ | async" [ERROR ->][ngValue]="activity">
						{{activity.name}}
					</option>
	"): ng:///DynamicTestModule/ActivitySelectorComponent.html@9:59
	    at syntaxError node_modules/@angular/compiler/esm5/compiler.js:486:22)
	    at TemplateParser.push../node_modules/@angular/compiler/esm5/compiler.js.TemplateParser.parse node_modules/@angular/compiler/esm5/compiler.js:24674:1)
	    at JitCompiler.push../node_modules/@angular/compiler/esm5/compiler.js.JitCompiler._parseTemplate node_modules/@angular/compiler/esm5/compiler.js:34629:1)
	    at JitCompiler.push../node_modules/@angular/compiler/esm5/compiler.js.JitCompiler._compileTemplate node_modules/@angular/compiler/esm5/compiler.js:34604:1)
	    at http://localhost:18763/_karma_webpack_/webpack:/node_modules/@angular/compiler/esm5/compiler.js:34505:48
	    at Set.forEach (<anonymous>)
	    at JitCompiler.push../node_modules/@angular/compiler/esm5/compiler.js.JitCompiler._compileComponents node_modules/@angular/compiler/esm5/compiler.js:34505:1)
	    at http://localhost:18763/_karma_webpack_/webpack:/node_modules/@angular/compiler/esm5/compiler.js:34393:1
	    at Object.then node_modules/@angular/compiler/esm5/compiler.js:475:33)
	    at JitCompiler.push../node_modules/@angular/compiler/esm5/compiler.js.JitCompiler._compileModuleAndAllComponents node_modules/@angular/compiler/esm5/compiler.js:34391:1)
	Expected undefined to be truthy.
	    at Object.<anonymous> src/app/components/activity-selector/activity-selector.component.spec.ts:41:23)
	    at ZoneDelegate../node_modules/zone.js/dist/zone.js.ZoneDelegate.invoke node_modules/zone.js/dist/zone.js:388:1)
	    at ProxyZoneSpec.push../node_modules/zone.js/dist/proxy.js.ProxyZoneSpec.onInvoke node_modules/zone.js/dist/proxy.js:128:1)
	    at ZoneDelegate../node_modules/zone.js/dist/zone.js.ZoneDelegate.invoke node_modules/zone.js/dist/zone.js:387:1)
Chrome 67.0.3396 (Mac OS X 10.13.3): Executed 2 of 14 (1 FAILED) (0 secs / 0.18 secs)
Chrome 67.0.3396 (Mac OS X 10.13.3) ActivitySelectorComponent should be created FAILED
	Can't bind to 'ngModel' since it isn't a known property of 'select'. ("
					name="activity"
					class="form-control" 
					[ERROR ->][(ngModel)]="selectedActivity" 
					(ngModelChange)="onChange($event)">
					<option [value]="defaultA"): ng:///DynamicTestModule/ActivitySelectorComponent.html@6:4
	Can't bind to 'ngValue' since it isn't a known property of 'option'. ("d="selected">Select an activity</option>
					<option *ngFor="let activity of activityList$ | async" [ERROR ->][ngValue]="activity">
						{{activity.name}}
					</option>
	"): ng:///DynamicTestModule/ActivitySelectorComponent.html@9:59
	Error: Template parse errors:
	    at syntaxError node_modules/@angular/compiler/esm5/compiler.js:486:22)
	    at TemplateParser.push../node_modules/@angular/compiler/esm5/compiler.js.TemplateParser.parse node_modules/@angular/compiler/esm5/compiler.js:24674:1)
	    at JitCompiler.push../node_modules/@angular/compiler/esm5/compiler.js.JitCompiler._parseTemplate node_modules/@angular/compiler/esm5/compiler.js:34629:1)
	    at JitCompiler.push../node_modules/@angular/compiler/esm5/compiler.js.JitCompiler._compileTemplate node_modules/@angular/compiler/esm5/compiler.js:34604:1)
	    at http://localhost:18763/_karma_webpack_/webpack:/node_modules/@angular/compiler/esm5/compiler.js:34505:48
	    at Set.forEach (<anonymous>)
	    at JitCompiler.push../node_modules/@angular/compiler/esm5/compiler.js.JitCompiler._compileComponents node_modules/@angular/compiler/esm5/compiler.js:34505:1)
	    at http://localhost:18763/_karma_webpack_/webpack:/node_modules/@angular/compiler/esm5/compiler.js:34393:1
	    at Object.then node_modules/@angular/compiler/esm5/compiler.js:475:33)
	    at JitCompiler.push../node_modules/@angular/compiler/esm5/compiler.js.JitCompiler._compileModuleAndAllComponents node_modules/@angular/compiler/esm5/compiler.js:34391:1)
	Error: Template parse errors:
	Can't bind to 'ngModel' since it isn't a known property of 'select'. ("
					name="activity"
					class="form-control" 
					[ERROR ->][(ngModel)]="selectedActivity" 
					(ngModelChange)="onChange($event)">
					<option [value]="defaultA"): ng:///DynamicTestModule/ActivitySelectorComponent.html@6:4
	Can't bind to 'ngValue' since it isn't a known property of 'option'. ("d="selected">Select an activity</option>
					<option *ngFor="let activity of activityList$ | async" [ERROR ->][ngValue]="activity">
						{{activity.name}}
					</option>
	"): ng:///DynamicTestModule/ActivitySelectorComponent.html@9:59
	    at syntaxError node_modules/@angular/compiler/esm5/compiler.js:486:22)
	    at TemplateParser.push../node_modules/@angular/compiler/esm5/compiler.js.TemplateParser.parse node_modules/@angular/compiler/esm5/compiler.js:24674:1)
	    at JitCompiler.push../node_modules/@angular/compiler/esm5/compiler.js.JitCompiler._parseTemplate node_modules/@angular/compiler/esm5/compiler.js:34629:1)
	    at JitCompiler.push../node_modules/@angular/compiler/esm5/compiler.js.JitCompiler._compileTemplate node_modules/@angular/compiler/esm5/compiler.js:34604:1)
	    at http://localhost:18763/_karma_webpack_/webpack:/node_modules/@angular/compiler/esm5/compiler.js:34505:48
	    at Set.forEach (<anonymous>)
	    at JitCompiler.push../node_modules/@angular/compiler/esm5/compiler.js.JitCompiler._compileComponents node_modules/@angular/compiler/esm5/compiler.js:34505:1)
	    at http://localhost:18763/_karma_webpack_/webpack:/node_modules/@angular/compiler/esm5/compiler.js:34393:1
	    at Object.then node_modules/@angular/compiler/esm5/compiler.js:475:33)
	    at JitCompiler.push../node_modules/@angular/compiler/esm5/compiler.js.JitCompiler._compileModuleAndAllComponents node_modules/@angular/compiler/esm5/compiler.js:34391:1)
	Expected undefined to be truthy.
	    at Object.<anonymous> src/app/components/activity-selector/activity-selector.component.spec.ts:41:23)
	    at ZoneDelegate../node_modules/zone.js/dist/zone.js.ZoneDelegate.invoke node_modules/zone.js/dist/zone.js:388:1)
	    at ProxyZoneSpec.push../node_modules/zone.js/dist/proxy.js.ProxyZoneSpec.onInvoke node_modules/zone.js/dist/proxy.js:128:1)
	    at ZoneDelegate../node_modules/zone.js/dist/zone.js.ZoneDelegate.invoke node_modules/zone.js/dist/zone.js:387:1)
Chrome 67.0.3396 (Mac OS X 10.13.3) AppComponent should create the app FAILED
	'topnav' is not a known element:
	1. If 'topnav' is an Angular component, then verify that it is part of this module.
	2. To allow any element add 'NO_ERRORS_SCHEMA' to the '@NgModule.schemas' of this component. ("[ERROR ->]<topnav></topnav>    
	<div class="container">
		<div class="row">
	"): ng:///DynamicTestModule/AppComponent.html@0:0
	'router-outlet' is not a known element:
	1. If 'router-outlet' is an Angular component, then verify that it is part of this module.
	2. If 'router-outlet' is a Web Component then add 'CUSTOM_ELEMENTS_SCHEMA' to the '@NgModule.schemas' of this component to suppress this message. ("
		<div class="row">
			<div class="col-md-1"></div>
			[ERROR ->]<router-outlet></router-outlet>
			<div class="col-md-1"></div>
		</div>
	"): ng:///DynamicTestModule/AppComponent.html@4:2
	Error: Template parse errors:
	    at syntaxError node_modules/@angular/compiler/esm5/compiler.js:486:22)
	    at TemplateParser.push../node_modules/@angular/compiler/esm5/compiler.js.TemplateParser.parse node_modules/@angular/compiler/esm5/compiler.js:24674:1)
	    at JitCompiler.push../node_modules/@angular/compiler/esm5/compiler.js.JitCompiler._parseTemplate node_modules/@angular/compiler/esm5/compiler.js:34629:1)
	    at JitCompiler.push../node_modules/@angular/compiler/esm5/compiler.js.JitCompiler._compileTemplate node_modules/@angular/compiler/esm5/compiler.js:34604:1)
	    at http://localhost:18763/_karma_webpack_/webpack:/node_modules/@angular/compiler/esm5/compiler.js:34505:48
	    at Set.forEach (<anonymous>)
	    at JitCompiler.push../node_modules/@angular/compiler/esm5/compiler.js.JitCompiler._compileComponents node_modules/@angular/compiler/esm5/compiler.js:34505:1)
	    at http://localhost:18763/_karma_webpack_/webpack:/node_modules/@angular/compiler/esm5/compiler.js:34393:1
	    at Object.then node_modules/@angular/compiler/esm5/compiler.js:475:33)
	    at JitCompiler.push../node_modules/@angular/compiler/esm5/compiler.js.JitCompiler._compileModuleAndAllComponents node_modules/@angular/compiler/esm5/compiler.js:34391:1)
	'topnav' is not a known element:
	1. If 'topnav' is an Angular component, then verify that it is part of this module.
	2. To allow any element add 'NO_ERRORS_SCHEMA' to the '@NgModule.schemas' of this component. ("[ERROR ->]<topnav></topnav>    
	<div class="container">
		<div class="row">
	"): ng:///DynamicTestModule/AppComponent.html@0:0
	'router-outlet' is not a known element:
	1. If 'router-outlet' is an Angular component, then verify that it is part of this module.
	2. If 'router-outlet' is a Web Component then add 'CUSTOM_ELEMENTS_SCHEMA' to the '@NgModule.schemas' of this component to suppress this message. ("
		<div class="row">
			<div class="col-md-1"></div>
			[ERROR ->]<router-outlet></router-outlet>
			<div class="col-md-1"></div>
		</div>
	"): ng:///DynamicTestModule/AppComponent.html@4:2
	Error: Template parse errors:
	    at syntaxError node_modules/@angular/compiler/esm5/compiler.js:486:22)
	    at TemplateParser.push../node_modules/@angular/compiler/esm5/compiler.js.TemplateParser.parse node_modules/@angular/compiler/esm5/compiler.js:24674:1)
	    at JitCompiler.push../node_modules/@angular/compiler/esm5/compiler.js.JitCompiler._parseTemplate node_modules/@angular/compiler/esm5/compiler.js:34629:1)
	    at JitCompiler.push../node_modules/@angular/compiler/esm5/compiler.js.JitCompiler._compileTemplate node_modules/@angular/compiler/esm5/compiler.js:34604:1)
	    at http://localhost:18763/_karma_webpack_/webpack:/node_modules/@angular/compiler/esm5/compiler.js:34505:48
	    at Set.forEach (<anonymous>)
	    at JitCompiler.push../node_modules/@angular/compiler/esm5/compiler.js.JitCompiler._compileComponents node_modules/@angular/compiler/esm5/compiler.js:34505:1)
	    at http://localhost:18763/_karma_webpack_/webpack:/node_modules/@angular/compiler/esm5/compiler.js:34393:1
	    at Object.then node_modules/@angular/compiler/esm5/compiler.js:475:33)
	    at JitCompiler.push../node_modules/@angular/compiler/esm5/compiler.js.JitCompiler._compileModuleAndAllComponents node_modules/@angular/compiler/esm5/compiler.js:34391:1)
[1A[2KChrome 67.0.3396 (Mac OS X 10.13.3) AppComponent should create the app FAILED
	'topnav' is not a known element:
	1. If 'topnav' is an Angular component, then verify that it is part of this module.
	2. To allow any element add 'NO_ERRORS_SCHEMA' to the '@NgModule.schemas' of this component. ("[ERROR ->]<topnav></topnav>    
	<div class="container">
		<div class="row">
	"): ng:///DynamicTestModule/AppComponent.html@0:0
	'router-outlet' is not a known element:
	1. If 'router-outlet' is an Angular component, then verify that it is part of this module.
	2. If 'router-outlet' is a Web Component then add 'CUSTOM_ELEMENTS_SCHEMA' to the '@NgModule.schemas' of this component to suppress this message. ("
		<div class="row">
			<div class="col-md-1"></div>
			[ERROR ->]<router-outlet></router-outlet>
			<div class="col-md-1"></div>
		</div>
	"): ng:///DynamicTestModule/AppComponent.html@4:2
	Error: Template parse errors:
	    at syntaxError node_modules/@angular/compiler/esm5/compiler.js:486:22)
	    at TemplateParser.push../node_modules/@angular/compiler/esm5/compiler.js.TemplateParser.parse node_modules/@angular/compiler/esm5/compiler.js:24674:1)
	    at JitCompiler.push../node_modules/@angular/compiler/esm5/compiler.js.JitCompiler._parseTemplate node_modules/@angular/compiler/esm5/compiler.js:34629:1)
	    at JitCompiler.push../node_modules/@angular/compiler/esm5/compiler.js.JitCompiler._compileTemplate node_modules/@angular/compiler/esm5/compiler.js:34604:1)
	    at http://localhost:18763/_karma_webpack_/webpack:/node_modules/@angular/compiler/esm5/compiler.js:34505:48
	    at Set.forEach (<anonymous>)
	    at JitCompiler.push../node_modules/@angular/compiler/esm5/compiler.js.JitCompiler._compileComponents node_modules/@angular/compiler/esm5/compiler.js:34505:1)
	    at http://localhost:18763/_karma_webpack_/webpack:/node_modules/@angular/compiler/esm5/compiler.js:34393:1
	    at Object.then node_modules/@angular/compiler/esm5/compiler.js:475:33)
	    at JitCompiler.push../node_modules/@angular/compiler/esm5/compiler.js.JitCompiler._compileModuleAndAllComponents node_modules/@angular/compiler/esm5/compiler.js:34391:1)
	'topnav' is not a known element:
	1. If 'topnav' is an Angular component, then verify that it is part of this module.
	2. To allow any element add 'NO_ERRORS_SCHEMA' to the '@NgModule.schemas' of this component. ("[ERROR ->]<topnav></topnav>    
	<div class="container">
		<div class="row">
	"): ng:///DynamicTestModule/AppComponent.html@0:0
	'router-outlet' is not a known element:
	1. If 'router-outlet' is an Angular component, then verify that it is part of this module.
	2. If 'router-outlet' is a Web Component then add 'CUSTOM_ELEMENTS_SCHEMA' to the '@NgModule.schemas' of this component to suppress this message. ("
		<div class="row">
			<div class="col-md-1"></div>
			[ERROR ->]<router-outlet></router-outlet>
			<div class="col-md-1"></div>
		</div>
	"): ng:///DynamicTestModule/AppComponent.html@4:2
	Error: Template parse errors:
	    at syntaxError node_modules/@angular/compiler/esm5/compiler.js:486:22)
	    at TemplateParser.push../node_modules/@angular/compiler/esm5/compiler.js.TemplateParser.parse node_modules/@angular/compiler/esm5/compiler.js:24674:1)
	    at JitCompiler.push../node_modules/@angular/compiler/esm5/compiler.js.JitCompiler._parseTemplate node_modules/@angular/compiler/esm5/compiler.js:34629:1)
	    at JitCompiler.push../node_modules/@angular/compiler/esm5/compiler.js.JitCompiler._compileTemplate node_modules/@angular/compiler/esm5/compiler.js:34604:1)
	    at http://localhost:18763/_karma_webpack_/webpack:/node_modules/@angular/compiler/esm5/compiler.js:34505:48
	    at Set.forEach (<anonymous>)
	    at JitCompiler.push../node_modules/@angular/compiler/esm5/compiler.js.JitCompiler._compileComponents node_modules/@angular/compiler/esm5/compiler.js:34505:1)
	    at http://localhost:18763/_karma_webpack_/webpack:/node_modules/@angular/compiler/esm5/compiler.js:34393:1
	    at Object.then node_modules/@angular/compiler/esm5/compiler.js:475:33)
	    at JitCompiler.push../node_modules/@angular/compiler/esm5/compiler.js.JitCompiler._compileModuleAndAllComponents node_modules/@angular/compiler/esm5/compiler.js:34391:1)
Chrome 67.0.3396 (Mac OS X 10.13.3): Executed 3 of 14 (2 FAILED) (0 secs / 0.196 secs)
Chrome 67.0.3396 (Mac OS X 10.13.3) AppComponent should create the app FAILED
	'topnav' is not a known element:
	1. If 'topnav' is an Angular component, then verify that it is part of this module.
	2. To allow any element add 'NO_ERRORS_SCHEMA' to the '@NgModule.schemas' of this component. ("[ERROR ->]<topnav></topnav>    
	<div class="container">
		<div class="row">
	"): ng:///DynamicTestModule/AppComponent.html@0:0
	'router-outlet' is not a known element:
	1. If 'router-outlet' is an Angular component, then verify that it is part of this module.
	2. If 'router-outlet' is a Web Component then add 'CUSTOM_ELEMENTS_SCHEMA' to the '@NgModule.schemas' of this component to suppress this message. ("
		<div class="row">
			<div class="col-md-1"></div>
			[ERROR ->]<router-outlet></router-outlet>
			<div class="col-md-1"></div>
		</div>
	"): ng:///DynamicTestModule/AppComponent.html@4:2
	Error: Template parse errors:
	    at syntaxError node_modules/@angular/compiler/esm5/compiler.js:486:22)
	    at TemplateParser.push../node_modules/@angular/compiler/esm5/compiler.js.TemplateParser.parse node_modules/@angular/compiler/esm5/compiler.js:24674:1)
	    at JitCompiler.push../node_modules/@angular/compiler/esm5/compiler.js.JitCompiler._parseTemplate node_modules/@angular/compiler/esm5/compiler.js:34629:1)
	    at JitCompiler.push../node_modules/@angular/compiler/esm5/compiler.js.JitCompiler._compileTemplate node_modules/@angular/compiler/esm5/compiler.js:34604:1)
	    at http://localhost:18763/_karma_webpack_/webpack:/node_modules/@angular/compiler/esm5/compiler.js:34505:48
	    at Set.forEach (<anonymous>)
	    at JitCompiler.push../node_modules/@angular/compiler/esm5/compiler.js.JitCompiler._compileComponents node_modules/@angular/compiler/esm5/compiler.js:34505:1)
	    at http://localhost:18763/_karma_webpack_/webpack:/node_modules/@angular/compiler/esm5/compiler.js:34393:1
	    at Object.then node_modules/@angular/compiler/esm5/compiler.js:475:33)
	    at JitCompiler.push../node_modules/@angular/compiler/esm5/compiler.js.JitCompiler._compileModuleAndAllComponents node_modules/@angular/compiler/esm5/compiler.js:34391:1)
	'topnav' is not a known element:
	1. If 'topnav' is an Angular component, then verify that it is part of this module.
	2. To allow any element add 'NO_ERRORS_SCHEMA' to the '@NgModule.schemas' of this component. ("[ERROR ->]<topnav></topnav>    
	<div class="container">
		<div class="row">
	"): ng:///DynamicTestModule/AppComponent.html@0:0
	'router-outlet' is not a known element:
	1. If 'router-outlet' is an Angular component, then verify that it is part of this module.
	2. If 'router-outlet' is a Web Component then add 'CUSTOM_ELEMENTS_SCHEMA' to the '@NgModule.schemas' of this component to suppress this message. ("
		<div class="row">
			<div class="col-md-1"></div>
			[ERROR ->]<router-outlet></router-outlet>
			<div class="col-md-1"></div>
		</div>
	"): ng:///DynamicTestModule/AppComponent.html@4:2
	Error: Template parse errors:
	    at syntaxError node_modules/@angular/compiler/esm5/compiler.js:486:22)
	    at TemplateParser.push../node_modules/@angular/compiler/esm5/compiler.js.TemplateParser.parse node_modules/@angular/compiler/esm5/compiler.js:24674:1)
	    at JitCompiler.push../node_modules/@angular/compiler/esm5/compiler.js.JitCompiler._parseTemplate node_modules/@angular/compiler/esm5/compiler.js:34629:1)
	    at JitCompiler.push../node_modules/@angular/compiler/esm5/compiler.js.JitCompiler._compileTemplate node_modules/@angular/compiler/esm5/compiler.js:34604:1)
	    at http://localhost:18763/_karma_webpack_/webpack:/node_modules/@angular/compiler/esm5/compiler.js:34505:48
	    at Set.forEach (<anonymous>)
	    at JitCompiler.push../node_modules/@angular/compiler/esm5/compiler.js.JitCompiler._compileComponents node_modules/@angular/compiler/esm5/compiler.js:34505:1)
	    at http://localhost:18763/_karma_webpack_/webpack:/node_modules/@angular/compiler/esm5/compiler.js:34393:1
	    at Object.then node_modules/@angular/compiler/esm5/compiler.js:475:33)
	    at JitCompiler.push../node_modules/@angular/compiler/esm5/compiler.js.JitCompiler._compileModuleAndAllComponents node_modules/@angular/compiler/esm5/compiler.js:34391:1)
Chrome 67.0.3396 (Mac OS X 10.13.3) AppComponent should have as title 'app' FAILED
	'topnav' is not a known element:
	1. If 'topnav' is an Angular component, then verify that it is part of this module.
	2. To allow any element add 'NO_ERRORS_SCHEMA' to the '@NgModule.schemas' of this component. ("[ERROR ->]<topnav></topnav>    
	<div class="container">
		<div class="row">
	"): ng:///DynamicTestModule/AppComponent.html@0:0
	'router-outlet' is not a known element:
	1. If 'router-outlet' is an Angular component, then verify that it is part of this module.
	2. If 'router-outlet' is a Web Component then add 'CUSTOM_ELEMENTS_SCHEMA' to the '@NgModule.schemas' of this component to suppress this message. ("
		<div class="row">
			<div class="col-md-1"></div>
			[ERROR ->]<router-outlet></router-outlet>
			<div class="col-md-1"></div>
		</div>
	"): ng:///DynamicTestModule/AppComponent.html@4:2
	Error: Template parse errors:
	    at syntaxError node_modules/@angular/compiler/esm5/compiler.js:486:22)
	    at TemplateParser.push../node_modules/@angular/compiler/esm5/compiler.js.TemplateParser.parse node_modules/@angular/compiler/esm5/compiler.js:24674:1)
	    at JitCompiler.push../node_modules/@angular/compiler/esm5/compiler.js.JitCompiler._parseTemplate node_modules/@angular/compiler/esm5/compiler.js:34629:1)
	    at JitCompiler.push../node_modules/@angular/compiler/esm5/compiler.js.JitCompiler._compileTemplate node_modules/@angular/compiler/esm5/compiler.js:34604:1)
	    at http://localhost:18763/_karma_webpack_/webpack:/node_modules/@angular/compiler/esm5/compiler.js:34505:48
	    at Set.forEach (<anonymous>)
	    at JitCompiler.push../node_modules/@angular/compiler/esm5/compiler.js.JitCompiler._compileComponents node_modules/@angular/compiler/esm5/compiler.js:34505:1)
	    at http://localhost:18763/_karma_webpack_/webpack:/node_modules/@angular/compiler/esm5/compiler.js:34393:1
	    at Object.then node_modules/@angular/compiler/esm5/compiler.js:475:33)
	    at JitCompiler.push../node_modules/@angular/compiler/esm5/compiler.js.JitCompiler._compileModuleAndAllComponents node_modules/@angular/compiler/esm5/compiler.js:34391:1)
	'topnav' is not a known element:
	1. If 'topnav' is an Angular component, then verify that it is part of this module.
	2. To allow any element add 'NO_ERRORS_SCHEMA' to the '@NgModule.schemas' of this component. ("[ERROR ->]<topnav></topnav>    
	<div class="container">
		<div class="row">
	"): ng:///DynamicTestModule/AppComponent.html@0:0
	'router-outlet' is not a known element:
	1. If 'router-outlet' is an Angular component, then verify that it is part of this module.
	2. If 'router-outlet' is a Web Component then add 'CUSTOM_ELEMENTS_SCHEMA' to the '@NgModule.schemas' of this component to suppress this message. ("
		<div class="row">
			<div class="col-md-1"></div>
			[ERROR ->]<router-outlet></router-outlet>
			<div class="col-md-1"></div>
		</div>
	"): ng:///DynamicTestModule/AppComponent.html@4:2
	Error: Template parse errors:
	    at syntaxError node_modules/@angular/compiler/esm5/compiler.js:486:22)
	    at TemplateParser.push../node_modules/@angular/compiler/esm5/compiler.js.TemplateParser.parse node_modules/@angular/compiler/esm5/compiler.js:24674:1)
	    at JitCompiler.push../node_modules/@angular/compiler/esm5/compiler.js.JitCompiler._parseTemplate node_modules/@angular/compiler/esm5/compiler.js:34629:1)
	    at JitCompiler.push../node_modules/@angular/compiler/esm5/compiler.js.JitCompiler._compileTemplate node_modules/@angular/compiler/esm5/compiler.js:34604:1)
	    at http://localhost:18763/_karma_webpack_/webpack:/node_modules/@angular/compiler/esm5/compiler.js:34505:48
	    at Set.forEach (<anonymous>)
	    at JitCompiler.push../node_modules/@angular/compiler/esm5/compiler.js.JitCompiler._compileComponents node_modules/@angular/compiler/esm5/compiler.js:34505:1)
	    at http://localhost:18763/_karma_webpack_/webpack:/node_modules/@angular/compiler/esm5/compiler.js:34393:1
	    at Object.then node_modules/@angular/compiler/esm5/compiler.js:475:33)
	    at JitCompiler.push../node_modules/@angular/compiler/esm5/compiler.js.JitCompiler._compileModuleAndAllComponents node_modules/@angular/compiler/esm5/compiler.js:34391:1)
[1A[2KChrome 67.0.3396 (Mac OS X 10.13.3) AppComponent should have as title 'app' FAILED
	'topnav' is not a known element:
	1. If 'topnav' is an Angular component, then verify that it is part of this module.
	2. To allow any element add 'NO_ERRORS_SCHEMA' to the '@NgModule.schemas' of this component. ("[ERROR ->]<topnav></topnav>    
	<div class="container">
		<div class="row">
	"): ng:///DynamicTestModule/AppComponent.html@0:0
	'router-outlet' is not a known element:
	1. If 'router-outlet' is an Angular component, then verify that it is part of this module.
	2. If 'router-outlet' is a Web Component then add 'CUSTOM_ELEMENTS_SCHEMA' to the '@NgModule.schemas' of this component to suppress this message. ("
		<div class="row">
			<div class="col-md-1"></div>
			[ERROR ->]<router-outlet></router-outlet>
			<div class="col-md-1"></div>
		</div>
	"): ng:///DynamicTestModule/AppComponent.html@4:2
	Error: Template parse errors:
	    at syntaxError node_modules/@angular/compiler/esm5/compiler.js:486:22)
	    at TemplateParser.push../node_modules/@angular/compiler/esm5/compiler.js.TemplateParser.parse node_modules/@angular/compiler/esm5/compiler.js:24674:1)
	    at JitCompiler.push../node_modules/@angular/compiler/esm5/compiler.js.JitCompiler._parseTemplate node_modules/@angular/compiler/esm5/compiler.js:34629:1)
	    at JitCompiler.push../node_modules/@angular/compiler/esm5/compiler.js.JitCompiler._compileTemplate node_modules/@angular/compiler/esm5/compiler.js:34604:1)
	    at http://localhost:18763/_karma_webpack_/webpack:/node_modules/@angular/compiler/esm5/compiler.js:34505:48
	    at Set.forEach (<anonymous>)
	    at JitCompiler.push../node_modules/@angular/compiler/esm5/compiler.js.JitCompiler._compileComponents node_modules/@angular/compiler/esm5/compiler.js:34505:1)
	    at http://localhost:18763/_karma_webpack_/webpack:/node_modules/@angular/compiler/esm5/compiler.js:34393:1
	    at Object.then node_modules/@angular/compiler/esm5/compiler.js:475:33)
	    at JitCompiler.push../node_modules/@angular/compiler/esm5/compiler.js.JitCompiler._compileModuleAndAllComponents node_modules/@angular/compiler/esm5/compiler.js:34391:1)
	'topnav' is not a known element:
	1. If 'topnav' is an Angular component, then verify that it is part of this module.
	2. To allow any element add 'NO_ERRORS_SCHEMA' to the '@NgModule.schemas' of this component. ("[ERROR ->]<topnav></topnav>    
	<div class="container">
		<div class="row">
	"): ng:///DynamicTestModule/AppComponent.html@0:0
	'router-outlet' is not a known element:
	1. If 'router-outlet' is an Angular component, then verify that it is part of this module.
	2. If 'router-outlet' is a Web Component then add 'CUSTOM_ELEMENTS_SCHEMA' to the '@NgModule.schemas' of this component to suppress this message. ("
		<div class="row">
			<div class="col-md-1"></div>
			[ERROR ->]<router-outlet></router-outlet>
			<div class="col-md-1"></div>
		</div>
	"): ng:///DynamicTestModule/AppComponent.html@4:2
	Error: Template parse errors:
	    at syntaxError node_modules/@angular/compiler/esm5/compiler.js:486:22)
	    at TemplateParser.push../node_modules/@angular/compiler/esm5/compiler.js.TemplateParser.parse node_modules/@angular/compiler/esm5/compiler.js:24674:1)
	    at JitCompiler.push../node_modules/@angular/compiler/esm5/compiler.js.JitCompiler._parseTemplate node_modules/@angular/compiler/esm5/compiler.js:34629:1)
	    at JitCompiler.push../node_modules/@angular/compiler/esm5/compiler.js.JitCompiler._compileTemplate node_modules/@angular/compiler/esm5/compiler.js:34604:1)
	    at http://localhost:18763/_karma_webpack_/webpack:/node_modules/@angular/compiler/esm5/compiler.js:34505:48
	    at Set.forEach (<anonymous>)
	    at JitCompiler.push../node_modules/@angular/compiler/esm5/compiler.js.JitCompiler._compileComponents node_modules/@angular/compiler/esm5/compiler.js:34505:1)
	    at http://localhost:18763/_karma_webpack_/webpack:/node_modules/@angular/compiler/esm5/compiler.js:34393:1
	    at Object.then node_modules/@angular/compiler/esm5/compiler.js:475:33)
	    at JitCompiler.push../node_modules/@angular/compiler/esm5/compiler.js.JitCompiler._compileModuleAndAllComponents node_modules/@angular/compiler/esm5/compiler.js:34391:1)
Chrome 67.0.3396 (Mac OS X 10.13.3): Executed 4 of 14 (3 FAILED) (0 secs / 0.207 secs)
Chrome 67.0.3396 (Mac OS X 10.13.3) AppComponent should have as title 'app' FAILED
	'topnav' is not a known element:
	1. If 'topnav' is an Angular component, then verify that it is part of this module.
	2. To allow any element add 'NO_ERRORS_SCHEMA' to the '@NgModule.schemas' of this component. ("[ERROR ->]<topnav></topnav>    
	<div class="container">
		<div class="row">
	"): ng:///DynamicTestModule/AppComponent.html@0:0
	'router-outlet' is not a known element:
	1. If 'router-outlet' is an Angular component, then verify that it is part of this module.
	2. If 'router-outlet' is a Web Component then add 'CUSTOM_ELEMENTS_SCHEMA' to the '@NgModule.schemas' of this component to suppress this message. ("
		<div class="row">
			<div class="col-md-1"></div>
			[ERROR ->]<router-outlet></router-outlet>
			<div class="col-md-1"></div>
		</div>
	"): ng:///DynamicTestModule/AppComponent.html@4:2
	Error: Template parse errors:
	    at syntaxError node_modules/@angular/compiler/esm5/compiler.js:486:22)
	    at TemplateParser.push../node_modules/@angular/compiler/esm5/compiler.js.TemplateParser.parse node_modules/@angular/compiler/esm5/compiler.js:24674:1)
	    at JitCompiler.push../node_modules/@angular/compiler/esm5/compiler.js.JitCompiler._parseTemplate node_modules/@angular/compiler/esm5/compiler.js:34629:1)
	    at JitCompiler.push../node_modules/@angular/compiler/esm5/compiler.js.JitCompiler._compileTemplate node_modules/@angular/compiler/esm5/compiler.js:34604:1)
	    at http://localhost:18763/_karma_webpack_/webpack:/node_modules/@angular/compiler/esm5/compiler.js:34505:48
	    at Set.forEach (<anonymous>)
	    at JitCompiler.push../node_modules/@angular/compiler/esm5/compiler.js.JitCompiler._compileComponents node_modules/@angular/compiler/esm5/compiler.js:34505:1)
	    at http://localhost:18763/_karma_webpack_/webpack:/node_modules/@angular/compiler/esm5/compiler.js:34393:1
	    at Object.then node_modules/@angular/compiler/esm5/compiler.js:475:33)
	    at JitCompiler.push../node_modules/@angular/compiler/esm5/compiler.js.JitCompiler._compileModuleAndAllComponents node_modules/@angular/compiler/esm5/compiler.js:34391:1)
	'topnav' is not a known element:
	1. If 'topnav' is an Angular component, then verify that it is part of this module.
	2. To allow any element add 'NO_ERRORS_SCHEMA' to the '@NgModule.schemas' of this component. ("[ERROR ->]<topnav></topnav>    
	<div class="container">
		<div class="row">
	"): ng:///DynamicTestModule/AppComponent.html@0:0
	'router-outlet' is not a known element:
	1. If 'router-outlet' is an Angular component, then verify that it is part of this module.
	2. If 'router-outlet' is a Web Component then add 'CUSTOM_ELEMENTS_SCHEMA' to the '@NgModule.schemas' of this component to suppress this message. ("
		<div class="row">
			<div class="col-md-1"></div>
			[ERROR ->]<router-outlet></router-outlet>
			<div class="col-md-1"></div>
		</div>
	"): ng:///DynamicTestModule/AppComponent.html@4:2
	Error: Template parse errors:
	    at syntaxError node_modules/@angular/compiler/esm5/compiler.js:486:22)
	    at TemplateParser.push../node_modules/@angular/compiler/esm5/compiler.js.TemplateParser.parse node_modules/@angular/compiler/esm5/compiler.js:24674:1)
	    at JitCompiler.push../node_modules/@angular/compiler/esm5/compiler.js.JitCompiler._parseTemplate node_modules/@angular/compiler/esm5/compiler.js:34629:1)
	    at JitCompiler.push../node_modules/@angular/compiler/esm5/compiler.js.JitCompiler._compileTemplate node_modules/@angular/compiler/esm5/compiler.js:34604:1)
	    at http://localhost:18763/_karma_webpack_/webpack:/node_modules/@angular/compiler/esm5/compiler.js:34505:48
	    at Set.forEach (<anonymous>)
	    at JitCompiler.push../node_modules/@angular/compiler/esm5/compiler.js.JitCompiler._compileComponents node_modules/@angular/compiler/esm5/compiler.js:34505:1)
	    at http://localhost:18763/_karma_webpack_/webpack:/node_modules/@angular/compiler/esm5/compiler.js:34393:1
	    at Object.then node_modules/@angular/compiler/esm5/compiler.js:475:33)
	    at JitCompiler.push../node_modules/@angular/compiler/esm5/compiler.js.JitCompiler._compileModuleAndAllComponents node_modules/@angular/compiler/esm5/compiler.js:34391:1)
Chrome 67.0.3396 (Mac OS X 10.13.3) AppComponent should render title in a h1 tag FAILED
	'topnav' is not a known element:
	1. If 'topnav' is an Angular component, then verify that it is part of this module.
	2. To allow any element add 'NO_ERRORS_SCHEMA' to the '@NgModule.schemas' of this component. ("[ERROR ->]<topnav></topnav>    
	<div class="container">
		<div class="row">
	"): ng:///DynamicTestModule/AppComponent.html@0:0
	'router-outlet' is not a known element:
	1. If 'router-outlet' is an Angular component, then verify that it is part of this module.
	2. If 'router-outlet' is a Web Component then add 'CUSTOM_ELEMENTS_SCHEMA' to the '@NgModule.schemas' of this component to suppress this message. ("
		<div class="row">
			<div class="col-md-1"></div>
			[ERROR ->]<router-outlet></router-outlet>
			<div class="col-md-1"></div>
		</div>
	"): ng:///DynamicTestModule/AppComponent.html@4:2
	Error: Template parse errors:
	    at syntaxError node_modules/@angular/compiler/esm5/compiler.js:486:22)
	    at TemplateParser.push../node_modules/@angular/compiler/esm5/compiler.js.TemplateParser.parse node_modules/@angular/compiler/esm5/compiler.js:24674:1)
	    at JitCompiler.push../node_modules/@angular/compiler/esm5/compiler.js.JitCompiler._parseTemplate node_modules/@angular/compiler/esm5/compiler.js:34629:1)
	    at JitCompiler.push../node_modules/@angular/compiler/esm5/compiler.js.JitCompiler._compileTemplate node_modules/@angular/compiler/esm5/compiler.js:34604:1)
	    at http://localhost:18763/_karma_webpack_/webpack:/node_modules/@angular/compiler/esm5/compiler.js:34505:48
	    at Set.forEach (<anonymous>)
	    at JitCompiler.push../node_modules/@angular/compiler/esm5/compiler.js.JitCompiler._compileComponents node_modules/@angular/compiler/esm5/compiler.js:34505:1)
	    at http://localhost:18763/_karma_webpack_/webpack:/node_modules/@angular/compiler/esm5/compiler.js:34393:1
	    at Object.then node_modules/@angular/compiler/esm5/compiler.js:475:33)
	    at JitCompiler.push../node_modules/@angular/compiler/esm5/compiler.js.JitCompiler._compileModuleAndAllComponents node_modules/@angular/compiler/esm5/compiler.js:34391:1)
	'topnav' is not a known element:
	1. If 'topnav' is an Angular component, then verify that it is part of this module.
	2. To allow any element add 'NO_ERRORS_SCHEMA' to the '@NgModule.schemas' of this component. ("[ERROR ->]<topnav></topnav>    
	<div class="container">
		<div class="row">
	"): ng:///DynamicTestModule/AppComponent.html@0:0
	'router-outlet' is not a known element:
	1. If 'router-outlet' is an Angular component, then verify that it is part of this module.
	2. If 'router-outlet' is a Web Component then add 'CUSTOM_ELEMENTS_SCHEMA' to the '@NgModule.schemas' of this component to suppress this message. ("
		<div class="row">
			<div class="col-md-1"></div>
			[ERROR ->]<router-outlet></router-outlet>
			<div class="col-md-1"></div>
		</div>
	"): ng:///DynamicTestModule/AppComponent.html@4:2
	Error: Template parse errors:
	    at syntaxError node_modules/@angular/compiler/esm5/compiler.js:486:22)
	    at TemplateParser.push../node_modules/@angular/compiler/esm5/compiler.js.TemplateParser.parse node_modules/@angular/compiler/esm5/compiler.js:24674:1)
	    at JitCompiler.push../node_modules/@angular/compiler/esm5/compiler.js.JitCompiler._parseTemplate node_modules/@angular/compiler/esm5/compiler.js:34629:1)
	    at JitCompiler.push../node_modules/@angular/compiler/esm5/compiler.js.JitCompiler._compileTemplate node_modules/@angular/compiler/esm5/compiler.js:34604:1)
	    at http://localhost:18763/_karma_webpack_/webpack:/node_modules/@angular/compiler/esm5/compiler.js:34505:48
	    at Set.forEach (<anonymous>)
	    at JitCompiler.push../node_modules/@angular/compiler/esm5/compiler.js.JitCompiler._compileComponents node_modules/@angular/compiler/esm5/compiler.js:34505:1)
	    at http://localhost:18763/_karma_webpack_/webpack:/node_modules/@angular/compiler/esm5/compiler.js:34393:1
	    at Object.then node_modules/@angular/compiler/esm5/compiler.js:475:33)
	    at JitCompiler.push../node_modules/@angular/compiler/esm5/compiler.js.JitCompiler._compileModuleAndAllComponents node_modules/@angular/compiler/esm5/compiler.js:34391:1)
[1A[2KChrome 67.0.3396 (Mac OS X 10.13.3) AppComponent should render title in a h1 tag FAILED
	'topnav' is not a known element:
	1. If 'topnav' is an Angular component, then verify that it is part of this module.
	2. To allow any element add 'NO_ERRORS_SCHEMA' to the '@NgModule.schemas' of this component. ("[ERROR ->]<topnav></topnav>    
	<div class="container">
		<div class="row">
	"): ng:///DynamicTestModule/AppComponent.html@0:0
	'router-outlet' is not a known element:
	1. If 'router-outlet' is an Angular component, then verify that it is part of this module.
	2. If 'router-outlet' is a Web Component then add 'CUSTOM_ELEMENTS_SCHEMA' to the '@NgModule.schemas' of this component to suppress this message. ("
		<div class="row">
			<div class="col-md-1"></div>
			[ERROR ->]<router-outlet></router-outlet>
			<div class="col-md-1"></div>
		</div>
	"): ng:///DynamicTestModule/AppComponent.html@4:2
	Error: Template parse errors:
	    at syntaxError node_modules/@angular/compiler/esm5/compiler.js:486:22)
	    at TemplateParser.push../node_modules/@angular/compiler/esm5/compiler.js.TemplateParser.parse node_modules/@angular/compiler/esm5/compiler.js:24674:1)
	    at JitCompiler.push../node_modules/@angular/compiler/esm5/compiler.js.JitCompiler._parseTemplate node_modules/@angular/compiler/esm5/compiler.js:34629:1)
	    at JitCompiler.push../node_modules/@angular/compiler/esm5/compiler.js.JitCompiler._compileTemplate node_modules/@angular/compiler/esm5/compiler.js:34604:1)
	    at http://localhost:18763/_karma_webpack_/webpack:/node_modules/@angular/compiler/esm5/compiler.js:34505:48
	    at Set.forEach (<anonymous>)
	    at JitCompiler.push../node_modules/@angular/compiler/esm5/compiler.js.JitCompiler._compileComponents node_modules/@angular/compiler/esm5/compiler.js:34505:1)
	    at http://localhost:18763/_karma_webpack_/webpack:/node_modules/@angular/compiler/esm5/compiler.js:34393:1
	    at Object.then node_modules/@angular/compiler/esm5/compiler.js:475:33)
	    at JitCompiler.push../node_modules/@angular/compiler/esm5/compiler.js.JitCompiler._compileModuleAndAllComponents node_modules/@angular/compiler/esm5/compiler.js:34391:1)
	'topnav' is not a known element:
	1. If 'topnav' is an Angular component, then verify that it is part of this module.
	2. To allow any element add 'NO_ERRORS_SCHEMA' to the '@NgModule.schemas' of this component. ("[ERROR ->]<topnav></topnav>    
	<div class="container">
		<div class="row">
	"): ng:///DynamicTestModule/AppComponent.html@0:0
	'router-outlet' is not a known element:
	1. If 'router-outlet' is an Angular component, then verify that it is part of this module.
	2. If 'router-outlet' is a Web Component then add 'CUSTOM_ELEMENTS_SCHEMA' to the '@NgModule.schemas' of this component to suppress this message. ("
		<div class="row">
			<div class="col-md-1"></div>
			[ERROR ->]<router-outlet></router-outlet>
			<div class="col-md-1"></div>
		</div>
	"): ng:///DynamicTestModule/AppComponent.html@4:2
	Error: Template parse errors:
	    at syntaxError node_modules/@angular/compiler/esm5/compiler.js:486:22)
	    at TemplateParser.push../node_modules/@angular/compiler/esm5/compiler.js.TemplateParser.parse node_modules/@angular/compiler/esm5/compiler.js:24674:1)
	    at JitCompiler.push../node_modules/@angular/compiler/esm5/compiler.js.JitCompiler._parseTemplate node_modules/@angular/compiler/esm5/compiler.js:34629:1)
	    at JitCompiler.push../node_modules/@angular/compiler/esm5/compiler.js.JitCompiler._compileTemplate node_modules/@angular/compiler/esm5/compiler.js:34604:1)
	    at http://localhost:18763/_karma_webpack_/webpack:/node_modules/@angular/compiler/esm5/compiler.js:34505:48
	    at Set.forEach (<anonymous>)
	    at JitCompiler.push../node_modules/@angular/compiler/esm5/compiler.js.JitCompiler._compileComponents node_modules/@angular/compiler/esm5/compiler.js:34505:1)
	    at http://localhost:18763/_karma_webpack_/webpack:/node_modules/@angular/compiler/esm5/compiler.js:34393:1
	    at Object.then node_modules/@angular/compiler/esm5/compiler.js:475:33)
	    at JitCompiler.push../node_modules/@angular/compiler/esm5/compiler.js.JitCompiler._compileModuleAndAllComponents node_modules/@angular/compiler/esm5/compiler.js:34391:1)
Chrome 67.0.3396 (Mac OS X 10.13.3): Executed 5 of 14 (4 FAILED) (0 secs / 0.22 secs)
Chrome 67.0.3396 (Mac OS X 10.13.3) AppComponent should render title in a h1 tag FAILED
	'topnav' is not a known element:
	1. If 'topnav' is an Angular component, then verify that it is part of this module.
	2. To allow any element add 'NO_ERRORS_SCHEMA' to the '@NgModule.schemas' of this component. ("[ERROR ->]<topnav></topnav>    
	<div class="container">
		<div class="row">
	"): ng:///DynamicTestModule/AppComponent.html@0:0
	'router-outlet' is not a known element:
	1. If 'router-outlet' is an Angular component, then verify that it is part of this module.
	2. If 'router-outlet' is a Web Component then add 'CUSTOM_ELEMENTS_SCHEMA' to the '@NgModule.schemas' of this component to suppress this message. ("
		<div class="row">
			<div class="col-md-1"></div>
			[ERROR ->]<router-outlet></router-outlet>
			<div class="col-md-1"></div>
		</div>
	"): ng:///DynamicTestModule/AppComponent.html@4:2
	Error: Template parse errors:
	    at syntaxError node_modules/@angular/compiler/esm5/compiler.js:486:22)
	    at TemplateParser.push../node_modules/@angular/compiler/esm5/compiler.js.TemplateParser.parse node_modules/@angular/compiler/esm5/compiler.js:24674:1)
	    at JitCompiler.push../node_modules/@angular/compiler/esm5/compiler.js.JitCompiler._parseTemplate node_modules/@angular/compiler/esm5/compiler.js:34629:1)
	    at JitCompiler.push../node_modules/@angular/compiler/esm5/compiler.js.JitCompiler._compileTemplate node_modules/@angular/compiler/esm5/compiler.js:34604:1)
	    at http://localhost:18763/_karma_webpack_/webpack:/node_modules/@angular/compiler/esm5/compiler.js:34505:48
	    at Set.forEach (<anonymous>)
	    at JitCompiler.push../node_modules/@angular/compiler/esm5/compiler.js.JitCompiler._compileComponents node_modules/@angular/compiler/esm5/compiler.js:34505:1)
	    at http://localhost:18763/_karma_webpack_/webpack:/node_modules/@angular/compiler/esm5/compiler.js:34393:1
	    at Object.then node_modules/@angular/compiler/esm5/compiler.js:475:33)
	    at JitCompiler.push../node_modules/@angular/compiler/esm5/compiler.js.JitCompiler._compileModuleAndAllComponents node_modules/@angular/compiler/esm5/compiler.js:34391:1)
	'topnav' is not a known element:
	1. If 'topnav' is an Angular component, then verify that it is part of this module.
	2. To allow any element add 'NO_ERRORS_SCHEMA' to the '@NgModule.schemas' of this component. ("[ERROR ->]<topnav></topnav>    
	<div class="container">
		<div class="row">
	"): ng:///DynamicTestModule/AppComponent.html@0:0
	'router-outlet' is not a known element:
	1. If 'router-outlet' is an Angular component, then verify that it is part of this module.
	2. If 'router-outlet' is a Web Component then add 'CUSTOM_ELEMENTS_SCHEMA' to the '@NgModule.schemas' of this component to suppress this message. ("
		<div class="row">
			<div class="col-md-1"></div>
			[ERROR ->]<router-outlet></router-outlet>
			<div class="col-md-1"></div>
		</div>
	"): ng:///DynamicTestModule/AppComponent.html@4:2
	Error: Template parse errors:
	    at syntaxError node_modules/@angular/compiler/esm5/compiler.js:486:22)
	    at TemplateParser.push../node_modules/@angular/compiler/esm5/compiler.js.TemplateParser.parse node_modules/@angular/compiler/esm5/compiler.js:24674:1)
	    at JitCompiler.push../node_modules/@angular/compiler/esm5/compiler.js.JitCompiler._parseTemplate node_modules/@angular/compiler/esm5/compiler.js:34629:1)
	    at JitCompiler.push../node_modules/@angular/compiler/esm5/compiler.js.JitCompiler._compileTemplate node_modules/@angular/compiler/esm5/compiler.js:34604:1)
	    at http://localhost:18763/_karma_webpack_/webpack:/node_modules/@angular/compiler/esm5/compiler.js:34505:48
	    at Set.forEach (<anonymous>)
	    at JitCompiler.push../node_modules/@angular/compiler/esm5/compiler.js.JitCompiler._compileComponents node_modules/@angular/compiler/esm5/compiler.js:34505:1)
	    at http://localhost:18763/_karma_webpack_/webpack:/node_modules/@angular/compiler/esm5/compiler.js:34393:1
	    at Object.then node_modules/@angular/compiler/esm5/compiler.js:475:33)
	    at JitCompiler.push../node_modules/@angular/compiler/esm5/compiler.js.JitCompiler._compileModuleAndAllComponents node_modules/@angular/compiler/esm5/compiler.js:34391:1)
Chrome 67.0.3396 (Mac OS X 10.13.3) RecentActivitiesComponent should be created FAILED
	Error: StaticInjectorError(DynamicTestModule)[RecentActivitiesComponent -> RecentActivitiesService]: 
	  StaticInjectorError(Platform: core)[RecentActivitiesComponent -> RecentActivitiesService]: 
	    NullInjectorError: No provider for RecentActivitiesService!
	    at _NullInjector.push../node_modules/@angular/core/esm5/core.js._NullInjector.get node_modules/@angular/core/esm5/core.js:1003:1)
	    at resolveToken node_modules/@angular/core/esm5/core.js:1301:1)
	    at tryResolveToken node_modules/@angular/core/esm5/core.js:1243:1)
	    at StaticInjector.push../node_modules/@angular/core/esm5/core.js.StaticInjector.get node_modules/@angular/core/esm5/core.js:1111:1)
	    at resolveToken node_modules/@angular/core/esm5/core.js:1301:1)
	    at tryResolveToken node_modules/@angular/core/esm5/core.js:1243:1)
	    at StaticInjector.push../node_modules/@angular/core/esm5/core.js.StaticInjector.get node_modules/@angular/core/esm5/core.js:1111:1)
	    at resolveNgModuleDep node_modules/@angular/core/esm5/core.js:10896:1)
	    at NgModuleRef_.push../node_modules/@angular/core/esm5/core.js.NgModuleRef_.get node_modules/@angular/core/esm5/core.js:12129:1)
	    at resolveDep node_modules/@angular/core/esm5/core.js:12619:1)
	Expected undefined to be truthy.
	    at Object.<anonymous> src/app/components/recent-activities/recent-activities.component.spec.ts:23:23)
	    at ZoneDelegate../node_modules/zone.js/dist/zone.js.ZoneDelegate.invoke node_modules/zone.js/dist/zone.js:388:1)
	    at ProxyZoneSpec.push../node_modules/zone.js/dist/proxy.js.ProxyZoneSpec.onInvoke node_modules/zone.js/dist/proxy.js:128:1)
	    at ZoneDelegate../node_modules/zone.js/dist/zone.js.ZoneDelegate.invoke node_modules/zone.js/dist/zone.js:387:1)
[1A[2KChrome 67.0.3396 (Mac OS X 10.13.3) RecentActivitiesComponent should be created FAILED
	Error: StaticInjectorError(DynamicTestModule)[RecentActivitiesComponent -> RecentActivitiesService]: 
	  StaticInjectorError(Platform: core)[RecentActivitiesComponent -> RecentActivitiesService]: 
	    NullInjectorError: No provider for RecentActivitiesService!
	    at _NullInjector.push../node_modules/@angular/core/esm5/core.js._NullInjector.get node_modules/@angular/core/esm5/core.js:1003:1)
	    at resolveToken node_modules/@angular/core/esm5/core.js:1301:1)
	    at tryResolveToken node_modules/@angular/core/esm5/core.js:1243:1)
	    at StaticInjector.push../node_modules/@angular/core/esm5/core.js.StaticInjector.get node_modules/@angular/core/esm5/core.js:1111:1)
	    at resolveToken node_modules/@angular/core/esm5/core.js:1301:1)
	    at tryResolveToken node_modules/@angular/core/esm5/core.js:1243:1)
	    at StaticInjector.push../node_modules/@angular/core/esm5/core.js.StaticInjector.get node_modules/@angular/core/esm5/core.js:1111:1)
	    at resolveNgModuleDep node_modules/@angular/core/esm5/core.js:10896:1)
	    at NgModuleRef_.push../node_modules/@angular/core/esm5/core.js.NgModuleRef_.get node_modules/@angular/core/esm5/core.js:12129:1)
	    at resolveDep node_modules/@angular/core/esm5/core.js:12619:1)
	Expected undefined to be truthy.
	    at Object.<anonymous> src/app/components/recent-activities/recent-activities.component.spec.ts:23:23)
	    at ZoneDelegate../node_modules/zone.js/dist/zone.js.ZoneDelegate.invoke node_modules/zone.js/dist/zone.js:388:1)
	    at ProxyZoneSpec.push../node_modules/zone.js/dist/proxy.js.ProxyZoneSpec.onInvoke node_modules/zone.js/dist/proxy.js:128:1)
	    at ZoneDelegate../node_modules/zone.js/dist/zone.js.ZoneDelegate.invoke node_modules/zone.js/dist/zone.js:387:1)
Chrome 67.0.3396 (Mac OS X 10.13.3): Executed 6 of 14 (5 FAILED) (0 secs / 0.246 secs)
Chrome 67.0.3396 (Mac OS X 10.13.3) RecentActivitiesComponent should be created FAILED
	Error: StaticInjectorError(DynamicTestModule)[RecentActivitiesComponent -> RecentActivitiesService]: 
	  StaticInjectorError(Platform: core)[RecentActivitiesComponent -> RecentActivitiesService]: 
	    NullInjectorError: No provider for RecentActivitiesService!
	    at _NullInjector.push../node_modules/@angular/core/esm5/core.js._NullInjector.get node_modules/@angular/core/esm5/core.js:1003:1)
	    at resolveToken node_modules/@angular/core/esm5/core.js:1301:1)
	    at tryResolveToken node_modules/@angular/core/esm5/core.js:1243:1)
	    at StaticInjector.push../node_modules/@angular/core/esm5/core.js.StaticInjector.get node_modules/@angular/core/esm5/core.js:1111:1)
	    at resolveToken node_modules/@angular/core/esm5/core.js:1301:1)
	    at tryResolveToken node_modules/@angular/core/esm5/core.js:1243:1)
	    at StaticInjector.push../node_modules/@angular/core/esm5/core.js.StaticInjector.get node_modules/@angular/core/esm5/core.js:1111:1)
	    at resolveNgModuleDep node_modules/@angular/core/esm5/core.js:10896:1)
	    at NgModuleRef_.push../node_modules/@angular/core/esm5/core.js.NgModuleRef_.get node_modules/@angular/core/esm5/core.js:12129:1)
	    at resolveDep node_modules/@angular/core/esm5/core.js:12619:1)
	Expected undefined to be truthy.
	    at Object.<anonymous> src/app/components/recent-activities/recent-activities.component.spec.ts:23:23)
	    at ZoneDelegate../node_modules/zone.js/dist/zone.js.ZoneDelegate.invoke node_modules/zone.js/dist/zone.js:388:1)
	    at ProxyZoneSpec.push../node_modules/zone.js/dist/proxy.js.ProxyZoneSpec.onInvoke node_modules/zone.js/dist/proxy.js:128:1)
	    at ZoneDelegate../node_modules/zone.js/dist/zone.js.ZoneDelegate.invoke node_modules/zone.js/dist/zone.js:387:1)
Chrome 67.0.3396 (Mac OS X 10.13.3) TimerComponent should be created FAILED
	Error: StaticInjectorError(DynamicTestModule)[TimerComponent -> RecentActivitiesService]: 
	  StaticInjectorError(Platform: core)[TimerComponent -> RecentActivitiesService]: 
	    NullInjectorError: No provider for RecentActivitiesService!
	    at _NullInjector.push../node_modules/@angular/core/esm5/core.js._NullInjector.get node_modules/@angular/core/esm5/core.js:1003:1)
	    at resolveToken node_modules/@angular/core/esm5/core.js:1301:1)
	    at tryResolveToken node_modules/@angular/core/esm5/core.js:1243:1)
	    at StaticInjector.push../node_modules/@angular/core/esm5/core.js.StaticInjector.get node_modules/@angular/core/esm5/core.js:1111:1)
	    at resolveToken node_modules/@angular/core/esm5/core.js:1301:1)
	    at tryResolveToken node_modules/@angular/core/esm5/core.js:1243:1)
	    at StaticInjector.push../node_modules/@angular/core/esm5/core.js.StaticInjector.get node_modules/@angular/core/esm5/core.js:1111:1)
	    at resolveNgModuleDep node_modules/@angular/core/esm5/core.js:10896:1)
	    at NgModuleRef_.push../node_modules/@angular/core/esm5/core.js.NgModuleRef_.get node_modules/@angular/core/esm5/core.js:12129:1)
	    at resolveDep node_modules/@angular/core/esm5/core.js:12619:1)
	Expected undefined to be truthy.
	    at Object.<anonymous> src/app/components/timer/timer.component.spec.ts:23:23)
	    at ZoneDelegate../node_modules/zone.js/dist/zone.js.ZoneDelegate.invoke node_modules/zone.js/dist/zone.js:388:1)
	    at ProxyZoneSpec.push../node_modules/zone.js/dist/proxy.js.ProxyZoneSpec.onInvoke node_modules/zone.js/dist/proxy.js:128:1)
	    at ZoneDelegate../node_modules/zone.js/dist/zone.js.ZoneDelegate.invoke node_modules/zone.js/dist/zone.js:387:1)
[1A[2KChrome 67.0.3396 (Mac OS X 10.13.3) TimerComponent should be created FAILED
	Error: StaticInjectorError(DynamicTestModule)[TimerComponent -> RecentActivitiesService]: 
	  StaticInjectorError(Platform: core)[TimerComponent -> RecentActivitiesService]: 
	    NullInjectorError: No provider for RecentActivitiesService!
	    at _NullInjector.push../node_modules/@angular/core/esm5/core.js._NullInjector.get node_modules/@angular/core/esm5/core.js:1003:1)
	    at resolveToken node_modules/@angular/core/esm5/core.js:1301:1)
	    at tryResolveToken node_modules/@angular/core/esm5/core.js:1243:1)
	    at StaticInjector.push../node_modules/@angular/core/esm5/core.js.StaticInjector.get node_modules/@angular/core/esm5/core.js:1111:1)
	    at resolveToken node_modules/@angular/core/esm5/core.js:1301:1)
	    at tryResolveToken node_modules/@angular/core/esm5/core.js:1243:1)
	    at StaticInjector.push../node_modules/@angular/core/esm5/core.js.StaticInjector.get node_modules/@angular/core/esm5/core.js:1111:1)
	    at resolveNgModuleDep node_modules/@angular/core/esm5/core.js:10896:1)
	    at NgModuleRef_.push../node_modules/@angular/core/esm5/core.js.NgModuleRef_.get node_modules/@angular/core/esm5/core.js:12129:1)
	    at resolveDep node_modules/@angular/core/esm5/core.js:12619:1)
	Expected undefined to be truthy.
	    at Object.<anonymous> src/app/components/timer/timer.component.spec.ts:23:23)
	    at ZoneDelegate../node_modules/zone.js/dist/zone.js.ZoneDelegate.invoke node_modules/zone.js/dist/zone.js:388:1)
	    at ProxyZoneSpec.push../node_modules/zone.js/dist/proxy.js.ProxyZoneSpec.onInvoke node_modules/zone.js/dist/proxy.js:128:1)
	    at ZoneDelegate../node_modules/zone.js/dist/zone.js.ZoneDelegate.invoke node_modules/zone.js/dist/zone.js:387:1)
Chrome 67.0.3396 (Mac OS X 10.13.3): Executed 7 of 14 (6 FAILED) (0 secs / 0.261 secs)
Chrome 67.0.3396 (Mac OS X 10.13.3) TimerComponent should be created FAILED
	Error: StaticInjectorError(DynamicTestModule)[TimerComponent -> RecentActivitiesService]: 
	  StaticInjectorError(Platform: core)[TimerComponent -> RecentActivitiesService]: 
	    NullInjectorError: No provider for RecentActivitiesService!
	    at _NullInjector.push../node_modules/@angular/core/esm5/core.js._NullInjector.get node_modules/@angular/core/esm5/core.js:1003:1)
	    at resolveToken node_modules/@angular/core/esm5/core.js:1301:1)
	    at tryResolveToken node_modules/@angular/core/esm5/core.js:1243:1)
	    at StaticInjector.push../node_modules/@angular/core/esm5/core.js.StaticInjector.get node_modules/@angular/core/esm5/core.js:1111:1)
	    at resolveToken node_modules/@angular/core/esm5/core.js:1301:1)
	    at tryResolveToken node_modules/@angular/core/esm5/core.js:1243:1)
	    at StaticInjector.push../node_modules/@angular/core/esm5/core.js.StaticInjector.get node_modules/@angular/core/esm5/core.js:1111:1)
	    at resolveNgModuleDep node_modules/@angular/core/esm5/core.js:10896:1)
	    at NgModuleRef_.push../node_modules/@angular/core/esm5/core.js.NgModuleRef_.get node_modules/@angular/core/esm5/core.js:12129:1)
	    at resolveDep node_modules/@angular/core/esm5/core.js:12619:1)
	Expected undefined to be truthy.
	    at Object.<anonymous> src/app/components/timer/timer.component.spec.ts:23:23)
	    at ZoneDelegate../node_modules/zone.js/dist/zone.js.ZoneDelegate.invoke node_modules/zone.js/dist/zone.js:388:1)
	    at ProxyZoneSpec.push../node_modules/zone.js/dist/proxy.js.ProxyZoneSpec.onInvoke node_modules/zone.js/dist/proxy.js:128:1)
	    at ZoneDelegate../node_modules/zone.js/dist/zone.js.ZoneDelegate.invoke node_modules/zone.js/dist/zone.js:387:1)
Chrome 67.0.3396 (Mac OS X 10.13.3) TopnavComponent should be created FAILED
	Can't bind to 'collapse' since it isn't a known property of 'div'. ("ef="#">Activity Tracker</a>
			</div>
			<div id="navbar-collapse-1" class="collapse navbar-collapse" [ERROR ->][collapse]="isCollapsed">
				<ul class="nav navbar-nav">
					<li class="active">
	"): ng:///DynamicTestModule/TopnavComponent.html@14:63
	Error: Template parse errors:
	    at syntaxError node_modules/@angular/compiler/esm5/compiler.js:486:22)
	    at TemplateParser.push../node_modules/@angular/compiler/esm5/compiler.js.TemplateParser.parse node_modules/@angular/compiler/esm5/compiler.js:24674:1)
	    at JitCompiler.push../node_modules/@angular/compiler/esm5/compiler.js.JitCompiler._parseTemplate node_modules/@angular/compiler/esm5/compiler.js:34629:1)
	    at JitCompiler.push../node_modules/@angular/compiler/esm5/compiler.js.JitCompiler._compileTemplate node_modules/@angular/compiler/esm5/compiler.js:34604:1)
	    at http://localhost:18763/_karma_webpack_/webpack:/node_modules/@angular/compiler/esm5/compiler.js:34505:48
	    at Set.forEach (<anonymous>)
	    at JitCompiler.push../node_modules/@angular/compiler/esm5/compiler.js.JitCompiler._compileComponents node_modules/@angular/compiler/esm5/compiler.js:34505:1)
	    at http://localhost:18763/_karma_webpack_/webpack:/node_modules/@angular/compiler/esm5/compiler.js:34393:1
	    at Object.then node_modules/@angular/compiler/esm5/compiler.js:475:33)
	    at JitCompiler.push../node_modules/@angular/compiler/esm5/compiler.js.JitCompiler._compileModuleAndAllComponents node_modules/@angular/compiler/esm5/compiler.js:34391:1)
	Error: Template parse errors:
	Can't bind to 'collapse' since it isn't a known property of 'div'. ("ef="#">Activity Tracker</a>
			</div>
			<div id="navbar-collapse-1" class="collapse navbar-collapse" [ERROR ->][collapse]="isCollapsed">
				<ul class="nav navbar-nav">
					<li class="active">
	"): ng:///DynamicTestModule/TopnavComponent.html@14:63
	    at syntaxError node_modules/@angular/compiler/esm5/compiler.js:486:22)
	    at TemplateParser.push../node_modules/@angular/compiler/esm5/compiler.js.TemplateParser.parse node_modules/@angular/compiler/esm5/compiler.js:24674:1)
	    at JitCompiler.push../node_modules/@angular/compiler/esm5/compiler.js.JitCompiler._parseTemplate node_modules/@angular/compiler/esm5/compiler.js:34629:1)
	    at JitCompiler.push../node_modules/@angular/compiler/esm5/compiler.js.JitCompiler._compileTemplate node_modules/@angular/compiler/esm5/compiler.js:34604:1)
	    at http://localhost:18763/_karma_webpack_/webpack:/node_modules/@angular/compiler/esm5/compiler.js:34505:48
	    at Set.forEach (<anonymous>)
	    at JitCompiler.push../node_modules/@angular/compiler/esm5/compiler.js.JitCompiler._compileComponents node_modules/@angular/compiler/esm5/compiler.js:34505:1)
	    at http://localhost:18763/_karma_webpack_/webpack:/node_modules/@angular/compiler/esm5/compiler.js:34393:1
	    at Object.then node_modules/@angular/compiler/esm5/compiler.js:475:33)
	    at JitCompiler.push../node_modules/@angular/compiler/esm5/compiler.js.JitCompiler._compileModuleAndAllComponents node_modules/@angular/compiler/esm5/compiler.js:34391:1)
	Expected undefined to be truthy.
	    at Object.<anonymous> src/app/components/topnav/topnav.component.spec.ts:23:23)
	    at ZoneDelegate../node_modules/zone.js/dist/zone.js.ZoneDelegate.invoke node_modules/zone.js/dist/zone.js:388:1)
	    at ProxyZoneSpec.push../node_modules/zone.js/dist/proxy.js.ProxyZoneSpec.onInvoke node_modules/zone.js/dist/proxy.js:128:1)
	    at ZoneDelegate../node_modules/zone.js/dist/zone.js.ZoneDelegate.invoke node_modules/zone.js/dist/zone.js:387:1)
[1A[2KChrome 67.0.3396 (Mac OS X 10.13.3) TopnavComponent should be created FAILED
	Can't bind to 'collapse' since it isn't a known property of 'div'. ("ef="#">Activity Tracker</a>
			</div>
			<div id="navbar-collapse-1" class="collapse navbar-collapse" [ERROR ->][collapse]="isCollapsed">
				<ul class="nav navbar-nav">
					<li class="active">
	"): ng:///DynamicTestModule/TopnavComponent.html@14:63
	Error: Template parse errors:
	    at syntaxError node_modules/@angular/compiler/esm5/compiler.js:486:22)
	    at TemplateParser.push../node_modules/@angular/compiler/esm5/compiler.js.TemplateParser.parse node_modules/@angular/compiler/esm5/compiler.js:24674:1)
	    at JitCompiler.push../node_modules/@angular/compiler/esm5/compiler.js.JitCompiler._parseTemplate node_modules/@angular/compiler/esm5/compiler.js:34629:1)
	    at JitCompiler.push../node_modules/@angular/compiler/esm5/compiler.js.JitCompiler._compileTemplate node_modules/@angular/compiler/esm5/compiler.js:34604:1)
	    at http://localhost:18763/_karma_webpack_/webpack:/node_modules/@angular/compiler/esm5/compiler.js:34505:48
	    at Set.forEach (<anonymous>)
	    at JitCompiler.push../node_modules/@angular/compiler/esm5/compiler.js.JitCompiler._compileComponents node_modules/@angular/compiler/esm5/compiler.js:34505:1)
	    at http://localhost:18763/_karma_webpack_/webpack:/node_modules/@angular/compiler/esm5/compiler.js:34393:1
	    at Object.then node_modules/@angular/compiler/esm5/compiler.js:475:33)
	    at JitCompiler.push../node_modules/@angular/compiler/esm5/compiler.js.JitCompiler._compileModuleAndAllComponents node_modules/@angular/compiler/esm5/compiler.js:34391:1)
	Error: Template parse errors:
	Can't bind to 'collapse' since it isn't a known property of 'div'. ("ef="#">Activity Tracker</a>
			</div>
			<div id="navbar-collapse-1" class="collapse navbar-collapse" [ERROR ->][collapse]="isCollapsed">
				<ul class="nav navbar-nav">
					<li class="active">
	"): ng:///DynamicTestModule/TopnavComponent.html@14:63
	    at syntaxError node_modules/@angular/compiler/esm5/compiler.js:486:22)
	    at TemplateParser.push../node_modules/@angular/compiler/esm5/compiler.js.TemplateParser.parse node_modules/@angular/compiler/esm5/compiler.js:24674:1)
	    at JitCompiler.push../node_modules/@angular/compiler/esm5/compiler.js.JitCompiler._parseTemplate node_modules/@angular/compiler/esm5/compiler.js:34629:1)
	    at JitCompiler.push../node_modules/@angular/compiler/esm5/compiler.js.JitCompiler._compileTemplate node_modules/@angular/compiler/esm5/compiler.js:34604:1)
	    at http://localhost:18763/_karma_webpack_/webpack:/node_modules/@angular/compiler/esm5/compiler.js:34505:48
	    at Set.forEach (<anonymous>)
	    at JitCompiler.push../node_modules/@angular/compiler/esm5/compiler.js.JitCompiler._compileComponents node_modules/@angular/compiler/esm5/compiler.js:34505:1)
	    at http://localhost:18763/_karma_webpack_/webpack:/node_modules/@angular/compiler/esm5/compiler.js:34393:1
	    at Object.then node_modules/@angular/compiler/esm5/compiler.js:475:33)
	    at JitCompiler.push../node_modules/@angular/compiler/esm5/compiler.js.JitCompiler._compileModuleAndAllComponents node_modules/@angular/compiler/esm5/compiler.js:34391:1)
	Expected undefined to be truthy.
	    at Object.<anonymous> src/app/components/topnav/topnav.component.spec.ts:23:23)
	    at ZoneDelegate../node_modules/zone.js/dist/zone.js.ZoneDelegate.invoke node_modules/zone.js/dist/zone.js:388:1)
	    at ProxyZoneSpec.push../node_modules/zone.js/dist/proxy.js.ProxyZoneSpec.onInvoke node_modules/zone.js/dist/proxy.js:128:1)
	    at ZoneDelegate../node_modules/zone.js/dist/zone.js.ZoneDelegate.invoke node_modules/zone.js/dist/zone.js:387:1)
Chrome 67.0.3396 (Mac OS X 10.13.3): Executed 8 of 14 (7 FAILED) (0 secs / 0.274 secs)
Chrome 67.0.3396 (Mac OS X 10.13.3) TopnavComponent should be created FAILED
	Can't bind to 'collapse' since it isn't a known property of 'div'. ("ef="#">Activity Tracker</a>
			</div>
			<div id="navbar-collapse-1" class="collapse navbar-collapse" [ERROR ->][collapse]="isCollapsed">
				<ul class="nav navbar-nav">
					<li class="active">
	"): ng:///DynamicTestModule/TopnavComponent.html@14:63
	Error: Template parse errors:
	    at syntaxError node_modules/@angular/compiler/esm5/compiler.js:486:22)
	    at TemplateParser.push../node_modules/@angular/compiler/esm5/compiler.js.TemplateParser.parse node_modules/@angular/compiler/esm5/compiler.js:24674:1)
	    at JitCompiler.push../node_modules/@angular/compiler/esm5/compiler.js.JitCompiler._parseTemplate node_modules/@angular/compiler/esm5/compiler.js:34629:1)
	    at JitCompiler.push../node_modules/@angular/compiler/esm5/compiler.js.JitCompiler._compileTemplate node_modules/@angular/compiler/esm5/compiler.js:34604:1)
	    at http://localhost:18763/_karma_webpack_/webpack:/node_modules/@angular/compiler/esm5/compiler.js:34505:48
	    at Set.forEach (<anonymous>)
	    at JitCompiler.push../node_modules/@angular/compiler/esm5/compiler.js.JitCompiler._compileComponents node_modules/@angular/compiler/esm5/compiler.js:34505:1)
	    at http://localhost:18763/_karma_webpack_/webpack:/node_modules/@angular/compiler/esm5/compiler.js:34393:1
	    at Object.then node_modules/@angular/compiler/esm5/compiler.js:475:33)
	    at JitCompiler.push../node_modules/@angular/compiler/esm5/compiler.js.JitCompiler._compileModuleAndAllComponents node_modules/@angular/compiler/esm5/compiler.js:34391:1)
	Error: Template parse errors:
	Can't bind to 'collapse' since it isn't a known property of 'div'. ("ef="#">Activity Tracker</a>
			</div>
			<div id="navbar-collapse-1" class="collapse navbar-collapse" [ERROR ->][collapse]="isCollapsed">
				<ul class="nav navbar-nav">
					<li class="active">
	"): ng:///DynamicTestModule/TopnavComponent.html@14:63
	    at syntaxError node_modules/@angular/compiler/esm5/compiler.js:486:22)
	    at TemplateParser.push../node_modules/@angular/compiler/esm5/compiler.js.TemplateParser.parse node_modules/@angular/compiler/esm5/compiler.js:24674:1)
	    at JitCompiler.push../node_modules/@angular/compiler/esm5/compiler.js.JitCompiler._parseTemplate node_modules/@angular/compiler/esm5/compiler.js:34629:1)
	    at JitCompiler.push../node_modules/@angular/compiler/esm5/compiler.js.JitCompiler._compileTemplate node_modules/@angular/compiler/esm5/compiler.js:34604:1)
	    at http://localhost:18763/_karma_webpack_/webpack:/node_modules/@angular/compiler/esm5/compiler.js:34505:48
	    at Set.forEach (<anonymous>)
	    at JitCompiler.push../node_modules/@angular/compiler/esm5/compiler.js.JitCompiler._compileComponents node_modules/@angular/compiler/esm5/compiler.js:34505:1)
	    at http://localhost:18763/_karma_webpack_/webpack:/node_modules/@angular/compiler/esm5/compiler.js:34393:1
	    at Object.then node_modules/@angular/compiler/esm5/compiler.js:475:33)
	    at JitCompiler.push../node_modules/@angular/compiler/esm5/compiler.js.JitCompiler._compileModuleAndAllComponents node_modules/@angular/compiler/esm5/compiler.js:34391:1)
	Expected undefined to be truthy.
	    at Object.<anonymous> src/app/components/topnav/topnav.component.spec.ts:23:23)
	    at ZoneDelegate../node_modules/zone.js/dist/zone.js.ZoneDelegate.invoke node_modules/zone.js/dist/zone.js:388:1)
	    at ProxyZoneSpec.push../node_modules/zone.js/dist/proxy.js.ProxyZoneSpec.onInvoke node_modules/zone.js/dist/proxy.js:128:1)
	    at ZoneDelegate../node_modules/zone.js/dist/zone.js.ZoneDelegate.invoke node_modules/zone.js/dist/zone.js:387:1)
Chrome 67.0.3396 (Mac OS X 10.13.3) TrackerComponent should be created FAILED
	'activity-selector' is not a known element:
	1. If 'activity-selector' is an Angular component, then verify that it is part of this module.
	2. If 'activity-selector' is a Web Component then add 'CUSTOM_ELEMENTS_SCHEMA' to the '@NgModule.schemas' of this component to suppress this message. ("
	  <div class="row">
	    <div class="col-md-12">
	      [ERROR ->]<activity-selector>
	      </activity-selector>
	    </div>
	"): ng:///DynamicTestModule/TrackerComponent.html@3:6
	'timer' is not a known element:
	1. If 'timer' is an Angular component, then verify that it is part of this module.
	2. To allow any element add 'NO_ERRORS_SCHEMA' to the '@NgModule.schemas' of this component. ("
	  <div class="row">
	    <div class="col-md-12">
	      [ERROR ->]<timer class="text-center" (onTimerStopped)="onTimerStopped($event)"></timer>
	    </div>
	  </div>
	"): ng:///DynamicTestModule/TrackerComponent.html@9:6
	'recent-activities' is not a known element:
	1. If 'recent-activities' is an Angular component, then verify that it is part of this module.
	2. If 'recent-activities' is a Web Component then add 'CUSTOM_ELEMENTS_SCHEMA' to the '@NgModule.schemas' of this component to suppress this message. ("
	</main>
	<aside class="col-md-3">
	  [ERROR ->]<recent-activities></recent-activities>
	</aside>
	"): ng:///DynamicTestModule/TrackerComponent.html@14:2
	Error: Template parse errors:
	    at syntaxError node_modules/@angular/compiler/esm5/compiler.js:486:22)
	    at TemplateParser.push../node_modules/@angular/compiler/esm5/compiler.js.TemplateParser.parse node_modules/@angular/compiler/esm5/compiler.js:24674:1)
	    at JitCompiler.push../node_modules/@angular/compiler/esm5/compiler.js.JitCompiler._parseTemplate node_modules/@angular/compiler/esm5/compiler.js:34629:1)
	    at JitCompiler.push../node_modules/@angular/compiler/esm5/compiler.js.JitCompiler._compileTemplate node_modules/@angular/compiler/esm5/compiler.js:34604:1)
	    at http://localhost:18763/_karma_webpack_/webpack:/node_modules/@angular/compiler/esm5/compiler.js:34505:48
	    at Set.forEach (<anonymous>)
	    at JitCompiler.push../node_modules/@angular/compiler/esm5/compiler.js.JitCompiler._compileComponents node_modules/@angular/compiler/esm5/compiler.js:34505:1)
	    at http://localhost:18763/_karma_webpack_/webpack:/node_modules/@angular/compiler/esm5/compiler.js:34393:1
	    at Object.then node_modules/@angular/compiler/esm5/compiler.js:475:33)
	    at JitCompiler.push../node_modules/@angular/compiler/esm5/compiler.js.JitCompiler._compileModuleAndAllComponents node_modules/@angular/compiler/esm5/compiler.js:34391:1)
	Error: Template parse errors:
	'activity-selector' is not a known element:
	1. If 'activity-selector' is an Angular component, then verify that it is part of this module.
	2. If 'activity-selector' is a Web Component then add 'CUSTOM_ELEMENTS_SCHEMA' to the '@NgModule.schemas' of this component to suppress this message. ("
	  <div class="row">
	    <div class="col-md-12">
	      [ERROR ->]<activity-selector>
	      </activity-selector>
	    </div>
	"): ng:///DynamicTestModule/TrackerComponent.html@3:6
	'timer' is not a known element:
	1. If 'timer' is an Angular component, then verify that it is part of this module.
	2. To allow any element add 'NO_ERRORS_SCHEMA' to the '@NgModule.schemas' of this component. ("
	  <div class="row">
	    <div class="col-md-12">
	      [ERROR ->]<timer class="text-center" (onTimerStopped)="onTimerStopped($event)"></timer>
	    </div>
	  </div>
	"): ng:///DynamicTestModule/TrackerComponent.html@9:6
	'recent-activities' is not a known element:
	1. If 'recent-activities' is an Angular component, then verify that it is part of this module.
	2. If 'recent-activities' is a Web Component then add 'CUSTOM_ELEMENTS_SCHEMA' to the '@NgModule.schemas' of this component to suppress this message. ("
	</main>
	<aside class="col-md-3">
	  [ERROR ->]<recent-activities></recent-activities>
	</aside>
	"): ng:///DynamicTestModule/TrackerComponent.html@14:2
	    at syntaxError node_modules/@angular/compiler/esm5/compiler.js:486:22)
	    at TemplateParser.push../node_modules/@angular/compiler/esm5/compiler.js.TemplateParser.parse node_modules/@angular/compiler/esm5/compiler.js:24674:1)
	    at JitCompiler.push../node_modules/@angular/compiler/esm5/compiler.js.JitCompiler._parseTemplate node_modules/@angular/compiler/esm5/compiler.js:34629:1)
	    at JitCompiler.push../node_modules/@angular/compiler/esm5/compiler.js.JitCompiler._compileTemplate node_modules/@angular/compiler/esm5/compiler.js:34604:1)
	    at http://localhost:18763/_karma_webpack_/webpack:/node_modules/@angular/compiler/esm5/compiler.js:34505:48
	    at Set.forEach (<anonymous>)
	    at JitCompiler.push../node_modules/@angular/compiler/esm5/compiler.js.JitCompiler._compileComponents node_modules/@angular/compiler/esm5/compiler.js:34505:1)
	    at http://localhost:18763/_karma_webpack_/webpack:/node_modules/@angular/compiler/esm5/compiler.js:34393:1
	    at Object.then node_modules/@angular/compiler/esm5/compiler.js:475:33)
	    at JitCompiler.push../node_modules/@angular/compiler/esm5/compiler.js.JitCompiler._compileModuleAndAllComponents node_modules/@angular/compiler/esm5/compiler.js:34391:1)
	Expected undefined to be truthy.
	    at Object.<anonymous> src/app/components/tracker/tracker.component.spec.ts:23:23)
	    at ZoneDelegate../node_modules/zone.js/dist/zone.js.ZoneDelegate.invoke node_modules/zone.js/dist/zone.js:388:1)
	    at ProxyZoneSpec.push../node_modules/zone.js/dist/proxy.js.ProxyZoneSpec.onInvoke node_modules/zone.js/dist/proxy.js:128:1)
	    at ZoneDelegate../node_modules/zone.js/dist/zone.js.ZoneDelegate.invoke node_modules/zone.js/dist/zone.js:387:1)
[1A[2KChrome 67.0.3396 (Mac OS X 10.13.3) TrackerComponent should be created FAILED
	'activity-selector' is not a known element:
	1. If 'activity-selector' is an Angular component, then verify that it is part of this module.
	2. If 'activity-selector' is a Web Component then add 'CUSTOM_ELEMENTS_SCHEMA' to the '@NgModule.schemas' of this component to suppress this message. ("
	  <div class="row">
	    <div class="col-md-12">
	      [ERROR ->]<activity-selector>
	      </activity-selector>
	    </div>
	"): ng:///DynamicTestModule/TrackerComponent.html@3:6
	'timer' is not a known element:
	1. If 'timer' is an Angular component, then verify that it is part of this module.
	2. To allow any element add 'NO_ERRORS_SCHEMA' to the '@NgModule.schemas' of this component. ("
	  <div class="row">
	    <div class="col-md-12">
	      [ERROR ->]<timer class="text-center" (onTimerStopped)="onTimerStopped($event)"></timer>
	    </div>
	  </div>
	"): ng:///DynamicTestModule/TrackerComponent.html@9:6
	'recent-activities' is not a known element:
	1. If 'recent-activities' is an Angular component, then verify that it is part of this module.
	2. If 'recent-activities' is a Web Component then add 'CUSTOM_ELEMENTS_SCHEMA' to the '@NgModule.schemas' of this component to suppress this message. ("
	</main>
	<aside class="col-md-3">
	  [ERROR ->]<recent-activities></recent-activities>
	</aside>
	"): ng:///DynamicTestModule/TrackerComponent.html@14:2
	Error: Template parse errors:
	    at syntaxError node_modules/@angular/compiler/esm5/compiler.js:486:22)
	    at TemplateParser.push../node_modules/@angular/compiler/esm5/compiler.js.TemplateParser.parse node_modules/@angular/compiler/esm5/compiler.js:24674:1)
	    at JitCompiler.push../node_modules/@angular/compiler/esm5/compiler.js.JitCompiler._parseTemplate node_modules/@angular/compiler/esm5/compiler.js:34629:1)
	    at JitCompiler.push../node_modules/@angular/compiler/esm5/compiler.js.JitCompiler._compileTemplate node_modules/@angular/compiler/esm5/compiler.js:34604:1)
	    at http://localhost:18763/_karma_webpack_/webpack:/node_modules/@angular/compiler/esm5/compiler.js:34505:48
	    at Set.forEach (<anonymous>)
	    at JitCompiler.push../node_modules/@angular/compiler/esm5/compiler.js.JitCompiler._compileComponents node_modules/@angular/compiler/esm5/compiler.js:34505:1)
	    at http://localhost:18763/_karma_webpack_/webpack:/node_modules/@angular/compiler/esm5/compiler.js:34393:1
	    at Object.then node_modules/@angular/compiler/esm5/compiler.js:475:33)
	    at JitCompiler.push../node_modules/@angular/compiler/esm5/compiler.js.JitCompiler._compileModuleAndAllComponents node_modules/@angular/compiler/esm5/compiler.js:34391:1)
	Error: Template parse errors:
	'activity-selector' is not a known element:
	1. If 'activity-selector' is an Angular component, then verify that it is part of this module.
	2. If 'activity-selector' is a Web Component then add 'CUSTOM_ELEMENTS_SCHEMA' to the '@NgModule.schemas' of this component to suppress this message. ("
	  <div class="row">
	    <div class="col-md-12">
	      [ERROR ->]<activity-selector>
	      </activity-selector>
	    </div>
	"): ng:///DynamicTestModule/TrackerComponent.html@3:6
	'timer' is not a known element:
	1. If 'timer' is an Angular component, then verify that it is part of this module.
	2. To allow any element add 'NO_ERRORS_SCHEMA' to the '@NgModule.schemas' of this component. ("
	  <div class="row">
	    <div class="col-md-12">
	      [ERROR ->]<timer class="text-center" (onTimerStopped)="onTimerStopped($event)"></timer>
	    </div>
	  </div>
	"): ng:///DynamicTestModule/TrackerComponent.html@9:6
	'recent-activities' is not a known element:
	1. If 'recent-activities' is an Angular component, then verify that it is part of this module.
	2. If 'recent-activities' is a Web Component then add 'CUSTOM_ELEMENTS_SCHEMA' to the '@NgModule.schemas' of this component to suppress this message. ("
	</main>
	<aside class="col-md-3">
	  [ERROR ->]<recent-activities></recent-activities>
	</aside>
	"): ng:///DynamicTestModule/TrackerComponent.html@14:2
	    at syntaxError node_modules/@angular/compiler/esm5/compiler.js:486:22)
	    at TemplateParser.push../node_modules/@angular/compiler/esm5/compiler.js.TemplateParser.parse node_modules/@angular/compiler/esm5/compiler.js:24674:1)
	    at JitCompiler.push../node_modules/@angular/compiler/esm5/compiler.js.JitCompiler._parseTemplate node_modules/@angular/compiler/esm5/compiler.js:34629:1)
	    at JitCompiler.push../node_modules/@angular/compiler/esm5/compiler.js.JitCompiler._compileTemplate node_modules/@angular/compiler/esm5/compiler.js:34604:1)
	    at http://localhost:18763/_karma_webpack_/webpack:/node_modules/@angular/compiler/esm5/compiler.js:34505:48
	    at Set.forEach (<anonymous>)
	    at JitCompiler.push../node_modules/@angular/compiler/esm5/compiler.js.JitCompiler._compileComponents node_modules/@angular/compiler/esm5/compiler.js:34505:1)
	    at http://localhost:18763/_karma_webpack_/webpack:/node_modules/@angular/compiler/esm5/compiler.js:34393:1
	    at Object.then node_modules/@angular/compiler/esm5/compiler.js:475:33)
	    at JitCompiler.push../node_modules/@angular/compiler/esm5/compiler.js.JitCompiler._compileModuleAndAllComponents node_modules/@angular/compiler/esm5/compiler.js:34391:1)
	Expected undefined to be truthy.
	    at Object.<anonymous> src/app/components/tracker/tracker.component.spec.ts:23:23)
	    at ZoneDelegate../node_modules/zone.js/dist/zone.js.ZoneDelegate.invoke node_modules/zone.js/dist/zone.js:388:1)
	    at ProxyZoneSpec.push../node_modules/zone.js/dist/proxy.js.ProxyZoneSpec.onInvoke node_modules/zone.js/dist/proxy.js:128:1)
	    at ZoneDelegate../node_modules/zone.js/dist/zone.js.ZoneDelegate.invoke node_modules/zone.js/dist/zone.js:387:1)
Chrome 67.0.3396 (Mac OS X 10.13.3): Executed 9 of 14 (8 FAILED) (0 secs / 0.285 secs)
Chrome 67.0.3396 (Mac OS X 10.13.3) TrackerComponent should be created FAILED
	'activity-selector' is not a known element:
	1. If 'activity-selector' is an Angular component, then verify that it is part of this module.
	2. If 'activity-selector' is a Web Component then add 'CUSTOM_ELEMENTS_SCHEMA' to the '@NgModule.schemas' of this component to suppress this message. ("
	  <div class="row">
	    <div class="col-md-12">
	      [ERROR ->]<activity-selector>
	      </activity-selector>
	    </div>
	"): ng:///DynamicTestModule/TrackerComponent.html@3:6
	'timer' is not a known element:
	1. If 'timer' is an Angular component, then verify that it is part of this module.
	2. To allow any element add 'NO_ERRORS_SCHEMA' to the '@NgModule.schemas' of this component. ("
	  <div class="row">
	    <div class="col-md-12">
	      [ERROR ->]<timer class="text-center" (onTimerStopped)="onTimerStopped($event)"></timer>
	    </div>
	  </div>
	"): ng:///DynamicTestModule/TrackerComponent.html@9:6
	'recent-activities' is not a known element:
	1. If 'recent-activities' is an Angular component, then verify that it is part of this module.
	2. If 'recent-activities' is a Web Component then add 'CUSTOM_ELEMENTS_SCHEMA' to the '@NgModule.schemas' of this component to suppress this message. ("
	</main>
	<aside class="col-md-3">
	  [ERROR ->]<recent-activities></recent-activities>
	</aside>
	"): ng:///DynamicTestModule/TrackerComponent.html@14:2
	Error: Template parse errors:
	    at syntaxError node_modules/@angular/compiler/esm5/compiler.js:486:22)
	    at TemplateParser.push../node_modules/@angular/compiler/esm5/compiler.js.TemplateParser.parse node_modules/@angular/compiler/esm5/compiler.js:24674:1)
	    at JitCompiler.push../node_modules/@angular/compiler/esm5/compiler.js.JitCompiler._parseTemplate node_modules/@angular/compiler/esm5/compiler.js:34629:1)
	    at JitCompiler.push../node_modules/@angular/compiler/esm5/compiler.js.JitCompiler._compileTemplate node_modules/@angular/compiler/esm5/compiler.js:34604:1)
	    at http://localhost:18763/_karma_webpack_/webpack:/node_modules/@angular/compiler/esm5/compiler.js:34505:48
	    at Set.forEach (<anonymous>)
	    at JitCompiler.push../node_modules/@angular/compiler/esm5/compiler.js.JitCompiler._compileComponents node_modules/@angular/compiler/esm5/compiler.js:34505:1)
	    at http://localhost:18763/_karma_webpack_/webpack:/node_modules/@angular/compiler/esm5/compiler.js:34393:1
	    at Object.then node_modules/@angular/compiler/esm5/compiler.js:475:33)
	    at JitCompiler.push../node_modules/@angular/compiler/esm5/compiler.js.JitCompiler._compileModuleAndAllComponents node_modules/@angular/compiler/esm5/compiler.js:34391:1)
	Error: Template parse errors:
	'activity-selector' is not a known element:
	1. If 'activity-selector' is an Angular component, then verify that it is part of this module.
	2. If 'activity-selector' is a Web Component then add 'CUSTOM_ELEMENTS_SCHEMA' to the '@NgModule.schemas' of this component to suppress this message. ("
	  <div class="row">
	    <div class="col-md-12">
	      [ERROR ->]<activity-selector>
	      </activity-selector>
	    </div>
	"): ng:///DynamicTestModule/TrackerComponent.html@3:6
	'timer' is not a known element:
	1. If 'timer' is an Angular component, then verify that it is part of this module.
	2. To allow any element add 'NO_ERRORS_SCHEMA' to the '@NgModule.schemas' of this component. ("
	  <div class="row">
	    <div class="col-md-12">
	      [ERROR ->]<timer class="text-center" (onTimerStopped)="onTimerStopped($event)"></timer>
	    </div>
	  </div>
	"): ng:///DynamicTestModule/TrackerComponent.html@9:6
	'recent-activities' is not a known element:
	1. If 'recent-activities' is an Angular component, then verify that it is part of this module.
	2. If 'recent-activities' is a Web Component then add 'CUSTOM_ELEMENTS_SCHEMA' to the '@NgModule.schemas' of this component to suppress this message. ("
	</main>
	<aside class="col-md-3">
	  [ERROR ->]<recent-activities></recent-activities>
	</aside>
	"): ng:///DynamicTestModule/TrackerComponent.html@14:2
	    at syntaxError node_modules/@angular/compiler/esm5/compiler.js:486:22)
	    at TemplateParser.push../node_modules/@angular/compiler/esm5/compiler.js.TemplateParser.parse node_modules/@angular/compiler/esm5/compiler.js:24674:1)
	    at JitCompiler.push../node_modules/@angular/compiler/esm5/compiler.js.JitCompiler._parseTemplate node_modules/@angular/compiler/esm5/compiler.js:34629:1)
	    at JitCompiler.push../node_modules/@angular/compiler/esm5/compiler.js.JitCompiler._compileTemplate node_modules/@angular/compiler/esm5/compiler.js:34604:1)
	    at http://localhost:18763/_karma_webpack_/webpack:/node_modules/@angular/compiler/esm5/compiler.js:34505:48
	    at Set.forEach (<anonymous>)
	    at JitCompiler.push../node_modules/@angular/compiler/esm5/compiler.js.JitCompiler._compileComponents node_modules/@angular/compiler/esm5/compiler.js:34505:1)
	    at http://localhost:18763/_karma_webpack_/webpack:/node_modules/@angular/compiler/esm5/compiler.js:34393:1
	    at Object.then node_modules/@angular/compiler/esm5/compiler.js:475:33)
	    at JitCompiler.push../node_modules/@angular/compiler/esm5/compiler.js.JitCompiler._compileModuleAndAllComponents node_modules/@angular/compiler/esm5/compiler.js:34391:1)
	Expected undefined to be truthy.
	    at Object.<anonymous> src/app/components/tracker/tracker.component.spec.ts:23:23)
	    at ZoneDelegate../node_modules/zone.js/dist/zone.js.ZoneDelegate.invoke node_modules/zone.js/dist/zone.js:388:1)
	    at ProxyZoneSpec.push../node_modules/zone.js/dist/proxy.js.ProxyZoneSpec.onInvoke node_modules/zone.js/dist/proxy.js:128:1)
	    at ZoneDelegate../node_modules/zone.js/dist/zone.js.ZoneDelegate.invoke node_modules/zone.js/dist/zone.js:387:1)
Chrome 67.0.3396 (Mac OS X 10.13.3) UserLoginComponent should create FAILED
	Can't bind to 'ngModel' since it isn't a known property of 'input'. (">
	  <div class="form-group">
	    <input name="username" class="form-control" placeholder="Username" [ERROR ->][(ngModel)]="data.username">
	  </div>
	  <div class="form-group">
	"): ng:///DynamicTestModule/UserLoginComponent.html@2:71
	Can't bind to 'ngModel' since it isn't a known property of 'input'. ("form-group">
	    <input name="password" type="password" placeholder="Password" class="form-control" [ERROR ->][(ngModel)]="data.password">
	  </div>
	  <button class="btn btn-primary center-block" [mat-dialog-clos"): ng:///DynamicTestModule/UserLoginComponent.html@5:87
	Can't bind to 'mat-dialog-close' since it isn't a known property of 'button'. (""form-control" [(ngModel)]="data.password">
	  </div>
	  <button class="btn btn-primary center-block" [ERROR ->][mat-dialog-close]="data">Login</button>
	</form>"): ng:///DynamicTestModule/UserLoginComponent.html@7:47
	Error: Template parse errors:
	    at syntaxError node_modules/@angular/compiler/esm5/compiler.js:486:22)
	    at TemplateParser.push../node_modules/@angular/compiler/esm5/compiler.js.TemplateParser.parse node_modules/@angular/compiler/esm5/compiler.js:24674:1)
	    at JitCompiler.push../node_modules/@angular/compiler/esm5/compiler.js.JitCompiler._parseTemplate node_modules/@angular/compiler/esm5/compiler.js:34629:1)
	    at JitCompiler.push../node_modules/@angular/compiler/esm5/compiler.js.JitCompiler._compileTemplate node_modules/@angular/compiler/esm5/compiler.js:34604:1)
	    at http://localhost:18763/_karma_webpack_/webpack:/node_modules/@angular/compiler/esm5/compiler.js:34505:48
	    at Set.forEach (<anonymous>)
	    at JitCompiler.push../node_modules/@angular/compiler/esm5/compiler.js.JitCompiler._compileComponents node_modules/@angular/compiler/esm5/compiler.js:34505:1)
	    at http://localhost:18763/_karma_webpack_/webpack:/node_modules/@angular/compiler/esm5/compiler.js:34393:1
	    at Object.then node_modules/@angular/compiler/esm5/compiler.js:475:33)
	    at JitCompiler.push../node_modules/@angular/compiler/esm5/compiler.js.JitCompiler._compileModuleAndAllComponents node_modules/@angular/compiler/esm5/compiler.js:34391:1)
	Error: Template parse errors:
	Can't bind to 'ngModel' since it isn't a known property of 'input'. (">
	  <div class="form-group">
	    <input name="username" class="form-control" placeholder="Username" [ERROR ->][(ngModel)]="data.username">
	  </div>
	  <div class="form-group">
	"): ng:///DynamicTestModule/UserLoginComponent.html@2:71
	Can't bind to 'ngModel' since it isn't a known property of 'input'. ("form-group">
	    <input name="password" type="password" placeholder="Password" class="form-control" [ERROR ->][(ngModel)]="data.password">
	  </div>
	  <button class="btn btn-primary center-block" [mat-dialog-clos"): ng:///DynamicTestModule/UserLoginComponent.html@5:87
	Can't bind to 'mat-dialog-close' since it isn't a known property of 'button'. (""form-control" [(ngModel)]="data.password">
	  </div>
	  <button class="btn btn-primary center-block" [ERROR ->][mat-dialog-close]="data">Login</button>
	</form>"): ng:///DynamicTestModule/UserLoginComponent.html@7:47
	    at syntaxError node_modules/@angular/compiler/esm5/compiler.js:486:22)
	    at TemplateParser.push../node_modules/@angular/compiler/esm5/compiler.js.TemplateParser.parse node_modules/@angular/compiler/esm5/compiler.js:24674:1)
	    at JitCompiler.push../node_modules/@angular/compiler/esm5/compiler.js.JitCompiler._parseTemplate node_modules/@angular/compiler/esm5/compiler.js:34629:1)
	    at JitCompiler.push../node_modules/@angular/compiler/esm5/compiler.js.JitCompiler._compileTemplate node_modules/@angular/compiler/esm5/compiler.js:34604:1)
	    at http://localhost:18763/_karma_webpack_/webpack:/node_modules/@angular/compiler/esm5/compiler.js:34505:48
	    at Set.forEach (<anonymous>)
	    at JitCompiler.push../node_modules/@angular/compiler/esm5/compiler.js.JitCompiler._compileComponents node_modules/@angular/compiler/esm5/compiler.js:34505:1)
	    at http://localhost:18763/_karma_webpack_/webpack:/node_modules/@angular/compiler/esm5/compiler.js:34393:1
	    at Object.then node_modules/@angular/compiler/esm5/compiler.js:475:33)
	    at JitCompiler.push../node_modules/@angular/compiler/esm5/compiler.js.JitCompiler._compileModuleAndAllComponents node_modules/@angular/compiler/esm5/compiler.js:34391:1)
	Expected undefined to be truthy.
	    at Object.<anonymous> src/app/components/user-login/user-login.component.spec.ts:23:23)
	    at ZoneDelegate../node_modules/zone.js/dist/zone.js.ZoneDelegate.invoke node_modules/zone.js/dist/zone.js:388:1)
	    at ProxyZoneSpec.push../node_modules/zone.js/dist/proxy.js.ProxyZoneSpec.onInvoke node_modules/zone.js/dist/proxy.js:128:1)
	    at ZoneDelegate../node_modules/zone.js/dist/zone.js.ZoneDelegate.invoke node_modules/zone.js/dist/zone.js:387:1)
[1A[2KChrome 67.0.3396 (Mac OS X 10.13.3) UserLoginComponent should create FAILED
	Can't bind to 'ngModel' since it isn't a known property of 'input'. (">
	  <div class="form-group">
	    <input name="username" class="form-control" placeholder="Username" [ERROR ->][(ngModel)]="data.username">
	  </div>
	  <div class="form-group">
	"): ng:///DynamicTestModule/UserLoginComponent.html@2:71
	Can't bind to 'ngModel' since it isn't a known property of 'input'. ("form-group">
	    <input name="password" type="password" placeholder="Password" class="form-control" [ERROR ->][(ngModel)]="data.password">
	  </div>
	  <button class="btn btn-primary center-block" [mat-dialog-clos"): ng:///DynamicTestModule/UserLoginComponent.html@5:87
	Can't bind to 'mat-dialog-close' since it isn't a known property of 'button'. (""form-control" [(ngModel)]="data.password">
	  </div>
	  <button class="btn btn-primary center-block" [ERROR ->][mat-dialog-close]="data">Login</button>
	</form>"): ng:///DynamicTestModule/UserLoginComponent.html@7:47
	Error: Template parse errors:
	    at syntaxError node_modules/@angular/compiler/esm5/compiler.js:486:22)
	    at TemplateParser.push../node_modules/@angular/compiler/esm5/compiler.js.TemplateParser.parse node_modules/@angular/compiler/esm5/compiler.js:24674:1)
	    at JitCompiler.push../node_modules/@angular/compiler/esm5/compiler.js.JitCompiler._parseTemplate node_modules/@angular/compiler/esm5/compiler.js:34629:1)
	    at JitCompiler.push../node_modules/@angular/compiler/esm5/compiler.js.JitCompiler._compileTemplate node_modules/@angular/compiler/esm5/compiler.js:34604:1)
	    at http://localhost:18763/_karma_webpack_/webpack:/node_modules/@angular/compiler/esm5/compiler.js:34505:48
	    at Set.forEach (<anonymous>)
	    at JitCompiler.push../node_modules/@angular/compiler/esm5/compiler.js.JitCompiler._compileComponents node_modules/@angular/compiler/esm5/compiler.js:34505:1)
	    at http://localhost:18763/_karma_webpack_/webpack:/node_modules/@angular/compiler/esm5/compiler.js:34393:1
	    at Object.then node_modules/@angular/compiler/esm5/compiler.js:475:33)
	    at JitCompiler.push../node_modules/@angular/compiler/esm5/compiler.js.JitCompiler._compileModuleAndAllComponents node_modules/@angular/compiler/esm5/compiler.js:34391:1)
	Error: Template parse errors:
	Can't bind to 'ngModel' since it isn't a known property of 'input'. (">
	  <div class="form-group">
	    <input name="username" class="form-control" placeholder="Username" [ERROR ->][(ngModel)]="data.username">
	  </div>
	  <div class="form-group">
	"): ng:///DynamicTestModule/UserLoginComponent.html@2:71
	Can't bind to 'ngModel' since it isn't a known property of 'input'. ("form-group">
	    <input name="password" type="password" placeholder="Password" class="form-control" [ERROR ->][(ngModel)]="data.password">
	  </div>
	  <button class="btn btn-primary center-block" [mat-dialog-clos"): ng:///DynamicTestModule/UserLoginComponent.html@5:87
	Can't bind to 'mat-dialog-close' since it isn't a known property of 'button'. (""form-control" [(ngModel)]="data.password">
	  </div>
	  <button class="btn btn-primary center-block" [ERROR ->][mat-dialog-close]="data">Login</button>
	</form>"): ng:///DynamicTestModule/UserLoginComponent.html@7:47
	    at syntaxError node_modules/@angular/compiler/esm5/compiler.js:486:22)
	    at TemplateParser.push../node_modules/@angular/compiler/esm5/compiler.js.TemplateParser.parse node_modules/@angular/compiler/esm5/compiler.js:24674:1)
	    at JitCompiler.push../node_modules/@angular/compiler/esm5/compiler.js.JitCompiler._parseTemplate node_modules/@angular/compiler/esm5/compiler.js:34629:1)
	    at JitCompiler.push../node_modules/@angular/compiler/esm5/compiler.js.JitCompiler._compileTemplate node_modules/@angular/compiler/esm5/compiler.js:34604:1)
	    at http://localhost:18763/_karma_webpack_/webpack:/node_modules/@angular/compiler/esm5/compiler.js:34505:48
	    at Set.forEach (<anonymous>)
	    at JitCompiler.push../node_modules/@angular/compiler/esm5/compiler.js.JitCompiler._compileComponents node_modules/@angular/compiler/esm5/compiler.js:34505:1)
	    at http://localhost:18763/_karma_webpack_/webpack:/node_modules/@angular/compiler/esm5/compiler.js:34393:1
	    at Object.then node_modules/@angular/compiler/esm5/compiler.js:475:33)
	    at JitCompiler.push../node_modules/@angular/compiler/esm5/compiler.js.JitCompiler._compileModuleAndAllComponents node_modules/@angular/compiler/esm5/compiler.js:34391:1)
	Expected undefined to be truthy.
	    at Object.<anonymous> src/app/components/user-login/user-login.component.spec.ts:23:23)
	    at ZoneDelegate../node_modules/zone.js/dist/zone.js.ZoneDelegate.invoke node_modules/zone.js/dist/zone.js:388:1)
	    at ProxyZoneSpec.push../node_modules/zone.js/dist/proxy.js.ProxyZoneSpec.onInvoke node_modules/zone.js/dist/proxy.js:128:1)
	    at ZoneDelegate../node_modules/zone.js/dist/zone.js.ZoneDelegate.invoke node_modules/zone.js/dist/zone.js:387:1)
Chrome 67.0.3396 (Mac OS X 10.13.3): Executed 10 of 14 (9 FAILED) (0 secs / 0.295 secs)
Chrome 67.0.3396 (Mac OS X 10.13.3) UserLoginComponent should create FAILED
	Can't bind to 'ngModel' since it isn't a known property of 'input'. (">
	  <div class="form-group">
	    <input name="username" class="form-control" placeholder="Username" [ERROR ->][(ngModel)]="data.username">
	  </div>
	  <div class="form-group">
	"): ng:///DynamicTestModule/UserLoginComponent.html@2:71
	Can't bind to 'ngModel' since it isn't a known property of 'input'. ("form-group">
	    <input name="password" type="password" placeholder="Password" class="form-control" [ERROR ->][(ngModel)]="data.password">
	  </div>
	  <button class="btn btn-primary center-block" [mat-dialog-clos"): ng:///DynamicTestModule/UserLoginComponent.html@5:87
	Can't bind to 'mat-dialog-close' since it isn't a known property of 'button'. (""form-control" [(ngModel)]="data.password">
	  </div>
	  <button class="btn btn-primary center-block" [ERROR ->][mat-dialog-close]="data">Login</button>
	</form>"): ng:///DynamicTestModule/UserLoginComponent.html@7:47
	Error: Template parse errors:
	    at syntaxError node_modules/@angular/compiler/esm5/compiler.js:486:22)
	    at TemplateParser.push../node_modules/@angular/compiler/esm5/compiler.js.TemplateParser.parse node_modules/@angular/compiler/esm5/compiler.js:24674:1)
	    at JitCompiler.push../node_modules/@angular/compiler/esm5/compiler.js.JitCompiler._parseTemplate node_modules/@angular/compiler/esm5/compiler.js:34629:1)
	    at JitCompiler.push../node_modules/@angular/compiler/esm5/compiler.js.JitCompiler._compileTemplate node_modules/@angular/compiler/esm5/compiler.js:34604:1)
	    at http://localhost:18763/_karma_webpack_/webpack:/node_modules/@angular/compiler/esm5/compiler.js:34505:48
	    at Set.forEach (<anonymous>)
	    at JitCompiler.push../node_modules/@angular/compiler/esm5/compiler.js.JitCompiler._compileComponents node_modules/@angular/compiler/esm5/compiler.js:34505:1)
	    at http://localhost:18763/_karma_webpack_/webpack:/node_modules/@angular/compiler/esm5/compiler.js:34393:1
	    at Object.then node_modules/@angular/compiler/esm5/compiler.js:475:33)
	    at JitCompiler.push../node_modules/@angular/compiler/esm5/compiler.js.JitCompiler._compileModuleAndAllComponents node_modules/@angular/compiler/esm5/compiler.js:34391:1)
	Error: Template parse errors:
	Can't bind to 'ngModel' since it isn't a known property of 'input'. (">
	  <div class="form-group">
	    <input name="username" class="form-control" placeholder="Username" [ERROR ->][(ngModel)]="data.username">
	  </div>
	  <div class="form-group">
	"): ng:///DynamicTestModule/UserLoginComponent.html@2:71
	Can't bind to 'ngModel' since it isn't a known property of 'input'. ("form-group">
	    <input name="password" type="password" placeholder="Password" class="form-control" [ERROR ->][(ngModel)]="data.password">
	  </div>
	  <button class="btn btn-primary center-block" [mat-dialog-clos"): ng:///DynamicTestModule/UserLoginComponent.html@5:87
	Can't bind to 'mat-dialog-close' since it isn't a known property of 'button'. (""form-control" [(ngModel)]="data.password">
	  </div>
	  <button class="btn btn-primary center-block" [ERROR ->][mat-dialog-close]="data">Login</button>
	</form>"): ng:///DynamicTestModule/UserLoginComponent.html@7:47
	    at syntaxError node_modules/@angular/compiler/esm5/compiler.js:486:22)
	    at TemplateParser.push../node_modules/@angular/compiler/esm5/compiler.js.TemplateParser.parse node_modules/@angular/compiler/esm5/compiler.js:24674:1)
	    at JitCompiler.push../node_modules/@angular/compiler/esm5/compiler.js.JitCompiler._parseTemplate node_modules/@angular/compiler/esm5/compiler.js:34629:1)
	    at JitCompiler.push../node_modules/@angular/compiler/esm5/compiler.js.JitCompiler._compileTemplate node_modules/@angular/compiler/esm5/compiler.js:34604:1)
	    at http://localhost:18763/_karma_webpack_/webpack:/node_modules/@angular/compiler/esm5/compiler.js:34505:48
	    at Set.forEach (<anonymous>)
	    at JitCompiler.push../node_modules/@angular/compiler/esm5/compiler.js.JitCompiler._compileComponents node_modules/@angular/compiler/esm5/compiler.js:34505:1)
	    at http://localhost:18763/_karma_webpack_/webpack:/node_modules/@angular/compiler/esm5/compiler.js:34393:1
	    at Object.then node_modules/@angular/compiler/esm5/compiler.js:475:33)
	    at JitCompiler.push../node_modules/@angular/compiler/esm5/compiler.js.JitCompiler._compileModuleAndAllComponents node_modules/@angular/compiler/esm5/compiler.js:34391:1)
	Expected undefined to be truthy.
	    at Object.<anonymous> src/app/components/user-login/user-login.component.spec.ts:23:23)
	    at ZoneDelegate../node_modules/zone.js/dist/zone.js.ZoneDelegate.invoke node_modules/zone.js/dist/zone.js:388:1)
	    at ProxyZoneSpec.push../node_modules/zone.js/dist/proxy.js.ProxyZoneSpec.onInvoke node_modules/zone.js/dist/proxy.js:128:1)
	    at ZoneDelegate../node_modules/zone.js/dist/zone.js.ZoneDelegate.invoke node_modules/zone.js/dist/zone.js:387:1)
Chrome 67.0.3396 (Mac OS X 10.13.3) ActivityService should be created FAILED
	Error: StaticInjectorError(DynamicTestModule)[ActivityService -> HttpClient]: 
	  StaticInjectorError(Platform: core)[ActivityService -> HttpClient]: 
	    NullInjectorError: No provider for HttpClient!
	    at _NullInjector.push../node_modules/@angular/core/esm5/core.js._NullInjector.get node_modules/@angular/core/esm5/core.js:1003:1)
	    at resolveToken node_modules/@angular/core/esm5/core.js:1301:1)
	    at tryResolveToken node_modules/@angular/core/esm5/core.js:1243:1)
	    at StaticInjector.push../node_modules/@angular/core/esm5/core.js.StaticInjector.get node_modules/@angular/core/esm5/core.js:1111:1)
	    at resolveToken node_modules/@angular/core/esm5/core.js:1301:1)
	    at tryResolveToken node_modules/@angular/core/esm5/core.js:1243:1)
	    at StaticInjector.push../node_modules/@angular/core/esm5/core.js.StaticInjector.get node_modules/@angular/core/esm5/core.js:1111:1)
	    at resolveNgModuleDep node_modules/@angular/core/esm5/core.js:10896:1)
	    at _createClass node_modules/@angular/core/esm5/core.js:10935:1)
	    at _createProviderInstance$1 node_modules/@angular/core/esm5/core.js:10907:1)
[1A[2KChrome 67.0.3396 (Mac OS X 10.13.3) ActivityService should be created FAILED
	Error: StaticInjectorError(DynamicTestModule)[ActivityService -> HttpClient]: 
	  StaticInjectorError(Platform: core)[ActivityService -> HttpClient]: 
	    NullInjectorError: No provider for HttpClient!
	    at _NullInjector.push../node_modules/@angular/core/esm5/core.js._NullInjector.get node_modules/@angular/core/esm5/core.js:1003:1)
	    at resolveToken node_modules/@angular/core/esm5/core.js:1301:1)
	    at tryResolveToken node_modules/@angular/core/esm5/core.js:1243:1)
	    at StaticInjector.push../node_modules/@angular/core/esm5/core.js.StaticInjector.get node_modules/@angular/core/esm5/core.js:1111:1)
	    at resolveToken node_modules/@angular/core/esm5/core.js:1301:1)
	    at tryResolveToken node_modules/@angular/core/esm5/core.js:1243:1)
	    at StaticInjector.push../node_modules/@angular/core/esm5/core.js.StaticInjector.get node_modules/@angular/core/esm5/core.js:1111:1)
	    at resolveNgModuleDep node_modules/@angular/core/esm5/core.js:10896:1)
	    at _createClass node_modules/@angular/core/esm5/core.js:10935:1)
	    at _createProviderInstance$1 node_modules/@angular/core/esm5/core.js:10907:1)
Chrome 67.0.3396 (Mac OS X 10.13.3): Executed 11 of 14 (10 FAILED) (0 secs / 0.299 secs)
Chrome 67.0.3396 (Mac OS X 10.13.3) ActivityService should be created FAILED
	Error: StaticInjectorError(DynamicTestModule)[ActivityService -> HttpClient]: 
	  StaticInjectorError(Platform: core)[ActivityService -> HttpClient]: 
	    NullInjectorError: No provider for HttpClient!
	    at _NullInjector.push../node_modules/@angular/core/esm5/core.js._NullInjector.get node_modules/@angular/core/esm5/core.js:1003:1)
	    at resolveToken node_modules/@angular/core/esm5/core.js:1301:1)
	    at tryResolveToken node_modules/@angular/core/esm5/core.js:1243:1)
	    at StaticInjector.push../node_modules/@angular/core/esm5/core.js.StaticInjector.get node_modules/@angular/core/esm5/core.js:1111:1)
	    at resolveToken node_modules/@angular/core/esm5/core.js:1301:1)
	    at tryResolveToken node_modules/@angular/core/esm5/core.js:1243:1)
	    at StaticInjector.push../node_modules/@angular/core/esm5/core.js.StaticInjector.get node_modules/@angular/core/esm5/core.js:1111:1)
	    at resolveNgModuleDep node_modules/@angular/core/esm5/core.js:10896:1)
	    at _createClass node_modules/@angular/core/esm5/core.js:10935:1)
	    at _createProviderInstance$1 node_modules/@angular/core/esm5/core.js:10907:1)
Chrome 67.0.3396 (Mac OS X 10.13.3) RecentActivitiesService should be created FAILED
	Error: StaticInjectorError(DynamicTestModule)[RecentActivitiesService -> HttpClient]: 
	  StaticInjectorError(Platform: core)[RecentActivitiesService -> HttpClient]: 
	    NullInjectorError: No provider for HttpClient!
	    at _NullInjector.push../node_modules/@angular/core/esm5/core.js._NullInjector.get node_modules/@angular/core/esm5/core.js:1003:1)
	    at resolveToken node_modules/@angular/core/esm5/core.js:1301:1)
	    at tryResolveToken node_modules/@angular/core/esm5/core.js:1243:1)
	    at StaticInjector.push../node_modules/@angular/core/esm5/core.js.StaticInjector.get node_modules/@angular/core/esm5/core.js:1111:1)
	    at resolveToken node_modules/@angular/core/esm5/core.js:1301:1)
	    at tryResolveToken node_modules/@angular/core/esm5/core.js:1243:1)
	    at StaticInjector.push../node_modules/@angular/core/esm5/core.js.StaticInjector.get node_modules/@angular/core/esm5/core.js:1111:1)
	    at resolveNgModuleDep node_modules/@angular/core/esm5/core.js:10896:1)
	    at _createClass node_modules/@angular/core/esm5/core.js:10935:1)
	    at _createProviderInstance$1 node_modules/@angular/core/esm5/core.js:10907:1)
[1A[2KChrome 67.0.3396 (Mac OS X 10.13.3) RecentActivitiesService should be created FAILED
	Error: StaticInjectorError(DynamicTestModule)[RecentActivitiesService -> HttpClient]: 
	  StaticInjectorError(Platform: core)[RecentActivitiesService -> HttpClient]: 
	    NullInjectorError: No provider for HttpClient!
	    at _NullInjector.push../node_modules/@angular/core/esm5/core.js._NullInjector.get node_modules/@angular/core/esm5/core.js:1003:1)
	    at resolveToken node_modules/@angular/core/esm5/core.js:1301:1)
	    at tryResolveToken node_modules/@angular/core/esm5/core.js:1243:1)
	    at StaticInjector.push../node_modules/@angular/core/esm5/core.js.StaticInjector.get node_modules/@angular/core/esm5/core.js:1111:1)
	    at resolveToken node_modules/@angular/core/esm5/core.js:1301:1)
	    at tryResolveToken node_modules/@angular/core/esm5/core.js:1243:1)
	    at StaticInjector.push../node_modules/@angular/core/esm5/core.js.StaticInjector.get node_modules/@angular/core/esm5/core.js:1111:1)
	    at resolveNgModuleDep node_modules/@angular/core/esm5/core.js:10896:1)
	    at _createClass node_modules/@angular/core/esm5/core.js:10935:1)
	    at _createProviderInstance$1 node_modules/@angular/core/esm5/core.js:10907:1)
Chrome 67.0.3396 (Mac OS X 10.13.3): Executed 12 of 14 (11 FAILED) (0 secs / 0.305 secs)
Chrome 67.0.3396 (Mac OS X 10.13.3) RecentActivitiesService should be created FAILED
	Error: StaticInjectorError(DynamicTestModule)[RecentActivitiesService -> HttpClient]: 
	  StaticInjectorError(Platform: core)[RecentActivitiesService -> HttpClient]: 
	    NullInjectorError: No provider for HttpClient!
	    at _NullInjector.push../node_modules/@angular/core/esm5/core.js._NullInjector.get node_modules/@angular/core/esm5/core.js:1003:1)
	    at resolveToken node_modules/@angular/core/esm5/core.js:1301:1)
	    at tryResolveToken node_modules/@angular/core/esm5/core.js:1243:1)
	    at StaticInjector.push../node_modules/@angular/core/esm5/core.js.StaticInjector.get node_modules/@angular/core/esm5/core.js:1111:1)
	    at resolveToken node_modules/@angular/core/esm5/core.js:1301:1)
	    at tryResolveToken node_modules/@angular/core/esm5/core.js:1243:1)
	    at StaticInjector.push../node_modules/@angular/core/esm5/core.js.StaticInjector.get node_modules/@angular/core/esm5/core.js:1111:1)
	    at resolveNgModuleDep node_modules/@angular/core/esm5/core.js:10896:1)
	    at _createClass node_modules/@angular/core/esm5/core.js:10935:1)
	    at _createProviderInstance$1 node_modules/@angular/core/esm5/core.js:10907:1)
[1A[2KChrome 67.0.3396 (Mac OS X 10.13.3): Executed 13 of 14 (11 FAILED) (0 secs / 0.309 secs)
Chrome 67.0.3396 (Mac OS X 10.13.3) UserService should be created FAILED
	Error: StaticInjectorError(DynamicTestModule)[UserService -> StateService]: 
	  StaticInjectorError(Platform: core)[UserService -> StateService]: 
	    NullInjectorError: No provider for StateService!
	    at _NullInjector.push../node_modules/@angular/core/esm5/core.js._NullInjector.get node_modules/@angular/core/esm5/core.js:1003:1)
	    at resolveToken node_modules/@angular/core/esm5/core.js:1301:1)
	    at tryResolveToken node_modules/@angular/core/esm5/core.js:1243:1)
	    at StaticInjector.push../node_modules/@angular/core/esm5/core.js.StaticInjector.get node_modules/@angular/core/esm5/core.js:1111:1)
	    at resolveToken node_modules/@angular/core/esm5/core.js:1301:1)
	    at tryResolveToken node_modules/@angular/core/esm5/core.js:1243:1)
	    at StaticInjector.push../node_modules/@angular/core/esm5/core.js.StaticInjector.get node_modules/@angular/core/esm5/core.js:1111:1)
	    at resolveNgModuleDep node_modules/@angular/core/esm5/core.js:10896:1)
	    at _createClass node_modules/@angular/core/esm5/core.js:10933:1)
	    at _createProviderInstance$1 node_modules/@angular/core/esm5/core.js:10907:1)
[1A[2KChrome 67.0.3396 (Mac OS X 10.13.3) UserService should be created FAILED
	Error: StaticInjectorError(DynamicTestModule)[UserService -> StateService]: 
	  StaticInjectorError(Platform: core)[UserService -> StateService]: 
	    NullInjectorError: No provider for StateService!
	    at _NullInjector.push../node_modules/@angular/core/esm5/core.js._NullInjector.get node_modules/@angular/core/esm5/core.js:1003:1)
	    at resolveToken node_modules/@angular/core/esm5/core.js:1301:1)
	    at tryResolveToken node_modules/@angular/core/esm5/core.js:1243:1)
	    at StaticInjector.push../node_modules/@angular/core/esm5/core.js.StaticInjector.get node_modules/@angular/core/esm5/core.js:1111:1)
	    at resolveToken node_modules/@angular/core/esm5/core.js:1301:1)
	    at tryResolveToken node_modules/@angular/core/esm5/core.js:1243:1)
	    at StaticInjector.push../node_modules/@angular/core/esm5/core.js.StaticInjector.get node_modules/@angular/core/esm5/core.js:1111:1)
	    at resolveNgModuleDep node_modules/@angular/core/esm5/core.js:10896:1)
	    at _createClass node_modules/@angular/core/esm5/core.js:10933:1)
	    at _createProviderInstance$1 node_modules/@angular/core/esm5/core.js:10907:1)
Chrome 67.0.3396 (Mac OS X 10.13.3): Executed 14 of 14 (12 FAILED) (0 secs / 0.315 secs)
Chrome 67.0.3396 (Mac OS X 10.13.3) UserService should be created FAILED
	Error: StaticInjectorError(DynamicTestModule)[UserService -> StateService]: 
	  StaticInjectorError(Platform: core)[UserService -> StateService]: 
	    NullInjectorError: No provider for StateService!
	    at _NullInjector.push../node_modules/@angular/core/esm5/core.js._NullInjector.get node_modules/@angular/core/esm5/core.js:1003:1)
	    at resolveToken node_modules/@angular/core/esm5/core.js:1301:1)
	    at tryResolveToken node_modules/@angular/core/esm5/core.js:1243:1)
	    at StaticInjector.push../node_modules/@angular/core/esm5/core.js.StaticInjector.get node_modules/@angular/core/esm5/core.js:1111:1)
	    at resolveToken node_modules/@angular/core/esm5/core.js:1301:1)
	    at tryResolveToken node_modules/@angular/core/esm5/core.js:1243:1)
	    at StaticInjector.push../node_modules/@angular/core/esm5/core.js.StaticInjector.get node_modules/@angular/core/esm5/core.js:1111:1)
	    at resolveNgModuleDep node_modules/@angular/core/esm5/core.js:10896:1)
	    at _createClass node_modules/@angular/core/esm5/core.js:10933:1)
	    at _createProviderInstance$1 node_modules/@angular/core/esm5/core.js:10907:1)
[1A[2KChrome 67.0.3396 (Mac OS X 10.13.3): Executed 14 of 14 (12 FAILED) (0.424 secs / 0.315 secs)
Chrome 67.0.3396 (Mac OS X 10.13.3): Executed 0 of 14 SUCCESS (0 secs / 0 secs)
[1A[2KChrome 67.0.3396 (Mac OS X 10.13.3): Executed 1 of 14 SUCCESS (0 secs / 0.074 secs)
Chrome 67.0.3396 (Mac OS X 10.13.3) ActivitySelectorComponent should be created FAILED
	Can't bind to 'ngModel' since it isn't a known property of 'select'. ("
					name="activity"
					class="form-control" 
					[ERROR ->][(ngModel)]="selectedActivity" 
					(ngModelChange)="onChange($event)">
					<option [value]="defaultA"): ng:///DynamicTestModule/ActivitySelectorComponent.html@6:4
	Can't bind to 'ngValue' since it isn't a known property of 'option'. ("d="selected">Select an activity</option>
					<option *ngFor="let activity of activityList$ | async" [ERROR ->][ngValue]="activity">
						{{activity.name}}
					</option>
	"): ng:///DynamicTestModule/ActivitySelectorComponent.html@9:59
	Error: Template parse errors:
	    at syntaxError node_modules/@angular/compiler/esm5/compiler.js:486:22)
	    at TemplateParser.push../node_modules/@angular/compiler/esm5/compiler.js.TemplateParser.parse node_modules/@angular/compiler/esm5/compiler.js:24674:1)
	    at JitCompiler.push../node_modules/@angular/compiler/esm5/compiler.js.JitCompiler._parseTemplate node_modules/@angular/compiler/esm5/compiler.js:34629:1)
	    at JitCompiler.push../node_modules/@angular/compiler/esm5/compiler.js.JitCompiler._compileTemplate node_modules/@angular/compiler/esm5/compiler.js:34604:1)
	    at http://localhost:18763/_karma_webpack_/webpack:/node_modules/@angular/compiler/esm5/compiler.js:34505:48
	    at Set.forEach (<anonymous>)
	    at JitCompiler.push../node_modules/@angular/compiler/esm5/compiler.js.JitCompiler._compileComponents node_modules/@angular/compiler/esm5/compiler.js:34505:1)
	    at http://localhost:18763/_karma_webpack_/webpack:/node_modules/@angular/compiler/esm5/compiler.js:34393:1
	    at Object.then node_modules/@angular/compiler/esm5/compiler.js:475:33)
	    at JitCompiler.push../node_modules/@angular/compiler/esm5/compiler.js.JitCompiler._compileModuleAndAllComponents node_modules/@angular/compiler/esm5/compiler.js:34391:1)
	Error: Template parse errors:
	Can't bind to 'ngModel' since it isn't a known property of 'select'. ("
					name="activity"
					class="form-control" 
					[ERROR ->][(ngModel)]="selectedActivity" 
					(ngModelChange)="onChange($event)">
					<option [value]="defaultA"): ng:///DynamicTestModule/ActivitySelectorComponent.html@6:4
	Can't bind to 'ngValue' since it isn't a known property of 'option'. ("d="selected">Select an activity</option>
					<option *ngFor="let activity of activityList$ | async" [ERROR ->][ngValue]="activity">
						{{activity.name}}
					</option>
	"): ng:///DynamicTestModule/ActivitySelectorComponent.html@9:59
	    at syntaxError node_modules/@angular/compiler/esm5/compiler.js:486:22)
	    at TemplateParser.push../node_modules/@angular/compiler/esm5/compiler.js.TemplateParser.parse node_modules/@angular/compiler/esm5/compiler.js:24674:1)
	    at JitCompiler.push../node_modules/@angular/compiler/esm5/compiler.js.JitCompiler._parseTemplate node_modules/@angular/compiler/esm5/compiler.js:34629:1)
	    at JitCompiler.push../node_modules/@angular/compiler/esm5/compiler.js.JitCompiler._compileTemplate node_modules/@angular/compiler/esm5/compiler.js:34604:1)
	    at http://localhost:18763/_karma_webpack_/webpack:/node_modules/@angular/compiler/esm5/compiler.js:34505:48
	    at Set.forEach (<anonymous>)
	    at JitCompiler.push../node_modules/@angular/compiler/esm5/compiler.js.JitCompiler._compileComponents node_modules/@angular/compiler/esm5/compiler.js:34505:1)
	    at http://localhost:18763/_karma_webpack_/webpack:/node_modules/@angular/compiler/esm5/compiler.js:34393:1
	    at Object.then node_modules/@angular/compiler/esm5/compiler.js:475:33)
	    at JitCompiler.push../node_modules/@angular/compiler/esm5/compiler.js.JitCompiler._compileModuleAndAllComponents node_modules/@angular/compiler/esm5/compiler.js:34391:1)
	Expected undefined to be truthy.
	    at Object.<anonymous> src/app/components/activity-selector/activity-selector.component.spec.ts:41:23)
	    at ZoneDelegate../node_modules/zone.js/dist/zone.js.ZoneDelegate.invoke node_modules/zone.js/dist/zone.js:388:1)
	    at ProxyZoneSpec.push../node_modules/zone.js/dist/proxy.js.ProxyZoneSpec.onInvoke node_modules/zone.js/dist/proxy.js:128:1)
	    at ZoneDelegate../node_modules/zone.js/dist/zone.js.ZoneDelegate.invoke node_modules/zone.js/dist/zone.js:387:1)
[1A[2KChrome 67.0.3396 (Mac OS X 10.13.3) ActivitySelectorComponent should be created FAILED
	Can't bind to 'ngModel' since it isn't a known property of 'select'. ("
					name="activity"
					class="form-control" 
					[ERROR ->][(ngModel)]="selectedActivity" 
					(ngModelChange)="onChange($event)">
					<option [value]="defaultA"): ng:///DynamicTestModule/ActivitySelectorComponent.html@6:4
	Can't bind to 'ngValue' since it isn't a known property of 'option'. ("d="selected">Select an activity</option>
					<option *ngFor="let activity of activityList$ | async" [ERROR ->][ngValue]="activity">
						{{activity.name}}
					</option>
	"): ng:///DynamicTestModule/ActivitySelectorComponent.html@9:59
	Error: Template parse errors:
	    at syntaxError node_modules/@angular/compiler/esm5/compiler.js:486:22)
	    at TemplateParser.push../node_modules/@angular/compiler/esm5/compiler.js.TemplateParser.parse node_modules/@angular/compiler/esm5/compiler.js:24674:1)
	    at JitCompiler.push../node_modules/@angular/compiler/esm5/compiler.js.JitCompiler._parseTemplate node_modules/@angular/compiler/esm5/compiler.js:34629:1)
	    at JitCompiler.push../node_modules/@angular/compiler/esm5/compiler.js.JitCompiler._compileTemplate node_modules/@angular/compiler/esm5/compiler.js:34604:1)
	    at http://localhost:18763/_karma_webpack_/webpack:/node_modules/@angular/compiler/esm5/compiler.js:34505:48
	    at Set.forEach (<anonymous>)
	    at JitCompiler.push../node_modules/@angular/compiler/esm5/compiler.js.JitCompiler._compileComponents node_modules/@angular/compiler/esm5/compiler.js:34505:1)
	    at http://localhost:18763/_karma_webpack_/webpack:/node_modules/@angular/compiler/esm5/compiler.js:34393:1
	    at Object.then node_modules/@angular/compiler/esm5/compiler.js:475:33)
	    at JitCompiler.push../node_modules/@angular/compiler/esm5/compiler.js.JitCompiler._compileModuleAndAllComponents node_modules/@angular/compiler/esm5/compiler.js:34391:1)
	Error: Template parse errors:
	Can't bind to 'ngModel' since it isn't a known property of 'select'. ("
					name="activity"
					class="form-control" 
					[ERROR ->][(ngModel)]="selectedActivity" 
					(ngModelChange)="onChange($event)">
					<option [value]="defaultA"): ng:///DynamicTestModule/ActivitySelectorComponent.html@6:4
	Can't bind to 'ngValue' since it isn't a known property of 'option'. ("d="selected">Select an activity</option>
					<option *ngFor="let activity of activityList$ | async" [ERROR ->][ngValue]="activity">
						{{activity.name}}
					</option>
	"): ng:///DynamicTestModule/ActivitySelectorComponent.html@9:59
	    at syntaxError node_modules/@angular/compiler/esm5/compiler.js:486:22)
	    at TemplateParser.push../node_modules/@angular/compiler/esm5/compiler.js.TemplateParser.parse node_modules/@angular/compiler/esm5/compiler.js:24674:1)
	    at JitCompiler.push../node_modules/@angular/compiler/esm5/compiler.js.JitCompiler._parseTemplate node_modules/@angular/compiler/esm5/compiler.js:34629:1)
	    at JitCompiler.push../node_modules/@angular/compiler/esm5/compiler.js.JitCompiler._compileTemplate node_modules/@angular/compiler/esm5/compiler.js:34604:1)
	    at http://localhost:18763/_karma_webpack_/webpack:/node_modules/@angular/compiler/esm5/compiler.js:34505:48
	    at Set.forEach (<anonymous>)
	    at JitCompiler.push../node_modules/@angular/compiler/esm5/compiler.js.JitCompiler._compileComponents node_modules/@angular/compiler/esm5/compiler.js:34505:1)
	    at http://localhost:18763/_karma_webpack_/webpack:/node_modules/@angular/compiler/esm5/compiler.js:34393:1
	    at Object.then node_modules/@angular/compiler/esm5/compiler.js:475:33)
	    at JitCompiler.push../node_modules/@angular/compiler/esm5/compiler.js.JitCompiler._compileModuleAndAllComponents node_modules/@angular/compiler/esm5/compiler.js:34391:1)
	Expected undefined to be truthy.
	    at Object.<anonymous> src/app/components/activity-selector/activity-selector.component.spec.ts:41:23)
	    at ZoneDelegate../node_modules/zone.js/dist/zone.js.ZoneDelegate.invoke node_modules/zone.js/dist/zone.js:388:1)
	    at ProxyZoneSpec.push../node_modules/zone.js/dist/proxy.js.ProxyZoneSpec.onInvoke node_modules/zone.js/dist/proxy.js:128:1)
	    at ZoneDelegate../node_modules/zone.js/dist/zone.js.ZoneDelegate.invoke node_modules/zone.js/dist/zone.js:387:1)
Chrome 67.0.3396 (Mac OS X 10.13.3): Executed 2 of 14 (1 FAILED) (0 secs / 0.178 secs)
Chrome 67.0.3396 (Mac OS X 10.13.3) ActivitySelectorComponent should be created FAILED
	Can't bind to 'ngModel' since it isn't a known property of 'select'. ("
					name="activity"
					class="form-control" 
					[ERROR ->][(ngModel)]="selectedActivity" 
					(ngModelChange)="onChange($event)">
					<option [value]="defaultA"): ng:///DynamicTestModule/ActivitySelectorComponent.html@6:4
	Can't bind to 'ngValue' since it isn't a known property of 'option'. ("d="selected">Select an activity</option>
					<option *ngFor="let activity of activityList$ | async" [ERROR ->][ngValue]="activity">
						{{activity.name}}
					</option>
	"): ng:///DynamicTestModule/ActivitySelectorComponent.html@9:59
	Error: Template parse errors:
	    at syntaxError node_modules/@angular/compiler/esm5/compiler.js:486:22)
	    at TemplateParser.push../node_modules/@angular/compiler/esm5/compiler.js.TemplateParser.parse node_modules/@angular/compiler/esm5/compiler.js:24674:1)
	    at JitCompiler.push../node_modules/@angular/compiler/esm5/compiler.js.JitCompiler._parseTemplate node_modules/@angular/compiler/esm5/compiler.js:34629:1)
	    at JitCompiler.push../node_modules/@angular/compiler/esm5/compiler.js.JitCompiler._compileTemplate node_modules/@angular/compiler/esm5/compiler.js:34604:1)
	    at http://localhost:18763/_karma_webpack_/webpack:/node_modules/@angular/compiler/esm5/compiler.js:34505:48
	    at Set.forEach (<anonymous>)
	    at JitCompiler.push../node_modules/@angular/compiler/esm5/compiler.js.JitCompiler._compileComponents node_modules/@angular/compiler/esm5/compiler.js:34505:1)
	    at http://localhost:18763/_karma_webpack_/webpack:/node_modules/@angular/compiler/esm5/compiler.js:34393:1
	    at Object.then node_modules/@angular/compiler/esm5/compiler.js:475:33)
	    at JitCompiler.push../node_modules/@angular/compiler/esm5/compiler.js.JitCompiler._compileModuleAndAllComponents node_modules/@angular/compiler/esm5/compiler.js:34391:1)
	Error: Template parse errors:
	Can't bind to 'ngModel' since it isn't a known property of 'select'. ("
					name="activity"
					class="form-control" 
					[ERROR ->][(ngModel)]="selectedActivity" 
					(ngModelChange)="onChange($event)">
					<option [value]="defaultA"): ng:///DynamicTestModule/ActivitySelectorComponent.html@6:4
	Can't bind to 'ngValue' since it isn't a known property of 'option'. ("d="selected">Select an activity</option>
					<option *ngFor="let activity of activityList$ | async" [ERROR ->][ngValue]="activity">
						{{activity.name}}
					</option>
	"): ng:///DynamicTestModule/ActivitySelectorComponent.html@9:59
	    at syntaxError node_modules/@angular/compiler/esm5/compiler.js:486:22)
	    at TemplateParser.push../node_modules/@angular/compiler/esm5/compiler.js.TemplateParser.parse node_modules/@angular/compiler/esm5/compiler.js:24674:1)
	    at JitCompiler.push../node_modules/@angular/compiler/esm5/compiler.js.JitCompiler._parseTemplate node_modules/@angular/compiler/esm5/compiler.js:34629:1)
	    at JitCompiler.push../node_modules/@angular/compiler/esm5/compiler.js.JitCompiler._compileTemplate node_modules/@angular/compiler/esm5/compiler.js:34604:1)
	    at http://localhost:18763/_karma_webpack_/webpack:/node_modules/@angular/compiler/esm5/compiler.js:34505:48
	    at Set.forEach (<anonymous>)
	    at JitCompiler.push../node_modules/@angular/compiler/esm5/compiler.js.JitCompiler._compileComponents node_modules/@angular/compiler/esm5/compiler.js:34505:1)
	    at http://localhost:18763/_karma_webpack_/webpack:/node_modules/@angular/compiler/esm5/compiler.js:34393:1
	    at Object.then node_modules/@angular/compiler/esm5/compiler.js:475:33)
	    at JitCompiler.push../node_modules/@angular/compiler/esm5/compiler.js.JitCompiler._compileModuleAndAllComponents node_modules/@angular/compiler/esm5/compiler.js:34391:1)
	Expected undefined to be truthy.
	    at Object.<anonymous> src/app/components/activity-selector/activity-selector.component.spec.ts:41:23)
	    at ZoneDelegate../node_modules/zone.js/dist/zone.js.ZoneDelegate.invoke node_modules/zone.js/dist/zone.js:388:1)
	    at ProxyZoneSpec.push../node_modules/zone.js/dist/proxy.js.ProxyZoneSpec.onInvoke node_modules/zone.js/dist/proxy.js:128:1)
	    at ZoneDelegate../node_modules/zone.js/dist/zone.js.ZoneDelegate.invoke node_modules/zone.js/dist/zone.js:387:1)
Chrome 67.0.3396 (Mac OS X 10.13.3) AppComponent should create the app FAILED
	'topnav' is not a known element:
	1. If 'topnav' is an Angular component, then verify that it is part of this module.
	2. To allow any element add 'NO_ERRORS_SCHEMA' to the '@NgModule.schemas' of this component. ("[ERROR ->]<topnav></topnav>    
	<div class="container">
		<div class="row">
	"): ng:///DynamicTestModule/AppComponent.html@0:0
	'router-outlet' is not a known element:
	1. If 'router-outlet' is an Angular component, then verify that it is part of this module.
	2. If 'router-outlet' is a Web Component then add 'CUSTOM_ELEMENTS_SCHEMA' to the '@NgModule.schemas' of this component to suppress this message. ("
		<div class="row">
			<div class="col-md-1"></div>
			[ERROR ->]<router-outlet></router-outlet>
			<div class="col-md-1"></div>
		</div>
	"): ng:///DynamicTestModule/AppComponent.html@4:2
	Error: Template parse errors:
	    at syntaxError node_modules/@angular/compiler/esm5/compiler.js:486:22)
	    at TemplateParser.push../node_modules/@angular/compiler/esm5/compiler.js.TemplateParser.parse node_modules/@angular/compiler/esm5/compiler.js:24674:1)
	    at JitCompiler.push../node_modules/@angular/compiler/esm5/compiler.js.JitCompiler._parseTemplate node_modules/@angular/compiler/esm5/compiler.js:34629:1)
	    at JitCompiler.push../node_modules/@angular/compiler/esm5/compiler.js.JitCompiler._compileTemplate node_modules/@angular/compiler/esm5/compiler.js:34604:1)
	    at http://localhost:18763/_karma_webpack_/webpack:/node_modules/@angular/compiler/esm5/compiler.js:34505:48
	    at Set.forEach (<anonymous>)
	    at JitCompiler.push../node_modules/@angular/compiler/esm5/compiler.js.JitCompiler._compileComponents node_modules/@angular/compiler/esm5/compiler.js:34505:1)
	    at http://localhost:18763/_karma_webpack_/webpack:/node_modules/@angular/compiler/esm5/compiler.js:34393:1
	    at Object.then node_modules/@angular/compiler/esm5/compiler.js:475:33)
	    at JitCompiler.push../node_modules/@angular/compiler/esm5/compiler.js.JitCompiler._compileModuleAndAllComponents node_modules/@angular/compiler/esm5/compiler.js:34391:1)
	'topnav' is not a known element:
	1. If 'topnav' is an Angular component, then verify that it is part of this module.
	2. To allow any element add 'NO_ERRORS_SCHEMA' to the '@NgModule.schemas' of this component. ("[ERROR ->]<topnav></topnav>    
	<div class="container">
		<div class="row">
	"): ng:///DynamicTestModule/AppComponent.html@0:0
	'router-outlet' is not a known element:
	1. If 'router-outlet' is an Angular component, then verify that it is part of this module.
	2. If 'router-outlet' is a Web Component then add 'CUSTOM_ELEMENTS_SCHEMA' to the '@NgModule.schemas' of this component to suppress this message. ("
		<div class="row">
			<div class="col-md-1"></div>
			[ERROR ->]<router-outlet></router-outlet>
			<div class="col-md-1"></div>
		</div>
	"): ng:///DynamicTestModule/AppComponent.html@4:2
	Error: Template parse errors:
	    at syntaxError node_modules/@angular/compiler/esm5/compiler.js:486:22)
	    at TemplateParser.push../node_modules/@angular/compiler/esm5/compiler.js.TemplateParser.parse node_modules/@angular/compiler/esm5/compiler.js:24674:1)
	    at JitCompiler.push../node_modules/@angular/compiler/esm5/compiler.js.JitCompiler._parseTemplate node_modules/@angular/compiler/esm5/compiler.js:34629:1)
	    at JitCompiler.push../node_modules/@angular/compiler/esm5/compiler.js.JitCompiler._compileTemplate node_modules/@angular/compiler/esm5/compiler.js:34604:1)
	    at http://localhost:18763/_karma_webpack_/webpack:/node_modules/@angular/compiler/esm5/compiler.js:34505:48
	    at Set.forEach (<anonymous>)
	    at JitCompiler.push../node_modules/@angular/compiler/esm5/compiler.js.JitCompiler._compileComponents node_modules/@angular/compiler/esm5/compiler.js:34505:1)
	    at http://localhost:18763/_karma_webpack_/webpack:/node_modules/@angular/compiler/esm5/compiler.js:34393:1
	    at Object.then node_modules/@angular/compiler/esm5/compiler.js:475:33)
	    at JitCompiler.push../node_modules/@angular/compiler/esm5/compiler.js.JitCompiler._compileModuleAndAllComponents node_modules/@angular/compiler/esm5/compiler.js:34391:1)
[1A[2KChrome 67.0.3396 (Mac OS X 10.13.3) AppComponent should create the app FAILED
	'topnav' is not a known element:
	1. If 'topnav' is an Angular component, then verify that it is part of this module.
	2. To allow any element add 'NO_ERRORS_SCHEMA' to the '@NgModule.schemas' of this component. ("[ERROR ->]<topnav></topnav>    
	<div class="container">
		<div class="row">
	"): ng:///DynamicTestModule/AppComponent.html@0:0
	'router-outlet' is not a known element:
	1. If 'router-outlet' is an Angular component, then verify that it is part of this module.
	2. If 'router-outlet' is a Web Component then add 'CUSTOM_ELEMENTS_SCHEMA' to the '@NgModule.schemas' of this component to suppress this message. ("
		<div class="row">
			<div class="col-md-1"></div>
			[ERROR ->]<router-outlet></router-outlet>
			<div class="col-md-1"></div>
		</div>
	"): ng:///DynamicTestModule/AppComponent.html@4:2
	Error: Template parse errors:
	    at syntaxError node_modules/@angular/compiler/esm5/compiler.js:486:22)
	    at TemplateParser.push../node_modules/@angular/compiler/esm5/compiler.js.TemplateParser.parse node_modules/@angular/compiler/esm5/compiler.js:24674:1)
	    at JitCompiler.push../node_modules/@angular/compiler/esm5/compiler.js.JitCompiler._parseTemplate node_modules/@angular/compiler/esm5/compiler.js:34629:1)
	    at JitCompiler.push../node_modules/@angular/compiler/esm5/compiler.js.JitCompiler._compileTemplate node_modules/@angular/compiler/esm5/compiler.js:34604:1)
	    at http://localhost:18763/_karma_webpack_/webpack:/node_modules/@angular/compiler/esm5/compiler.js:34505:48
	    at Set.forEach (<anonymous>)
	    at JitCompiler.push../node_modules/@angular/compiler/esm5/compiler.js.JitCompiler._compileComponents node_modules/@angular/compiler/esm5/compiler.js:34505:1)
	    at http://localhost:18763/_karma_webpack_/webpack:/node_modules/@angular/compiler/esm5/compiler.js:34393:1
	    at Object.then node_modules/@angular/compiler/esm5/compiler.js:475:33)
	    at JitCompiler.push../node_modules/@angular/compiler/esm5/compiler.js.JitCompiler._compileModuleAndAllComponents node_modules/@angular/compiler/esm5/compiler.js:34391:1)
	'topnav' is not a known element:
	1. If 'topnav' is an Angular component, then verify that it is part of this module.
	2. To allow any element add 'NO_ERRORS_SCHEMA' to the '@NgModule.schemas' of this component. ("[ERROR ->]<topnav></topnav>    
	<div class="container">
		<div class="row">
	"): ng:///DynamicTestModule/AppComponent.html@0:0
	'router-outlet' is not a known element:
	1. If 'router-outlet' is an Angular component, then verify that it is part of this module.
	2. If 'router-outlet' is a Web Component then add 'CUSTOM_ELEMENTS_SCHEMA' to the '@NgModule.schemas' of this component to suppress this message. ("
		<div class="row">
			<div class="col-md-1"></div>
			[ERROR ->]<router-outlet></router-outlet>
			<div class="col-md-1"></div>
		</div>
	"): ng:///DynamicTestModule/AppComponent.html@4:2
	Error: Template parse errors:
	    at syntaxError node_modules/@angular/compiler/esm5/compiler.js:486:22)
	    at TemplateParser.push../node_modules/@angular/compiler/esm5/compiler.js.TemplateParser.parse node_modules/@angular/compiler/esm5/compiler.js:24674:1)
	    at JitCompiler.push../node_modules/@angular/compiler/esm5/compiler.js.JitCompiler._parseTemplate node_modules/@angular/compiler/esm5/compiler.js:34629:1)
	    at JitCompiler.push../node_modules/@angular/compiler/esm5/compiler.js.JitCompiler._compileTemplate node_modules/@angular/compiler/esm5/compiler.js:34604:1)
	    at http://localhost:18763/_karma_webpack_/webpack:/node_modules/@angular/compiler/esm5/compiler.js:34505:48
	    at Set.forEach (<anonymous>)
	    at JitCompiler.push../node_modules/@angular/compiler/esm5/compiler.js.JitCompiler._compileComponents node_modules/@angular/compiler/esm5/compiler.js:34505:1)
	    at http://localhost:18763/_karma_webpack_/webpack:/node_modules/@angular/compiler/esm5/compiler.js:34393:1
	    at Object.then node_modules/@angular/compiler/esm5/compiler.js:475:33)
	    at JitCompiler.push../node_modules/@angular/compiler/esm5/compiler.js.JitCompiler._compileModuleAndAllComponents node_modules/@angular/compiler/esm5/compiler.js:34391:1)
Chrome 67.0.3396 (Mac OS X 10.13.3): Executed 3 of 14 (2 FAILED) (0 secs / 0.201 secs)
Chrome 67.0.3396 (Mac OS X 10.13.3) AppComponent should create the app FAILED
	'topnav' is not a known element:
	1. If 'topnav' is an Angular component, then verify that it is part of this module.
	2. To allow any element add 'NO_ERRORS_SCHEMA' to the '@NgModule.schemas' of this component. ("[ERROR ->]<topnav></topnav>    
	<div class="container">
		<div class="row">
	"): ng:///DynamicTestModule/AppComponent.html@0:0
	'router-outlet' is not a known element:
	1. If 'router-outlet' is an Angular component, then verify that it is part of this module.
	2. If 'router-outlet' is a Web Component then add 'CUSTOM_ELEMENTS_SCHEMA' to the '@NgModule.schemas' of this component to suppress this message. ("
		<div class="row">
			<div class="col-md-1"></div>
			[ERROR ->]<router-outlet></router-outlet>
			<div class="col-md-1"></div>
		</div>
	"): ng:///DynamicTestModule/AppComponent.html@4:2
	Error: Template parse errors:
	    at syntaxError node_modules/@angular/compiler/esm5/compiler.js:486:22)
	    at TemplateParser.push../node_modules/@angular/compiler/esm5/compiler.js.TemplateParser.parse node_modules/@angular/compiler/esm5/compiler.js:24674:1)
	    at JitCompiler.push../node_modules/@angular/compiler/esm5/compiler.js.JitCompiler._parseTemplate node_modules/@angular/compiler/esm5/compiler.js:34629:1)
	    at JitCompiler.push../node_modules/@angular/compiler/esm5/compiler.js.JitCompiler._compileTemplate node_modules/@angular/compiler/esm5/compiler.js:34604:1)
	    at http://localhost:18763/_karma_webpack_/webpack:/node_modules/@angular/compiler/esm5/compiler.js:34505:48
	    at Set.forEach (<anonymous>)
	    at JitCompiler.push../node_modules/@angular/compiler/esm5/compiler.js.JitCompiler._compileComponents node_modules/@angular/compiler/esm5/compiler.js:34505:1)
	    at http://localhost:18763/_karma_webpack_/webpack:/node_modules/@angular/compiler/esm5/compiler.js:34393:1
	    at Object.then node_modules/@angular/compiler/esm5/compiler.js:475:33)
	    at JitCompiler.push../node_modules/@angular/compiler/esm5/compiler.js.JitCompiler._compileModuleAndAllComponents node_modules/@angular/compiler/esm5/compiler.js:34391:1)
	'topnav' is not a known element:
	1. If 'topnav' is an Angular component, then verify that it is part of this module.
	2. To allow any element add 'NO_ERRORS_SCHEMA' to the '@NgModule.schemas' of this component. ("[ERROR ->]<topnav></topnav>    
	<div class="container">
		<div class="row">
	"): ng:///DynamicTestModule/AppComponent.html@0:0
	'router-outlet' is not a known element:
	1. If 'router-outlet' is an Angular component, then verify that it is part of this module.
	2. If 'router-outlet' is a Web Component then add 'CUSTOM_ELEMENTS_SCHEMA' to the '@NgModule.schemas' of this component to suppress this message. ("
		<div class="row">
			<div class="col-md-1"></div>
			[ERROR ->]<router-outlet></router-outlet>
			<div class="col-md-1"></div>
		</div>
	"): ng:///DynamicTestModule/AppComponent.html@4:2
	Error: Template parse errors:
	    at syntaxError node_modules/@angular/compiler/esm5/compiler.js:486:22)
	    at TemplateParser.push../node_modules/@angular/compiler/esm5/compiler.js.TemplateParser.parse node_modules/@angular/compiler/esm5/compiler.js:24674:1)
	    at JitCompiler.push../node_modules/@angular/compiler/esm5/compiler.js.JitCompiler._parseTemplate node_modules/@angular/compiler/esm5/compiler.js:34629:1)
	    at JitCompiler.push../node_modules/@angular/compiler/esm5/compiler.js.JitCompiler._compileTemplate node_modules/@angular/compiler/esm5/compiler.js:34604:1)
	    at http://localhost:18763/_karma_webpack_/webpack:/node_modules/@angular/compiler/esm5/compiler.js:34505:48
	    at Set.forEach (<anonymous>)
	    at JitCompiler.push../node_modules/@angular/compiler/esm5/compiler.js.JitCompiler._compileComponents node_modules/@angular/compiler/esm5/compiler.js:34505:1)
	    at http://localhost:18763/_karma_webpack_/webpack:/node_modules/@angular/compiler/esm5/compiler.js:34393:1
	    at Object.then node_modules/@angular/compiler/esm5/compiler.js:475:33)
	    at JitCompiler.push../node_modules/@angular/compiler/esm5/compiler.js.JitCompiler._compileModuleAndAllComponents node_modules/@angular/compiler/esm5/compiler.js:34391:1)
Chrome 67.0.3396 (Mac OS X 10.13.3) AppComponent should have as title 'app' FAILED
	'topnav' is not a known element:
	1. If 'topnav' is an Angular component, then verify that it is part of this module.
	2. To allow any element add 'NO_ERRORS_SCHEMA' to the '@NgModule.schemas' of this component. ("[ERROR ->]<topnav></topnav>    
	<div class="container">
		<div class="row">
	"): ng:///DynamicTestModule/AppComponent.html@0:0
	'router-outlet' is not a known element:
	1. If 'router-outlet' is an Angular component, then verify that it is part of this module.
	2. If 'router-outlet' is a Web Component then add 'CUSTOM_ELEMENTS_SCHEMA' to the '@NgModule.schemas' of this component to suppress this message. ("
		<div class="row">
			<div class="col-md-1"></div>
			[ERROR ->]<router-outlet></router-outlet>
			<div class="col-md-1"></div>
		</div>
	"): ng:///DynamicTestModule/AppComponent.html@4:2
	Error: Template parse errors:
	    at syntaxError node_modules/@angular/compiler/esm5/compiler.js:486:22)
	    at TemplateParser.push../node_modules/@angular/compiler/esm5/compiler.js.TemplateParser.parse node_modules/@angular/compiler/esm5/compiler.js:24674:1)
	    at JitCompiler.push../node_modules/@angular/compiler/esm5/compiler.js.JitCompiler._parseTemplate node_modules/@angular/compiler/esm5/compiler.js:34629:1)
	    at JitCompiler.push../node_modules/@angular/compiler/esm5/compiler.js.JitCompiler._compileTemplate node_modules/@angular/compiler/esm5/compiler.js:34604:1)
	    at http://localhost:18763/_karma_webpack_/webpack:/node_modules/@angular/compiler/esm5/compiler.js:34505:48
	    at Set.forEach (<anonymous>)
	    at JitCompiler.push../node_modules/@angular/compiler/esm5/compiler.js.JitCompiler._compileComponents node_modules/@angular/compiler/esm5/compiler.js:34505:1)
	    at http://localhost:18763/_karma_webpack_/webpack:/node_modules/@angular/compiler/esm5/compiler.js:34393:1
	    at Object.then node_modules/@angular/compiler/esm5/compiler.js:475:33)
	    at JitCompiler.push../node_modules/@angular/compiler/esm5/compiler.js.JitCompiler._compileModuleAndAllComponents node_modules/@angular/compiler/esm5/compiler.js:34391:1)
	'topnav' is not a known element:
	1. If 'topnav' is an Angular component, then verify that it is part of this module.
	2. To allow any element add 'NO_ERRORS_SCHEMA' to the '@NgModule.schemas' of this component. ("[ERROR ->]<topnav></topnav>    
	<div class="container">
		<div class="row">
	"): ng:///DynamicTestModule/AppComponent.html@0:0
	'router-outlet' is not a known element:
	1. If 'router-outlet' is an Angular component, then verify that it is part of this module.
	2. If 'router-outlet' is a Web Component then add 'CUSTOM_ELEMENTS_SCHEMA' to the '@NgModule.schemas' of this component to suppress this message. ("
		<div class="row">
			<div class="col-md-1"></div>
			[ERROR ->]<router-outlet></router-outlet>
			<div class="col-md-1"></div>
		</div>
	"): ng:///DynamicTestModule/AppComponent.html@4:2
	Error: Template parse errors:
	    at syntaxError node_modules/@angular/compiler/esm5/compiler.js:486:22)
	    at TemplateParser.push../node_modules/@angular/compiler/esm5/compiler.js.TemplateParser.parse node_modules/@angular/compiler/esm5/compiler.js:24674:1)
	    at JitCompiler.push../node_modules/@angular/compiler/esm5/compiler.js.JitCompiler._parseTemplate node_modules/@angular/compiler/esm5/compiler.js:34629:1)
	    at JitCompiler.push../node_modules/@angular/compiler/esm5/compiler.js.JitCompiler._compileTemplate node_modules/@angular/compiler/esm5/compiler.js:34604:1)
	    at http://localhost:18763/_karma_webpack_/webpack:/node_modules/@angular/compiler/esm5/compiler.js:34505:48
	    at Set.forEach (<anonymous>)
	    at JitCompiler.push../node_modules/@angular/compiler/esm5/compiler.js.JitCompiler._compileComponents node_modules/@angular/compiler/esm5/compiler.js:34505:1)
	    at http://localhost:18763/_karma_webpack_/webpack:/node_modules/@angular/compiler/esm5/compiler.js:34393:1
	    at Object.then node_modules/@angular/compiler/esm5/compiler.js:475:33)
	    at JitCompiler.push../node_modules/@angular/compiler/esm5/compiler.js.JitCompiler._compileModuleAndAllComponents node_modules/@angular/compiler/esm5/compiler.js:34391:1)
[1A[2KChrome 67.0.3396 (Mac OS X 10.13.3) AppComponent should have as title 'app' FAILED
	'topnav' is not a known element:
	1. If 'topnav' is an Angular component, then verify that it is part of this module.
	2. To allow any element add 'NO_ERRORS_SCHEMA' to the '@NgModule.schemas' of this component. ("[ERROR ->]<topnav></topnav>    
	<div class="container">
		<div class="row">
	"): ng:///DynamicTestModule/AppComponent.html@0:0
	'router-outlet' is not a known element:
	1. If 'router-outlet' is an Angular component, then verify that it is part of this module.
	2. If 'router-outlet' is a Web Component then add 'CUSTOM_ELEMENTS_SCHEMA' to the '@NgModule.schemas' of this component to suppress this message. ("
		<div class="row">
			<div class="col-md-1"></div>
			[ERROR ->]<router-outlet></router-outlet>
			<div class="col-md-1"></div>
		</div>
	"): ng:///DynamicTestModule/AppComponent.html@4:2
	Error: Template parse errors:
	    at syntaxError node_modules/@angular/compiler/esm5/compiler.js:486:22)
	    at TemplateParser.push../node_modules/@angular/compiler/esm5/compiler.js.TemplateParser.parse node_modules/@angular/compiler/esm5/compiler.js:24674:1)
	    at JitCompiler.push../node_modules/@angular/compiler/esm5/compiler.js.JitCompiler._parseTemplate node_modules/@angular/compiler/esm5/compiler.js:34629:1)
	    at JitCompiler.push../node_modules/@angular/compiler/esm5/compiler.js.JitCompiler._compileTemplate node_modules/@angular/compiler/esm5/compiler.js:34604:1)
	    at http://localhost:18763/_karma_webpack_/webpack:/node_modules/@angular/compiler/esm5/compiler.js:34505:48
	    at Set.forEach (<anonymous>)
	    at JitCompiler.push../node_modules/@angular/compiler/esm5/compiler.js.JitCompiler._compileComponents node_modules/@angular/compiler/esm5/compiler.js:34505:1)
	    at http://localhost:18763/_karma_webpack_/webpack:/node_modules/@angular/compiler/esm5/compiler.js:34393:1
	    at Object.then node_modules/@angular/compiler/esm5/compiler.js:475:33)
	    at JitCompiler.push../node_modules/@angular/compiler/esm5/compiler.js.JitCompiler._compileModuleAndAllComponents node_modules/@angular/compiler/esm5/compiler.js:34391:1)
	'topnav' is not a known element:
	1. If 'topnav' is an Angular component, then verify that it is part of this module.
	2. To allow any element add 'NO_ERRORS_SCHEMA' to the '@NgModule.schemas' of this component. ("[ERROR ->]<topnav></topnav>    
	<div class="container">
		<div class="row">
	"): ng:///DynamicTestModule/AppComponent.html@0:0
	'router-outlet' is not a known element:
	1. If 'router-outlet' is an Angular component, then verify that it is part of this module.
	2. If 'router-outlet' is a Web Component then add 'CUSTOM_ELEMENTS_SCHEMA' to the '@NgModule.schemas' of this component to suppress this message. ("
		<div class="row">
			<div class="col-md-1"></div>
			[ERROR ->]<router-outlet></router-outlet>
			<div class="col-md-1"></div>
		</div>
	"): ng:///DynamicTestModule/AppComponent.html@4:2
	Error: Template parse errors:
	    at syntaxError node_modules/@angular/compiler/esm5/compiler.js:486:22)
	    at TemplateParser.push../node_modules/@angular/compiler/esm5/compiler.js.TemplateParser.parse node_modules/@angular/compiler/esm5/compiler.js:24674:1)
	    at JitCompiler.push../node_modules/@angular/compiler/esm5/compiler.js.JitCompiler._parseTemplate node_modules/@angular/compiler/esm5/compiler.js:34629:1)
	    at JitCompiler.push../node_modules/@angular/compiler/esm5/compiler.js.JitCompiler._compileTemplate node_modules/@angular/compiler/esm5/compiler.js:34604:1)
	    at http://localhost:18763/_karma_webpack_/webpack:/node_modules/@angular/compiler/esm5/compiler.js:34505:48
	    at Set.forEach (<anonymous>)
	    at JitCompiler.push../node_modules/@angular/compiler/esm5/compiler.js.JitCompiler._compileComponents node_modules/@angular/compiler/esm5/compiler.js:34505:1)
	    at http://localhost:18763/_karma_webpack_/webpack:/node_modules/@angular/compiler/esm5/compiler.js:34393:1
	    at Object.then node_modules/@angular/compiler/esm5/compiler.js:475:33)
	    at JitCompiler.push../node_modules/@angular/compiler/esm5/compiler.js.JitCompiler._compileModuleAndAllComponents node_modules/@angular/compiler/esm5/compiler.js:34391:1)
Chrome 67.0.3396 (Mac OS X 10.13.3): Executed 4 of 14 (3 FAILED) (0 secs / 0.218 secs)
Chrome 67.0.3396 (Mac OS X 10.13.3) AppComponent should have as title 'app' FAILED
	'topnav' is not a known element:
	1. If 'topnav' is an Angular component, then verify that it is part of this module.
	2. To allow any element add 'NO_ERRORS_SCHEMA' to the '@NgModule.schemas' of this component. ("[ERROR ->]<topnav></topnav>    
	<div class="container">
		<div class="row">
	"): ng:///DynamicTestModule/AppComponent.html@0:0
	'router-outlet' is not a known element:
	1. If 'router-outlet' is an Angular component, then verify that it is part of this module.
	2. If 'router-outlet' is a Web Component then add 'CUSTOM_ELEMENTS_SCHEMA' to the '@NgModule.schemas' of this component to suppress this message. ("
		<div class="row">
			<div class="col-md-1"></div>
			[ERROR ->]<router-outlet></router-outlet>
			<div class="col-md-1"></div>
		</div>
	"): ng:///DynamicTestModule/AppComponent.html@4:2
	Error: Template parse errors:
	    at syntaxError node_modules/@angular/compiler/esm5/compiler.js:486:22)
	    at TemplateParser.push../node_modules/@angular/compiler/esm5/compiler.js.TemplateParser.parse node_modules/@angular/compiler/esm5/compiler.js:24674:1)
	    at JitCompiler.push../node_modules/@angular/compiler/esm5/compiler.js.JitCompiler._parseTemplate node_modules/@angular/compiler/esm5/compiler.js:34629:1)
	    at JitCompiler.push../node_modules/@angular/compiler/esm5/compiler.js.JitCompiler._compileTemplate node_modules/@angular/compiler/esm5/compiler.js:34604:1)
	    at http://localhost:18763/_karma_webpack_/webpack:/node_modules/@angular/compiler/esm5/compiler.js:34505:48
	    at Set.forEach (<anonymous>)
	    at JitCompiler.push../node_modules/@angular/compiler/esm5/compiler.js.JitCompiler._compileComponents node_modules/@angular/compiler/esm5/compiler.js:34505:1)
	    at http://localhost:18763/_karma_webpack_/webpack:/node_modules/@angular/compiler/esm5/compiler.js:34393:1
	    at Object.then node_modules/@angular/compiler/esm5/compiler.js:475:33)
	    at JitCompiler.push../node_modules/@angular/compiler/esm5/compiler.js.JitCompiler._compileModuleAndAllComponents node_modules/@angular/compiler/esm5/compiler.js:34391:1)
	'topnav' is not a known element:
	1. If 'topnav' is an Angular component, then verify that it is part of this module.
	2. To allow any element add 'NO_ERRORS_SCHEMA' to the '@NgModule.schemas' of this component. ("[ERROR ->]<topnav></topnav>    
	<div class="container">
		<div class="row">
	"): ng:///DynamicTestModule/AppComponent.html@0:0
	'router-outlet' is not a known element:
	1. If 'router-outlet' is an Angular component, then verify that it is part of this module.
	2. If 'router-outlet' is a Web Component then add 'CUSTOM_ELEMENTS_SCHEMA' to the '@NgModule.schemas' of this component to suppress this message. ("
		<div class="row">
			<div class="col-md-1"></div>
			[ERROR ->]<router-outlet></router-outlet>
			<div class="col-md-1"></div>
		</div>
	"): ng:///DynamicTestModule/AppComponent.html@4:2
	Error: Template parse errors:
	    at syntaxError node_modules/@angular/compiler/esm5/compiler.js:486:22)
	    at TemplateParser.push../node_modules/@angular/compiler/esm5/compiler.js.TemplateParser.parse node_modules/@angular/compiler/esm5/compiler.js:24674:1)
	    at JitCompiler.push../node_modules/@angular/compiler/esm5/compiler.js.JitCompiler._parseTemplate node_modules/@angular/compiler/esm5/compiler.js:34629:1)
	    at JitCompiler.push../node_modules/@angular/compiler/esm5/compiler.js.JitCompiler._compileTemplate node_modules/@angular/compiler/esm5/compiler.js:34604:1)
	    at http://localhost:18763/_karma_webpack_/webpack:/node_modules/@angular/compiler/esm5/compiler.js:34505:48
	    at Set.forEach (<anonymous>)
	    at JitCompiler.push../node_modules/@angular/compiler/esm5/compiler.js.JitCompiler._compileComponents node_modules/@angular/compiler/esm5/compiler.js:34505:1)
	    at http://localhost:18763/_karma_webpack_/webpack:/node_modules/@angular/compiler/esm5/compiler.js:34393:1
	    at Object.then node_modules/@angular/compiler/esm5/compiler.js:475:33)
	    at JitCompiler.push../node_modules/@angular/compiler/esm5/compiler.js.JitCompiler._compileModuleAndAllComponents node_modules/@angular/compiler/esm5/compiler.js:34391:1)
Chrome 67.0.3396 (Mac OS X 10.13.3) AppComponent should render title in a h1 tag FAILED
	'topnav' is not a known element:
	1. If 'topnav' is an Angular component, then verify that it is part of this module.
	2. To allow any element add 'NO_ERRORS_SCHEMA' to the '@NgModule.schemas' of this component. ("[ERROR ->]<topnav></topnav>    
	<div class="container">
		<div class="row">
	"): ng:///DynamicTestModule/AppComponent.html@0:0
	'router-outlet' is not a known element:
	1. If 'router-outlet' is an Angular component, then verify that it is part of this module.
	2. If 'router-outlet' is a Web Component then add 'CUSTOM_ELEMENTS_SCHEMA' to the '@NgModule.schemas' of this component to suppress this message. ("
		<div class="row">
			<div class="col-md-1"></div>
			[ERROR ->]<router-outlet></router-outlet>
			<div class="col-md-1"></div>
		</div>
	"): ng:///DynamicTestModule/AppComponent.html@4:2
	Error: Template parse errors:
	    at syntaxError node_modules/@angular/compiler/esm5/compiler.js:486:22)
	    at TemplateParser.push../node_modules/@angular/compiler/esm5/compiler.js.TemplateParser.parse node_modules/@angular/compiler/esm5/compiler.js:24674:1)
	    at JitCompiler.push../node_modules/@angular/compiler/esm5/compiler.js.JitCompiler._parseTemplate node_modules/@angular/compiler/esm5/compiler.js:34629:1)
	    at JitCompiler.push../node_modules/@angular/compiler/esm5/compiler.js.JitCompiler._compileTemplate node_modules/@angular/compiler/esm5/compiler.js:34604:1)
	    at http://localhost:18763/_karma_webpack_/webpack:/node_modules/@angular/compiler/esm5/compiler.js:34505:48
	    at Set.forEach (<anonymous>)
	    at JitCompiler.push../node_modules/@angular/compiler/esm5/compiler.js.JitCompiler._compileComponents node_modules/@angular/compiler/esm5/compiler.js:34505:1)
	    at http://localhost:18763/_karma_webpack_/webpack:/node_modules/@angular/compiler/esm5/compiler.js:34393:1
	    at Object.then node_modules/@angular/compiler/esm5/compiler.js:475:33)
	    at JitCompiler.push../node_modules/@angular/compiler/esm5/compiler.js.JitCompiler._compileModuleAndAllComponents node_modules/@angular/compiler/esm5/compiler.js:34391:1)
	'topnav' is not a known element:
	1. If 'topnav' is an Angular component, then verify that it is part of this module.
	2. To allow any element add 'NO_ERRORS_SCHEMA' to the '@NgModule.schemas' of this component. ("[ERROR ->]<topnav></topnav>    
	<div class="container">
		<div class="row">
	"): ng:///DynamicTestModule/AppComponent.html@0:0
	'router-outlet' is not a known element:
	1. If 'router-outlet' is an Angular component, then verify that it is part of this module.
	2. If 'router-outlet' is a Web Component then add 'CUSTOM_ELEMENTS_SCHEMA' to the '@NgModule.schemas' of this component to suppress this message. ("
		<div class="row">
			<div class="col-md-1"></div>
			[ERROR ->]<router-outlet></router-outlet>
			<div class="col-md-1"></div>
		</div>
	"): ng:///DynamicTestModule/AppComponent.html@4:2
	Error: Template parse errors:
	    at syntaxError node_modules/@angular/compiler/esm5/compiler.js:486:22)
	    at TemplateParser.push../node_modules/@angular/compiler/esm5/compiler.js.TemplateParser.parse node_modules/@angular/compiler/esm5/compiler.js:24674:1)
	    at JitCompiler.push../node_modules/@angular/compiler/esm5/compiler.js.JitCompiler._parseTemplate node_modules/@angular/compiler/esm5/compiler.js:34629:1)
	    at JitCompiler.push../node_modules/@angular/compiler/esm5/compiler.js.JitCompiler._compileTemplate node_modules/@angular/compiler/esm5/compiler.js:34604:1)
	    at http://localhost:18763/_karma_webpack_/webpack:/node_modules/@angular/compiler/esm5/compiler.js:34505:48
	    at Set.forEach (<anonymous>)
	    at JitCompiler.push../node_modules/@angular/compiler/esm5/compiler.js.JitCompiler._compileComponents node_modules/@angular/compiler/esm5/compiler.js:34505:1)
	    at http://localhost:18763/_karma_webpack_/webpack:/node_modules/@angular/compiler/esm5/compiler.js:34393:1
	    at Object.then node_modules/@angular/compiler/esm5/compiler.js:475:33)
	    at JitCompiler.push../node_modules/@angular/compiler/esm5/compiler.js.JitCompiler._compileModuleAndAllComponents node_modules/@angular/compiler/esm5/compiler.js:34391:1)
[1A[2KChrome 67.0.3396 (Mac OS X 10.13.3) AppComponent should render title in a h1 tag FAILED
	'topnav' is not a known element:
	1. If 'topnav' is an Angular component, then verify that it is part of this module.
	2. To allow any element add 'NO_ERRORS_SCHEMA' to the '@NgModule.schemas' of this component. ("[ERROR ->]<topnav></topnav>    
	<div class="container">
		<div class="row">
	"): ng:///DynamicTestModule/AppComponent.html@0:0
	'router-outlet' is not a known element:
	1. If 'router-outlet' is an Angular component, then verify that it is part of this module.
	2. If 'router-outlet' is a Web Component then add 'CUSTOM_ELEMENTS_SCHEMA' to the '@NgModule.schemas' of this component to suppress this message. ("
		<div class="row">
			<div class="col-md-1"></div>
			[ERROR ->]<router-outlet></router-outlet>
			<div class="col-md-1"></div>
		</div>
	"): ng:///DynamicTestModule/AppComponent.html@4:2
	Error: Template parse errors:
	    at syntaxError node_modules/@angular/compiler/esm5/compiler.js:486:22)
	    at TemplateParser.push../node_modules/@angular/compiler/esm5/compiler.js.TemplateParser.parse node_modules/@angular/compiler/esm5/compiler.js:24674:1)
	    at JitCompiler.push../node_modules/@angular/compiler/esm5/compiler.js.JitCompiler._parseTemplate node_modules/@angular/compiler/esm5/compiler.js:34629:1)
	    at JitCompiler.push../node_modules/@angular/compiler/esm5/compiler.js.JitCompiler._compileTemplate node_modules/@angular/compiler/esm5/compiler.js:34604:1)
	    at http://localhost:18763/_karma_webpack_/webpack:/node_modules/@angular/compiler/esm5/compiler.js:34505:48
	    at Set.forEach (<anonymous>)
	    at JitCompiler.push../node_modules/@angular/compiler/esm5/compiler.js.JitCompiler._compileComponents node_modules/@angular/compiler/esm5/compiler.js:34505:1)
	    at http://localhost:18763/_karma_webpack_/webpack:/node_modules/@angular/compiler/esm5/compiler.js:34393:1
	    at Object.then node_modules/@angular/compiler/esm5/compiler.js:475:33)
	    at JitCompiler.push../node_modules/@angular/compiler/esm5/compiler.js.JitCompiler._compileModuleAndAllComponents node_modules/@angular/compiler/esm5/compiler.js:34391:1)
	'topnav' is not a known element:
	1. If 'topnav' is an Angular component, then verify that it is part of this module.
	2. To allow any element add 'NO_ERRORS_SCHEMA' to the '@NgModule.schemas' of this component. ("[ERROR ->]<topnav></topnav>    
	<div class="container">
		<div class="row">
	"): ng:///DynamicTestModule/AppComponent.html@0:0
	'router-outlet' is not a known element:
	1. If 'router-outlet' is an Angular component, then verify that it is part of this module.
	2. If 'router-outlet' is a Web Component then add 'CUSTOM_ELEMENTS_SCHEMA' to the '@NgModule.schemas' of this component to suppress this message. ("
		<div class="row">
			<div class="col-md-1"></div>
			[ERROR ->]<router-outlet></router-outlet>
			<div class="col-md-1"></div>
		</div>
	"): ng:///DynamicTestModule/AppComponent.html@4:2
	Error: Template parse errors:
	    at syntaxError node_modules/@angular/compiler/esm5/compiler.js:486:22)
	    at TemplateParser.push../node_modules/@angular/compiler/esm5/compiler.js.TemplateParser.parse node_modules/@angular/compiler/esm5/compiler.js:24674:1)
	    at JitCompiler.push../node_modules/@angular/compiler/esm5/compiler.js.JitCompiler._parseTemplate node_modules/@angular/compiler/esm5/compiler.js:34629:1)
	    at JitCompiler.push../node_modules/@angular/compiler/esm5/compiler.js.JitCompiler._compileTemplate node_modules/@angular/compiler/esm5/compiler.js:34604:1)
	    at http://localhost:18763/_karma_webpack_/webpack:/node_modules/@angular/compiler/esm5/compiler.js:34505:48
	    at Set.forEach (<anonymous>)
	    at JitCompiler.push../node_modules/@angular/compiler/esm5/compiler.js.JitCompiler._compileComponents node_modules/@angular/compiler/esm5/compiler.js:34505:1)
	    at http://localhost:18763/_karma_webpack_/webpack:/node_modules/@angular/compiler/esm5/compiler.js:34393:1
	    at Object.then node_modules/@angular/compiler/esm5/compiler.js:475:33)
	    at JitCompiler.push../node_modules/@angular/compiler/esm5/compiler.js.JitCompiler._compileModuleAndAllComponents node_modules/@angular/compiler/esm5/compiler.js:34391:1)
Chrome 67.0.3396 (Mac OS X 10.13.3): Executed 5 of 14 (4 FAILED) (0 secs / 0.242 secs)
Chrome 67.0.3396 (Mac OS X 10.13.3) AppComponent should render title in a h1 tag FAILED
	'topnav' is not a known element:
	1. If 'topnav' is an Angular component, then verify that it is part of this module.
	2. To allow any element add 'NO_ERRORS_SCHEMA' to the '@NgModule.schemas' of this component. ("[ERROR ->]<topnav></topnav>    
	<div class="container">
		<div class="row">
	"): ng:///DynamicTestModule/AppComponent.html@0:0
	'router-outlet' is not a known element:
	1. If 'router-outlet' is an Angular component, then verify that it is part of this module.
	2. If 'router-outlet' is a Web Component then add 'CUSTOM_ELEMENTS_SCHEMA' to the '@NgModule.schemas' of this component to suppress this message. ("
		<div class="row">
			<div class="col-md-1"></div>
			[ERROR ->]<router-outlet></router-outlet>
			<div class="col-md-1"></div>
		</div>
	"): ng:///DynamicTestModule/AppComponent.html@4:2
	Error: Template parse errors:
	    at syntaxError node_modules/@angular/compiler/esm5/compiler.js:486:22)
	    at TemplateParser.push../node_modules/@angular/compiler/esm5/compiler.js.TemplateParser.parse node_modules/@angular/compiler/esm5/compiler.js:24674:1)
	    at JitCompiler.push../node_modules/@angular/compiler/esm5/compiler.js.JitCompiler._parseTemplate node_modules/@angular/compiler/esm5/compiler.js:34629:1)
	    at JitCompiler.push../node_modules/@angular/compiler/esm5/compiler.js.JitCompiler._compileTemplate node_modules/@angular/compiler/esm5/compiler.js:34604:1)
	    at http://localhost:18763/_karma_webpack_/webpack:/node_modules/@angular/compiler/esm5/compiler.js:34505:48
	    at Set.forEach (<anonymous>)
	    at JitCompiler.push../node_modules/@angular/compiler/esm5/compiler.js.JitCompiler._compileComponents node_modules/@angular/compiler/esm5/compiler.js:34505:1)
	    at http://localhost:18763/_karma_webpack_/webpack:/node_modules/@angular/compiler/esm5/compiler.js:34393:1
	    at Object.then node_modules/@angular/compiler/esm5/compiler.js:475:33)
	    at JitCompiler.push../node_modules/@angular/compiler/esm5/compiler.js.JitCompiler._compileModuleAndAllComponents node_modules/@angular/compiler/esm5/compiler.js:34391:1)
	'topnav' is not a known element:
	1. If 'topnav' is an Angular component, then verify that it is part of this module.
	2. To allow any element add 'NO_ERRORS_SCHEMA' to the '@NgModule.schemas' of this component. ("[ERROR ->]<topnav></topnav>    
	<div class="container">
		<div class="row">
	"): ng:///DynamicTestModule/AppComponent.html@0:0
	'router-outlet' is not a known element:
	1. If 'router-outlet' is an Angular component, then verify that it is part of this module.
	2. If 'router-outlet' is a Web Component then add 'CUSTOM_ELEMENTS_SCHEMA' to the '@NgModule.schemas' of this component to suppress this message. ("
		<div class="row">
			<div class="col-md-1"></div>
			[ERROR ->]<router-outlet></router-outlet>
			<div class="col-md-1"></div>
		</div>
	"): ng:///DynamicTestModule/AppComponent.html@4:2
	Error: Template parse errors:
	    at syntaxError node_modules/@angular/compiler/esm5/compiler.js:486:22)
	    at TemplateParser.push../node_modules/@angular/compiler/esm5/compiler.js.TemplateParser.parse node_modules/@angular/compiler/esm5/compiler.js:24674:1)
	    at JitCompiler.push../node_modules/@angular/compiler/esm5/compiler.js.JitCompiler._parseTemplate node_modules/@angular/compiler/esm5/compiler.js:34629:1)
	    at JitCompiler.push../node_modules/@angular/compiler/esm5/compiler.js.JitCompiler._compileTemplate node_modules/@angular/compiler/esm5/compiler.js:34604:1)
	    at http://localhost:18763/_karma_webpack_/webpack:/node_modules/@angular/compiler/esm5/compiler.js:34505:48
	    at Set.forEach (<anonymous>)
	    at JitCompiler.push../node_modules/@angular/compiler/esm5/compiler.js.JitCompiler._compileComponents node_modules/@angular/compiler/esm5/compiler.js:34505:1)
	    at http://localhost:18763/_karma_webpack_/webpack:/node_modules/@angular/compiler/esm5/compiler.js:34393:1
	    at Object.then node_modules/@angular/compiler/esm5/compiler.js:475:33)
	    at JitCompiler.push../node_modules/@angular/compiler/esm5/compiler.js.JitCompiler._compileModuleAndAllComponents node_modules/@angular/compiler/esm5/compiler.js:34391:1)
Chrome 67.0.3396 (Mac OS X 10.13.3) RecentActivitiesComponent should be created FAILED
	Error: StaticInjectorError(DynamicTestModule)[RecentActivitiesComponent -> RecentActivitiesService]: 
	  StaticInjectorError(Platform: core)[RecentActivitiesComponent -> RecentActivitiesService]: 
	    NullInjectorError: No provider for RecentActivitiesService!
	    at _NullInjector.push../node_modules/@angular/core/esm5/core.js._NullInjector.get node_modules/@angular/core/esm5/core.js:1003:1)
	    at resolveToken node_modules/@angular/core/esm5/core.js:1301:1)
	    at tryResolveToken node_modules/@angular/core/esm5/core.js:1243:1)
	    at StaticInjector.push../node_modules/@angular/core/esm5/core.js.StaticInjector.get node_modules/@angular/core/esm5/core.js:1111:1)
	    at resolveToken node_modules/@angular/core/esm5/core.js:1301:1)
	    at tryResolveToken node_modules/@angular/core/esm5/core.js:1243:1)
	    at StaticInjector.push../node_modules/@angular/core/esm5/core.js.StaticInjector.get node_modules/@angular/core/esm5/core.js:1111:1)
	    at resolveNgModuleDep node_modules/@angular/core/esm5/core.js:10896:1)
	    at NgModuleRef_.push../node_modules/@angular/core/esm5/core.js.NgModuleRef_.get node_modules/@angular/core/esm5/core.js:12129:1)
	    at resolveDep node_modules/@angular/core/esm5/core.js:12619:1)
	Expected undefined to be truthy.
	    at Object.<anonymous> src/app/components/recent-activities/recent-activities.component.spec.ts:23:23)
	    at ZoneDelegate../node_modules/zone.js/dist/zone.js.ZoneDelegate.invoke node_modules/zone.js/dist/zone.js:388:1)
	    at ProxyZoneSpec.push../node_modules/zone.js/dist/proxy.js.ProxyZoneSpec.onInvoke node_modules/zone.js/dist/proxy.js:128:1)
	    at ZoneDelegate../node_modules/zone.js/dist/zone.js.ZoneDelegate.invoke node_modules/zone.js/dist/zone.js:387:1)
[1A[2KChrome 67.0.3396 (Mac OS X 10.13.3) RecentActivitiesComponent should be created FAILED
	Error: StaticInjectorError(DynamicTestModule)[RecentActivitiesComponent -> RecentActivitiesService]: 
	  StaticInjectorError(Platform: core)[RecentActivitiesComponent -> RecentActivitiesService]: 
	    NullInjectorError: No provider for RecentActivitiesService!
	    at _NullInjector.push../node_modules/@angular/core/esm5/core.js._NullInjector.get node_modules/@angular/core/esm5/core.js:1003:1)
	    at resolveToken node_modules/@angular/core/esm5/core.js:1301:1)
	    at tryResolveToken node_modules/@angular/core/esm5/core.js:1243:1)
	    at StaticInjector.push../node_modules/@angular/core/esm5/core.js.StaticInjector.get node_modules/@angular/core/esm5/core.js:1111:1)
	    at resolveToken node_modules/@angular/core/esm5/core.js:1301:1)
	    at tryResolveToken node_modules/@angular/core/esm5/core.js:1243:1)
	    at StaticInjector.push../node_modules/@angular/core/esm5/core.js.StaticInjector.get node_modules/@angular/core/esm5/core.js:1111:1)
	    at resolveNgModuleDep node_modules/@angular/core/esm5/core.js:10896:1)
	    at NgModuleRef_.push../node_modules/@angular/core/esm5/core.js.NgModuleRef_.get node_modules/@angular/core/esm5/core.js:12129:1)
	    at resolveDep node_modules/@angular/core/esm5/core.js:12619:1)
	Expected undefined to be truthy.
	    at Object.<anonymous> src/app/components/recent-activities/recent-activities.component.spec.ts:23:23)
	    at ZoneDelegate../node_modules/zone.js/dist/zone.js.ZoneDelegate.invoke node_modules/zone.js/dist/zone.js:388:1)
	    at ProxyZoneSpec.push../node_modules/zone.js/dist/proxy.js.ProxyZoneSpec.onInvoke node_modules/zone.js/dist/proxy.js:128:1)
	    at ZoneDelegate../node_modules/zone.js/dist/zone.js.ZoneDelegate.invoke node_modules/zone.js/dist/zone.js:387:1)
Chrome 67.0.3396 (Mac OS X 10.13.3): Executed 6 of 14 (5 FAILED) (0 secs / 0.268 secs)
Chrome 67.0.3396 (Mac OS X 10.13.3) RecentActivitiesComponent should be created FAILED
	Error: StaticInjectorError(DynamicTestModule)[RecentActivitiesComponent -> RecentActivitiesService]: 
	  StaticInjectorError(Platform: core)[RecentActivitiesComponent -> RecentActivitiesService]: 
	    NullInjectorError: No provider for RecentActivitiesService!
	    at _NullInjector.push../node_modules/@angular/core/esm5/core.js._NullInjector.get node_modules/@angular/core/esm5/core.js:1003:1)
	    at resolveToken node_modules/@angular/core/esm5/core.js:1301:1)
	    at tryResolveToken node_modules/@angular/core/esm5/core.js:1243:1)
	    at StaticInjector.push../node_modules/@angular/core/esm5/core.js.StaticInjector.get node_modules/@angular/core/esm5/core.js:1111:1)
	    at resolveToken node_modules/@angular/core/esm5/core.js:1301:1)
	    at tryResolveToken node_modules/@angular/core/esm5/core.js:1243:1)
	    at StaticInjector.push../node_modules/@angular/core/esm5/core.js.StaticInjector.get node_modules/@angular/core/esm5/core.js:1111:1)
	    at resolveNgModuleDep node_modules/@angular/core/esm5/core.js:10896:1)
	    at NgModuleRef_.push../node_modules/@angular/core/esm5/core.js.NgModuleRef_.get node_modules/@angular/core/esm5/core.js:12129:1)
	    at resolveDep node_modules/@angular/core/esm5/core.js:12619:1)
	Expected undefined to be truthy.
	    at Object.<anonymous> src/app/components/recent-activities/recent-activities.component.spec.ts:23:23)
	    at ZoneDelegate../node_modules/zone.js/dist/zone.js.ZoneDelegate.invoke node_modules/zone.js/dist/zone.js:388:1)
	    at ProxyZoneSpec.push../node_modules/zone.js/dist/proxy.js.ProxyZoneSpec.onInvoke node_modules/zone.js/dist/proxy.js:128:1)
	    at ZoneDelegate../node_modules/zone.js/dist/zone.js.ZoneDelegate.invoke node_modules/zone.js/dist/zone.js:387:1)
Chrome 67.0.3396 (Mac OS X 10.13.3) TimerComponent should be created FAILED
	Error: StaticInjectorError(DynamicTestModule)[TimerComponent -> RecentActivitiesService]: 
	  StaticInjectorError(Platform: core)[TimerComponent -> RecentActivitiesService]: 
	    NullInjectorError: No provider for RecentActivitiesService!
	    at _NullInjector.push../node_modules/@angular/core/esm5/core.js._NullInjector.get node_modules/@angular/core/esm5/core.js:1003:1)
	    at resolveToken node_modules/@angular/core/esm5/core.js:1301:1)
	    at tryResolveToken node_modules/@angular/core/esm5/core.js:1243:1)
	    at StaticInjector.push../node_modules/@angular/core/esm5/core.js.StaticInjector.get node_modules/@angular/core/esm5/core.js:1111:1)
	    at resolveToken node_modules/@angular/core/esm5/core.js:1301:1)
	    at tryResolveToken node_modules/@angular/core/esm5/core.js:1243:1)
	    at StaticInjector.push../node_modules/@angular/core/esm5/core.js.StaticInjector.get node_modules/@angular/core/esm5/core.js:1111:1)
	    at resolveNgModuleDep node_modules/@angular/core/esm5/core.js:10896:1)
	    at NgModuleRef_.push../node_modules/@angular/core/esm5/core.js.NgModuleRef_.get node_modules/@angular/core/esm5/core.js:12129:1)
	    at resolveDep node_modules/@angular/core/esm5/core.js:12619:1)
	Expected undefined to be truthy.
	    at Object.<anonymous> src/app/components/timer/timer.component.spec.ts:23:23)
	    at ZoneDelegate../node_modules/zone.js/dist/zone.js.ZoneDelegate.invoke node_modules/zone.js/dist/zone.js:388:1)
	    at ProxyZoneSpec.push../node_modules/zone.js/dist/proxy.js.ProxyZoneSpec.onInvoke node_modules/zone.js/dist/proxy.js:128:1)
	    at ZoneDelegate../node_modules/zone.js/dist/zone.js.ZoneDelegate.invoke node_modules/zone.js/dist/zone.js:387:1)
[1A[2KChrome 67.0.3396 (Mac OS X 10.13.3) TimerComponent should be created FAILED
	Error: StaticInjectorError(DynamicTestModule)[TimerComponent -> RecentActivitiesService]: 
	  StaticInjectorError(Platform: core)[TimerComponent -> RecentActivitiesService]: 
	    NullInjectorError: No provider for RecentActivitiesService!
	    at _NullInjector.push../node_modules/@angular/core/esm5/core.js._NullInjector.get node_modules/@angular/core/esm5/core.js:1003:1)
	    at resolveToken node_modules/@angular/core/esm5/core.js:1301:1)
	    at tryResolveToken node_modules/@angular/core/esm5/core.js:1243:1)
	    at StaticInjector.push../node_modules/@angular/core/esm5/core.js.StaticInjector.get node_modules/@angular/core/esm5/core.js:1111:1)
	    at resolveToken node_modules/@angular/core/esm5/core.js:1301:1)
	    at tryResolveToken node_modules/@angular/core/esm5/core.js:1243:1)
	    at StaticInjector.push../node_modules/@angular/core/esm5/core.js.StaticInjector.get node_modules/@angular/core/esm5/core.js:1111:1)
	    at resolveNgModuleDep node_modules/@angular/core/esm5/core.js:10896:1)
	    at NgModuleRef_.push../node_modules/@angular/core/esm5/core.js.NgModuleRef_.get node_modules/@angular/core/esm5/core.js:12129:1)
	    at resolveDep node_modules/@angular/core/esm5/core.js:12619:1)
	Expected undefined to be truthy.
	    at Object.<anonymous> src/app/components/timer/timer.component.spec.ts:23:23)
	    at ZoneDelegate../node_modules/zone.js/dist/zone.js.ZoneDelegate.invoke node_modules/zone.js/dist/zone.js:388:1)
	    at ProxyZoneSpec.push../node_modules/zone.js/dist/proxy.js.ProxyZoneSpec.onInvoke node_modules/zone.js/dist/proxy.js:128:1)
	    at ZoneDelegate../node_modules/zone.js/dist/zone.js.ZoneDelegate.invoke node_modules/zone.js/dist/zone.js:387:1)
Chrome 67.0.3396 (Mac OS X 10.13.3): Executed 7 of 14 (6 FAILED) (0 secs / 0.282 secs)
Chrome 67.0.3396 (Mac OS X 10.13.3) TimerComponent should be created FAILED
	Error: StaticInjectorError(DynamicTestModule)[TimerComponent -> RecentActivitiesService]: 
	  StaticInjectorError(Platform: core)[TimerComponent -> RecentActivitiesService]: 
	    NullInjectorError: No provider for RecentActivitiesService!
	    at _NullInjector.push../node_modules/@angular/core/esm5/core.js._NullInjector.get node_modules/@angular/core/esm5/core.js:1003:1)
	    at resolveToken node_modules/@angular/core/esm5/core.js:1301:1)
	    at tryResolveToken node_modules/@angular/core/esm5/core.js:1243:1)
	    at StaticInjector.push../node_modules/@angular/core/esm5/core.js.StaticInjector.get node_modules/@angular/core/esm5/core.js:1111:1)
	    at resolveToken node_modules/@angular/core/esm5/core.js:1301:1)
	    at tryResolveToken node_modules/@angular/core/esm5/core.js:1243:1)
	    at StaticInjector.push../node_modules/@angular/core/esm5/core.js.StaticInjector.get node_modules/@angular/core/esm5/core.js:1111:1)
	    at resolveNgModuleDep node_modules/@angular/core/esm5/core.js:10896:1)
	    at NgModuleRef_.push../node_modules/@angular/core/esm5/core.js.NgModuleRef_.get node_modules/@angular/core/esm5/core.js:12129:1)
	    at resolveDep node_modules/@angular/core/esm5/core.js:12619:1)
	Expected undefined to be truthy.
	    at Object.<anonymous> src/app/components/timer/timer.component.spec.ts:23:23)
	    at ZoneDelegate../node_modules/zone.js/dist/zone.js.ZoneDelegate.invoke node_modules/zone.js/dist/zone.js:388:1)
	    at ProxyZoneSpec.push../node_modules/zone.js/dist/proxy.js.ProxyZoneSpec.onInvoke node_modules/zone.js/dist/proxy.js:128:1)
	    at ZoneDelegate../node_modules/zone.js/dist/zone.js.ZoneDelegate.invoke node_modules/zone.js/dist/zone.js:387:1)
Chrome 67.0.3396 (Mac OS X 10.13.3) TopnavComponent should be created FAILED
	Can't bind to 'collapse' since it isn't a known property of 'div'. ("ef="#">Activity Tracker</a>
			</div>
			<div id="navbar-collapse-1" class="collapse navbar-collapse" [ERROR ->][collapse]="isCollapsed">
				<ul class="nav navbar-nav">
					<li class="active">
	"): ng:///DynamicTestModule/TopnavComponent.html@14:63
	Error: Template parse errors:
	    at syntaxError node_modules/@angular/compiler/esm5/compiler.js:486:22)
	    at TemplateParser.push../node_modules/@angular/compiler/esm5/compiler.js.TemplateParser.parse node_modules/@angular/compiler/esm5/compiler.js:24674:1)
	    at JitCompiler.push../node_modules/@angular/compiler/esm5/compiler.js.JitCompiler._parseTemplate node_modules/@angular/compiler/esm5/compiler.js:34629:1)
	    at JitCompiler.push../node_modules/@angular/compiler/esm5/compiler.js.JitCompiler._compileTemplate node_modules/@angular/compiler/esm5/compiler.js:34604:1)
	    at http://localhost:18763/_karma_webpack_/webpack:/node_modules/@angular/compiler/esm5/compiler.js:34505:48
	    at Set.forEach (<anonymous>)
	    at JitCompiler.push../node_modules/@angular/compiler/esm5/compiler.js.JitCompiler._compileComponents node_modules/@angular/compiler/esm5/compiler.js:34505:1)
	    at http://localhost:18763/_karma_webpack_/webpack:/node_modules/@angular/compiler/esm5/compiler.js:34393:1
	    at Object.then node_modules/@angular/compiler/esm5/compiler.js:475:33)
	    at JitCompiler.push../node_modules/@angular/compiler/esm5/compiler.js.JitCompiler._compileModuleAndAllComponents node_modules/@angular/compiler/esm5/compiler.js:34391:1)
	Error: Template parse errors:
	Can't bind to 'collapse' since it isn't a known property of 'div'. ("ef="#">Activity Tracker</a>
			</div>
			<div id="navbar-collapse-1" class="collapse navbar-collapse" [ERROR ->][collapse]="isCollapsed">
				<ul class="nav navbar-nav">
					<li class="active">
	"): ng:///DynamicTestModule/TopnavComponent.html@14:63
	    at syntaxError node_modules/@angular/compiler/esm5/compiler.js:486:22)
	    at TemplateParser.push../node_modules/@angular/compiler/esm5/compiler.js.TemplateParser.parse node_modules/@angular/compiler/esm5/compiler.js:24674:1)
	    at JitCompiler.push../node_modules/@angular/compiler/esm5/compiler.js.JitCompiler._parseTemplate node_modules/@angular/compiler/esm5/compiler.js:34629:1)
	    at JitCompiler.push../node_modules/@angular/compiler/esm5/compiler.js.JitCompiler._compileTemplate node_modules/@angular/compiler/esm5/compiler.js:34604:1)
	    at http://localhost:18763/_karma_webpack_/webpack:/node_modules/@angular/compiler/esm5/compiler.js:34505:48
	    at Set.forEach (<anonymous>)
	    at JitCompiler.push../node_modules/@angular/compiler/esm5/compiler.js.JitCompiler._compileComponents node_modules/@angular/compiler/esm5/compiler.js:34505:1)
	    at http://localhost:18763/_karma_webpack_/webpack:/node_modules/@angular/compiler/esm5/compiler.js:34393:1
	    at Object.then node_modules/@angular/compiler/esm5/compiler.js:475:33)
	    at JitCompiler.push../node_modules/@angular/compiler/esm5/compiler.js.JitCompiler._compileModuleAndAllComponents node_modules/@angular/compiler/esm5/compiler.js:34391:1)
	Expected undefined to be truthy.
	    at Object.<anonymous> src/app/components/topnav/topnav.component.spec.ts:23:23)
	    at ZoneDelegate../node_modules/zone.js/dist/zone.js.ZoneDelegate.invoke node_modules/zone.js/dist/zone.js:388:1)
	    at ProxyZoneSpec.push../node_modules/zone.js/dist/proxy.js.ProxyZoneSpec.onInvoke node_modules/zone.js/dist/proxy.js:128:1)
	    at ZoneDelegate../node_modules/zone.js/dist/zone.js.ZoneDelegate.invoke node_modules/zone.js/dist/zone.js:387:1)
[1A[2KChrome 67.0.3396 (Mac OS X 10.13.3) TopnavComponent should be created FAILED
	Can't bind to 'collapse' since it isn't a known property of 'div'. ("ef="#">Activity Tracker</a>
			</div>
			<div id="navbar-collapse-1" class="collapse navbar-collapse" [ERROR ->][collapse]="isCollapsed">
				<ul class="nav navbar-nav">
					<li class="active">
	"): ng:///DynamicTestModule/TopnavComponent.html@14:63
	Error: Template parse errors:
	    at syntaxError node_modules/@angular/compiler/esm5/compiler.js:486:22)
	    at TemplateParser.push../node_modules/@angular/compiler/esm5/compiler.js.TemplateParser.parse node_modules/@angular/compiler/esm5/compiler.js:24674:1)
	    at JitCompiler.push../node_modules/@angular/compiler/esm5/compiler.js.JitCompiler._parseTemplate node_modules/@angular/compiler/esm5/compiler.js:34629:1)
	    at JitCompiler.push../node_modules/@angular/compiler/esm5/compiler.js.JitCompiler._compileTemplate node_modules/@angular/compiler/esm5/compiler.js:34604:1)
	    at http://localhost:18763/_karma_webpack_/webpack:/node_modules/@angular/compiler/esm5/compiler.js:34505:48
	    at Set.forEach (<anonymous>)
	    at JitCompiler.push../node_modules/@angular/compiler/esm5/compiler.js.JitCompiler._compileComponents node_modules/@angular/compiler/esm5/compiler.js:34505:1)
	    at http://localhost:18763/_karma_webpack_/webpack:/node_modules/@angular/compiler/esm5/compiler.js:34393:1
	    at Object.then node_modules/@angular/compiler/esm5/compiler.js:475:33)
	    at JitCompiler.push../node_modules/@angular/compiler/esm5/compiler.js.JitCompiler._compileModuleAndAllComponents node_modules/@angular/compiler/esm5/compiler.js:34391:1)
	Error: Template parse errors:
	Can't bind to 'collapse' since it isn't a known property of 'div'. ("ef="#">Activity Tracker</a>
			</div>
			<div id="navbar-collapse-1" class="collapse navbar-collapse" [ERROR ->][collapse]="isCollapsed">
				<ul class="nav navbar-nav">
					<li class="active">
	"): ng:///DynamicTestModule/TopnavComponent.html@14:63
	    at syntaxError node_modules/@angular/compiler/esm5/compiler.js:486:22)
	    at TemplateParser.push../node_modules/@angular/compiler/esm5/compiler.js.TemplateParser.parse node_modules/@angular/compiler/esm5/compiler.js:24674:1)
	    at JitCompiler.push../node_modules/@angular/compiler/esm5/compiler.js.JitCompiler._parseTemplate node_modules/@angular/compiler/esm5/compiler.js:34629:1)
	    at JitCompiler.push../node_modules/@angular/compiler/esm5/compiler.js.JitCompiler._compileTemplate node_modules/@angular/compiler/esm5/compiler.js:34604:1)
	    at http://localhost:18763/_karma_webpack_/webpack:/node_modules/@angular/compiler/esm5/compiler.js:34505:48
	    at Set.forEach (<anonymous>)
	    at JitCompiler.push../node_modules/@angular/compiler/esm5/compiler.js.JitCompiler._compileComponents node_modules/@angular/compiler/esm5/compiler.js:34505:1)
	    at http://localhost:18763/_karma_webpack_/webpack:/node_modules/@angular/compiler/esm5/compiler.js:34393:1
	    at Object.then node_modules/@angular/compiler/esm5/compiler.js:475:33)
	    at JitCompiler.push../node_modules/@angular/compiler/esm5/compiler.js.JitCompiler._compileModuleAndAllComponents node_modules/@angular/compiler/esm5/compiler.js:34391:1)
	Expected undefined to be truthy.
	    at Object.<anonymous> src/app/components/topnav/topnav.component.spec.ts:23:23)
	    at ZoneDelegate../node_modules/zone.js/dist/zone.js.ZoneDelegate.invoke node_modules/zone.js/dist/zone.js:388:1)
	    at ProxyZoneSpec.push../node_modules/zone.js/dist/proxy.js.ProxyZoneSpec.onInvoke node_modules/zone.js/dist/proxy.js:128:1)
	    at ZoneDelegate../node_modules/zone.js/dist/zone.js.ZoneDelegate.invoke node_modules/zone.js/dist/zone.js:387:1)
Chrome 67.0.3396 (Mac OS X 10.13.3): Executed 8 of 14 (7 FAILED) (0 secs / 0.295 secs)
Chrome 67.0.3396 (Mac OS X 10.13.3) TopnavComponent should be created FAILED
	Can't bind to 'collapse' since it isn't a known property of 'div'. ("ef="#">Activity Tracker</a>
			</div>
			<div id="navbar-collapse-1" class="collapse navbar-collapse" [ERROR ->][collapse]="isCollapsed">
				<ul class="nav navbar-nav">
					<li class="active">
	"): ng:///DynamicTestModule/TopnavComponent.html@14:63
	Error: Template parse errors:
	    at syntaxError node_modules/@angular/compiler/esm5/compiler.js:486:22)
	    at TemplateParser.push../node_modules/@angular/compiler/esm5/compiler.js.TemplateParser.parse node_modules/@angular/compiler/esm5/compiler.js:24674:1)
	    at JitCompiler.push../node_modules/@angular/compiler/esm5/compiler.js.JitCompiler._parseTemplate node_modules/@angular/compiler/esm5/compiler.js:34629:1)
	    at JitCompiler.push../node_modules/@angular/compiler/esm5/compiler.js.JitCompiler._compileTemplate node_modules/@angular/compiler/esm5/compiler.js:34604:1)
	    at http://localhost:18763/_karma_webpack_/webpack:/node_modules/@angular/compiler/esm5/compiler.js:34505:48
	    at Set.forEach (<anonymous>)
	    at JitCompiler.push../node_modules/@angular/compiler/esm5/compiler.js.JitCompiler._compileComponents node_modules/@angular/compiler/esm5/compiler.js:34505:1)
	    at http://localhost:18763/_karma_webpack_/webpack:/node_modules/@angular/compiler/esm5/compiler.js:34393:1
	    at Object.then node_modules/@angular/compiler/esm5/compiler.js:475:33)
	    at JitCompiler.push../node_modules/@angular/compiler/esm5/compiler.js.JitCompiler._compileModuleAndAllComponents node_modules/@angular/compiler/esm5/compiler.js:34391:1)
	Error: Template parse errors:
	Can't bind to 'collapse' since it isn't a known property of 'div'. ("ef="#">Activity Tracker</a>
			</div>
			<div id="navbar-collapse-1" class="collapse navbar-collapse" [ERROR ->][collapse]="isCollapsed">
				<ul class="nav navbar-nav">
					<li class="active">
	"): ng:///DynamicTestModule/TopnavComponent.html@14:63
	    at syntaxError node_modules/@angular/compiler/esm5/compiler.js:486:22)
	    at TemplateParser.push../node_modules/@angular/compiler/esm5/compiler.js.TemplateParser.parse node_modules/@angular/compiler/esm5/compiler.js:24674:1)
	    at JitCompiler.push../node_modules/@angular/compiler/esm5/compiler.js.JitCompiler._parseTemplate node_modules/@angular/compiler/esm5/compiler.js:34629:1)
	    at JitCompiler.push../node_modules/@angular/compiler/esm5/compiler.js.JitCompiler._compileTemplate node_modules/@angular/compiler/esm5/compiler.js:34604:1)
	    at http://localhost:18763/_karma_webpack_/webpack:/node_modules/@angular/compiler/esm5/compiler.js:34505:48
	    at Set.forEach (<anonymous>)
	    at JitCompiler.push../node_modules/@angular/compiler/esm5/compiler.js.JitCompiler._compileComponents node_modules/@angular/compiler/esm5/compiler.js:34505:1)
	    at http://localhost:18763/_karma_webpack_/webpack:/node_modules/@angular/compiler/esm5/compiler.js:34393:1
	    at Object.then node_modules/@angular/compiler/esm5/compiler.js:475:33)
	    at JitCompiler.push../node_modules/@angular/compiler/esm5/compiler.js.JitCompiler._compileModuleAndAllComponents node_modules/@angular/compiler/esm5/compiler.js:34391:1)
	Expected undefined to be truthy.
	    at Object.<anonymous> src/app/components/topnav/topnav.component.spec.ts:23:23)
	    at ZoneDelegate../node_modules/zone.js/dist/zone.js.ZoneDelegate.invoke node_modules/zone.js/dist/zone.js:388:1)
	    at ProxyZoneSpec.push../node_modules/zone.js/dist/proxy.js.ProxyZoneSpec.onInvoke node_modules/zone.js/dist/proxy.js:128:1)
	    at ZoneDelegate../node_modules/zone.js/dist/zone.js.ZoneDelegate.invoke node_modules/zone.js/dist/zone.js:387:1)
Chrome 67.0.3396 (Mac OS X 10.13.3) TrackerComponent should be created FAILED
	'activity-selector' is not a known element:
	1. If 'activity-selector' is an Angular component, then verify that it is part of this module.
	2. If 'activity-selector' is a Web Component then add 'CUSTOM_ELEMENTS_SCHEMA' to the '@NgModule.schemas' of this component to suppress this message. ("
	  <div class="row">
	    <div class="col-md-12">
	      [ERROR ->]<activity-selector>
	      </activity-selector>
	    </div>
	"): ng:///DynamicTestModule/TrackerComponent.html@3:6
	'timer' is not a known element:
	1. If 'timer' is an Angular component, then verify that it is part of this module.
	2. To allow any element add 'NO_ERRORS_SCHEMA' to the '@NgModule.schemas' of this component. ("
	  <div class="row">
	    <div class="col-md-12">
	      [ERROR ->]<timer class="text-center" (onTimerStopped)="onTimerStopped($event)"></timer>
	    </div>
	  </div>
	"): ng:///DynamicTestModule/TrackerComponent.html@9:6
	'recent-activities' is not a known element:
	1. If 'recent-activities' is an Angular component, then verify that it is part of this module.
	2. If 'recent-activities' is a Web Component then add 'CUSTOM_ELEMENTS_SCHEMA' to the '@NgModule.schemas' of this component to suppress this message. ("
	</main>
	<aside class="col-md-3">
	  [ERROR ->]<recent-activities></recent-activities>
	</aside>
	"): ng:///DynamicTestModule/TrackerComponent.html@14:2
	Error: Template parse errors:
	    at syntaxError node_modules/@angular/compiler/esm5/compiler.js:486:22)
	    at TemplateParser.push../node_modules/@angular/compiler/esm5/compiler.js.TemplateParser.parse node_modules/@angular/compiler/esm5/compiler.js:24674:1)
	    at JitCompiler.push../node_modules/@angular/compiler/esm5/compiler.js.JitCompiler._parseTemplate node_modules/@angular/compiler/esm5/compiler.js:34629:1)
	    at JitCompiler.push../node_modules/@angular/compiler/esm5/compiler.js.JitCompiler._compileTemplate node_modules/@angular/compiler/esm5/compiler.js:34604:1)
	    at http://localhost:18763/_karma_webpack_/webpack:/node_modules/@angular/compiler/esm5/compiler.js:34505:48
	    at Set.forEach (<anonymous>)
	    at JitCompiler.push../node_modules/@angular/compiler/esm5/compiler.js.JitCompiler._compileComponents node_modules/@angular/compiler/esm5/compiler.js:34505:1)
	    at http://localhost:18763/_karma_webpack_/webpack:/node_modules/@angular/compiler/esm5/compiler.js:34393:1
	    at Object.then node_modules/@angular/compiler/esm5/compiler.js:475:33)
	    at JitCompiler.push../node_modules/@angular/compiler/esm5/compiler.js.JitCompiler._compileModuleAndAllComponents node_modules/@angular/compiler/esm5/compiler.js:34391:1)
	Error: Template parse errors:
	'activity-selector' is not a known element:
	1. If 'activity-selector' is an Angular component, then verify that it is part of this module.
	2. If 'activity-selector' is a Web Component then add 'CUSTOM_ELEMENTS_SCHEMA' to the '@NgModule.schemas' of this component to suppress this message. ("
	  <div class="row">
	    <div class="col-md-12">
	      [ERROR ->]<activity-selector>
	      </activity-selector>
	    </div>
	"): ng:///DynamicTestModule/TrackerComponent.html@3:6
	'timer' is not a known element:
	1. If 'timer' is an Angular component, then verify that it is part of this module.
	2. To allow any element add 'NO_ERRORS_SCHEMA' to the '@NgModule.schemas' of this component. ("
	  <div class="row">
	    <div class="col-md-12">
	      [ERROR ->]<timer class="text-center" (onTimerStopped)="onTimerStopped($event)"></timer>
	    </div>
	  </div>
	"): ng:///DynamicTestModule/TrackerComponent.html@9:6
	'recent-activities' is not a known element:
	1. If 'recent-activities' is an Angular component, then verify that it is part of this module.
	2. If 'recent-activities' is a Web Component then add 'CUSTOM_ELEMENTS_SCHEMA' to the '@NgModule.schemas' of this component to suppress this message. ("
	</main>
	<aside class="col-md-3">
	  [ERROR ->]<recent-activities></recent-activities>
	</aside>
	"): ng:///DynamicTestModule/TrackerComponent.html@14:2
	    at syntaxError node_modules/@angular/compiler/esm5/compiler.js:486:22)
	    at TemplateParser.push../node_modules/@angular/compiler/esm5/compiler.js.TemplateParser.parse node_modules/@angular/compiler/esm5/compiler.js:24674:1)
	    at JitCompiler.push../node_modules/@angular/compiler/esm5/compiler.js.JitCompiler._parseTemplate node_modules/@angular/compiler/esm5/compiler.js:34629:1)
	    at JitCompiler.push../node_modules/@angular/compiler/esm5/compiler.js.JitCompiler._compileTemplate node_modules/@angular/compiler/esm5/compiler.js:34604:1)
	    at http://localhost:18763/_karma_webpack_/webpack:/node_modules/@angular/compiler/esm5/compiler.js:34505:48
	    at Set.forEach (<anonymous>)
	    at JitCompiler.push../node_modules/@angular/compiler/esm5/compiler.js.JitCompiler._compileComponents node_modules/@angular/compiler/esm5/compiler.js:34505:1)
	    at http://localhost:18763/_karma_webpack_/webpack:/node_modules/@angular/compiler/esm5/compiler.js:34393:1
	    at Object.then node_modules/@angular/compiler/esm5/compiler.js:475:33)
	    at JitCompiler.push../node_modules/@angular/compiler/esm5/compiler.js.JitCompiler._compileModuleAndAllComponents node_modules/@angular/compiler/esm5/compiler.js:34391:1)
	Expected undefined to be truthy.
	    at Object.<anonymous> src/app/components/tracker/tracker.component.spec.ts:23:23)
	    at ZoneDelegate../node_modules/zone.js/dist/zone.js.ZoneDelegate.invoke node_modules/zone.js/dist/zone.js:388:1)
	    at ProxyZoneSpec.push../node_modules/zone.js/dist/proxy.js.ProxyZoneSpec.onInvoke node_modules/zone.js/dist/proxy.js:128:1)
	    at ZoneDelegate../node_modules/zone.js/dist/zone.js.ZoneDelegate.invoke node_modules/zone.js/dist/zone.js:387:1)
[1A[2KChrome 67.0.3396 (Mac OS X 10.13.3) TrackerComponent should be created FAILED
	'activity-selector' is not a known element:
	1. If 'activity-selector' is an Angular component, then verify that it is part of this module.
	2. If 'activity-selector' is a Web Component then add 'CUSTOM_ELEMENTS_SCHEMA' to the '@NgModule.schemas' of this component to suppress this message. ("
	  <div class="row">
	    <div class="col-md-12">
	      [ERROR ->]<activity-selector>
	      </activity-selector>
	    </div>
	"): ng:///DynamicTestModule/TrackerComponent.html@3:6
	'timer' is not a known element:
	1. If 'timer' is an Angular component, then verify that it is part of this module.
	2. To allow any element add 'NO_ERRORS_SCHEMA' to the '@NgModule.schemas' of this component. ("
	  <div class="row">
	    <div class="col-md-12">
	      [ERROR ->]<timer class="text-center" (onTimerStopped)="onTimerStopped($event)"></timer>
	    </div>
	  </div>
	"): ng:///DynamicTestModule/TrackerComponent.html@9:6
	'recent-activities' is not a known element:
	1. If 'recent-activities' is an Angular component, then verify that it is part of this module.
	2. If 'recent-activities' is a Web Component then add 'CUSTOM_ELEMENTS_SCHEMA' to the '@NgModule.schemas' of this component to suppress this message. ("
	</main>
	<aside class="col-md-3">
	  [ERROR ->]<recent-activities></recent-activities>
	</aside>
	"): ng:///DynamicTestModule/TrackerComponent.html@14:2
	Error: Template parse errors:
	    at syntaxError node_modules/@angular/compiler/esm5/compiler.js:486:22)
	    at TemplateParser.push../node_modules/@angular/compiler/esm5/compiler.js.TemplateParser.parse node_modules/@angular/compiler/esm5/compiler.js:24674:1)
	    at JitCompiler.push../node_modules/@angular/compiler/esm5/compiler.js.JitCompiler._parseTemplate node_modules/@angular/compiler/esm5/compiler.js:34629:1)
	    at JitCompiler.push../node_modules/@angular/compiler/esm5/compiler.js.JitCompiler._compileTemplate node_modules/@angular/compiler/esm5/compiler.js:34604:1)
	    at http://localhost:18763/_karma_webpack_/webpack:/node_modules/@angular/compiler/esm5/compiler.js:34505:48
	    at Set.forEach (<anonymous>)
	    at JitCompiler.push../node_modules/@angular/compiler/esm5/compiler.js.JitCompiler._compileComponents node_modules/@angular/compiler/esm5/compiler.js:34505:1)
	    at http://localhost:18763/_karma_webpack_/webpack:/node_modules/@angular/compiler/esm5/compiler.js:34393:1
	    at Object.then node_modules/@angular/compiler/esm5/compiler.js:475:33)
	    at JitCompiler.push../node_modules/@angular/compiler/esm5/compiler.js.JitCompiler._compileModuleAndAllComponents node_modules/@angular/compiler/esm5/compiler.js:34391:1)
	Error: Template parse errors:
	'activity-selector' is not a known element:
	1. If 'activity-selector' is an Angular component, then verify that it is part of this module.
	2. If 'activity-selector' is a Web Component then add 'CUSTOM_ELEMENTS_SCHEMA' to the '@NgModule.schemas' of this component to suppress this message. ("
	  <div class="row">
	    <div class="col-md-12">
	      [ERROR ->]<activity-selector>
	      </activity-selector>
	    </div>
	"): ng:///DynamicTestModule/TrackerComponent.html@3:6
	'timer' is not a known element:
	1. If 'timer' is an Angular component, then verify that it is part of this module.
	2. To allow any element add 'NO_ERRORS_SCHEMA' to the '@NgModule.schemas' of this component. ("
	  <div class="row">
	    <div class="col-md-12">
	      [ERROR ->]<timer class="text-center" (onTimerStopped)="onTimerStopped($event)"></timer>
	    </div>
	  </div>
	"): ng:///DynamicTestModule/TrackerComponent.html@9:6
	'recent-activities' is not a known element:
	1. If 'recent-activities' is an Angular component, then verify that it is part of this module.
	2. If 'recent-activities' is a Web Component then add 'CUSTOM_ELEMENTS_SCHEMA' to the '@NgModule.schemas' of this component to suppress this message. ("
	</main>
	<aside class="col-md-3">
	  [ERROR ->]<recent-activities></recent-activities>
	</aside>
	"): ng:///DynamicTestModule/TrackerComponent.html@14:2
	    at syntaxError node_modules/@angular/compiler/esm5/compiler.js:486:22)
	    at TemplateParser.push../node_modules/@angular/compiler/esm5/compiler.js.TemplateParser.parse node_modules/@angular/compiler/esm5/compiler.js:24674:1)
	    at JitCompiler.push../node_modules/@angular/compiler/esm5/compiler.js.JitCompiler._parseTemplate node_modules/@angular/compiler/esm5/compiler.js:34629:1)
	    at JitCompiler.push../node_modules/@angular/compiler/esm5/compiler.js.JitCompiler._compileTemplate node_modules/@angular/compiler/esm5/compiler.js:34604:1)
	    at http://localhost:18763/_karma_webpack_/webpack:/node_modules/@angular/compiler/esm5/compiler.js:34505:48
	    at Set.forEach (<anonymous>)
	    at JitCompiler.push../node_modules/@angular/compiler/esm5/compiler.js.JitCompiler._compileComponents node_modules/@angular/compiler/esm5/compiler.js:34505:1)
	    at http://localhost:18763/_karma_webpack_/webpack:/node_modules/@angular/compiler/esm5/compiler.js:34393:1
	    at Object.then node_modules/@angular/compiler/esm5/compiler.js:475:33)
	    at JitCompiler.push../node_modules/@angular/compiler/esm5/compiler.js.JitCompiler._compileModuleAndAllComponents node_modules/@angular/compiler/esm5/compiler.js:34391:1)
	Expected undefined to be truthy.
	    at Object.<anonymous> src/app/components/tracker/tracker.component.spec.ts:23:23)
	    at ZoneDelegate../node_modules/zone.js/dist/zone.js.ZoneDelegate.invoke node_modules/zone.js/dist/zone.js:388:1)
	    at ProxyZoneSpec.push../node_modules/zone.js/dist/proxy.js.ProxyZoneSpec.onInvoke node_modules/zone.js/dist/proxy.js:128:1)
	    at ZoneDelegate../node_modules/zone.js/dist/zone.js.ZoneDelegate.invoke node_modules/zone.js/dist/zone.js:387:1)
Chrome 67.0.3396 (Mac OS X 10.13.3): Executed 9 of 14 (8 FAILED) (0 secs / 0.309 secs)
Chrome 67.0.3396 (Mac OS X 10.13.3) TrackerComponent should be created FAILED
	'activity-selector' is not a known element:
	1. If 'activity-selector' is an Angular component, then verify that it is part of this module.
	2. If 'activity-selector' is a Web Component then add 'CUSTOM_ELEMENTS_SCHEMA' to the '@NgModule.schemas' of this component to suppress this message. ("
	  <div class="row">
	    <div class="col-md-12">
	      [ERROR ->]<activity-selector>
	      </activity-selector>
	    </div>
	"): ng:///DynamicTestModule/TrackerComponent.html@3:6
	'timer' is not a known element:
	1. If 'timer' is an Angular component, then verify that it is part of this module.
	2. To allow any element add 'NO_ERRORS_SCHEMA' to the '@NgModule.schemas' of this component. ("
	  <div class="row">
	    <div class="col-md-12">
	      [ERROR ->]<timer class="text-center" (onTimerStopped)="onTimerStopped($event)"></timer>
	    </div>
	  </div>
	"): ng:///DynamicTestModule/TrackerComponent.html@9:6
	'recent-activities' is not a known element:
	1. If 'recent-activities' is an Angular component, then verify that it is part of this module.
	2. If 'recent-activities' is a Web Component then add 'CUSTOM_ELEMENTS_SCHEMA' to the '@NgModule.schemas' of this component to suppress this message. ("
	</main>
	<aside class="col-md-3">
	  [ERROR ->]<recent-activities></recent-activities>
	</aside>
	"): ng:///DynamicTestModule/TrackerComponent.html@14:2
	Error: Template parse errors:
	    at syntaxError node_modules/@angular/compiler/esm5/compiler.js:486:22)
	    at TemplateParser.push../node_modules/@angular/compiler/esm5/compiler.js.TemplateParser.parse node_modules/@angular/compiler/esm5/compiler.js:24674:1)
	    at JitCompiler.push../node_modules/@angular/compiler/esm5/compiler.js.JitCompiler._parseTemplate node_modules/@angular/compiler/esm5/compiler.js:34629:1)
	    at JitCompiler.push../node_modules/@angular/compiler/esm5/compiler.js.JitCompiler._compileTemplate node_modules/@angular/compiler/esm5/compiler.js:34604:1)
	    at http://localhost:18763/_karma_webpack_/webpack:/node_modules/@angular/compiler/esm5/compiler.js:34505:48
	    at Set.forEach (<anonymous>)
	    at JitCompiler.push../node_modules/@angular/compiler/esm5/compiler.js.JitCompiler._compileComponents node_modules/@angular/compiler/esm5/compiler.js:34505:1)
	    at http://localhost:18763/_karma_webpack_/webpack:/node_modules/@angular/compiler/esm5/compiler.js:34393:1
	    at Object.then node_modules/@angular/compiler/esm5/compiler.js:475:33)
	    at JitCompiler.push../node_modules/@angular/compiler/esm5/compiler.js.JitCompiler._compileModuleAndAllComponents node_modules/@angular/compiler/esm5/compiler.js:34391:1)
	Error: Template parse errors:
	'activity-selector' is not a known element:
	1. If 'activity-selector' is an Angular component, then verify that it is part of this module.
	2. If 'activity-selector' is a Web Component then add 'CUSTOM_ELEMENTS_SCHEMA' to the '@NgModule.schemas' of this component to suppress this message. ("
	  <div class="row">
	    <div class="col-md-12">
	      [ERROR ->]<activity-selector>
	      </activity-selector>
	    </div>
	"): ng:///DynamicTestModule/TrackerComponent.html@3:6
	'timer' is not a known element:
	1. If 'timer' is an Angular component, then verify that it is part of this module.
	2. To allow any element add 'NO_ERRORS_SCHEMA' to the '@NgModule.schemas' of this component. ("
	  <div class="row">
	    <div class="col-md-12">
	      [ERROR ->]<timer class="text-center" (onTimerStopped)="onTimerStopped($event)"></timer>
	    </div>
	  </div>
	"): ng:///DynamicTestModule/TrackerComponent.html@9:6
	'recent-activities' is not a known element:
	1. If 'recent-activities' is an Angular component, then verify that it is part of this module.
	2. If 'recent-activities' is a Web Component then add 'CUSTOM_ELEMENTS_SCHEMA' to the '@NgModule.schemas' of this component to suppress this message. ("
	</main>
	<aside class="col-md-3">
	  [ERROR ->]<recent-activities></recent-activities>
	</aside>
	"): ng:///DynamicTestModule/TrackerComponent.html@14:2
	    at syntaxError node_modules/@angular/compiler/esm5/compiler.js:486:22)
	    at TemplateParser.push../node_modules/@angular/compiler/esm5/compiler.js.TemplateParser.parse node_modules/@angular/compiler/esm5/compiler.js:24674:1)
	    at JitCompiler.push../node_modules/@angular/compiler/esm5/compiler.js.JitCompiler._parseTemplate node_modules/@angular/compiler/esm5/compiler.js:34629:1)
	    at JitCompiler.push../node_modules/@angular/compiler/esm5/compiler.js.JitCompiler._compileTemplate node_modules/@angular/compiler/esm5/compiler.js:34604:1)
	    at http://localhost:18763/_karma_webpack_/webpack:/node_modules/@angular/compiler/esm5/compiler.js:34505:48
	    at Set.forEach (<anonymous>)
	    at JitCompiler.push../node_modules/@angular/compiler/esm5/compiler.js.JitCompiler._compileComponents node_modules/@angular/compiler/esm5/compiler.js:34505:1)
	    at http://localhost:18763/_karma_webpack_/webpack:/node_modules/@angular/compiler/esm5/compiler.js:34393:1
	    at Object.then node_modules/@angular/compiler/esm5/compiler.js:475:33)
	    at JitCompiler.push../node_modules/@angular/compiler/esm5/compiler.js.JitCompiler._compileModuleAndAllComponents node_modules/@angular/compiler/esm5/compiler.js:34391:1)
	Expected undefined to be truthy.
	    at Object.<anonymous> src/app/components/tracker/tracker.component.spec.ts:23:23)
	    at ZoneDelegate../node_modules/zone.js/dist/zone.js.ZoneDelegate.invoke node_modules/zone.js/dist/zone.js:388:1)
	    at ProxyZoneSpec.push../node_modules/zone.js/dist/proxy.js.ProxyZoneSpec.onInvoke node_modules/zone.js/dist/proxy.js:128:1)
	    at ZoneDelegate../node_modules/zone.js/dist/zone.js.ZoneDelegate.invoke node_modules/zone.js/dist/zone.js:387:1)
Chrome 67.0.3396 (Mac OS X 10.13.3) UserLoginComponent should create FAILED
	Can't bind to 'ngModel' since it isn't a known property of 'input'. (">
	  <div class="form-group">
	    <input name="username" class="form-control" placeholder="Username" [ERROR ->][(ngModel)]="data.username">
	  </div>
	  <div class="form-group">
	"): ng:///DynamicTestModule/UserLoginComponent.html@2:71
	Can't bind to 'ngModel' since it isn't a known property of 'input'. ("form-group">
	    <input name="password" type="password" placeholder="Password" class="form-control" [ERROR ->][(ngModel)]="data.password">
	  </div>
	  <button class="btn btn-primary center-block" [mat-dialog-clos"): ng:///DynamicTestModule/UserLoginComponent.html@5:87
	Can't bind to 'mat-dialog-close' since it isn't a known property of 'button'. (""form-control" [(ngModel)]="data.password">
	  </div>
	  <button class="btn btn-primary center-block" [ERROR ->][mat-dialog-close]="data">Login</button>
	</form>"): ng:///DynamicTestModule/UserLoginComponent.html@7:47
	Error: Template parse errors:
	    at syntaxError node_modules/@angular/compiler/esm5/compiler.js:486:22)
	    at TemplateParser.push../node_modules/@angular/compiler/esm5/compiler.js.TemplateParser.parse node_modules/@angular/compiler/esm5/compiler.js:24674:1)
	    at JitCompiler.push../node_modules/@angular/compiler/esm5/compiler.js.JitCompiler._parseTemplate node_modules/@angular/compiler/esm5/compiler.js:34629:1)
	    at JitCompiler.push../node_modules/@angular/compiler/esm5/compiler.js.JitCompiler._compileTemplate node_modules/@angular/compiler/esm5/compiler.js:34604:1)
	    at http://localhost:18763/_karma_webpack_/webpack:/node_modules/@angular/compiler/esm5/compiler.js:34505:48
	    at Set.forEach (<anonymous>)
	    at JitCompiler.push../node_modules/@angular/compiler/esm5/compiler.js.JitCompiler._compileComponents node_modules/@angular/compiler/esm5/compiler.js:34505:1)
	    at http://localhost:18763/_karma_webpack_/webpack:/node_modules/@angular/compiler/esm5/compiler.js:34393:1
	    at Object.then node_modules/@angular/compiler/esm5/compiler.js:475:33)
	    at JitCompiler.push../node_modules/@angular/compiler/esm5/compiler.js.JitCompiler._compileModuleAndAllComponents node_modules/@angular/compiler/esm5/compiler.js:34391:1)
	Error: Template parse errors:
	Can't bind to 'ngModel' since it isn't a known property of 'input'. (">
	  <div class="form-group">
	    <input name="username" class="form-control" placeholder="Username" [ERROR ->][(ngModel)]="data.username">
	  </div>
	  <div class="form-group">
	"): ng:///DynamicTestModule/UserLoginComponent.html@2:71
	Can't bind to 'ngModel' since it isn't a known property of 'input'. ("form-group">
	    <input name="password" type="password" placeholder="Password" class="form-control" [ERROR ->][(ngModel)]="data.password">
	  </div>
	  <button class="btn btn-primary center-block" [mat-dialog-clos"): ng:///DynamicTestModule/UserLoginComponent.html@5:87
	Can't bind to 'mat-dialog-close' since it isn't a known property of 'button'. (""form-control" [(ngModel)]="data.password">
	  </div>
	  <button class="btn btn-primary center-block" [ERROR ->][mat-dialog-close]="data">Login</button>
	</form>"): ng:///DynamicTestModule/UserLoginComponent.html@7:47
	    at syntaxError node_modules/@angular/compiler/esm5/compiler.js:486:22)
	    at TemplateParser.push../node_modules/@angular/compiler/esm5/compiler.js.TemplateParser.parse node_modules/@angular/compiler/esm5/compiler.js:24674:1)
	    at JitCompiler.push../node_modules/@angular/compiler/esm5/compiler.js.JitCompiler._parseTemplate node_modules/@angular/compiler/esm5/compiler.js:34629:1)
	    at JitCompiler.push../node_modules/@angular/compiler/esm5/compiler.js.JitCompiler._compileTemplate node_modules/@angular/compiler/esm5/compiler.js:34604:1)
	    at http://localhost:18763/_karma_webpack_/webpack:/node_modules/@angular/compiler/esm5/compiler.js:34505:48
	    at Set.forEach (<anonymous>)
	    at JitCompiler.push../node_modules/@angular/compiler/esm5/compiler.js.JitCompiler._compileComponents node_modules/@angular/compiler/esm5/compiler.js:34505:1)
	    at http://localhost:18763/_karma_webpack_/webpack:/node_modules/@angular/compiler/esm5/compiler.js:34393:1
	    at Object.then node_modules/@angular/compiler/esm5/compiler.js:475:33)
	    at JitCompiler.push../node_modules/@angular/compiler/esm5/compiler.js.JitCompiler._compileModuleAndAllComponents node_modules/@angular/compiler/esm5/compiler.js:34391:1)
	Expected undefined to be truthy.
	    at Object.<anonymous> src/app/components/user-login/user-login.component.spec.ts:23:23)
	    at ZoneDelegate../node_modules/zone.js/dist/zone.js.ZoneDelegate.invoke node_modules/zone.js/dist/zone.js:388:1)
	    at ProxyZoneSpec.push../node_modules/zone.js/dist/proxy.js.ProxyZoneSpec.onInvoke node_modules/zone.js/dist/proxy.js:128:1)
	    at ZoneDelegate../node_modules/zone.js/dist/zone.js.ZoneDelegate.invoke node_modules/zone.js/dist/zone.js:387:1)
[1A[2KChrome 67.0.3396 (Mac OS X 10.13.3) UserLoginComponent should create FAILED
	Can't bind to 'ngModel' since it isn't a known property of 'input'. (">
	  <div class="form-group">
	    <input name="username" class="form-control" placeholder="Username" [ERROR ->][(ngModel)]="data.username">
	  </div>
	  <div class="form-group">
	"): ng:///DynamicTestModule/UserLoginComponent.html@2:71
	Can't bind to 'ngModel' since it isn't a known property of 'input'. ("form-group">
	    <input name="password" type="password" placeholder="Password" class="form-control" [ERROR ->][(ngModel)]="data.password">
	  </div>
	  <button class="btn btn-primary center-block" [mat-dialog-clos"): ng:///DynamicTestModule/UserLoginComponent.html@5:87
	Can't bind to 'mat-dialog-close' since it isn't a known property of 'button'. (""form-control" [(ngModel)]="data.password">
	  </div>
	  <button class="btn btn-primary center-block" [ERROR ->][mat-dialog-close]="data">Login</button>
	</form>"): ng:///DynamicTestModule/UserLoginComponent.html@7:47
	Error: Template parse errors:
	    at syntaxError node_modules/@angular/compiler/esm5/compiler.js:486:22)
	    at TemplateParser.push../node_modules/@angular/compiler/esm5/compiler.js.TemplateParser.parse node_modules/@angular/compiler/esm5/compiler.js:24674:1)
	    at JitCompiler.push../node_modules/@angular/compiler/esm5/compiler.js.JitCompiler._parseTemplate node_modules/@angular/compiler/esm5/compiler.js:34629:1)
	    at JitCompiler.push../node_modules/@angular/compiler/esm5/compiler.js.JitCompiler._compileTemplate node_modules/@angular/compiler/esm5/compiler.js:34604:1)
	    at http://localhost:18763/_karma_webpack_/webpack:/node_modules/@angular/compiler/esm5/compiler.js:34505:48
	    at Set.forEach (<anonymous>)
	    at JitCompiler.push../node_modules/@angular/compiler/esm5/compiler.js.JitCompiler._compileComponents node_modules/@angular/compiler/esm5/compiler.js:34505:1)
	    at http://localhost:18763/_karma_webpack_/webpack:/node_modules/@angular/compiler/esm5/compiler.js:34393:1
	    at Object.then node_modules/@angular/compiler/esm5/compiler.js:475:33)
	    at JitCompiler.push../node_modules/@angular/compiler/esm5/compiler.js.JitCompiler._compileModuleAndAllComponents node_modules/@angular/compiler/esm5/compiler.js:34391:1)
	Error: Template parse errors:
	Can't bind to 'ngModel' since it isn't a known property of 'input'. (">
	  <div class="form-group">
	    <input name="username" class="form-control" placeholder="Username" [ERROR ->][(ngModel)]="data.username">
	  </div>
	  <div class="form-group">
	"): ng:///DynamicTestModule/UserLoginComponent.html@2:71
	Can't bind to 'ngModel' since it isn't a known property of 'input'. ("form-group">
	    <input name="password" type="password" placeholder="Password" class="form-control" [ERROR ->][(ngModel)]="data.password">
	  </div>
	  <button class="btn btn-primary center-block" [mat-dialog-clos"): ng:///DynamicTestModule/UserLoginComponent.html@5:87
	Can't bind to 'mat-dialog-close' since it isn't a known property of 'button'. (""form-control" [(ngModel)]="data.password">
	  </div>
	  <button class="btn btn-primary center-block" [ERROR ->][mat-dialog-close]="data">Login</button>
	</form>"): ng:///DynamicTestModule/UserLoginComponent.html@7:47
	    at syntaxError node_modules/@angular/compiler/esm5/compiler.js:486:22)
	    at TemplateParser.push../node_modules/@angular/compiler/esm5/compiler.js.TemplateParser.parse node_modules/@angular/compiler/esm5/compiler.js:24674:1)
	    at JitCompiler.push../node_modules/@angular/compiler/esm5/compiler.js.JitCompiler._parseTemplate node_modules/@angular/compiler/esm5/compiler.js:34629:1)
	    at JitCompiler.push../node_modules/@angular/compiler/esm5/compiler.js.JitCompiler._compileTemplate node_modules/@angular/compiler/esm5/compiler.js:34604:1)
	    at http://localhost:18763/_karma_webpack_/webpack:/node_modules/@angular/compiler/esm5/compiler.js:34505:48
	    at Set.forEach (<anonymous>)
	    at JitCompiler.push../node_modules/@angular/compiler/esm5/compiler.js.JitCompiler._compileComponents node_modules/@angular/compiler/esm5/compiler.js:34505:1)
	    at http://localhost:18763/_karma_webpack_/webpack:/node_modules/@angular/compiler/esm5/compiler.js:34393:1
	    at Object.then node_modules/@angular/compiler/esm5/compiler.js:475:33)
	    at JitCompiler.push../node_modules/@angular/compiler/esm5/compiler.js.JitCompiler._compileModuleAndAllComponents node_modules/@angular/compiler/esm5/compiler.js:34391:1)
	Expected undefined to be truthy.
	    at Object.<anonymous> src/app/components/user-login/user-login.component.spec.ts:23:23)
	    at ZoneDelegate../node_modules/zone.js/dist/zone.js.ZoneDelegate.invoke node_modules/zone.js/dist/zone.js:388:1)
	    at ProxyZoneSpec.push../node_modules/zone.js/dist/proxy.js.ProxyZoneSpec.onInvoke node_modules/zone.js/dist/proxy.js:128:1)
	    at ZoneDelegate../node_modules/zone.js/dist/zone.js.ZoneDelegate.invoke node_modules/zone.js/dist/zone.js:387:1)
Chrome 67.0.3396 (Mac OS X 10.13.3): Executed 10 of 14 (9 FAILED) (0 secs / 0.318 secs)
Chrome 67.0.3396 (Mac OS X 10.13.3) UserLoginComponent should create FAILED
	Can't bind to 'ngModel' since it isn't a known property of 'input'. (">
	  <div class="form-group">
	    <input name="username" class="form-control" placeholder="Username" [ERROR ->][(ngModel)]="data.username">
	  </div>
	  <div class="form-group">
	"): ng:///DynamicTestModule/UserLoginComponent.html@2:71
	Can't bind to 'ngModel' since it isn't a known property of 'input'. ("form-group">
	    <input name="password" type="password" placeholder="Password" class="form-control" [ERROR ->][(ngModel)]="data.password">
	  </div>
	  <button class="btn btn-primary center-block" [mat-dialog-clos"): ng:///DynamicTestModule/UserLoginComponent.html@5:87
	Can't bind to 'mat-dialog-close' since it isn't a known property of 'button'. (""form-control" [(ngModel)]="data.password">
	  </div>
	  <button class="btn btn-primary center-block" [ERROR ->][mat-dialog-close]="data">Login</button>
	</form>"): ng:///DynamicTestModule/UserLoginComponent.html@7:47
	Error: Template parse errors:
	    at syntaxError node_modules/@angular/compiler/esm5/compiler.js:486:22)
	    at TemplateParser.push../node_modules/@angular/compiler/esm5/compiler.js.TemplateParser.parse node_modules/@angular/compiler/esm5/compiler.js:24674:1)
	    at JitCompiler.push../node_modules/@angular/compiler/esm5/compiler.js.JitCompiler._parseTemplate node_modules/@angular/compiler/esm5/compiler.js:34629:1)
	    at JitCompiler.push../node_modules/@angular/compiler/esm5/compiler.js.JitCompiler._compileTemplate node_modules/@angular/compiler/esm5/compiler.js:34604:1)
	    at http://localhost:18763/_karma_webpack_/webpack:/node_modules/@angular/compiler/esm5/compiler.js:34505:48
	    at Set.forEach (<anonymous>)
	    at JitCompiler.push../node_modules/@angular/compiler/esm5/compiler.js.JitCompiler._compileComponents node_modules/@angular/compiler/esm5/compiler.js:34505:1)
	    at http://localhost:18763/_karma_webpack_/webpack:/node_modules/@angular/compiler/esm5/compiler.js:34393:1
	    at Object.then node_modules/@angular/compiler/esm5/compiler.js:475:33)
	    at JitCompiler.push../node_modules/@angular/compiler/esm5/compiler.js.JitCompiler._compileModuleAndAllComponents node_modules/@angular/compiler/esm5/compiler.js:34391:1)
	Error: Template parse errors:
	Can't bind to 'ngModel' since it isn't a known property of 'input'. (">
	  <div class="form-group">
	    <input name="username" class="form-control" placeholder="Username" [ERROR ->][(ngModel)]="data.username">
	  </div>
	  <div class="form-group">
	"): ng:///DynamicTestModule/UserLoginComponent.html@2:71
	Can't bind to 'ngModel' since it isn't a known property of 'input'. ("form-group">
	    <input name="password" type="password" placeholder="Password" class="form-control" [ERROR ->][(ngModel)]="data.password">
	  </div>
	  <button class="btn btn-primary center-block" [mat-dialog-clos"): ng:///DynamicTestModule/UserLoginComponent.html@5:87
	Can't bind to 'mat-dialog-close' since it isn't a known property of 'button'. (""form-control" [(ngModel)]="data.password">
	  </div>
	  <button class="btn btn-primary center-block" [ERROR ->][mat-dialog-close]="data">Login</button>
	</form>"): ng:///DynamicTestModule/UserLoginComponent.html@7:47
	    at syntaxError node_modules/@angular/compiler/esm5/compiler.js:486:22)
	    at TemplateParser.push../node_modules/@angular/compiler/esm5/compiler.js.TemplateParser.parse node_modules/@angular/compiler/esm5/compiler.js:24674:1)
	    at JitCompiler.push../node_modules/@angular/compiler/esm5/compiler.js.JitCompiler._parseTemplate node_modules/@angular/compiler/esm5/compiler.js:34629:1)
	    at JitCompiler.push../node_modules/@angular/compiler/esm5/compiler.js.JitCompiler._compileTemplate node_modules/@angular/compiler/esm5/compiler.js:34604:1)
	    at http://localhost:18763/_karma_webpack_/webpack:/node_modules/@angular/compiler/esm5/compiler.js:34505:48
	    at Set.forEach (<anonymous>)
	    at JitCompiler.push../node_modules/@angular/compiler/esm5/compiler.js.JitCompiler._compileComponents node_modules/@angular/compiler/esm5/compiler.js:34505:1)
	    at http://localhost:18763/_karma_webpack_/webpack:/node_modules/@angular/compiler/esm5/compiler.js:34393:1
	    at Object.then node_modules/@angular/compiler/esm5/compiler.js:475:33)
	    at JitCompiler.push../node_modules/@angular/compiler/esm5/compiler.js.JitCompiler._compileModuleAndAllComponents node_modules/@angular/compiler/esm5/compiler.js:34391:1)
	Expected undefined to be truthy.
	    at Object.<anonymous> src/app/components/user-login/user-login.component.spec.ts:23:23)
	    at ZoneDelegate../node_modules/zone.js/dist/zone.js.ZoneDelegate.invoke node_modules/zone.js/dist/zone.js:388:1)
	    at ProxyZoneSpec.push../node_modules/zone.js/dist/proxy.js.ProxyZoneSpec.onInvoke node_modules/zone.js/dist/proxy.js:128:1)
	    at ZoneDelegate../node_modules/zone.js/dist/zone.js.ZoneDelegate.invoke node_modules/zone.js/dist/zone.js:387:1)
Chrome 67.0.3396 (Mac OS X 10.13.3) ActivityService should be created FAILED
	Error: StaticInjectorError(DynamicTestModule)[ActivityService -> HttpClient]: 
	  StaticInjectorError(Platform: core)[ActivityService -> HttpClient]: 
	    NullInjectorError: No provider for HttpClient!
	    at _NullInjector.push../node_modules/@angular/core/esm5/core.js._NullInjector.get node_modules/@angular/core/esm5/core.js:1003:1)
	    at resolveToken node_modules/@angular/core/esm5/core.js:1301:1)
	    at tryResolveToken node_modules/@angular/core/esm5/core.js:1243:1)
	    at StaticInjector.push../node_modules/@angular/core/esm5/core.js.StaticInjector.get node_modules/@angular/core/esm5/core.js:1111:1)
	    at resolveToken node_modules/@angular/core/esm5/core.js:1301:1)
	    at tryResolveToken node_modules/@angular/core/esm5/core.js:1243:1)
	    at StaticInjector.push../node_modules/@angular/core/esm5/core.js.StaticInjector.get node_modules/@angular/core/esm5/core.js:1111:1)
	    at resolveNgModuleDep node_modules/@angular/core/esm5/core.js:10896:1)
	    at _createClass node_modules/@angular/core/esm5/core.js:10935:1)
	    at _createProviderInstance$1 node_modules/@angular/core/esm5/core.js:10907:1)
[1A[2KChrome 67.0.3396 (Mac OS X 10.13.3) ActivityService should be created FAILED
	Error: StaticInjectorError(DynamicTestModule)[ActivityService -> HttpClient]: 
	  StaticInjectorError(Platform: core)[ActivityService -> HttpClient]: 
	    NullInjectorError: No provider for HttpClient!
	    at _NullInjector.push../node_modules/@angular/core/esm5/core.js._NullInjector.get node_modules/@angular/core/esm5/core.js:1003:1)
	    at resolveToken node_modules/@angular/core/esm5/core.js:1301:1)
	    at tryResolveToken node_modules/@angular/core/esm5/core.js:1243:1)
	    at StaticInjector.push../node_modules/@angular/core/esm5/core.js.StaticInjector.get node_modules/@angular/core/esm5/core.js:1111:1)
	    at resolveToken node_modules/@angular/core/esm5/core.js:1301:1)
	    at tryResolveToken node_modules/@angular/core/esm5/core.js:1243:1)
	    at StaticInjector.push../node_modules/@angular/core/esm5/core.js.StaticInjector.get node_modules/@angular/core/esm5/core.js:1111:1)
	    at resolveNgModuleDep node_modules/@angular/core/esm5/core.js:10896:1)
	    at _createClass node_modules/@angular/core/esm5/core.js:10935:1)
	    at _createProviderInstance$1 node_modules/@angular/core/esm5/core.js:10907:1)
Chrome 67.0.3396 (Mac OS X 10.13.3): Executed 11 of 14 (10 FAILED) (0 secs / 0.323 secs)
Chrome 67.0.3396 (Mac OS X 10.13.3) ActivityService should be created FAILED
	Error: StaticInjectorError(DynamicTestModule)[ActivityService -> HttpClient]: 
	  StaticInjectorError(Platform: core)[ActivityService -> HttpClient]: 
	    NullInjectorError: No provider for HttpClient!
	    at _NullInjector.push../node_modules/@angular/core/esm5/core.js._NullInjector.get node_modules/@angular/core/esm5/core.js:1003:1)
	    at resolveToken node_modules/@angular/core/esm5/core.js:1301:1)
	    at tryResolveToken node_modules/@angular/core/esm5/core.js:1243:1)
	    at StaticInjector.push../node_modules/@angular/core/esm5/core.js.StaticInjector.get node_modules/@angular/core/esm5/core.js:1111:1)
	    at resolveToken node_modules/@angular/core/esm5/core.js:1301:1)
	    at tryResolveToken node_modules/@angular/core/esm5/core.js:1243:1)
	    at StaticInjector.push../node_modules/@angular/core/esm5/core.js.StaticInjector.get node_modules/@angular/core/esm5/core.js:1111:1)
	    at resolveNgModuleDep node_modules/@angular/core/esm5/core.js:10896:1)
	    at _createClass node_modules/@angular/core/esm5/core.js:10935:1)
	    at _createProviderInstance$1 node_modules/@angular/core/esm5/core.js:10907:1)
Chrome 67.0.3396 (Mac OS X 10.13.3) RecentActivitiesService should be created FAILED
	Error: StaticInjectorError(DynamicTestModule)[RecentActivitiesService -> HttpClient]: 
	  StaticInjectorError(Platform: core)[RecentActivitiesService -> HttpClient]: 
	    NullInjectorError: No provider for HttpClient!
	    at _NullInjector.push../node_modules/@angular/core/esm5/core.js._NullInjector.get node_modules/@angular/core/esm5/core.js:1003:1)
	    at resolveToken node_modules/@angular/core/esm5/core.js:1301:1)
	    at tryResolveToken node_modules/@angular/core/esm5/core.js:1243:1)
	    at StaticInjector.push../node_modules/@angular/core/esm5/core.js.StaticInjector.get node_modules/@angular/core/esm5/core.js:1111:1)
	    at resolveToken node_modules/@angular/core/esm5/core.js:1301:1)
	    at tryResolveToken node_modules/@angular/core/esm5/core.js:1243:1)
	    at StaticInjector.push../node_modules/@angular/core/esm5/core.js.StaticInjector.get node_modules/@angular/core/esm5/core.js:1111:1)
	    at resolveNgModuleDep node_modules/@angular/core/esm5/core.js:10896:1)
	    at _createClass node_modules/@angular/core/esm5/core.js:10935:1)
	    at _createProviderInstance$1 node_modules/@angular/core/esm5/core.js:10907:1)
[1A[2KChrome 67.0.3396 (Mac OS X 10.13.3) RecentActivitiesService should be created FAILED
	Error: StaticInjectorError(DynamicTestModule)[RecentActivitiesService -> HttpClient]: 
	  StaticInjectorError(Platform: core)[RecentActivitiesService -> HttpClient]: 
	    NullInjectorError: No provider for HttpClient!
	    at _NullInjector.push../node_modules/@angular/core/esm5/core.js._NullInjector.get node_modules/@angular/core/esm5/core.js:1003:1)
	    at resolveToken node_modules/@angular/core/esm5/core.js:1301:1)
	    at tryResolveToken node_modules/@angular/core/esm5/core.js:1243:1)
	    at StaticInjector.push../node_modules/@angular/core/esm5/core.js.StaticInjector.get node_modules/@angular/core/esm5/core.js:1111:1)
	    at resolveToken node_modules/@angular/core/esm5/core.js:1301:1)
	    at tryResolveToken node_modules/@angular/core/esm5/core.js:1243:1)
	    at StaticInjector.push../node_modules/@angular/core/esm5/core.js.StaticInjector.get node_modules/@angular/core/esm5/core.js:1111:1)
	    at resolveNgModuleDep node_modules/@angular/core/esm5/core.js:10896:1)
	    at _createClass node_modules/@angular/core/esm5/core.js:10935:1)
	    at _createProviderInstance$1 node_modules/@angular/core/esm5/core.js:10907:1)
Chrome 67.0.3396 (Mac OS X 10.13.3): Executed 12 of 14 (11 FAILED) (0 secs / 0.33 secs)
Chrome 67.0.3396 (Mac OS X 10.13.3) RecentActivitiesService should be created FAILED
	Error: StaticInjectorError(DynamicTestModule)[RecentActivitiesService -> HttpClient]: 
	  StaticInjectorError(Platform: core)[RecentActivitiesService -> HttpClient]: 
	    NullInjectorError: No provider for HttpClient!
	    at _NullInjector.push../node_modules/@angular/core/esm5/core.js._NullInjector.get node_modules/@angular/core/esm5/core.js:1003:1)
	    at resolveToken node_modules/@angular/core/esm5/core.js:1301:1)
	    at tryResolveToken node_modules/@angular/core/esm5/core.js:1243:1)
	    at StaticInjector.push../node_modules/@angular/core/esm5/core.js.StaticInjector.get node_modules/@angular/core/esm5/core.js:1111:1)
	    at resolveToken node_modules/@angular/core/esm5/core.js:1301:1)
	    at tryResolveToken node_modules/@angular/core/esm5/core.js:1243:1)
	    at StaticInjector.push../node_modules/@angular/core/esm5/core.js.StaticInjector.get node_modules/@angular/core/esm5/core.js:1111:1)
	    at resolveNgModuleDep node_modules/@angular/core/esm5/core.js:10896:1)
	    at _createClass node_modules/@angular/core/esm5/core.js:10935:1)
	    at _createProviderInstance$1 node_modules/@angular/core/esm5/core.js:10907:1)
[1A[2KChrome 67.0.3396 (Mac OS X 10.13.3): Executed 13 of 14 (11 FAILED) (0 secs / 0.334 secs)
Chrome 67.0.3396 (Mac OS X 10.13.3) UserService should be created FAILED
	Error: StaticInjectorError(DynamicTestModule)[UserService -> StateService]: 
	  StaticInjectorError(Platform: core)[UserService -> StateService]: 
	    NullInjectorError: No provider for StateService!
	    at _NullInjector.push../node_modules/@angular/core/esm5/core.js._NullInjector.get node_modules/@angular/core/esm5/core.js:1003:1)
	    at resolveToken node_modules/@angular/core/esm5/core.js:1301:1)
	    at tryResolveToken node_modules/@angular/core/esm5/core.js:1243:1)
	    at StaticInjector.push../node_modules/@angular/core/esm5/core.js.StaticInjector.get node_modules/@angular/core/esm5/core.js:1111:1)
	    at resolveToken node_modules/@angular/core/esm5/core.js:1301:1)
	    at tryResolveToken node_modules/@angular/core/esm5/core.js:1243:1)
	    at StaticInjector.push../node_modules/@angular/core/esm5/core.js.StaticInjector.get node_modules/@angular/core/esm5/core.js:1111:1)
	    at resolveNgModuleDep node_modules/@angular/core/esm5/core.js:10896:1)
	    at _createClass node_modules/@angular/core/esm5/core.js:10933:1)
	    at _createProviderInstance$1 node_modules/@angular/core/esm5/core.js:10907:1)
[1A[2KChrome 67.0.3396 (Mac OS X 10.13.3) UserService should be created FAILED
	Error: StaticInjectorError(DynamicTestModule)[UserService -> StateService]: 
	  StaticInjectorError(Platform: core)[UserService -> StateService]: 
	    NullInjectorError: No provider for StateService!
	    at _NullInjector.push../node_modules/@angular/core/esm5/core.js._NullInjector.get node_modules/@angular/core/esm5/core.js:1003:1)
	    at resolveToken node_modules/@angular/core/esm5/core.js:1301:1)
	    at tryResolveToken node_modules/@angular/core/esm5/core.js:1243:1)
	    at StaticInjector.push../node_modules/@angular/core/esm5/core.js.StaticInjector.get node_modules/@angular/core/esm5/core.js:1111:1)
	    at resolveToken node_modules/@angular/core/esm5/core.js:1301:1)
	    at tryResolveToken node_modules/@angular/core/esm5/core.js:1243:1)
	    at StaticInjector.push../node_modules/@angular/core/esm5/core.js.StaticInjector.get node_modules/@angular/core/esm5/core.js:1111:1)
	    at resolveNgModuleDep node_modules/@angular/core/esm5/core.js:10896:1)
	    at _createClass node_modules/@angular/core/esm5/core.js:10933:1)
	    at _createProviderInstance$1 node_modules/@angular/core/esm5/core.js:10907:1)
Chrome 67.0.3396 (Mac OS X 10.13.3): Executed 14 of 14 (12 FAILED) (0 secs / 0.34 secs)
Chrome 67.0.3396 (Mac OS X 10.13.3) UserService should be created FAILED
	Error: StaticInjectorError(DynamicTestModule)[UserService -> StateService]: 
	  StaticInjectorError(Platform: core)[UserService -> StateService]: 
	    NullInjectorError: No provider for StateService!
	    at _NullInjector.push../node_modules/@angular/core/esm5/core.js._NullInjector.get node_modules/@angular/core/esm5/core.js:1003:1)
	    at resolveToken node_modules/@angular/core/esm5/core.js:1301:1)
	    at tryResolveToken node_modules/@angular/core/esm5/core.js:1243:1)
	    at StaticInjector.push../node_modules/@angular/core/esm5/core.js.StaticInjector.get node_modules/@angular/core/esm5/core.js:1111:1)
	    at resolveToken node_modules/@angular/core/esm5/core.js:1301:1)
	    at tryResolveToken node_modules/@angular/core/esm5/core.js:1243:1)
	    at StaticInjector.push../node_modules/@angular/core/esm5/core.js.StaticInjector.get node_modules/@angular/core/esm5/core.js:1111:1)
	    at resolveNgModuleDep node_modules/@angular/core/esm5/core.js:10896:1)
	    at _createClass node_modules/@angular/core/esm5/core.js:10933:1)
	    at _createProviderInstance$1 node_modules/@angular/core/esm5/core.js:10907:1)
[1A[2KChrome 67.0.3396 (Mac OS X 10.13.3): Executed 14 of 14 (12 FAILED) (0.483 secs / 0.34 secs)
Chrome 67.0.3396 (Mac OS X 10.13.3): Executed 0 of 14 SUCCESS (0 secs / 0 secs)
[1A[2KChrome 67.0.3396 (Mac OS X 10.13.3): Executed 1 of 14 SUCCESS (0 secs / 0.057 secs)
Chrome 67.0.3396 (Mac OS X 10.13.3) ActivitySelectorComponent should be created FAILED
	Can't bind to 'ngModel' since it isn't a known property of 'select'. ("
					name="activity"
					class="form-control" 
					[ERROR ->][(ngModel)]="selectedActivity" 
					(ngModelChange)="onChange($event)">
					<option [value]="defaultA"): ng:///DynamicTestModule/ActivitySelectorComponent.html@6:4
	Can't bind to 'ngValue' since it isn't a known property of 'option'. ("d="selected">Select an activity</option>
					<option *ngFor="let activity of activityList$ | async" [ERROR ->][ngValue]="activity">
						{{activity.name}}
					</option>
	"): ng:///DynamicTestModule/ActivitySelectorComponent.html@9:59
	Error: Template parse errors:
	    at syntaxError node_modules/@angular/compiler/esm5/compiler.js:486:22)
	    at TemplateParser.push../node_modules/@angular/compiler/esm5/compiler.js.TemplateParser.parse node_modules/@angular/compiler/esm5/compiler.js:24674:1)
	    at JitCompiler.push../node_modules/@angular/compiler/esm5/compiler.js.JitCompiler._parseTemplate node_modules/@angular/compiler/esm5/compiler.js:34629:1)
	    at JitCompiler.push../node_modules/@angular/compiler/esm5/compiler.js.JitCompiler._compileTemplate node_modules/@angular/compiler/esm5/compiler.js:34604:1)
	    at http://localhost:18763/_karma_webpack_/webpack:/node_modules/@angular/compiler/esm5/compiler.js:34505:48
	    at Set.forEach (<anonymous>)
	    at JitCompiler.push../node_modules/@angular/compiler/esm5/compiler.js.JitCompiler._compileComponents node_modules/@angular/compiler/esm5/compiler.js:34505:1)
	    at http://localhost:18763/_karma_webpack_/webpack:/node_modules/@angular/compiler/esm5/compiler.js:34393:1
	    at Object.then node_modules/@angular/compiler/esm5/compiler.js:475:33)
	    at JitCompiler.push../node_modules/@angular/compiler/esm5/compiler.js.JitCompiler._compileModuleAndAllComponents node_modules/@angular/compiler/esm5/compiler.js:34391:1)
	Error: Template parse errors:
	Can't bind to 'ngModel' since it isn't a known property of 'select'. ("
					name="activity"
					class="form-control" 
					[ERROR ->][(ngModel)]="selectedActivity" 
					(ngModelChange)="onChange($event)">
					<option [value]="defaultA"): ng:///DynamicTestModule/ActivitySelectorComponent.html@6:4
	Can't bind to 'ngValue' since it isn't a known property of 'option'. ("d="selected">Select an activity</option>
					<option *ngFor="let activity of activityList$ | async" [ERROR ->][ngValue]="activity">
						{{activity.name}}
					</option>
	"): ng:///DynamicTestModule/ActivitySelectorComponent.html@9:59
	    at syntaxError node_modules/@angular/compiler/esm5/compiler.js:486:22)
	    at TemplateParser.push../node_modules/@angular/compiler/esm5/compiler.js.TemplateParser.parse node_modules/@angular/compiler/esm5/compiler.js:24674:1)
	    at JitCompiler.push../node_modules/@angular/compiler/esm5/compiler.js.JitCompiler._parseTemplate node_modules/@angular/compiler/esm5/compiler.js:34629:1)
	    at JitCompiler.push../node_modules/@angular/compiler/esm5/compiler.js.JitCompiler._compileTemplate node_modules/@angular/compiler/esm5/compiler.js:34604:1)
	    at http://localhost:18763/_karma_webpack_/webpack:/node_modules/@angular/compiler/esm5/compiler.js:34505:48
	    at Set.forEach (<anonymous>)
	    at JitCompiler.push../node_modules/@angular/compiler/esm5/compiler.js.JitCompiler._compileComponents node_modules/@angular/compiler/esm5/compiler.js:34505:1)
	    at http://localhost:18763/_karma_webpack_/webpack:/node_modules/@angular/compiler/esm5/compiler.js:34393:1
	    at Object.then node_modules/@angular/compiler/esm5/compiler.js:475:33)
	    at JitCompiler.push../node_modules/@angular/compiler/esm5/compiler.js.JitCompiler._compileModuleAndAllComponents node_modules/@angular/compiler/esm5/compiler.js:34391:1)
	Expected undefined to be truthy.
	    at Object.<anonymous> src/app/components/activity-selector/activity-selector.component.spec.ts:41:23)
	    at ZoneDelegate../node_modules/zone.js/dist/zone.js.ZoneDelegate.invoke node_modules/zone.js/dist/zone.js:388:1)
	    at ProxyZoneSpec.push../node_modules/zone.js/dist/proxy.js.ProxyZoneSpec.onInvoke node_modules/zone.js/dist/proxy.js:128:1)
	    at ZoneDelegate../node_modules/zone.js/dist/zone.js.ZoneDelegate.invoke node_modules/zone.js/dist/zone.js:387:1)
[1A[2KChrome 67.0.3396 (Mac OS X 10.13.3) ActivitySelectorComponent should be created FAILED
	Can't bind to 'ngModel' since it isn't a known property of 'select'. ("
					name="activity"
					class="form-control" 
					[ERROR ->][(ngModel)]="selectedActivity" 
					(ngModelChange)="onChange($event)">
					<option [value]="defaultA"): ng:///DynamicTestModule/ActivitySelectorComponent.html@6:4
	Can't bind to 'ngValue' since it isn't a known property of 'option'. ("d="selected">Select an activity</option>
					<option *ngFor="let activity of activityList$ | async" [ERROR ->][ngValue]="activity">
						{{activity.name}}
					</option>
	"): ng:///DynamicTestModule/ActivitySelectorComponent.html@9:59
	Error: Template parse errors:
	    at syntaxError node_modules/@angular/compiler/esm5/compiler.js:486:22)
	    at TemplateParser.push../node_modules/@angular/compiler/esm5/compiler.js.TemplateParser.parse node_modules/@angular/compiler/esm5/compiler.js:24674:1)
	    at JitCompiler.push../node_modules/@angular/compiler/esm5/compiler.js.JitCompiler._parseTemplate node_modules/@angular/compiler/esm5/compiler.js:34629:1)
	    at JitCompiler.push../node_modules/@angular/compiler/esm5/compiler.js.JitCompiler._compileTemplate node_modules/@angular/compiler/esm5/compiler.js:34604:1)
	    at http://localhost:18763/_karma_webpack_/webpack:/node_modules/@angular/compiler/esm5/compiler.js:34505:48
	    at Set.forEach (<anonymous>)
	    at JitCompiler.push../node_modules/@angular/compiler/esm5/compiler.js.JitCompiler._compileComponents node_modules/@angular/compiler/esm5/compiler.js:34505:1)
	    at http://localhost:18763/_karma_webpack_/webpack:/node_modules/@angular/compiler/esm5/compiler.js:34393:1
	    at Object.then node_modules/@angular/compiler/esm5/compiler.js:475:33)
	    at JitCompiler.push../node_modules/@angular/compiler/esm5/compiler.js.JitCompiler._compileModuleAndAllComponents node_modules/@angular/compiler/esm5/compiler.js:34391:1)
	Error: Template parse errors:
	Can't bind to 'ngModel' since it isn't a known property of 'select'. ("
					name="activity"
					class="form-control" 
					[ERROR ->][(ngModel)]="selectedActivity" 
					(ngModelChange)="onChange($event)">
					<option [value]="defaultA"): ng:///DynamicTestModule/ActivitySelectorComponent.html@6:4
	Can't bind to 'ngValue' since it isn't a known property of 'option'. ("d="selected">Select an activity</option>
					<option *ngFor="let activity of activityList$ | async" [ERROR ->][ngValue]="activity">
						{{activity.name}}
					</option>
	"): ng:///DynamicTestModule/ActivitySelectorComponent.html@9:59
	    at syntaxError node_modules/@angular/compiler/esm5/compiler.js:486:22)
	    at TemplateParser.push../node_modules/@angular/compiler/esm5/compiler.js.TemplateParser.parse node_modules/@angular/compiler/esm5/compiler.js:24674:1)
	    at JitCompiler.push../node_modules/@angular/compiler/esm5/compiler.js.JitCompiler._parseTemplate node_modules/@angular/compiler/esm5/compiler.js:34629:1)
	    at JitCompiler.push../node_modules/@angular/compiler/esm5/compiler.js.JitCompiler._compileTemplate node_modules/@angular/compiler/esm5/compiler.js:34604:1)
	    at http://localhost:18763/_karma_webpack_/webpack:/node_modules/@angular/compiler/esm5/compiler.js:34505:48
	    at Set.forEach (<anonymous>)
	    at JitCompiler.push../node_modules/@angular/compiler/esm5/compiler.js.JitCompiler._compileComponents node_modules/@angular/compiler/esm5/compiler.js:34505:1)
	    at http://localhost:18763/_karma_webpack_/webpack:/node_modules/@angular/compiler/esm5/compiler.js:34393:1
	    at Object.then node_modules/@angular/compiler/esm5/compiler.js:475:33)
	    at JitCompiler.push../node_modules/@angular/compiler/esm5/compiler.js.JitCompiler._compileModuleAndAllComponents node_modules/@angular/compiler/esm5/compiler.js:34391:1)
	Expected undefined to be truthy.
	    at Object.<anonymous> src/app/components/activity-selector/activity-selector.component.spec.ts:41:23)
	    at ZoneDelegate../node_modules/zone.js/dist/zone.js.ZoneDelegate.invoke node_modules/zone.js/dist/zone.js:388:1)
	    at ProxyZoneSpec.push../node_modules/zone.js/dist/proxy.js.ProxyZoneSpec.onInvoke node_modules/zone.js/dist/proxy.js:128:1)
	    at ZoneDelegate../node_modules/zone.js/dist/zone.js.ZoneDelegate.invoke node_modules/zone.js/dist/zone.js:387:1)
Chrome 67.0.3396 (Mac OS X 10.13.3): Executed 2 of 14 (1 FAILED) (0 secs / 0.165 secs)
Chrome 67.0.3396 (Mac OS X 10.13.3) ActivitySelectorComponent should be created FAILED
	Can't bind to 'ngModel' since it isn't a known property of 'select'. ("
					name="activity"
					class="form-control" 
					[ERROR ->][(ngModel)]="selectedActivity" 
					(ngModelChange)="onChange($event)">
					<option [value]="defaultA"): ng:///DynamicTestModule/ActivitySelectorComponent.html@6:4
	Can't bind to 'ngValue' since it isn't a known property of 'option'. ("d="selected">Select an activity</option>
					<option *ngFor="let activity of activityList$ | async" [ERROR ->][ngValue]="activity">
						{{activity.name}}
					</option>
	"): ng:///DynamicTestModule/ActivitySelectorComponent.html@9:59
	Error: Template parse errors:
	    at syntaxError node_modules/@angular/compiler/esm5/compiler.js:486:22)
	    at TemplateParser.push../node_modules/@angular/compiler/esm5/compiler.js.TemplateParser.parse node_modules/@angular/compiler/esm5/compiler.js:24674:1)
	    at JitCompiler.push../node_modules/@angular/compiler/esm5/compiler.js.JitCompiler._parseTemplate node_modules/@angular/compiler/esm5/compiler.js:34629:1)
	    at JitCompiler.push../node_modules/@angular/compiler/esm5/compiler.js.JitCompiler._compileTemplate node_modules/@angular/compiler/esm5/compiler.js:34604:1)
	    at http://localhost:18763/_karma_webpack_/webpack:/node_modules/@angular/compiler/esm5/compiler.js:34505:48
	    at Set.forEach (<anonymous>)
	    at JitCompiler.push../node_modules/@angular/compiler/esm5/compiler.js.JitCompiler._compileComponents node_modules/@angular/compiler/esm5/compiler.js:34505:1)
	    at http://localhost:18763/_karma_webpack_/webpack:/node_modules/@angular/compiler/esm5/compiler.js:34393:1
	    at Object.then node_modules/@angular/compiler/esm5/compiler.js:475:33)
	    at JitCompiler.push../node_modules/@angular/compiler/esm5/compiler.js.JitCompiler._compileModuleAndAllComponents node_modules/@angular/compiler/esm5/compiler.js:34391:1)
	Error: Template parse errors:
	Can't bind to 'ngModel' since it isn't a known property of 'select'. ("
					name="activity"
					class="form-control" 
					[ERROR ->][(ngModel)]="selectedActivity" 
					(ngModelChange)="onChange($event)">
					<option [value]="defaultA"): ng:///DynamicTestModule/ActivitySelectorComponent.html@6:4
	Can't bind to 'ngValue' since it isn't a known property of 'option'. ("d="selected">Select an activity</option>
					<option *ngFor="let activity of activityList$ | async" [ERROR ->][ngValue]="activity">
						{{activity.name}}
					</option>
	"): ng:///DynamicTestModule/ActivitySelectorComponent.html@9:59
	    at syntaxError node_modules/@angular/compiler/esm5/compiler.js:486:22)
	    at TemplateParser.push../node_modules/@angular/compiler/esm5/compiler.js.TemplateParser.parse node_modules/@angular/compiler/esm5/compiler.js:24674:1)
	    at JitCompiler.push../node_modules/@angular/compiler/esm5/compiler.js.JitCompiler._parseTemplate node_modules/@angular/compiler/esm5/compiler.js:34629:1)
	    at JitCompiler.push../node_modules/@angular/compiler/esm5/compiler.js.JitCompiler._compileTemplate node_modules/@angular/compiler/esm5/compiler.js:34604:1)
	    at http://localhost:18763/_karma_webpack_/webpack:/node_modules/@angular/compiler/esm5/compiler.js:34505:48
	    at Set.forEach (<anonymous>)
	    at JitCompiler.push../node_modules/@angular/compiler/esm5/compiler.js.JitCompiler._compileComponents node_modules/@angular/compiler/esm5/compiler.js:34505:1)
	    at http://localhost:18763/_karma_webpack_/webpack:/node_modules/@angular/compiler/esm5/compiler.js:34393:1
	    at Object.then node_modules/@angular/compiler/esm5/compiler.js:475:33)
	    at JitCompiler.push../node_modules/@angular/compiler/esm5/compiler.js.JitCompiler._compileModuleAndAllComponents node_modules/@angular/compiler/esm5/compiler.js:34391:1)
	Expected undefined to be truthy.
	    at Object.<anonymous> src/app/components/activity-selector/activity-selector.component.spec.ts:41:23)
	    at ZoneDelegate../node_modules/zone.js/dist/zone.js.ZoneDelegate.invoke node_modules/zone.js/dist/zone.js:388:1)
	    at ProxyZoneSpec.push../node_modules/zone.js/dist/proxy.js.ProxyZoneSpec.onInvoke node_modules/zone.js/dist/proxy.js:128:1)
	    at ZoneDelegate../node_modules/zone.js/dist/zone.js.ZoneDelegate.invoke node_modules/zone.js/dist/zone.js:387:1)
Chrome 67.0.3396 (Mac OS X 10.13.3) AppComponent should create the app FAILED
	'topnav' is not a known element:
	1. If 'topnav' is an Angular component, then verify that it is part of this module.
	2. To allow any element add 'NO_ERRORS_SCHEMA' to the '@NgModule.schemas' of this component. ("[ERROR ->]<topnav></topnav>    
	<div class="container">
		<div class="row">
	"): ng:///DynamicTestModule/AppComponent.html@0:0
	'router-outlet' is not a known element:
	1. If 'router-outlet' is an Angular component, then verify that it is part of this module.
	2. If 'router-outlet' is a Web Component then add 'CUSTOM_ELEMENTS_SCHEMA' to the '@NgModule.schemas' of this component to suppress this message. ("
		<div class="row">
			<div class="col-md-1"></div>
			[ERROR ->]<router-outlet></router-outlet>
			<div class="col-md-1"></div>
		</div>
	"): ng:///DynamicTestModule/AppComponent.html@4:2
	Error: Template parse errors:
	    at syntaxError node_modules/@angular/compiler/esm5/compiler.js:486:22)
	    at TemplateParser.push../node_modules/@angular/compiler/esm5/compiler.js.TemplateParser.parse node_modules/@angular/compiler/esm5/compiler.js:24674:1)
	    at JitCompiler.push../node_modules/@angular/compiler/esm5/compiler.js.JitCompiler._parseTemplate node_modules/@angular/compiler/esm5/compiler.js:34629:1)
	    at JitCompiler.push../node_modules/@angular/compiler/esm5/compiler.js.JitCompiler._compileTemplate node_modules/@angular/compiler/esm5/compiler.js:34604:1)
	    at http://localhost:18763/_karma_webpack_/webpack:/node_modules/@angular/compiler/esm5/compiler.js:34505:48
	    at Set.forEach (<anonymous>)
	    at JitCompiler.push../node_modules/@angular/compiler/esm5/compiler.js.JitCompiler._compileComponents node_modules/@angular/compiler/esm5/compiler.js:34505:1)
	    at http://localhost:18763/_karma_webpack_/webpack:/node_modules/@angular/compiler/esm5/compiler.js:34393:1
	    at Object.then node_modules/@angular/compiler/esm5/compiler.js:475:33)
	    at JitCompiler.push../node_modules/@angular/compiler/esm5/compiler.js.JitCompiler._compileModuleAndAllComponents node_modules/@angular/compiler/esm5/compiler.js:34391:1)
	'topnav' is not a known element:
	1. If 'topnav' is an Angular component, then verify that it is part of this module.
	2. To allow any element add 'NO_ERRORS_SCHEMA' to the '@NgModule.schemas' of this component. ("[ERROR ->]<topnav></topnav>    
	<div class="container">
		<div class="row">
	"): ng:///DynamicTestModule/AppComponent.html@0:0
	'router-outlet' is not a known element:
	1. If 'router-outlet' is an Angular component, then verify that it is part of this module.
	2. If 'router-outlet' is a Web Component then add 'CUSTOM_ELEMENTS_SCHEMA' to the '@NgModule.schemas' of this component to suppress this message. ("
		<div class="row">
			<div class="col-md-1"></div>
			[ERROR ->]<router-outlet></router-outlet>
			<div class="col-md-1"></div>
		</div>
	"): ng:///DynamicTestModule/AppComponent.html@4:2
	Error: Template parse errors:
	    at syntaxError node_modules/@angular/compiler/esm5/compiler.js:486:22)
	    at TemplateParser.push../node_modules/@angular/compiler/esm5/compiler.js.TemplateParser.parse node_modules/@angular/compiler/esm5/compiler.js:24674:1)
	    at JitCompiler.push../node_modules/@angular/compiler/esm5/compiler.js.JitCompiler._parseTemplate node_modules/@angular/compiler/esm5/compiler.js:34629:1)
	    at JitCompiler.push../node_modules/@angular/compiler/esm5/compiler.js.JitCompiler._compileTemplate node_modules/@angular/compiler/esm5/compiler.js:34604:1)
	    at http://localhost:18763/_karma_webpack_/webpack:/node_modules/@angular/compiler/esm5/compiler.js:34505:48
	    at Set.forEach (<anonymous>)
	    at JitCompiler.push../node_modules/@angular/compiler/esm5/compiler.js.JitCompiler._compileComponents node_modules/@angular/compiler/esm5/compiler.js:34505:1)
	    at http://localhost:18763/_karma_webpack_/webpack:/node_modules/@angular/compiler/esm5/compiler.js:34393:1
	    at Object.then node_modules/@angular/compiler/esm5/compiler.js:475:33)
	    at JitCompiler.push../node_modules/@angular/compiler/esm5/compiler.js.JitCompiler._compileModuleAndAllComponents node_modules/@angular/compiler/esm5/compiler.js:34391:1)
[1A[2KChrome 67.0.3396 (Mac OS X 10.13.3) AppComponent should create the app FAILED
	'topnav' is not a known element:
	1. If 'topnav' is an Angular component, then verify that it is part of this module.
	2. To allow any element add 'NO_ERRORS_SCHEMA' to the '@NgModule.schemas' of this component. ("[ERROR ->]<topnav></topnav>    
	<div class="container">
		<div class="row">
	"): ng:///DynamicTestModule/AppComponent.html@0:0
	'router-outlet' is not a known element:
	1. If 'router-outlet' is an Angular component, then verify that it is part of this module.
	2. If 'router-outlet' is a Web Component then add 'CUSTOM_ELEMENTS_SCHEMA' to the '@NgModule.schemas' of this component to suppress this message. ("
		<div class="row">
			<div class="col-md-1"></div>
			[ERROR ->]<router-outlet></router-outlet>
			<div class="col-md-1"></div>
		</div>
	"): ng:///DynamicTestModule/AppComponent.html@4:2
	Error: Template parse errors:
	    at syntaxError node_modules/@angular/compiler/esm5/compiler.js:486:22)
	    at TemplateParser.push../node_modules/@angular/compiler/esm5/compiler.js.TemplateParser.parse node_modules/@angular/compiler/esm5/compiler.js:24674:1)
	    at JitCompiler.push../node_modules/@angular/compiler/esm5/compiler.js.JitCompiler._parseTemplate node_modules/@angular/compiler/esm5/compiler.js:34629:1)
	    at JitCompiler.push../node_modules/@angular/compiler/esm5/compiler.js.JitCompiler._compileTemplate node_modules/@angular/compiler/esm5/compiler.js:34604:1)
	    at http://localhost:18763/_karma_webpack_/webpack:/node_modules/@angular/compiler/esm5/compiler.js:34505:48
	    at Set.forEach (<anonymous>)
	    at JitCompiler.push../node_modules/@angular/compiler/esm5/compiler.js.JitCompiler._compileComponents node_modules/@angular/compiler/esm5/compiler.js:34505:1)
	    at http://localhost:18763/_karma_webpack_/webpack:/node_modules/@angular/compiler/esm5/compiler.js:34393:1
	    at Object.then node_modules/@angular/compiler/esm5/compiler.js:475:33)
	    at JitCompiler.push../node_modules/@angular/compiler/esm5/compiler.js.JitCompiler._compileModuleAndAllComponents node_modules/@angular/compiler/esm5/compiler.js:34391:1)
	'topnav' is not a known element:
	1. If 'topnav' is an Angular component, then verify that it is part of this module.
	2. To allow any element add 'NO_ERRORS_SCHEMA' to the '@NgModule.schemas' of this component. ("[ERROR ->]<topnav></topnav>    
	<div class="container">
		<div class="row">
	"): ng:///DynamicTestModule/AppComponent.html@0:0
	'router-outlet' is not a known element:
	1. If 'router-outlet' is an Angular component, then verify that it is part of this module.
	2. If 'router-outlet' is a Web Component then add 'CUSTOM_ELEMENTS_SCHEMA' to the '@NgModule.schemas' of this component to suppress this message. ("
		<div class="row">
			<div class="col-md-1"></div>
			[ERROR ->]<router-outlet></router-outlet>
			<div class="col-md-1"></div>
		</div>
	"): ng:///DynamicTestModule/AppComponent.html@4:2
	Error: Template parse errors:
	    at syntaxError node_modules/@angular/compiler/esm5/compiler.js:486:22)
	    at TemplateParser.push../node_modules/@angular/compiler/esm5/compiler.js.TemplateParser.parse node_modules/@angular/compiler/esm5/compiler.js:24674:1)
	    at JitCompiler.push../node_modules/@angular/compiler/esm5/compiler.js.JitCompiler._parseTemplate node_modules/@angular/compiler/esm5/compiler.js:34629:1)
	    at JitCompiler.push../node_modules/@angular/compiler/esm5/compiler.js.JitCompiler._compileTemplate node_modules/@angular/compiler/esm5/compiler.js:34604:1)
	    at http://localhost:18763/_karma_webpack_/webpack:/node_modules/@angular/compiler/esm5/compiler.js:34505:48
	    at Set.forEach (<anonymous>)
	    at JitCompiler.push../node_modules/@angular/compiler/esm5/compiler.js.JitCompiler._compileComponents node_modules/@angular/compiler/esm5/compiler.js:34505:1)
	    at http://localhost:18763/_karma_webpack_/webpack:/node_modules/@angular/compiler/esm5/compiler.js:34393:1
	    at Object.then node_modules/@angular/compiler/esm5/compiler.js:475:33)
	    at JitCompiler.push../node_modules/@angular/compiler/esm5/compiler.js.JitCompiler._compileModuleAndAllComponents node_modules/@angular/compiler/esm5/compiler.js:34391:1)
Chrome 67.0.3396 (Mac OS X 10.13.3): Executed 3 of 14 (2 FAILED) (0 secs / 0.19 secs)
Chrome 67.0.3396 (Mac OS X 10.13.3) AppComponent should create the app FAILED
	'topnav' is not a known element:
	1. If 'topnav' is an Angular component, then verify that it is part of this module.
	2. To allow any element add 'NO_ERRORS_SCHEMA' to the '@NgModule.schemas' of this component. ("[ERROR ->]<topnav></topnav>    
	<div class="container">
		<div class="row">
	"): ng:///DynamicTestModule/AppComponent.html@0:0
	'router-outlet' is not a known element:
	1. If 'router-outlet' is an Angular component, then verify that it is part of this module.
	2. If 'router-outlet' is a Web Component then add 'CUSTOM_ELEMENTS_SCHEMA' to the '@NgModule.schemas' of this component to suppress this message. ("
		<div class="row">
			<div class="col-md-1"></div>
			[ERROR ->]<router-outlet></router-outlet>
			<div class="col-md-1"></div>
		</div>
	"): ng:///DynamicTestModule/AppComponent.html@4:2
	Error: Template parse errors:
	    at syntaxError node_modules/@angular/compiler/esm5/compiler.js:486:22)
	    at TemplateParser.push../node_modules/@angular/compiler/esm5/compiler.js.TemplateParser.parse node_modules/@angular/compiler/esm5/compiler.js:24674:1)
	    at JitCompiler.push../node_modules/@angular/compiler/esm5/compiler.js.JitCompiler._parseTemplate node_modules/@angular/compiler/esm5/compiler.js:34629:1)
	    at JitCompiler.push../node_modules/@angular/compiler/esm5/compiler.js.JitCompiler._compileTemplate node_modules/@angular/compiler/esm5/compiler.js:34604:1)
	    at http://localhost:18763/_karma_webpack_/webpack:/node_modules/@angular/compiler/esm5/compiler.js:34505:48
	    at Set.forEach (<anonymous>)
	    at JitCompiler.push../node_modules/@angular/compiler/esm5/compiler.js.JitCompiler._compileComponents node_modules/@angular/compiler/esm5/compiler.js:34505:1)
	    at http://localhost:18763/_karma_webpack_/webpack:/node_modules/@angular/compiler/esm5/compiler.js:34393:1
	    at Object.then node_modules/@angular/compiler/esm5/compiler.js:475:33)
	    at JitCompiler.push../node_modules/@angular/compiler/esm5/compiler.js.JitCompiler._compileModuleAndAllComponents node_modules/@angular/compiler/esm5/compiler.js:34391:1)
	'topnav' is not a known element:
	1. If 'topnav' is an Angular component, then verify that it is part of this module.
	2. To allow any element add 'NO_ERRORS_SCHEMA' to the '@NgModule.schemas' of this component. ("[ERROR ->]<topnav></topnav>    
	<div class="container">
		<div class="row">
	"): ng:///DynamicTestModule/AppComponent.html@0:0
	'router-outlet' is not a known element:
	1. If 'router-outlet' is an Angular component, then verify that it is part of this module.
	2. If 'router-outlet' is a Web Component then add 'CUSTOM_ELEMENTS_SCHEMA' to the '@NgModule.schemas' of this component to suppress this message. ("
		<div class="row">
			<div class="col-md-1"></div>
			[ERROR ->]<router-outlet></router-outlet>
			<div class="col-md-1"></div>
		</div>
	"): ng:///DynamicTestModule/AppComponent.html@4:2
	Error: Template parse errors:
	    at syntaxError node_modules/@angular/compiler/esm5/compiler.js:486:22)
	    at TemplateParser.push../node_modules/@angular/compiler/esm5/compiler.js.TemplateParser.parse node_modules/@angular/compiler/esm5/compiler.js:24674:1)
	    at JitCompiler.push../node_modules/@angular/compiler/esm5/compiler.js.JitCompiler._parseTemplate node_modules/@angular/compiler/esm5/compiler.js:34629:1)
	    at JitCompiler.push../node_modules/@angular/compiler/esm5/compiler.js.JitCompiler._compileTemplate node_modules/@angular/compiler/esm5/compiler.js:34604:1)
	    at http://localhost:18763/_karma_webpack_/webpack:/node_modules/@angular/compiler/esm5/compiler.js:34505:48
	    at Set.forEach (<anonymous>)
	    at JitCompiler.push../node_modules/@angular/compiler/esm5/compiler.js.JitCompiler._compileComponents node_modules/@angular/compiler/esm5/compiler.js:34505:1)
	    at http://localhost:18763/_karma_webpack_/webpack:/node_modules/@angular/compiler/esm5/compiler.js:34393:1
	    at Object.then node_modules/@angular/compiler/esm5/compiler.js:475:33)
	    at JitCompiler.push../node_modules/@angular/compiler/esm5/compiler.js.JitCompiler._compileModuleAndAllComponents node_modules/@angular/compiler/esm5/compiler.js:34391:1)
Chrome 67.0.3396 (Mac OS X 10.13.3) AppComponent should have as title 'app' FAILED
	'topnav' is not a known element:
	1. If 'topnav' is an Angular component, then verify that it is part of this module.
	2. To allow any element add 'NO_ERRORS_SCHEMA' to the '@NgModule.schemas' of this component. ("[ERROR ->]<topnav></topnav>    
	<div class="container">
		<div class="row">
	"): ng:///DynamicTestModule/AppComponent.html@0:0
	'router-outlet' is not a known element:
	1. If 'router-outlet' is an Angular component, then verify that it is part of this module.
	2. If 'router-outlet' is a Web Component then add 'CUSTOM_ELEMENTS_SCHEMA' to the '@NgModule.schemas' of this component to suppress this message. ("
		<div class="row">
			<div class="col-md-1"></div>
			[ERROR ->]<router-outlet></router-outlet>
			<div class="col-md-1"></div>
		</div>
	"): ng:///DynamicTestModule/AppComponent.html@4:2
	Error: Template parse errors:
	    at syntaxError node_modules/@angular/compiler/esm5/compiler.js:486:22)
	    at TemplateParser.push../node_modules/@angular/compiler/esm5/compiler.js.TemplateParser.parse node_modules/@angular/compiler/esm5/compiler.js:24674:1)
	    at JitCompiler.push../node_modules/@angular/compiler/esm5/compiler.js.JitCompiler._parseTemplate node_modules/@angular/compiler/esm5/compiler.js:34629:1)
	    at JitCompiler.push../node_modules/@angular/compiler/esm5/compiler.js.JitCompiler._compileTemplate node_modules/@angular/compiler/esm5/compiler.js:34604:1)
	    at http://localhost:18763/_karma_webpack_/webpack:/node_modules/@angular/compiler/esm5/compiler.js:34505:48
	    at Set.forEach (<anonymous>)
	    at JitCompiler.push../node_modules/@angular/compiler/esm5/compiler.js.JitCompiler._compileComponents node_modules/@angular/compiler/esm5/compiler.js:34505:1)
	    at http://localhost:18763/_karma_webpack_/webpack:/node_modules/@angular/compiler/esm5/compiler.js:34393:1
	    at Object.then node_modules/@angular/compiler/esm5/compiler.js:475:33)
	    at JitCompiler.push../node_modules/@angular/compiler/esm5/compiler.js.JitCompiler._compileModuleAndAllComponents node_modules/@angular/compiler/esm5/compiler.js:34391:1)
	'topnav' is not a known element:
	1. If 'topnav' is an Angular component, then verify that it is part of this module.
	2. To allow any element add 'NO_ERRORS_SCHEMA' to the '@NgModule.schemas' of this component. ("[ERROR ->]<topnav></topnav>    
	<div class="container">
		<div class="row">
	"): ng:///DynamicTestModule/AppComponent.html@0:0
	'router-outlet' is not a known element:
	1. If 'router-outlet' is an Angular component, then verify that it is part of this module.
	2. If 'router-outlet' is a Web Component then add 'CUSTOM_ELEMENTS_SCHEMA' to the '@NgModule.schemas' of this component to suppress this message. ("
		<div class="row">
			<div class="col-md-1"></div>
			[ERROR ->]<router-outlet></router-outlet>
			<div class="col-md-1"></div>
		</div>
	"): ng:///DynamicTestModule/AppComponent.html@4:2
	Error: Template parse errors:
	    at syntaxError node_modules/@angular/compiler/esm5/compiler.js:486:22)
	    at TemplateParser.push../node_modules/@angular/compiler/esm5/compiler.js.TemplateParser.parse node_modules/@angular/compiler/esm5/compiler.js:24674:1)
	    at JitCompiler.push../node_modules/@angular/compiler/esm5/compiler.js.JitCompiler._parseTemplate node_modules/@angular/compiler/esm5/compiler.js:34629:1)
	    at JitCompiler.push../node_modules/@angular/compiler/esm5/compiler.js.JitCompiler._compileTemplate node_modules/@angular/compiler/esm5/compiler.js:34604:1)
	    at http://localhost:18763/_karma_webpack_/webpack:/node_modules/@angular/compiler/esm5/compiler.js:34505:48
	    at Set.forEach (<anonymous>)
	    at JitCompiler.push../node_modules/@angular/compiler/esm5/compiler.js.JitCompiler._compileComponents node_modules/@angular/compiler/esm5/compiler.js:34505:1)
	    at http://localhost:18763/_karma_webpack_/webpack:/node_modules/@angular/compiler/esm5/compiler.js:34393:1
	    at Object.then node_modules/@angular/compiler/esm5/compiler.js:475:33)
	    at JitCompiler.push../node_modules/@angular/compiler/esm5/compiler.js.JitCompiler._compileModuleAndAllComponents node_modules/@angular/compiler/esm5/compiler.js:34391:1)
[1A[2KChrome 67.0.3396 (Mac OS X 10.13.3) AppComponent should have as title 'app' FAILED
	'topnav' is not a known element:
	1. If 'topnav' is an Angular component, then verify that it is part of this module.
	2. To allow any element add 'NO_ERRORS_SCHEMA' to the '@NgModule.schemas' of this component. ("[ERROR ->]<topnav></topnav>    
	<div class="container">
		<div class="row">
	"): ng:///DynamicTestModule/AppComponent.html@0:0
	'router-outlet' is not a known element:
	1. If 'router-outlet' is an Angular component, then verify that it is part of this module.
	2. If 'router-outlet' is a Web Component then add 'CUSTOM_ELEMENTS_SCHEMA' to the '@NgModule.schemas' of this component to suppress this message. ("
		<div class="row">
			<div class="col-md-1"></div>
			[ERROR ->]<router-outlet></router-outlet>
			<div class="col-md-1"></div>
		</div>
	"): ng:///DynamicTestModule/AppComponent.html@4:2
	Error: Template parse errors:
	    at syntaxError node_modules/@angular/compiler/esm5/compiler.js:486:22)
	    at TemplateParser.push../node_modules/@angular/compiler/esm5/compiler.js.TemplateParser.parse node_modules/@angular/compiler/esm5/compiler.js:24674:1)
	    at JitCompiler.push../node_modules/@angular/compiler/esm5/compiler.js.JitCompiler._parseTemplate node_modules/@angular/compiler/esm5/compiler.js:34629:1)
	    at JitCompiler.push../node_modules/@angular/compiler/esm5/compiler.js.JitCompiler._compileTemplate node_modules/@angular/compiler/esm5/compiler.js:34604:1)
	    at http://localhost:18763/_karma_webpack_/webpack:/node_modules/@angular/compiler/esm5/compiler.js:34505:48
	    at Set.forEach (<anonymous>)
	    at JitCompiler.push../node_modules/@angular/compiler/esm5/compiler.js.JitCompiler._compileComponents node_modules/@angular/compiler/esm5/compiler.js:34505:1)
	    at http://localhost:18763/_karma_webpack_/webpack:/node_modules/@angular/compiler/esm5/compiler.js:34393:1
	    at Object.then node_modules/@angular/compiler/esm5/compiler.js:475:33)
	    at JitCompiler.push../node_modules/@angular/compiler/esm5/compiler.js.JitCompiler._compileModuleAndAllComponents node_modules/@angular/compiler/esm5/compiler.js:34391:1)
	'topnav' is not a known element:
	1. If 'topnav' is an Angular component, then verify that it is part of this module.
	2. To allow any element add 'NO_ERRORS_SCHEMA' to the '@NgModule.schemas' of this component. ("[ERROR ->]<topnav></topnav>    
	<div class="container">
		<div class="row">
	"): ng:///DynamicTestModule/AppComponent.html@0:0
	'router-outlet' is not a known element:
	1. If 'router-outlet' is an Angular component, then verify that it is part of this module.
	2. If 'router-outlet' is a Web Component then add 'CUSTOM_ELEMENTS_SCHEMA' to the '@NgModule.schemas' of this component to suppress this message. ("
		<div class="row">
			<div class="col-md-1"></div>
			[ERROR ->]<router-outlet></router-outlet>
			<div class="col-md-1"></div>
		</div>
	"): ng:///DynamicTestModule/AppComponent.html@4:2
	Error: Template parse errors:
	    at syntaxError node_modules/@angular/compiler/esm5/compiler.js:486:22)
	    at TemplateParser.push../node_modules/@angular/compiler/esm5/compiler.js.TemplateParser.parse node_modules/@angular/compiler/esm5/compiler.js:24674:1)
	    at JitCompiler.push../node_modules/@angular/compiler/esm5/compiler.js.JitCompiler._parseTemplate node_modules/@angular/compiler/esm5/compiler.js:34629:1)
	    at JitCompiler.push../node_modules/@angular/compiler/esm5/compiler.js.JitCompiler._compileTemplate node_modules/@angular/compiler/esm5/compiler.js:34604:1)
	    at http://localhost:18763/_karma_webpack_/webpack:/node_modules/@angular/compiler/esm5/compiler.js:34505:48
	    at Set.forEach (<anonymous>)
	    at JitCompiler.push../node_modules/@angular/compiler/esm5/compiler.js.JitCompiler._compileComponents node_modules/@angular/compiler/esm5/compiler.js:34505:1)
	    at http://localhost:18763/_karma_webpack_/webpack:/node_modules/@angular/compiler/esm5/compiler.js:34393:1
	    at Object.then node_modules/@angular/compiler/esm5/compiler.js:475:33)
	    at JitCompiler.push../node_modules/@angular/compiler/esm5/compiler.js.JitCompiler._compileModuleAndAllComponents node_modules/@angular/compiler/esm5/compiler.js:34391:1)
Chrome 67.0.3396 (Mac OS X 10.13.3): Executed 4 of 14 (3 FAILED) (0 secs / 0.208 secs)
Chrome 67.0.3396 (Mac OS X 10.13.3) AppComponent should have as title 'app' FAILED
	'topnav' is not a known element:
	1. If 'topnav' is an Angular component, then verify that it is part of this module.
	2. To allow any element add 'NO_ERRORS_SCHEMA' to the '@NgModule.schemas' of this component. ("[ERROR ->]<topnav></topnav>    
	<div class="container">
		<div class="row">
	"): ng:///DynamicTestModule/AppComponent.html@0:0
	'router-outlet' is not a known element:
	1. If 'router-outlet' is an Angular component, then verify that it is part of this module.
	2. If 'router-outlet' is a Web Component then add 'CUSTOM_ELEMENTS_SCHEMA' to the '@NgModule.schemas' of this component to suppress this message. ("
		<div class="row">
			<div class="col-md-1"></div>
			[ERROR ->]<router-outlet></router-outlet>
			<div class="col-md-1"></div>
		</div>
	"): ng:///DynamicTestModule/AppComponent.html@4:2
	Error: Template parse errors:
	    at syntaxError node_modules/@angular/compiler/esm5/compiler.js:486:22)
	    at TemplateParser.push../node_modules/@angular/compiler/esm5/compiler.js.TemplateParser.parse node_modules/@angular/compiler/esm5/compiler.js:24674:1)
	    at JitCompiler.push../node_modules/@angular/compiler/esm5/compiler.js.JitCompiler._parseTemplate node_modules/@angular/compiler/esm5/compiler.js:34629:1)
	    at JitCompiler.push../node_modules/@angular/compiler/esm5/compiler.js.JitCompiler._compileTemplate node_modules/@angular/compiler/esm5/compiler.js:34604:1)
	    at http://localhost:18763/_karma_webpack_/webpack:/node_modules/@angular/compiler/esm5/compiler.js:34505:48
	    at Set.forEach (<anonymous>)
	    at JitCompiler.push../node_modules/@angular/compiler/esm5/compiler.js.JitCompiler._compileComponents node_modules/@angular/compiler/esm5/compiler.js:34505:1)
	    at http://localhost:18763/_karma_webpack_/webpack:/node_modules/@angular/compiler/esm5/compiler.js:34393:1
	    at Object.then node_modules/@angular/compiler/esm5/compiler.js:475:33)
	    at JitCompiler.push../node_modules/@angular/compiler/esm5/compiler.js.JitCompiler._compileModuleAndAllComponents node_modules/@angular/compiler/esm5/compiler.js:34391:1)
	'topnav' is not a known element:
	1. If 'topnav' is an Angular component, then verify that it is part of this module.
	2. To allow any element add 'NO_ERRORS_SCHEMA' to the '@NgModule.schemas' of this component. ("[ERROR ->]<topnav></topnav>    
	<div class="container">
		<div class="row">
	"): ng:///DynamicTestModule/AppComponent.html@0:0
	'router-outlet' is not a known element:
	1. If 'router-outlet' is an Angular component, then verify that it is part of this module.
	2. If 'router-outlet' is a Web Component then add 'CUSTOM_ELEMENTS_SCHEMA' to the '@NgModule.schemas' of this component to suppress this message. ("
		<div class="row">
			<div class="col-md-1"></div>
			[ERROR ->]<router-outlet></router-outlet>
			<div class="col-md-1"></div>
		</div>
	"): ng:///DynamicTestModule/AppComponent.html@4:2
	Error: Template parse errors:
	    at syntaxError node_modules/@angular/compiler/esm5/compiler.js:486:22)
	    at TemplateParser.push../node_modules/@angular/compiler/esm5/compiler.js.TemplateParser.parse node_modules/@angular/compiler/esm5/compiler.js:24674:1)
	    at JitCompiler.push../node_modules/@angular/compiler/esm5/compiler.js.JitCompiler._parseTemplate node_modules/@angular/compiler/esm5/compiler.js:34629:1)
	    at JitCompiler.push../node_modules/@angular/compiler/esm5/compiler.js.JitCompiler._compileTemplate node_modules/@angular/compiler/esm5/compiler.js:34604:1)
	    at http://localhost:18763/_karma_webpack_/webpack:/node_modules/@angular/compiler/esm5/compiler.js:34505:48
	    at Set.forEach (<anonymous>)
	    at JitCompiler.push../node_modules/@angular/compiler/esm5/compiler.js.JitCompiler._compileComponents node_modules/@angular/compiler/esm5/compiler.js:34505:1)
	    at http://localhost:18763/_karma_webpack_/webpack:/node_modules/@angular/compiler/esm5/compiler.js:34393:1
	    at Object.then node_modules/@angular/compiler/esm5/compiler.js:475:33)
	    at JitCompiler.push../node_modules/@angular/compiler/esm5/compiler.js.JitCompiler._compileModuleAndAllComponents node_modules/@angular/compiler/esm5/compiler.js:34391:1)
Chrome 67.0.3396 (Mac OS X 10.13.3) AppComponent should render title in a h1 tag FAILED
	'topnav' is not a known element:
	1. If 'topnav' is an Angular component, then verify that it is part of this module.
	2. To allow any element add 'NO_ERRORS_SCHEMA' to the '@NgModule.schemas' of this component. ("[ERROR ->]<topnav></topnav>    
	<div class="container">
		<div class="row">
	"): ng:///DynamicTestModule/AppComponent.html@0:0
	'router-outlet' is not a known element:
	1. If 'router-outlet' is an Angular component, then verify that it is part of this module.
	2. If 'router-outlet' is a Web Component then add 'CUSTOM_ELEMENTS_SCHEMA' to the '@NgModule.schemas' of this component to suppress this message. ("
		<div class="row">
			<div class="col-md-1"></div>
			[ERROR ->]<router-outlet></router-outlet>
			<div class="col-md-1"></div>
		</div>
	"): ng:///DynamicTestModule/AppComponent.html@4:2
	Error: Template parse errors:
	    at syntaxError node_modules/@angular/compiler/esm5/compiler.js:486:22)
	    at TemplateParser.push../node_modules/@angular/compiler/esm5/compiler.js.TemplateParser.parse node_modules/@angular/compiler/esm5/compiler.js:24674:1)
	    at JitCompiler.push../node_modules/@angular/compiler/esm5/compiler.js.JitCompiler._parseTemplate node_modules/@angular/compiler/esm5/compiler.js:34629:1)
	    at JitCompiler.push../node_modules/@angular/compiler/esm5/compiler.js.JitCompiler._compileTemplate node_modules/@angular/compiler/esm5/compiler.js:34604:1)
	    at http://localhost:18763/_karma_webpack_/webpack:/node_modules/@angular/compiler/esm5/compiler.js:34505:48
	    at Set.forEach (<anonymous>)
	    at JitCompiler.push../node_modules/@angular/compiler/esm5/compiler.js.JitCompiler._compileComponents node_modules/@angular/compiler/esm5/compiler.js:34505:1)
	    at http://localhost:18763/_karma_webpack_/webpack:/node_modules/@angular/compiler/esm5/compiler.js:34393:1
	    at Object.then node_modules/@angular/compiler/esm5/compiler.js:475:33)
	    at JitCompiler.push../node_modules/@angular/compiler/esm5/compiler.js.JitCompiler._compileModuleAndAllComponents node_modules/@angular/compiler/esm5/compiler.js:34391:1)
	'topnav' is not a known element:
	1. If 'topnav' is an Angular component, then verify that it is part of this module.
	2. To allow any element add 'NO_ERRORS_SCHEMA' to the '@NgModule.schemas' of this component. ("[ERROR ->]<topnav></topnav>    
	<div class="container">
		<div class="row">
	"): ng:///DynamicTestModule/AppComponent.html@0:0
	'router-outlet' is not a known element:
	1. If 'router-outlet' is an Angular component, then verify that it is part of this module.
	2. If 'router-outlet' is a Web Component then add 'CUSTOM_ELEMENTS_SCHEMA' to the '@NgModule.schemas' of this component to suppress this message. ("
		<div class="row">
			<div class="col-md-1"></div>
			[ERROR ->]<router-outlet></router-outlet>
			<div class="col-md-1"></div>
		</div>
	"): ng:///DynamicTestModule/AppComponent.html@4:2
	Error: Template parse errors:
	    at syntaxError node_modules/@angular/compiler/esm5/compiler.js:486:22)
	    at TemplateParser.push../node_modules/@angular/compiler/esm5/compiler.js.TemplateParser.parse node_modules/@angular/compiler/esm5/compiler.js:24674:1)
	    at JitCompiler.push../node_modules/@angular/compiler/esm5/compiler.js.JitCompiler._parseTemplate node_modules/@angular/compiler/esm5/compiler.js:34629:1)
	    at JitCompiler.push../node_modules/@angular/compiler/esm5/compiler.js.JitCompiler._compileTemplate node_modules/@angular/compiler/esm5/compiler.js:34604:1)
	    at http://localhost:18763/_karma_webpack_/webpack:/node_modules/@angular/compiler/esm5/compiler.js:34505:48
	    at Set.forEach (<anonymous>)
	    at JitCompiler.push../node_modules/@angular/compiler/esm5/compiler.js.JitCompiler._compileComponents node_modules/@angular/compiler/esm5/compiler.js:34505:1)
	    at http://localhost:18763/_karma_webpack_/webpack:/node_modules/@angular/compiler/esm5/compiler.js:34393:1
	    at Object.then node_modules/@angular/compiler/esm5/compiler.js:475:33)
	    at JitCompiler.push../node_modules/@angular/compiler/esm5/compiler.js.JitCompiler._compileModuleAndAllComponents node_modules/@angular/compiler/esm5/compiler.js:34391:1)
[1A[2KChrome 67.0.3396 (Mac OS X 10.13.3) AppComponent should render title in a h1 tag FAILED
	'topnav' is not a known element:
	1. If 'topnav' is an Angular component, then verify that it is part of this module.
	2. To allow any element add 'NO_ERRORS_SCHEMA' to the '@NgModule.schemas' of this component. ("[ERROR ->]<topnav></topnav>    
	<div class="container">
		<div class="row">
	"): ng:///DynamicTestModule/AppComponent.html@0:0
	'router-outlet' is not a known element:
	1. If 'router-outlet' is an Angular component, then verify that it is part of this module.
	2. If 'router-outlet' is a Web Component then add 'CUSTOM_ELEMENTS_SCHEMA' to the '@NgModule.schemas' of this component to suppress this message. ("
		<div class="row">
			<div class="col-md-1"></div>
			[ERROR ->]<router-outlet></router-outlet>
			<div class="col-md-1"></div>
		</div>
	"): ng:///DynamicTestModule/AppComponent.html@4:2
	Error: Template parse errors:
	    at syntaxError node_modules/@angular/compiler/esm5/compiler.js:486:22)
	    at TemplateParser.push../node_modules/@angular/compiler/esm5/compiler.js.TemplateParser.parse node_modules/@angular/compiler/esm5/compiler.js:24674:1)
	    at JitCompiler.push../node_modules/@angular/compiler/esm5/compiler.js.JitCompiler._parseTemplate node_modules/@angular/compiler/esm5/compiler.js:34629:1)
	    at JitCompiler.push../node_modules/@angular/compiler/esm5/compiler.js.JitCompiler._compileTemplate node_modules/@angular/compiler/esm5/compiler.js:34604:1)
	    at http://localhost:18763/_karma_webpack_/webpack:/node_modules/@angular/compiler/esm5/compiler.js:34505:48
	    at Set.forEach (<anonymous>)
	    at JitCompiler.push../node_modules/@angular/compiler/esm5/compiler.js.JitCompiler._compileComponents node_modules/@angular/compiler/esm5/compiler.js:34505:1)
	    at http://localhost:18763/_karma_webpack_/webpack:/node_modules/@angular/compiler/esm5/compiler.js:34393:1
	    at Object.then node_modules/@angular/compiler/esm5/compiler.js:475:33)
	    at JitCompiler.push../node_modules/@angular/compiler/esm5/compiler.js.JitCompiler._compileModuleAndAllComponents node_modules/@angular/compiler/esm5/compiler.js:34391:1)
	'topnav' is not a known element:
	1. If 'topnav' is an Angular component, then verify that it is part of this module.
	2. To allow any element add 'NO_ERRORS_SCHEMA' to the '@NgModule.schemas' of this component. ("[ERROR ->]<topnav></topnav>    
	<div class="container">
		<div class="row">
	"): ng:///DynamicTestModule/AppComponent.html@0:0
	'router-outlet' is not a known element:
	1. If 'router-outlet' is an Angular component, then verify that it is part of this module.
	2. If 'router-outlet' is a Web Component then add 'CUSTOM_ELEMENTS_SCHEMA' to the '@NgModule.schemas' of this component to suppress this message. ("
		<div class="row">
			<div class="col-md-1"></div>
			[ERROR ->]<router-outlet></router-outlet>
			<div class="col-md-1"></div>
		</div>
	"): ng:///DynamicTestModule/AppComponent.html@4:2
	Error: Template parse errors:
	    at syntaxError node_modules/@angular/compiler/esm5/compiler.js:486:22)
	    at TemplateParser.push../node_modules/@angular/compiler/esm5/compiler.js.TemplateParser.parse node_modules/@angular/compiler/esm5/compiler.js:24674:1)
	    at JitCompiler.push../node_modules/@angular/compiler/esm5/compiler.js.JitCompiler._parseTemplate node_modules/@angular/compiler/esm5/compiler.js:34629:1)
	    at JitCompiler.push../node_modules/@angular/compiler/esm5/compiler.js.JitCompiler._compileTemplate node_modules/@angular/compiler/esm5/compiler.js:34604:1)
	    at http://localhost:18763/_karma_webpack_/webpack:/node_modules/@angular/compiler/esm5/compiler.js:34505:48
	    at Set.forEach (<anonymous>)
	    at JitCompiler.push../node_modules/@angular/compiler/esm5/compiler.js.JitCompiler._compileComponents node_modules/@angular/compiler/esm5/compiler.js:34505:1)
	    at http://localhost:18763/_karma_webpack_/webpack:/node_modules/@angular/compiler/esm5/compiler.js:34393:1
	    at Object.then node_modules/@angular/compiler/esm5/compiler.js:475:33)
	    at JitCompiler.push../node_modules/@angular/compiler/esm5/compiler.js.JitCompiler._compileModuleAndAllComponents node_modules/@angular/compiler/esm5/compiler.js:34391:1)
Chrome 67.0.3396 (Mac OS X 10.13.3): Executed 5 of 14 (4 FAILED) (0 secs / 0.22 secs)
Chrome 67.0.3396 (Mac OS X 10.13.3) AppComponent should render title in a h1 tag FAILED
	'topnav' is not a known element:
	1. If 'topnav' is an Angular component, then verify that it is part of this module.
	2. To allow any element add 'NO_ERRORS_SCHEMA' to the '@NgModule.schemas' of this component. ("[ERROR ->]<topnav></topnav>    
	<div class="container">
		<div class="row">
	"): ng:///DynamicTestModule/AppComponent.html@0:0
	'router-outlet' is not a known element:
	1. If 'router-outlet' is an Angular component, then verify that it is part of this module.
	2. If 'router-outlet' is a Web Component then add 'CUSTOM_ELEMENTS_SCHEMA' to the '@NgModule.schemas' of this component to suppress this message. ("
		<div class="row">
			<div class="col-md-1"></div>
			[ERROR ->]<router-outlet></router-outlet>
			<div class="col-md-1"></div>
		</div>
	"): ng:///DynamicTestModule/AppComponent.html@4:2
	Error: Template parse errors:
	    at syntaxError node_modules/@angular/compiler/esm5/compiler.js:486:22)
	    at TemplateParser.push../node_modules/@angular/compiler/esm5/compiler.js.TemplateParser.parse node_modules/@angular/compiler/esm5/compiler.js:24674:1)
	    at JitCompiler.push../node_modules/@angular/compiler/esm5/compiler.js.JitCompiler._parseTemplate node_modules/@angular/compiler/esm5/compiler.js:34629:1)
	    at JitCompiler.push../node_modules/@angular/compiler/esm5/compiler.js.JitCompiler._compileTemplate node_modules/@angular/compiler/esm5/compiler.js:34604:1)
	    at http://localhost:18763/_karma_webpack_/webpack:/node_modules/@angular/compiler/esm5/compiler.js:34505:48
	    at Set.forEach (<anonymous>)
	    at JitCompiler.push../node_modules/@angular/compiler/esm5/compiler.js.JitCompiler._compileComponents node_modules/@angular/compiler/esm5/compiler.js:34505:1)
	    at http://localhost:18763/_karma_webpack_/webpack:/node_modules/@angular/compiler/esm5/compiler.js:34393:1
	    at Object.then node_modules/@angular/compiler/esm5/compiler.js:475:33)
	    at JitCompiler.push../node_modules/@angular/compiler/esm5/compiler.js.JitCompiler._compileModuleAndAllComponents node_modules/@angular/compiler/esm5/compiler.js:34391:1)
	'topnav' is not a known element:
	1. If 'topnav' is an Angular component, then verify that it is part of this module.
	2. To allow any element add 'NO_ERRORS_SCHEMA' to the '@NgModule.schemas' of this component. ("[ERROR ->]<topnav></topnav>    
	<div class="container">
		<div class="row">
	"): ng:///DynamicTestModule/AppComponent.html@0:0
	'router-outlet' is not a known element:
	1. If 'router-outlet' is an Angular component, then verify that it is part of this module.
	2. If 'router-outlet' is a Web Component then add 'CUSTOM_ELEMENTS_SCHEMA' to the '@NgModule.schemas' of this component to suppress this message. ("
		<div class="row">
			<div class="col-md-1"></div>
			[ERROR ->]<router-outlet></router-outlet>
			<div class="col-md-1"></div>
		</div>
	"): ng:///DynamicTestModule/AppComponent.html@4:2
	Error: Template parse errors:
	    at syntaxError node_modules/@angular/compiler/esm5/compiler.js:486:22)
	    at TemplateParser.push../node_modules/@angular/compiler/esm5/compiler.js.TemplateParser.parse node_modules/@angular/compiler/esm5/compiler.js:24674:1)
	    at JitCompiler.push../node_modules/@angular/compiler/esm5/compiler.js.JitCompiler._parseTemplate node_modules/@angular/compiler/esm5/compiler.js:34629:1)
	    at JitCompiler.push../node_modules/@angular/compiler/esm5/compiler.js.JitCompiler._compileTemplate node_modules/@angular/compiler/esm5/compiler.js:34604:1)
	    at http://localhost:18763/_karma_webpack_/webpack:/node_modules/@angular/compiler/esm5/compiler.js:34505:48
	    at Set.forEach (<anonymous>)
	    at JitCompiler.push../node_modules/@angular/compiler/esm5/compiler.js.JitCompiler._compileComponents node_modules/@angular/compiler/esm5/compiler.js:34505:1)
	    at http://localhost:18763/_karma_webpack_/webpack:/node_modules/@angular/compiler/esm5/compiler.js:34393:1
	    at Object.then node_modules/@angular/compiler/esm5/compiler.js:475:33)
	    at JitCompiler.push../node_modules/@angular/compiler/esm5/compiler.js.JitCompiler._compileModuleAndAllComponents node_modules/@angular/compiler/esm5/compiler.js:34391:1)
Chrome 67.0.3396 (Mac OS X 10.13.3) RecentActivitiesComponent should be created FAILED
	Error: StaticInjectorError(DynamicTestModule)[RecentActivitiesComponent -> RecentActivitiesService]: 
	  StaticInjectorError(Platform: core)[RecentActivitiesComponent -> RecentActivitiesService]: 
	    NullInjectorError: No provider for RecentActivitiesService!
	    at _NullInjector.push../node_modules/@angular/core/esm5/core.js._NullInjector.get node_modules/@angular/core/esm5/core.js:1003:1)
	    at resolveToken node_modules/@angular/core/esm5/core.js:1301:1)
	    at tryResolveToken node_modules/@angular/core/esm5/core.js:1243:1)
	    at StaticInjector.push../node_modules/@angular/core/esm5/core.js.StaticInjector.get node_modules/@angular/core/esm5/core.js:1111:1)
	    at resolveToken node_modules/@angular/core/esm5/core.js:1301:1)
	    at tryResolveToken node_modules/@angular/core/esm5/core.js:1243:1)
	    at StaticInjector.push../node_modules/@angular/core/esm5/core.js.StaticInjector.get node_modules/@angular/core/esm5/core.js:1111:1)
	    at resolveNgModuleDep node_modules/@angular/core/esm5/core.js:10896:1)
	    at NgModuleRef_.push../node_modules/@angular/core/esm5/core.js.NgModuleRef_.get node_modules/@angular/core/esm5/core.js:12129:1)
	    at resolveDep node_modules/@angular/core/esm5/core.js:12619:1)
	Expected undefined to be truthy.
	    at Object.<anonymous> src/app/components/recent-activities/recent-activities.component.spec.ts:23:23)
	    at ZoneDelegate../node_modules/zone.js/dist/zone.js.ZoneDelegate.invoke node_modules/zone.js/dist/zone.js:388:1)
	    at ProxyZoneSpec.push../node_modules/zone.js/dist/proxy.js.ProxyZoneSpec.onInvoke node_modules/zone.js/dist/proxy.js:128:1)
	    at ZoneDelegate../node_modules/zone.js/dist/zone.js.ZoneDelegate.invoke node_modules/zone.js/dist/zone.js:387:1)
[1A[2KChrome 67.0.3396 (Mac OS X 10.13.3) RecentActivitiesComponent should be created FAILED
	Error: StaticInjectorError(DynamicTestModule)[RecentActivitiesComponent -> RecentActivitiesService]: 
	  StaticInjectorError(Platform: core)[RecentActivitiesComponent -> RecentActivitiesService]: 
	    NullInjectorError: No provider for RecentActivitiesService!
	    at _NullInjector.push../node_modules/@angular/core/esm5/core.js._NullInjector.get node_modules/@angular/core/esm5/core.js:1003:1)
	    at resolveToken node_modules/@angular/core/esm5/core.js:1301:1)
	    at tryResolveToken node_modules/@angular/core/esm5/core.js:1243:1)
	    at StaticInjector.push../node_modules/@angular/core/esm5/core.js.StaticInjector.get node_modules/@angular/core/esm5/core.js:1111:1)
	    at resolveToken node_modules/@angular/core/esm5/core.js:1301:1)
	    at tryResolveToken node_modules/@angular/core/esm5/core.js:1243:1)
	    at StaticInjector.push../node_modules/@angular/core/esm5/core.js.StaticInjector.get node_modules/@angular/core/esm5/core.js:1111:1)
	    at resolveNgModuleDep node_modules/@angular/core/esm5/core.js:10896:1)
	    at NgModuleRef_.push../node_modules/@angular/core/esm5/core.js.NgModuleRef_.get node_modules/@angular/core/esm5/core.js:12129:1)
	    at resolveDep node_modules/@angular/core/esm5/core.js:12619:1)
	Expected undefined to be truthy.
	    at Object.<anonymous> src/app/components/recent-activities/recent-activities.component.spec.ts:23:23)
	    at ZoneDelegate../node_modules/zone.js/dist/zone.js.ZoneDelegate.invoke node_modules/zone.js/dist/zone.js:388:1)
	    at ProxyZoneSpec.push../node_modules/zone.js/dist/proxy.js.ProxyZoneSpec.onInvoke node_modules/zone.js/dist/proxy.js:128:1)
	    at ZoneDelegate../node_modules/zone.js/dist/zone.js.ZoneDelegate.invoke node_modules/zone.js/dist/zone.js:387:1)
Chrome 67.0.3396 (Mac OS X 10.13.3): Executed 6 of 14 (5 FAILED) (0 secs / 0.246 secs)
Chrome 67.0.3396 (Mac OS X 10.13.3) RecentActivitiesComponent should be created FAILED
	Error: StaticInjectorError(DynamicTestModule)[RecentActivitiesComponent -> RecentActivitiesService]: 
	  StaticInjectorError(Platform: core)[RecentActivitiesComponent -> RecentActivitiesService]: 
	    NullInjectorError: No provider for RecentActivitiesService!
	    at _NullInjector.push../node_modules/@angular/core/esm5/core.js._NullInjector.get node_modules/@angular/core/esm5/core.js:1003:1)
	    at resolveToken node_modules/@angular/core/esm5/core.js:1301:1)
	    at tryResolveToken node_modules/@angular/core/esm5/core.js:1243:1)
	    at StaticInjector.push../node_modules/@angular/core/esm5/core.js.StaticInjector.get node_modules/@angular/core/esm5/core.js:1111:1)
	    at resolveToken node_modules/@angular/core/esm5/core.js:1301:1)
	    at tryResolveToken node_modules/@angular/core/esm5/core.js:1243:1)
	    at StaticInjector.push../node_modules/@angular/core/esm5/core.js.StaticInjector.get node_modules/@angular/core/esm5/core.js:1111:1)
	    at resolveNgModuleDep node_modules/@angular/core/esm5/core.js:10896:1)
	    at NgModuleRef_.push../node_modules/@angular/core/esm5/core.js.NgModuleRef_.get node_modules/@angular/core/esm5/core.js:12129:1)
	    at resolveDep node_modules/@angular/core/esm5/core.js:12619:1)
	Expected undefined to be truthy.
	    at Object.<anonymous> src/app/components/recent-activities/recent-activities.component.spec.ts:23:23)
	    at ZoneDelegate../node_modules/zone.js/dist/zone.js.ZoneDelegate.invoke node_modules/zone.js/dist/zone.js:388:1)
	    at ProxyZoneSpec.push../node_modules/zone.js/dist/proxy.js.ProxyZoneSpec.onInvoke node_modules/zone.js/dist/proxy.js:128:1)
	    at ZoneDelegate../node_modules/zone.js/dist/zone.js.ZoneDelegate.invoke node_modules/zone.js/dist/zone.js:387:1)
Chrome 67.0.3396 (Mac OS X 10.13.3) TimerComponent should be created FAILED
	Error: StaticInjectorError(DynamicTestModule)[TimerComponent -> RecentActivitiesService]: 
	  StaticInjectorError(Platform: core)[TimerComponent -> RecentActivitiesService]: 
	    NullInjectorError: No provider for RecentActivitiesService!
	    at _NullInjector.push../node_modules/@angular/core/esm5/core.js._NullInjector.get node_modules/@angular/core/esm5/core.js:1003:1)
	    at resolveToken node_modules/@angular/core/esm5/core.js:1301:1)
	    at tryResolveToken node_modules/@angular/core/esm5/core.js:1243:1)
	    at StaticInjector.push../node_modules/@angular/core/esm5/core.js.StaticInjector.get node_modules/@angular/core/esm5/core.js:1111:1)
	    at resolveToken node_modules/@angular/core/esm5/core.js:1301:1)
	    at tryResolveToken node_modules/@angular/core/esm5/core.js:1243:1)
	    at StaticInjector.push../node_modules/@angular/core/esm5/core.js.StaticInjector.get node_modules/@angular/core/esm5/core.js:1111:1)
	    at resolveNgModuleDep node_modules/@angular/core/esm5/core.js:10896:1)
	    at NgModuleRef_.push../node_modules/@angular/core/esm5/core.js.NgModuleRef_.get node_modules/@angular/core/esm5/core.js:12129:1)
	    at resolveDep node_modules/@angular/core/esm5/core.js:12619:1)
	Expected undefined to be truthy.
	    at Object.<anonymous> src/app/components/timer/timer.component.spec.ts:23:23)
	    at ZoneDelegate../node_modules/zone.js/dist/zone.js.ZoneDelegate.invoke node_modules/zone.js/dist/zone.js:388:1)
	    at ProxyZoneSpec.push../node_modules/zone.js/dist/proxy.js.ProxyZoneSpec.onInvoke node_modules/zone.js/dist/proxy.js:128:1)
	    at ZoneDelegate../node_modules/zone.js/dist/zone.js.ZoneDelegate.invoke node_modules/zone.js/dist/zone.js:387:1)
[1A[2KChrome 67.0.3396 (Mac OS X 10.13.3) TimerComponent should be created FAILED
	Error: StaticInjectorError(DynamicTestModule)[TimerComponent -> RecentActivitiesService]: 
	  StaticInjectorError(Platform: core)[TimerComponent -> RecentActivitiesService]: 
	    NullInjectorError: No provider for RecentActivitiesService!
	    at _NullInjector.push../node_modules/@angular/core/esm5/core.js._NullInjector.get node_modules/@angular/core/esm5/core.js:1003:1)
	    at resolveToken node_modules/@angular/core/esm5/core.js:1301:1)
	    at tryResolveToken node_modules/@angular/core/esm5/core.js:1243:1)
	    at StaticInjector.push../node_modules/@angular/core/esm5/core.js.StaticInjector.get node_modules/@angular/core/esm5/core.js:1111:1)
	    at resolveToken node_modules/@angular/core/esm5/core.js:1301:1)
	    at tryResolveToken node_modules/@angular/core/esm5/core.js:1243:1)
	    at StaticInjector.push../node_modules/@angular/core/esm5/core.js.StaticInjector.get node_modules/@angular/core/esm5/core.js:1111:1)
	    at resolveNgModuleDep node_modules/@angular/core/esm5/core.js:10896:1)
	    at NgModuleRef_.push../node_modules/@angular/core/esm5/core.js.NgModuleRef_.get node_modules/@angular/core/esm5/core.js:12129:1)
	    at resolveDep node_modules/@angular/core/esm5/core.js:12619:1)
	Expected undefined to be truthy.
	    at Object.<anonymous> src/app/components/timer/timer.component.spec.ts:23:23)
	    at ZoneDelegate../node_modules/zone.js/dist/zone.js.ZoneDelegate.invoke node_modules/zone.js/dist/zone.js:388:1)
	    at ProxyZoneSpec.push../node_modules/zone.js/dist/proxy.js.ProxyZoneSpec.onInvoke node_modules/zone.js/dist/proxy.js:128:1)
	    at ZoneDelegate../node_modules/zone.js/dist/zone.js.ZoneDelegate.invoke node_modules/zone.js/dist/zone.js:387:1)
Chrome 67.0.3396 (Mac OS X 10.13.3): Executed 7 of 14 (6 FAILED) (0 secs / 0.261 secs)
Chrome 67.0.3396 (Mac OS X 10.13.3) TimerComponent should be created FAILED
	Error: StaticInjectorError(DynamicTestModule)[TimerComponent -> RecentActivitiesService]: 
	  StaticInjectorError(Platform: core)[TimerComponent -> RecentActivitiesService]: 
	    NullInjectorError: No provider for RecentActivitiesService!
	    at _NullInjector.push../node_modules/@angular/core/esm5/core.js._NullInjector.get node_modules/@angular/core/esm5/core.js:1003:1)
	    at resolveToken node_modules/@angular/core/esm5/core.js:1301:1)
	    at tryResolveToken node_modules/@angular/core/esm5/core.js:1243:1)
	    at StaticInjector.push../node_modules/@angular/core/esm5/core.js.StaticInjector.get node_modules/@angular/core/esm5/core.js:1111:1)
	    at resolveToken node_modules/@angular/core/esm5/core.js:1301:1)
	    at tryResolveToken node_modules/@angular/core/esm5/core.js:1243:1)
	    at StaticInjector.push../node_modules/@angular/core/esm5/core.js.StaticInjector.get node_modules/@angular/core/esm5/core.js:1111:1)
	    at resolveNgModuleDep node_modules/@angular/core/esm5/core.js:10896:1)
	    at NgModuleRef_.push../node_modules/@angular/core/esm5/core.js.NgModuleRef_.get node_modules/@angular/core/esm5/core.js:12129:1)
	    at resolveDep node_modules/@angular/core/esm5/core.js:12619:1)
	Expected undefined to be truthy.
	    at Object.<anonymous> src/app/components/timer/timer.component.spec.ts:23:23)
	    at ZoneDelegate../node_modules/zone.js/dist/zone.js.ZoneDelegate.invoke node_modules/zone.js/dist/zone.js:388:1)
	    at ProxyZoneSpec.push../node_modules/zone.js/dist/proxy.js.ProxyZoneSpec.onInvoke node_modules/zone.js/dist/proxy.js:128:1)
	    at ZoneDelegate../node_modules/zone.js/dist/zone.js.ZoneDelegate.invoke node_modules/zone.js/dist/zone.js:387:1)
Chrome 67.0.3396 (Mac OS X 10.13.3) TopnavComponent should be created FAILED
	Can't bind to 'collapse' since it isn't a known property of 'div'. ("ef="#">Activity Tracker</a>
			</div>
			<div id="navbar-collapse-1" class="collapse navbar-collapse" [ERROR ->][collapse]="isCollapsed">
				<ul class="nav navbar-nav">
					<li class="active">
	"): ng:///DynamicTestModule/TopnavComponent.html@14:63
	Error: Template parse errors:
	    at syntaxError node_modules/@angular/compiler/esm5/compiler.js:486:22)
	    at TemplateParser.push../node_modules/@angular/compiler/esm5/compiler.js.TemplateParser.parse node_modules/@angular/compiler/esm5/compiler.js:24674:1)
	    at JitCompiler.push../node_modules/@angular/compiler/esm5/compiler.js.JitCompiler._parseTemplate node_modules/@angular/compiler/esm5/compiler.js:34629:1)
	    at JitCompiler.push../node_modules/@angular/compiler/esm5/compiler.js.JitCompiler._compileTemplate node_modules/@angular/compiler/esm5/compiler.js:34604:1)
	    at http://localhost:18763/_karma_webpack_/webpack:/node_modules/@angular/compiler/esm5/compiler.js:34505:48
	    at Set.forEach (<anonymous>)
	    at JitCompiler.push../node_modules/@angular/compiler/esm5/compiler.js.JitCompiler._compileComponents node_modules/@angular/compiler/esm5/compiler.js:34505:1)
	    at http://localhost:18763/_karma_webpack_/webpack:/node_modules/@angular/compiler/esm5/compiler.js:34393:1
	    at Object.then node_modules/@angular/compiler/esm5/compiler.js:475:33)
	    at JitCompiler.push../node_modules/@angular/compiler/esm5/compiler.js.JitCompiler._compileModuleAndAllComponents node_modules/@angular/compiler/esm5/compiler.js:34391:1)
	Error: Template parse errors:
	Can't bind to 'collapse' since it isn't a known property of 'div'. ("ef="#">Activity Tracker</a>
			</div>
			<div id="navbar-collapse-1" class="collapse navbar-collapse" [ERROR ->][collapse]="isCollapsed">
				<ul class="nav navbar-nav">
					<li class="active">
	"): ng:///DynamicTestModule/TopnavComponent.html@14:63
	    at syntaxError node_modules/@angular/compiler/esm5/compiler.js:486:22)
	    at TemplateParser.push../node_modules/@angular/compiler/esm5/compiler.js.TemplateParser.parse node_modules/@angular/compiler/esm5/compiler.js:24674:1)
	    at JitCompiler.push../node_modules/@angular/compiler/esm5/compiler.js.JitCompiler._parseTemplate node_modules/@angular/compiler/esm5/compiler.js:34629:1)
	    at JitCompiler.push../node_modules/@angular/compiler/esm5/compiler.js.JitCompiler._compileTemplate node_modules/@angular/compiler/esm5/compiler.js:34604:1)
	    at http://localhost:18763/_karma_webpack_/webpack:/node_modules/@angular/compiler/esm5/compiler.js:34505:48
	    at Set.forEach (<anonymous>)
	    at JitCompiler.push../node_modules/@angular/compiler/esm5/compiler.js.JitCompiler._compileComponents node_modules/@angular/compiler/esm5/compiler.js:34505:1)
	    at http://localhost:18763/_karma_webpack_/webpack:/node_modules/@angular/compiler/esm5/compiler.js:34393:1
	    at Object.then node_modules/@angular/compiler/esm5/compiler.js:475:33)
	    at JitCompiler.push../node_modules/@angular/compiler/esm5/compiler.js.JitCompiler._compileModuleAndAllComponents node_modules/@angular/compiler/esm5/compiler.js:34391:1)
	Expected undefined to be truthy.
	    at Object.<anonymous> src/app/components/topnav/topnav.component.spec.ts:23:23)
	    at ZoneDelegate../node_modules/zone.js/dist/zone.js.ZoneDelegate.invoke node_modules/zone.js/dist/zone.js:388:1)
	    at ProxyZoneSpec.push../node_modules/zone.js/dist/proxy.js.ProxyZoneSpec.onInvoke node_modules/zone.js/dist/proxy.js:128:1)
	    at ZoneDelegate../node_modules/zone.js/dist/zone.js.ZoneDelegate.invoke node_modules/zone.js/dist/zone.js:387:1)
[1A[2KChrome 67.0.3396 (Mac OS X 10.13.3) TopnavComponent should be created FAILED
	Can't bind to 'collapse' since it isn't a known property of 'div'. ("ef="#">Activity Tracker</a>
			</div>
			<div id="navbar-collapse-1" class="collapse navbar-collapse" [ERROR ->][collapse]="isCollapsed">
				<ul class="nav navbar-nav">
					<li class="active">
	"): ng:///DynamicTestModule/TopnavComponent.html@14:63
	Error: Template parse errors:
	    at syntaxError node_modules/@angular/compiler/esm5/compiler.js:486:22)
	    at TemplateParser.push../node_modules/@angular/compiler/esm5/compiler.js.TemplateParser.parse node_modules/@angular/compiler/esm5/compiler.js:24674:1)
	    at JitCompiler.push../node_modules/@angular/compiler/esm5/compiler.js.JitCompiler._parseTemplate node_modules/@angular/compiler/esm5/compiler.js:34629:1)
	    at JitCompiler.push../node_modules/@angular/compiler/esm5/compiler.js.JitCompiler._compileTemplate node_modules/@angular/compiler/esm5/compiler.js:34604:1)
	    at http://localhost:18763/_karma_webpack_/webpack:/node_modules/@angular/compiler/esm5/compiler.js:34505:48
	    at Set.forEach (<anonymous>)
	    at JitCompiler.push../node_modules/@angular/compiler/esm5/compiler.js.JitCompiler._compileComponents node_modules/@angular/compiler/esm5/compiler.js:34505:1)
	    at http://localhost:18763/_karma_webpack_/webpack:/node_modules/@angular/compiler/esm5/compiler.js:34393:1
	    at Object.then node_modules/@angular/compiler/esm5/compiler.js:475:33)
	    at JitCompiler.push../node_modules/@angular/compiler/esm5/compiler.js.JitCompiler._compileModuleAndAllComponents node_modules/@angular/compiler/esm5/compiler.js:34391:1)
	Error: Template parse errors:
	Can't bind to 'collapse' since it isn't a known property of 'div'. ("ef="#">Activity Tracker</a>
			</div>
			<div id="navbar-collapse-1" class="collapse navbar-collapse" [ERROR ->][collapse]="isCollapsed">
				<ul class="nav navbar-nav">
					<li class="active">
	"): ng:///DynamicTestModule/TopnavComponent.html@14:63
	    at syntaxError node_modules/@angular/compiler/esm5/compiler.js:486:22)
	    at TemplateParser.push../node_modules/@angular/compiler/esm5/compiler.js.TemplateParser.parse node_modules/@angular/compiler/esm5/compiler.js:24674:1)
	    at JitCompiler.push../node_modules/@angular/compiler/esm5/compiler.js.JitCompiler._parseTemplate node_modules/@angular/compiler/esm5/compiler.js:34629:1)
	    at JitCompiler.push../node_modules/@angular/compiler/esm5/compiler.js.JitCompiler._compileTemplate node_modules/@angular/compiler/esm5/compiler.js:34604:1)
	    at http://localhost:18763/_karma_webpack_/webpack:/node_modules/@angular/compiler/esm5/compiler.js:34505:48
	    at Set.forEach (<anonymous>)
	    at JitCompiler.push../node_modules/@angular/compiler/esm5/compiler.js.JitCompiler._compileComponents node_modules/@angular/compiler/esm5/compiler.js:34505:1)
	    at http://localhost:18763/_karma_webpack_/webpack:/node_modules/@angular/compiler/esm5/compiler.js:34393:1
	    at Object.then node_modules/@angular/compiler/esm5/compiler.js:475:33)
	    at JitCompiler.push../node_modules/@angular/compiler/esm5/compiler.js.JitCompiler._compileModuleAndAllComponents node_modules/@angular/compiler/esm5/compiler.js:34391:1)
	Expected undefined to be truthy.
	    at Object.<anonymous> src/app/components/topnav/topnav.component.spec.ts:23:23)
	    at ZoneDelegate../node_modules/zone.js/dist/zone.js.ZoneDelegate.invoke node_modules/zone.js/dist/zone.js:388:1)
	    at ProxyZoneSpec.push../node_modules/zone.js/dist/proxy.js.ProxyZoneSpec.onInvoke node_modules/zone.js/dist/proxy.js:128:1)
	    at ZoneDelegate../node_modules/zone.js/dist/zone.js.ZoneDelegate.invoke node_modules/zone.js/dist/zone.js:387:1)
Chrome 67.0.3396 (Mac OS X 10.13.3): Executed 8 of 14 (7 FAILED) (0 secs / 0.276 secs)
Chrome 67.0.3396 (Mac OS X 10.13.3) TopnavComponent should be created FAILED
	Can't bind to 'collapse' since it isn't a known property of 'div'. ("ef="#">Activity Tracker</a>
			</div>
			<div id="navbar-collapse-1" class="collapse navbar-collapse" [ERROR ->][collapse]="isCollapsed">
				<ul class="nav navbar-nav">
					<li class="active">
	"): ng:///DynamicTestModule/TopnavComponent.html@14:63
	Error: Template parse errors:
	    at syntaxError node_modules/@angular/compiler/esm5/compiler.js:486:22)
	    at TemplateParser.push../node_modules/@angular/compiler/esm5/compiler.js.TemplateParser.parse node_modules/@angular/compiler/esm5/compiler.js:24674:1)
	    at JitCompiler.push../node_modules/@angular/compiler/esm5/compiler.js.JitCompiler._parseTemplate node_modules/@angular/compiler/esm5/compiler.js:34629:1)
	    at JitCompiler.push../node_modules/@angular/compiler/esm5/compiler.js.JitCompiler._compileTemplate node_modules/@angular/compiler/esm5/compiler.js:34604:1)
	    at http://localhost:18763/_karma_webpack_/webpack:/node_modules/@angular/compiler/esm5/compiler.js:34505:48
	    at Set.forEach (<anonymous>)
	    at JitCompiler.push../node_modules/@angular/compiler/esm5/compiler.js.JitCompiler._compileComponents node_modules/@angular/compiler/esm5/compiler.js:34505:1)
	    at http://localhost:18763/_karma_webpack_/webpack:/node_modules/@angular/compiler/esm5/compiler.js:34393:1
	    at Object.then node_modules/@angular/compiler/esm5/compiler.js:475:33)
	    at JitCompiler.push../node_modules/@angular/compiler/esm5/compiler.js.JitCompiler._compileModuleAndAllComponents node_modules/@angular/compiler/esm5/compiler.js:34391:1)
	Error: Template parse errors:
	Can't bind to 'collapse' since it isn't a known property of 'div'. ("ef="#">Activity Tracker</a>
			</div>
			<div id="navbar-collapse-1" class="collapse navbar-collapse" [ERROR ->][collapse]="isCollapsed">
				<ul class="nav navbar-nav">
					<li class="active">
	"): ng:///DynamicTestModule/TopnavComponent.html@14:63
	    at syntaxError node_modules/@angular/compiler/esm5/compiler.js:486:22)
	    at TemplateParser.push../node_modules/@angular/compiler/esm5/compiler.js.TemplateParser.parse node_modules/@angular/compiler/esm5/compiler.js:24674:1)
	    at JitCompiler.push../node_modules/@angular/compiler/esm5/compiler.js.JitCompiler._parseTemplate node_modules/@angular/compiler/esm5/compiler.js:34629:1)
	    at JitCompiler.push../node_modules/@angular/compiler/esm5/compiler.js.JitCompiler._compileTemplate node_modules/@angular/compiler/esm5/compiler.js:34604:1)
	    at http://localhost:18763/_karma_webpack_/webpack:/node_modules/@angular/compiler/esm5/compiler.js:34505:48
	    at Set.forEach (<anonymous>)
	    at JitCompiler.push../node_modules/@angular/compiler/esm5/compiler.js.JitCompiler._compileComponents node_modules/@angular/compiler/esm5/compiler.js:34505:1)
	    at http://localhost:18763/_karma_webpack_/webpack:/node_modules/@angular/compiler/esm5/compiler.js:34393:1
	    at Object.then node_modules/@angular/compiler/esm5/compiler.js:475:33)
	    at JitCompiler.push../node_modules/@angular/compiler/esm5/compiler.js.JitCompiler._compileModuleAndAllComponents node_modules/@angular/compiler/esm5/compiler.js:34391:1)
	Expected undefined to be truthy.
	    at Object.<anonymous> src/app/components/topnav/topnav.component.spec.ts:23:23)
	    at ZoneDelegate../node_modules/zone.js/dist/zone.js.ZoneDelegate.invoke node_modules/zone.js/dist/zone.js:388:1)
	    at ProxyZoneSpec.push../node_modules/zone.js/dist/proxy.js.ProxyZoneSpec.onInvoke node_modules/zone.js/dist/proxy.js:128:1)
	    at ZoneDelegate../node_modules/zone.js/dist/zone.js.ZoneDelegate.invoke node_modules/zone.js/dist/zone.js:387:1)
Chrome 67.0.3396 (Mac OS X 10.13.3) TrackerComponent should be created FAILED
	'activity-selector' is not a known element:
	1. If 'activity-selector' is an Angular component, then verify that it is part of this module.
	2. If 'activity-selector' is a Web Component then add 'CUSTOM_ELEMENTS_SCHEMA' to the '@NgModule.schemas' of this component to suppress this message. ("
	  <div class="row">
	    <div class="col-md-12">
	      [ERROR ->]<activity-selector>
	      </activity-selector>
	    </div>
	"): ng:///DynamicTestModule/TrackerComponent.html@3:6
	'timer' is not a known element:
	1. If 'timer' is an Angular component, then verify that it is part of this module.
	2. To allow any element add 'NO_ERRORS_SCHEMA' to the '@NgModule.schemas' of this component. ("
	  <div class="row">
	    <div class="col-md-12">
	      [ERROR ->]<timer class="text-center" (onTimerStopped)="onTimerStopped($event)"></timer>
	    </div>
	  </div>
	"): ng:///DynamicTestModule/TrackerComponent.html@9:6
	'recent-activities' is not a known element:
	1. If 'recent-activities' is an Angular component, then verify that it is part of this module.
	2. If 'recent-activities' is a Web Component then add 'CUSTOM_ELEMENTS_SCHEMA' to the '@NgModule.schemas' of this component to suppress this message. ("
	</main>
	<aside class="col-md-3">
	  [ERROR ->]<recent-activities></recent-activities>
	</aside>
	"): ng:///DynamicTestModule/TrackerComponent.html@14:2
	Error: Template parse errors:
	    at syntaxError node_modules/@angular/compiler/esm5/compiler.js:486:22)
	    at TemplateParser.push../node_modules/@angular/compiler/esm5/compiler.js.TemplateParser.parse node_modules/@angular/compiler/esm5/compiler.js:24674:1)
	    at JitCompiler.push../node_modules/@angular/compiler/esm5/compiler.js.JitCompiler._parseTemplate node_modules/@angular/compiler/esm5/compiler.js:34629:1)
	    at JitCompiler.push../node_modules/@angular/compiler/esm5/compiler.js.JitCompiler._compileTemplate node_modules/@angular/compiler/esm5/compiler.js:34604:1)
	    at http://localhost:18763/_karma_webpack_/webpack:/node_modules/@angular/compiler/esm5/compiler.js:34505:48
	    at Set.forEach (<anonymous>)
	    at JitCompiler.push../node_modules/@angular/compiler/esm5/compiler.js.JitCompiler._compileComponents node_modules/@angular/compiler/esm5/compiler.js:34505:1)
	    at http://localhost:18763/_karma_webpack_/webpack:/node_modules/@angular/compiler/esm5/compiler.js:34393:1
	    at Object.then node_modules/@angular/compiler/esm5/compiler.js:475:33)
	    at JitCompiler.push../node_modules/@angular/compiler/esm5/compiler.js.JitCompiler._compileModuleAndAllComponents node_modules/@angular/compiler/esm5/compiler.js:34391:1)
	Error: Template parse errors:
	'activity-selector' is not a known element:
	1. If 'activity-selector' is an Angular component, then verify that it is part of this module.
	2. If 'activity-selector' is a Web Component then add 'CUSTOM_ELEMENTS_SCHEMA' to the '@NgModule.schemas' of this component to suppress this message. ("
	  <div class="row">
	    <div class="col-md-12">
	      [ERROR ->]<activity-selector>
	      </activity-selector>
	    </div>
	"): ng:///DynamicTestModule/TrackerComponent.html@3:6
	'timer' is not a known element:
	1. If 'timer' is an Angular component, then verify that it is part of this module.
	2. To allow any element add 'NO_ERRORS_SCHEMA' to the '@NgModule.schemas' of this component. ("
	  <div class="row">
	    <div class="col-md-12">
	      [ERROR ->]<timer class="text-center" (onTimerStopped)="onTimerStopped($event)"></timer>
	    </div>
	  </div>
	"): ng:///DynamicTestModule/TrackerComponent.html@9:6
	'recent-activities' is not a known element:
	1. If 'recent-activities' is an Angular component, then verify that it is part of this module.
	2. If 'recent-activities' is a Web Component then add 'CUSTOM_ELEMENTS_SCHEMA' to the '@NgModule.schemas' of this component to suppress this message. ("
	</main>
	<aside class="col-md-3">
	  [ERROR ->]<recent-activities></recent-activities>
	</aside>
	"): ng:///DynamicTestModule/TrackerComponent.html@14:2
	    at syntaxError node_modules/@angular/compiler/esm5/compiler.js:486:22)
	    at TemplateParser.push../node_modules/@angular/compiler/esm5/compiler.js.TemplateParser.parse node_modules/@angular/compiler/esm5/compiler.js:24674:1)
	    at JitCompiler.push../node_modules/@angular/compiler/esm5/compiler.js.JitCompiler._parseTemplate node_modules/@angular/compiler/esm5/compiler.js:34629:1)
	    at JitCompiler.push../node_modules/@angular/compiler/esm5/compiler.js.JitCompiler._compileTemplate node_modules/@angular/compiler/esm5/compiler.js:34604:1)
	    at http://localhost:18763/_karma_webpack_/webpack:/node_modules/@angular/compiler/esm5/compiler.js:34505:48
	    at Set.forEach (<anonymous>)
	    at JitCompiler.push../node_modules/@angular/compiler/esm5/compiler.js.JitCompiler._compileComponents node_modules/@angular/compiler/esm5/compiler.js:34505:1)
	    at http://localhost:18763/_karma_webpack_/webpack:/node_modules/@angular/compiler/esm5/compiler.js:34393:1
	    at Object.then node_modules/@angular/compiler/esm5/compiler.js:475:33)
	    at JitCompiler.push../node_modules/@angular/compiler/esm5/compiler.js.JitCompiler._compileModuleAndAllComponents node_modules/@angular/compiler/esm5/compiler.js:34391:1)
	Expected undefined to be truthy.
	    at Object.<anonymous> src/app/components/tracker/tracker.component.spec.ts:23:23)
	    at ZoneDelegate../node_modules/zone.js/dist/zone.js.ZoneDelegate.invoke node_modules/zone.js/dist/zone.js:388:1)
	    at ProxyZoneSpec.push../node_modules/zone.js/dist/proxy.js.ProxyZoneSpec.onInvoke node_modules/zone.js/dist/proxy.js:128:1)
	    at ZoneDelegate../node_modules/zone.js/dist/zone.js.ZoneDelegate.invoke node_modules/zone.js/dist/zone.js:387:1)
[1A[2KChrome 67.0.3396 (Mac OS X 10.13.3) TrackerComponent should be created FAILED
	'activity-selector' is not a known element:
	1. If 'activity-selector' is an Angular component, then verify that it is part of this module.
	2. If 'activity-selector' is a Web Component then add 'CUSTOM_ELEMENTS_SCHEMA' to the '@NgModule.schemas' of this component to suppress this message. ("
	  <div class="row">
	    <div class="col-md-12">
	      [ERROR ->]<activity-selector>
	      </activity-selector>
	    </div>
	"): ng:///DynamicTestModule/TrackerComponent.html@3:6
	'timer' is not a known element:
	1. If 'timer' is an Angular component, then verify that it is part of this module.
	2. To allow any element add 'NO_ERRORS_SCHEMA' to the '@NgModule.schemas' of this component. ("
	  <div class="row">
	    <div class="col-md-12">
	      [ERROR ->]<timer class="text-center" (onTimerStopped)="onTimerStopped($event)"></timer>
	    </div>
	  </div>
	"): ng:///DynamicTestModule/TrackerComponent.html@9:6
	'recent-activities' is not a known element:
	1. If 'recent-activities' is an Angular component, then verify that it is part of this module.
	2. If 'recent-activities' is a Web Component then add 'CUSTOM_ELEMENTS_SCHEMA' to the '@NgModule.schemas' of this component to suppress this message. ("
	</main>
	<aside class="col-md-3">
	  [ERROR ->]<recent-activities></recent-activities>
	</aside>
	"): ng:///DynamicTestModule/TrackerComponent.html@14:2
	Error: Template parse errors:
	    at syntaxError node_modules/@angular/compiler/esm5/compiler.js:486:22)
	    at TemplateParser.push../node_modules/@angular/compiler/esm5/compiler.js.TemplateParser.parse node_modules/@angular/compiler/esm5/compiler.js:24674:1)
	    at JitCompiler.push../node_modules/@angular/compiler/esm5/compiler.js.JitCompiler._parseTemplate node_modules/@angular/compiler/esm5/compiler.js:34629:1)
	    at JitCompiler.push../node_modules/@angular/compiler/esm5/compiler.js.JitCompiler._compileTemplate node_modules/@angular/compiler/esm5/compiler.js:34604:1)
	    at http://localhost:18763/_karma_webpack_/webpack:/node_modules/@angular/compiler/esm5/compiler.js:34505:48
	    at Set.forEach (<anonymous>)
	    at JitCompiler.push../node_modules/@angular/compiler/esm5/compiler.js.JitCompiler._compileComponents node_modules/@angular/compiler/esm5/compiler.js:34505:1)
	    at http://localhost:18763/_karma_webpack_/webpack:/node_modules/@angular/compiler/esm5/compiler.js:34393:1
	    at Object.then node_modules/@angular/compiler/esm5/compiler.js:475:33)
	    at JitCompiler.push../node_modules/@angular/compiler/esm5/compiler.js.JitCompiler._compileModuleAndAllComponents node_modules/@angular/compiler/esm5/compiler.js:34391:1)
	Error: Template parse errors:
	'activity-selector' is not a known element:
	1. If 'activity-selector' is an Angular component, then verify that it is part of this module.
	2. If 'activity-selector' is a Web Component then add 'CUSTOM_ELEMENTS_SCHEMA' to the '@NgModule.schemas' of this component to suppress this message. ("
	  <div class="row">
	    <div class="col-md-12">
	      [ERROR ->]<activity-selector>
	      </activity-selector>
	    </div>
	"): ng:///DynamicTestModule/TrackerComponent.html@3:6
	'timer' is not a known element:
	1. If 'timer' is an Angular component, then verify that it is part of this module.
	2. To allow any element add 'NO_ERRORS_SCHEMA' to the '@NgModule.schemas' of this component. ("
	  <div class="row">
	    <div class="col-md-12">
	      [ERROR ->]<timer class="text-center" (onTimerStopped)="onTimerStopped($event)"></timer>
	    </div>
	  </div>
	"): ng:///DynamicTestModule/TrackerComponent.html@9:6
	'recent-activities' is not a known element:
	1. If 'recent-activities' is an Angular component, then verify that it is part of this module.
	2. If 'recent-activities' is a Web Component then add 'CUSTOM_ELEMENTS_SCHEMA' to the '@NgModule.schemas' of this component to suppress this message. ("
	</main>
	<aside class="col-md-3">
	  [ERROR ->]<recent-activities></recent-activities>
	</aside>
	"): ng:///DynamicTestModule/TrackerComponent.html@14:2
	    at syntaxError node_modules/@angular/compiler/esm5/compiler.js:486:22)
	    at TemplateParser.push../node_modules/@angular/compiler/esm5/compiler.js.TemplateParser.parse node_modules/@angular/compiler/esm5/compiler.js:24674:1)
	    at JitCompiler.push../node_modules/@angular/compiler/esm5/compiler.js.JitCompiler._parseTemplate node_modules/@angular/compiler/esm5/compiler.js:34629:1)
	    at JitCompiler.push../node_modules/@angular/compiler/esm5/compiler.js.JitCompiler._compileTemplate node_modules/@angular/compiler/esm5/compiler.js:34604:1)
	    at http://localhost:18763/_karma_webpack_/webpack:/node_modules/@angular/compiler/esm5/compiler.js:34505:48
	    at Set.forEach (<anonymous>)
	    at JitCompiler.push../node_modules/@angular/compiler/esm5/compiler.js.JitCompiler._compileComponents node_modules/@angular/compiler/esm5/compiler.js:34505:1)
	    at http://localhost:18763/_karma_webpack_/webpack:/node_modules/@angular/compiler/esm5/compiler.js:34393:1
	    at Object.then node_modules/@angular/compiler/esm5/compiler.js:475:33)
	    at JitCompiler.push../node_modules/@angular/compiler/esm5/compiler.js.JitCompiler._compileModuleAndAllComponents node_modules/@angular/compiler/esm5/compiler.js:34391:1)
	Expected undefined to be truthy.
	    at Object.<anonymous> src/app/components/tracker/tracker.component.spec.ts:23:23)
	    at ZoneDelegate../node_modules/zone.js/dist/zone.js.ZoneDelegate.invoke node_modules/zone.js/dist/zone.js:388:1)
	    at ProxyZoneSpec.push../node_modules/zone.js/dist/proxy.js.ProxyZoneSpec.onInvoke node_modules/zone.js/dist/proxy.js:128:1)
	    at ZoneDelegate../node_modules/zone.js/dist/zone.js.ZoneDelegate.invoke node_modules/zone.js/dist/zone.js:387:1)
Chrome 67.0.3396 (Mac OS X 10.13.3): Executed 9 of 14 (8 FAILED) (0 secs / 0.287 secs)
Chrome 67.0.3396 (Mac OS X 10.13.3) TrackerComponent should be created FAILED
	'activity-selector' is not a known element:
	1. If 'activity-selector' is an Angular component, then verify that it is part of this module.
	2. If 'activity-selector' is a Web Component then add 'CUSTOM_ELEMENTS_SCHEMA' to the '@NgModule.schemas' of this component to suppress this message. ("
	  <div class="row">
	    <div class="col-md-12">
	      [ERROR ->]<activity-selector>
	      </activity-selector>
	    </div>
	"): ng:///DynamicTestModule/TrackerComponent.html@3:6
	'timer' is not a known element:
	1. If 'timer' is an Angular component, then verify that it is part of this module.
	2. To allow any element add 'NO_ERRORS_SCHEMA' to the '@NgModule.schemas' of this component. ("
	  <div class="row">
	    <div class="col-md-12">
	      [ERROR ->]<timer class="text-center" (onTimerStopped)="onTimerStopped($event)"></timer>
	    </div>
	  </div>
	"): ng:///DynamicTestModule/TrackerComponent.html@9:6
	'recent-activities' is not a known element:
	1. If 'recent-activities' is an Angular component, then verify that it is part of this module.
	2. If 'recent-activities' is a Web Component then add 'CUSTOM_ELEMENTS_SCHEMA' to the '@NgModule.schemas' of this component to suppress this message. ("
	</main>
	<aside class="col-md-3">
	  [ERROR ->]<recent-activities></recent-activities>
	</aside>
	"): ng:///DynamicTestModule/TrackerComponent.html@14:2
	Error: Template parse errors:
	    at syntaxError node_modules/@angular/compiler/esm5/compiler.js:486:22)
	    at TemplateParser.push../node_modules/@angular/compiler/esm5/compiler.js.TemplateParser.parse node_modules/@angular/compiler/esm5/compiler.js:24674:1)
	    at JitCompiler.push../node_modules/@angular/compiler/esm5/compiler.js.JitCompiler._parseTemplate node_modules/@angular/compiler/esm5/compiler.js:34629:1)
	    at JitCompiler.push../node_modules/@angular/compiler/esm5/compiler.js.JitCompiler._compileTemplate node_modules/@angular/compiler/esm5/compiler.js:34604:1)
	    at http://localhost:18763/_karma_webpack_/webpack:/node_modules/@angular/compiler/esm5/compiler.js:34505:48
	    at Set.forEach (<anonymous>)
	    at JitCompiler.push../node_modules/@angular/compiler/esm5/compiler.js.JitCompiler._compileComponents node_modules/@angular/compiler/esm5/compiler.js:34505:1)
	    at http://localhost:18763/_karma_webpack_/webpack:/node_modules/@angular/compiler/esm5/compiler.js:34393:1
	    at Object.then node_modules/@angular/compiler/esm5/compiler.js:475:33)
	    at JitCompiler.push../node_modules/@angular/compiler/esm5/compiler.js.JitCompiler._compileModuleAndAllComponents node_modules/@angular/compiler/esm5/compiler.js:34391:1)
	Error: Template parse errors:
	'activity-selector' is not a known element:
	1. If 'activity-selector' is an Angular component, then verify that it is part of this module.
	2. If 'activity-selector' is a Web Component then add 'CUSTOM_ELEMENTS_SCHEMA' to the '@NgModule.schemas' of this component to suppress this message. ("
	  <div class="row">
	    <div class="col-md-12">
	      [ERROR ->]<activity-selector>
	      </activity-selector>
	    </div>
	"): ng:///DynamicTestModule/TrackerComponent.html@3:6
	'timer' is not a known element:
	1. If 'timer' is an Angular component, then verify that it is part of this module.
	2. To allow any element add 'NO_ERRORS_SCHEMA' to the '@NgModule.schemas' of this component. ("
	  <div class="row">
	    <div class="col-md-12">
	      [ERROR ->]<timer class="text-center" (onTimerStopped)="onTimerStopped($event)"></timer>
	    </div>
	  </div>
	"): ng:///DynamicTestModule/TrackerComponent.html@9:6
	'recent-activities' is not a known element:
	1. If 'recent-activities' is an Angular component, then verify that it is part of this module.
	2. If 'recent-activities' is a Web Component then add 'CUSTOM_ELEMENTS_SCHEMA' to the '@NgModule.schemas' of this component to suppress this message. ("
	</main>
	<aside class="col-md-3">
	  [ERROR ->]<recent-activities></recent-activities>
	</aside>
	"): ng:///DynamicTestModule/TrackerComponent.html@14:2
	    at syntaxError node_modules/@angular/compiler/esm5/compiler.js:486:22)
	    at TemplateParser.push../node_modules/@angular/compiler/esm5/compiler.js.TemplateParser.parse node_modules/@angular/compiler/esm5/compiler.js:24674:1)
	    at JitCompiler.push../node_modules/@angular/compiler/esm5/compiler.js.JitCompiler._parseTemplate node_modules/@angular/compiler/esm5/compiler.js:34629:1)
	    at JitCompiler.push../node_modules/@angular/compiler/esm5/compiler.js.JitCompiler._compileTemplate node_modules/@angular/compiler/esm5/compiler.js:34604:1)
	    at http://localhost:18763/_karma_webpack_/webpack:/node_modules/@angular/compiler/esm5/compiler.js:34505:48
	    at Set.forEach (<anonymous>)
	    at JitCompiler.push../node_modules/@angular/compiler/esm5/compiler.js.JitCompiler._compileComponents node_modules/@angular/compiler/esm5/compiler.js:34505:1)
	    at http://localhost:18763/_karma_webpack_/webpack:/node_modules/@angular/compiler/esm5/compiler.js:34393:1
	    at Object.then node_modules/@angular/compiler/esm5/compiler.js:475:33)
	    at JitCompiler.push../node_modules/@angular/compiler/esm5/compiler.js.JitCompiler._compileModuleAndAllComponents node_modules/@angular/compiler/esm5/compiler.js:34391:1)
	Expected undefined to be truthy.
	    at Object.<anonymous> src/app/components/tracker/tracker.component.spec.ts:23:23)
	    at ZoneDelegate../node_modules/zone.js/dist/zone.js.ZoneDelegate.invoke node_modules/zone.js/dist/zone.js:388:1)
	    at ProxyZoneSpec.push../node_modules/zone.js/dist/proxy.js.ProxyZoneSpec.onInvoke node_modules/zone.js/dist/proxy.js:128:1)
	    at ZoneDelegate../node_modules/zone.js/dist/zone.js.ZoneDelegate.invoke node_modules/zone.js/dist/zone.js:387:1)
Chrome 67.0.3396 (Mac OS X 10.13.3) UserLoginComponent should create FAILED
	Can't bind to 'ngModel' since it isn't a known property of 'input'. (">
	  <div class="form-group">
	    <input name="username" class="form-control" placeholder="Username" [ERROR ->][(ngModel)]="data.username">
	  </div>
	  <div class="form-group">
	"): ng:///DynamicTestModule/UserLoginComponent.html@2:71
	Can't bind to 'ngModel' since it isn't a known property of 'input'. ("form-group">
	    <input name="password" type="password" placeholder="Password" class="form-control" [ERROR ->][(ngModel)]="data.password">
	  </div>
	  <button class="btn btn-primary center-block" [mat-dialog-clos"): ng:///DynamicTestModule/UserLoginComponent.html@5:87
	Can't bind to 'mat-dialog-close' since it isn't a known property of 'button'. (""form-control" [(ngModel)]="data.password">
	  </div>
	  <button class="btn btn-primary center-block" [ERROR ->][mat-dialog-close]="data">Login</button>
	</form>"): ng:///DynamicTestModule/UserLoginComponent.html@7:47
	Error: Template parse errors:
	    at syntaxError node_modules/@angular/compiler/esm5/compiler.js:486:22)
	    at TemplateParser.push../node_modules/@angular/compiler/esm5/compiler.js.TemplateParser.parse node_modules/@angular/compiler/esm5/compiler.js:24674:1)
	    at JitCompiler.push../node_modules/@angular/compiler/esm5/compiler.js.JitCompiler._parseTemplate node_modules/@angular/compiler/esm5/compiler.js:34629:1)
	    at JitCompiler.push../node_modules/@angular/compiler/esm5/compiler.js.JitCompiler._compileTemplate node_modules/@angular/compiler/esm5/compiler.js:34604:1)
	    at http://localhost:18763/_karma_webpack_/webpack:/node_modules/@angular/compiler/esm5/compiler.js:34505:48
	    at Set.forEach (<anonymous>)
	    at JitCompiler.push../node_modules/@angular/compiler/esm5/compiler.js.JitCompiler._compileComponents node_modules/@angular/compiler/esm5/compiler.js:34505:1)
	    at http://localhost:18763/_karma_webpack_/webpack:/node_modules/@angular/compiler/esm5/compiler.js:34393:1
	    at Object.then node_modules/@angular/compiler/esm5/compiler.js:475:33)
	    at JitCompiler.push../node_modules/@angular/compiler/esm5/compiler.js.JitCompiler._compileModuleAndAllComponents node_modules/@angular/compiler/esm5/compiler.js:34391:1)
	Error: Template parse errors:
	Can't bind to 'ngModel' since it isn't a known property of 'input'. (">
	  <div class="form-group">
	    <input name="username" class="form-control" placeholder="Username" [ERROR ->][(ngModel)]="data.username">
	  </div>
	  <div class="form-group">
	"): ng:///DynamicTestModule/UserLoginComponent.html@2:71
	Can't bind to 'ngModel' since it isn't a known property of 'input'. ("form-group">
	    <input name="password" type="password" placeholder="Password" class="form-control" [ERROR ->][(ngModel)]="data.password">
	  </div>
	  <button class="btn btn-primary center-block" [mat-dialog-clos"): ng:///DynamicTestModule/UserLoginComponent.html@5:87
	Can't bind to 'mat-dialog-close' since it isn't a known property of 'button'. (""form-control" [(ngModel)]="data.password">
	  </div>
	  <button class="btn btn-primary center-block" [ERROR ->][mat-dialog-close]="data">Login</button>
	</form>"): ng:///DynamicTestModule/UserLoginComponent.html@7:47
	    at syntaxError node_modules/@angular/compiler/esm5/compiler.js:486:22)
	    at TemplateParser.push../node_modules/@angular/compiler/esm5/compiler.js.TemplateParser.parse node_modules/@angular/compiler/esm5/compiler.js:24674:1)
	    at JitCompiler.push../node_modules/@angular/compiler/esm5/compiler.js.JitCompiler._parseTemplate node_modules/@angular/compiler/esm5/compiler.js:34629:1)
	    at JitCompiler.push../node_modules/@angular/compiler/esm5/compiler.js.JitCompiler._compileTemplate node_modules/@angular/compiler/esm5/compiler.js:34604:1)
	    at http://localhost:18763/_karma_webpack_/webpack:/node_modules/@angular/compiler/esm5/compiler.js:34505:48
	    at Set.forEach (<anonymous>)
	    at JitCompiler.push../node_modules/@angular/compiler/esm5/compiler.js.JitCompiler._compileComponents node_modules/@angular/compiler/esm5/compiler.js:34505:1)
	    at http://localhost:18763/_karma_webpack_/webpack:/node_modules/@angular/compiler/esm5/compiler.js:34393:1
	    at Object.then node_modules/@angular/compiler/esm5/compiler.js:475:33)
	    at JitCompiler.push../node_modules/@angular/compiler/esm5/compiler.js.JitCompiler._compileModuleAndAllComponents node_modules/@angular/compiler/esm5/compiler.js:34391:1)
	Expected undefined to be truthy.
	    at Object.<anonymous> src/app/components/user-login/user-login.component.spec.ts:23:23)
	    at ZoneDelegate../node_modules/zone.js/dist/zone.js.ZoneDelegate.invoke node_modules/zone.js/dist/zone.js:388:1)
	    at ProxyZoneSpec.push../node_modules/zone.js/dist/proxy.js.ProxyZoneSpec.onInvoke node_modules/zone.js/dist/proxy.js:128:1)
	    at ZoneDelegate../node_modules/zone.js/dist/zone.js.ZoneDelegate.invoke node_modules/zone.js/dist/zone.js:387:1)
[1A[2KChrome 67.0.3396 (Mac OS X 10.13.3) UserLoginComponent should create FAILED
	Can't bind to 'ngModel' since it isn't a known property of 'input'. (">
	  <div class="form-group">
	    <input name="username" class="form-control" placeholder="Username" [ERROR ->][(ngModel)]="data.username">
	  </div>
	  <div class="form-group">
	"): ng:///DynamicTestModule/UserLoginComponent.html@2:71
	Can't bind to 'ngModel' since it isn't a known property of 'input'. ("form-group">
	    <input name="password" type="password" placeholder="Password" class="form-control" [ERROR ->][(ngModel)]="data.password">
	  </div>
	  <button class="btn btn-primary center-block" [mat-dialog-clos"): ng:///DynamicTestModule/UserLoginComponent.html@5:87
	Can't bind to 'mat-dialog-close' since it isn't a known property of 'button'. (""form-control" [(ngModel)]="data.password">
	  </div>
	  <button class="btn btn-primary center-block" [ERROR ->][mat-dialog-close]="data">Login</button>
	</form>"): ng:///DynamicTestModule/UserLoginComponent.html@7:47
	Error: Template parse errors:
	    at syntaxError node_modules/@angular/compiler/esm5/compiler.js:486:22)
	    at TemplateParser.push../node_modules/@angular/compiler/esm5/compiler.js.TemplateParser.parse node_modules/@angular/compiler/esm5/compiler.js:24674:1)
	    at JitCompiler.push../node_modules/@angular/compiler/esm5/compiler.js.JitCompiler._parseTemplate node_modules/@angular/compiler/esm5/compiler.js:34629:1)
	    at JitCompiler.push../node_modules/@angular/compiler/esm5/compiler.js.JitCompiler._compileTemplate node_modules/@angular/compiler/esm5/compiler.js:34604:1)
	    at http://localhost:18763/_karma_webpack_/webpack:/node_modules/@angular/compiler/esm5/compiler.js:34505:48
	    at Set.forEach (<anonymous>)
	    at JitCompiler.push../node_modules/@angular/compiler/esm5/compiler.js.JitCompiler._compileComponents node_modules/@angular/compiler/esm5/compiler.js:34505:1)
	    at http://localhost:18763/_karma_webpack_/webpack:/node_modules/@angular/compiler/esm5/compiler.js:34393:1
	    at Object.then node_modules/@angular/compiler/esm5/compiler.js:475:33)
	    at JitCompiler.push../node_modules/@angular/compiler/esm5/compiler.js.JitCompiler._compileModuleAndAllComponents node_modules/@angular/compiler/esm5/compiler.js:34391:1)
	Error: Template parse errors:
	Can't bind to 'ngModel' since it isn't a known property of 'input'. (">
	  <div class="form-group">
	    <input name="username" class="form-control" placeholder="Username" [ERROR ->][(ngModel)]="data.username">
	  </div>
	  <div class="form-group">
	"): ng:///DynamicTestModule/UserLoginComponent.html@2:71
	Can't bind to 'ngModel' since it isn't a known property of 'input'. ("form-group">
	    <input name="password" type="password" placeholder="Password" class="form-control" [ERROR ->][(ngModel)]="data.password">
	  </div>
	  <button class="btn btn-primary center-block" [mat-dialog-clos"): ng:///DynamicTestModule/UserLoginComponent.html@5:87
	Can't bind to 'mat-dialog-close' since it isn't a known property of 'button'. (""form-control" [(ngModel)]="data.password">
	  </div>
	  <button class="btn btn-primary center-block" [ERROR ->][mat-dialog-close]="data">Login</button>
	</form>"): ng:///DynamicTestModule/UserLoginComponent.html@7:47
	    at syntaxError node_modules/@angular/compiler/esm5/compiler.js:486:22)
	    at TemplateParser.push../node_modules/@angular/compiler/esm5/compiler.js.TemplateParser.parse node_modules/@angular/compiler/esm5/compiler.js:24674:1)
	    at JitCompiler.push../node_modules/@angular/compiler/esm5/compiler.js.JitCompiler._parseTemplate node_modules/@angular/compiler/esm5/compiler.js:34629:1)
	    at JitCompiler.push../node_modules/@angular/compiler/esm5/compiler.js.JitCompiler._compileTemplate node_modules/@angular/compiler/esm5/compiler.js:34604:1)
	    at http://localhost:18763/_karma_webpack_/webpack:/node_modules/@angular/compiler/esm5/compiler.js:34505:48
	    at Set.forEach (<anonymous>)
	    at JitCompiler.push../node_modules/@angular/compiler/esm5/compiler.js.JitCompiler._compileComponents node_modules/@angular/compiler/esm5/compiler.js:34505:1)
	    at http://localhost:18763/_karma_webpack_/webpack:/node_modules/@angular/compiler/esm5/compiler.js:34393:1
	    at Object.then node_modules/@angular/compiler/esm5/compiler.js:475:33)
	    at JitCompiler.push../node_modules/@angular/compiler/esm5/compiler.js.JitCompiler._compileModuleAndAllComponents node_modules/@angular/compiler/esm5/compiler.js:34391:1)
	Expected undefined to be truthy.
	    at Object.<anonymous> src/app/components/user-login/user-login.component.spec.ts:23:23)
	    at ZoneDelegate../node_modules/zone.js/dist/zone.js.ZoneDelegate.invoke node_modules/zone.js/dist/zone.js:388:1)
	    at ProxyZoneSpec.push../node_modules/zone.js/dist/proxy.js.ProxyZoneSpec.onInvoke node_modules/zone.js/dist/proxy.js:128:1)
	    at ZoneDelegate../node_modules/zone.js/dist/zone.js.ZoneDelegate.invoke node_modules/zone.js/dist/zone.js:387:1)
Chrome 67.0.3396 (Mac OS X 10.13.3): Executed 10 of 14 (9 FAILED) (0 secs / 0.298 secs)
Chrome 67.0.3396 (Mac OS X 10.13.3) UserLoginComponent should create FAILED
	Can't bind to 'ngModel' since it isn't a known property of 'input'. (">
	  <div class="form-group">
	    <input name="username" class="form-control" placeholder="Username" [ERROR ->][(ngModel)]="data.username">
	  </div>
	  <div class="form-group">
	"): ng:///DynamicTestModule/UserLoginComponent.html@2:71
	Can't bind to 'ngModel' since it isn't a known property of 'input'. ("form-group">
	    <input name="password" type="password" placeholder="Password" class="form-control" [ERROR ->][(ngModel)]="data.password">
	  </div>
	  <button class="btn btn-primary center-block" [mat-dialog-clos"): ng:///DynamicTestModule/UserLoginComponent.html@5:87
	Can't bind to 'mat-dialog-close' since it isn't a known property of 'button'. (""form-control" [(ngModel)]="data.password">
	  </div>
	  <button class="btn btn-primary center-block" [ERROR ->][mat-dialog-close]="data">Login</button>
	</form>"): ng:///DynamicTestModule/UserLoginComponent.html@7:47
	Error: Template parse errors:
	    at syntaxError node_modules/@angular/compiler/esm5/compiler.js:486:22)
	    at TemplateParser.push../node_modules/@angular/compiler/esm5/compiler.js.TemplateParser.parse node_modules/@angular/compiler/esm5/compiler.js:24674:1)
	    at JitCompiler.push../node_modules/@angular/compiler/esm5/compiler.js.JitCompiler._parseTemplate node_modules/@angular/compiler/esm5/compiler.js:34629:1)
	    at JitCompiler.push../node_modules/@angular/compiler/esm5/compiler.js.JitCompiler._compileTemplate node_modules/@angular/compiler/esm5/compiler.js:34604:1)
	    at http://localhost:18763/_karma_webpack_/webpack:/node_modules/@angular/compiler/esm5/compiler.js:34505:48
	    at Set.forEach (<anonymous>)
	    at JitCompiler.push../node_modules/@angular/compiler/esm5/compiler.js.JitCompiler._compileComponents node_modules/@angular/compiler/esm5/compiler.js:34505:1)
	    at http://localhost:18763/_karma_webpack_/webpack:/node_modules/@angular/compiler/esm5/compiler.js:34393:1
	    at Object.then node_modules/@angular/compiler/esm5/compiler.js:475:33)
	    at JitCompiler.push../node_modules/@angular/compiler/esm5/compiler.js.JitCompiler._compileModuleAndAllComponents node_modules/@angular/compiler/esm5/compiler.js:34391:1)
	Error: Template parse errors:
	Can't bind to 'ngModel' since it isn't a known property of 'input'. (">
	  <div class="form-group">
	    <input name="username" class="form-control" placeholder="Username" [ERROR ->][(ngModel)]="data.username">
	  </div>
	  <div class="form-group">
	"): ng:///DynamicTestModule/UserLoginComponent.html@2:71
	Can't bind to 'ngModel' since it isn't a known property of 'input'. ("form-group">
	    <input name="password" type="password" placeholder="Password" class="form-control" [ERROR ->][(ngModel)]="data.password">
	  </div>
	  <button class="btn btn-primary center-block" [mat-dialog-clos"): ng:///DynamicTestModule/UserLoginComponent.html@5:87
	Can't bind to 'mat-dialog-close' since it isn't a known property of 'button'. (""form-control" [(ngModel)]="data.password">
	  </div>
	  <button class="btn btn-primary center-block" [ERROR ->][mat-dialog-close]="data">Login</button>
	</form>"): ng:///DynamicTestModule/UserLoginComponent.html@7:47
	    at syntaxError node_modules/@angular/compiler/esm5/compiler.js:486:22)
	    at TemplateParser.push../node_modules/@angular/compiler/esm5/compiler.js.TemplateParser.parse node_modules/@angular/compiler/esm5/compiler.js:24674:1)
	    at JitCompiler.push../node_modules/@angular/compiler/esm5/compiler.js.JitCompiler._parseTemplate node_modules/@angular/compiler/esm5/compiler.js:34629:1)
	    at JitCompiler.push../node_modules/@angular/compiler/esm5/compiler.js.JitCompiler._compileTemplate node_modules/@angular/compiler/esm5/compiler.js:34604:1)
	    at http://localhost:18763/_karma_webpack_/webpack:/node_modules/@angular/compiler/esm5/compiler.js:34505:48
	    at Set.forEach (<anonymous>)
	    at JitCompiler.push../node_modules/@angular/compiler/esm5/compiler.js.JitCompiler._compileComponents node_modules/@angular/compiler/esm5/compiler.js:34505:1)
	    at http://localhost:18763/_karma_webpack_/webpack:/node_modules/@angular/compiler/esm5/compiler.js:34393:1
	    at Object.then node_modules/@angular/compiler/esm5/compiler.js:475:33)
	    at JitCompiler.push../node_modules/@angular/compiler/esm5/compiler.js.JitCompiler._compileModuleAndAllComponents node_modules/@angular/compiler/esm5/compiler.js:34391:1)
	Expected undefined to be truthy.
	    at Object.<anonymous> src/app/components/user-login/user-login.component.spec.ts:23:23)
	    at ZoneDelegate../node_modules/zone.js/dist/zone.js.ZoneDelegate.invoke node_modules/zone.js/dist/zone.js:388:1)
	    at ProxyZoneSpec.push../node_modules/zone.js/dist/proxy.js.ProxyZoneSpec.onInvoke node_modules/zone.js/dist/proxy.js:128:1)
	    at ZoneDelegate../node_modules/zone.js/dist/zone.js.ZoneDelegate.invoke node_modules/zone.js/dist/zone.js:387:1)
Chrome 67.0.3396 (Mac OS X 10.13.3) ActivityService should be created FAILED
	Error: StaticInjectorError(DynamicTestModule)[ActivityService -> HttpClient]: 
	  StaticInjectorError(Platform: core)[ActivityService -> HttpClient]: 
	    NullInjectorError: No provider for HttpClient!
	    at _NullInjector.push../node_modules/@angular/core/esm5/core.js._NullInjector.get node_modules/@angular/core/esm5/core.js:1003:1)
	    at resolveToken node_modules/@angular/core/esm5/core.js:1301:1)
	    at tryResolveToken node_modules/@angular/core/esm5/core.js:1243:1)
	    at StaticInjector.push../node_modules/@angular/core/esm5/core.js.StaticInjector.get node_modules/@angular/core/esm5/core.js:1111:1)
	    at resolveToken node_modules/@angular/core/esm5/core.js:1301:1)
	    at tryResolveToken node_modules/@angular/core/esm5/core.js:1243:1)
	    at StaticInjector.push../node_modules/@angular/core/esm5/core.js.StaticInjector.get node_modules/@angular/core/esm5/core.js:1111:1)
	    at resolveNgModuleDep node_modules/@angular/core/esm5/core.js:10896:1)
	    at _createClass node_modules/@angular/core/esm5/core.js:10935:1)
	    at _createProviderInstance$1 node_modules/@angular/core/esm5/core.js:10907:1)
[1A[2KChrome 67.0.3396 (Mac OS X 10.13.3) ActivityService should be created FAILED
	Error: StaticInjectorError(DynamicTestModule)[ActivityService -> HttpClient]: 
	  StaticInjectorError(Platform: core)[ActivityService -> HttpClient]: 
	    NullInjectorError: No provider for HttpClient!
	    at _NullInjector.push../node_modules/@angular/core/esm5/core.js._NullInjector.get node_modules/@angular/core/esm5/core.js:1003:1)
	    at resolveToken node_modules/@angular/core/esm5/core.js:1301:1)
	    at tryResolveToken node_modules/@angular/core/esm5/core.js:1243:1)
	    at StaticInjector.push../node_modules/@angular/core/esm5/core.js.StaticInjector.get node_modules/@angular/core/esm5/core.js:1111:1)
	    at resolveToken node_modules/@angular/core/esm5/core.js:1301:1)
	    at tryResolveToken node_modules/@angular/core/esm5/core.js:1243:1)
	    at StaticInjector.push../node_modules/@angular/core/esm5/core.js.StaticInjector.get node_modules/@angular/core/esm5/core.js:1111:1)
	    at resolveNgModuleDep node_modules/@angular/core/esm5/core.js:10896:1)
	    at _createClass node_modules/@angular/core/esm5/core.js:10935:1)
	    at _createProviderInstance$1 node_modules/@angular/core/esm5/core.js:10907:1)
Chrome 67.0.3396 (Mac OS X 10.13.3): Executed 11 of 14 (10 FAILED) (0 secs / 0.304 secs)
Chrome 67.0.3396 (Mac OS X 10.13.3) ActivityService should be created FAILED
	Error: StaticInjectorError(DynamicTestModule)[ActivityService -> HttpClient]: 
	  StaticInjectorError(Platform: core)[ActivityService -> HttpClient]: 
	    NullInjectorError: No provider for HttpClient!
	    at _NullInjector.push../node_modules/@angular/core/esm5/core.js._NullInjector.get node_modules/@angular/core/esm5/core.js:1003:1)
	    at resolveToken node_modules/@angular/core/esm5/core.js:1301:1)
	    at tryResolveToken node_modules/@angular/core/esm5/core.js:1243:1)
	    at StaticInjector.push../node_modules/@angular/core/esm5/core.js.StaticInjector.get node_modules/@angular/core/esm5/core.js:1111:1)
	    at resolveToken node_modules/@angular/core/esm5/core.js:1301:1)
	    at tryResolveToken node_modules/@angular/core/esm5/core.js:1243:1)
	    at StaticInjector.push../node_modules/@angular/core/esm5/core.js.StaticInjector.get node_modules/@angular/core/esm5/core.js:1111:1)
	    at resolveNgModuleDep node_modules/@angular/core/esm5/core.js:10896:1)
	    at _createClass node_modules/@angular/core/esm5/core.js:10935:1)
	    at _createProviderInstance$1 node_modules/@angular/core/esm5/core.js:10907:1)
Chrome 67.0.3396 (Mac OS X 10.13.3) RecentActivitiesService should be created FAILED
	Error: StaticInjectorError(DynamicTestModule)[RecentActivitiesService -> HttpClient]: 
	  StaticInjectorError(Platform: core)[RecentActivitiesService -> HttpClient]: 
	    NullInjectorError: No provider for HttpClient!
	    at _NullInjector.push../node_modules/@angular/core/esm5/core.js._NullInjector.get node_modules/@angular/core/esm5/core.js:1003:1)
	    at resolveToken node_modules/@angular/core/esm5/core.js:1301:1)
	    at tryResolveToken node_modules/@angular/core/esm5/core.js:1243:1)
	    at StaticInjector.push../node_modules/@angular/core/esm5/core.js.StaticInjector.get node_modules/@angular/core/esm5/core.js:1111:1)
	    at resolveToken node_modules/@angular/core/esm5/core.js:1301:1)
	    at tryResolveToken node_modules/@angular/core/esm5/core.js:1243:1)
	    at StaticInjector.push../node_modules/@angular/core/esm5/core.js.StaticInjector.get node_modules/@angular/core/esm5/core.js:1111:1)
	    at resolveNgModuleDep node_modules/@angular/core/esm5/core.js:10896:1)
	    at _createClass node_modules/@angular/core/esm5/core.js:10935:1)
	    at _createProviderInstance$1 node_modules/@angular/core/esm5/core.js:10907:1)
[1A[2KChrome 67.0.3396 (Mac OS X 10.13.3) RecentActivitiesService should be created FAILED
	Error: StaticInjectorError(DynamicTestModule)[RecentActivitiesService -> HttpClient]: 
	  StaticInjectorError(Platform: core)[RecentActivitiesService -> HttpClient]: 
	    NullInjectorError: No provider for HttpClient!
	    at _NullInjector.push../node_modules/@angular/core/esm5/core.js._NullInjector.get node_modules/@angular/core/esm5/core.js:1003:1)
	    at resolveToken node_modules/@angular/core/esm5/core.js:1301:1)
	    at tryResolveToken node_modules/@angular/core/esm5/core.js:1243:1)
	    at StaticInjector.push../node_modules/@angular/core/esm5/core.js.StaticInjector.get node_modules/@angular/core/esm5/core.js:1111:1)
	    at resolveToken node_modules/@angular/core/esm5/core.js:1301:1)
	    at tryResolveToken node_modules/@angular/core/esm5/core.js:1243:1)
	    at StaticInjector.push../node_modules/@angular/core/esm5/core.js.StaticInjector.get node_modules/@angular/core/esm5/core.js:1111:1)
	    at resolveNgModuleDep node_modules/@angular/core/esm5/core.js:10896:1)
	    at _createClass node_modules/@angular/core/esm5/core.js:10935:1)
	    at _createProviderInstance$1 node_modules/@angular/core/esm5/core.js:10907:1)
Chrome 67.0.3396 (Mac OS X 10.13.3): Executed 12 of 14 (11 FAILED) (0 secs / 0.309 secs)
Chrome 67.0.3396 (Mac OS X 10.13.3) RecentActivitiesService should be created FAILED
	Error: StaticInjectorError(DynamicTestModule)[RecentActivitiesService -> HttpClient]: 
	  StaticInjectorError(Platform: core)[RecentActivitiesService -> HttpClient]: 
	    NullInjectorError: No provider for HttpClient!
	    at _NullInjector.push../node_modules/@angular/core/esm5/core.js._NullInjector.get node_modules/@angular/core/esm5/core.js:1003:1)
	    at resolveToken node_modules/@angular/core/esm5/core.js:1301:1)
	    at tryResolveToken node_modules/@angular/core/esm5/core.js:1243:1)
	    at StaticInjector.push../node_modules/@angular/core/esm5/core.js.StaticInjector.get node_modules/@angular/core/esm5/core.js:1111:1)
	    at resolveToken node_modules/@angular/core/esm5/core.js:1301:1)
	    at tryResolveToken node_modules/@angular/core/esm5/core.js:1243:1)
	    at StaticInjector.push../node_modules/@angular/core/esm5/core.js.StaticInjector.get node_modules/@angular/core/esm5/core.js:1111:1)
	    at resolveNgModuleDep node_modules/@angular/core/esm5/core.js:10896:1)
	    at _createClass node_modules/@angular/core/esm5/core.js:10935:1)
	    at _createProviderInstance$1 node_modules/@angular/core/esm5/core.js:10907:1)
[1A[2KChrome 67.0.3396 (Mac OS X 10.13.3): Executed 13 of 14 (11 FAILED) (0 secs / 0.314 secs)
Chrome 67.0.3396 (Mac OS X 10.13.3) UserService should be created FAILED
	Error: StaticInjectorError(DynamicTestModule)[UserService -> StateService]: 
	  StaticInjectorError(Platform: core)[UserService -> StateService]: 
	    NullInjectorError: No provider for StateService!
	    at _NullInjector.push../node_modules/@angular/core/esm5/core.js._NullInjector.get node_modules/@angular/core/esm5/core.js:1003:1)
	    at resolveToken node_modules/@angular/core/esm5/core.js:1301:1)
	    at tryResolveToken node_modules/@angular/core/esm5/core.js:1243:1)
	    at StaticInjector.push../node_modules/@angular/core/esm5/core.js.StaticInjector.get node_modules/@angular/core/esm5/core.js:1111:1)
	    at resolveToken node_modules/@angular/core/esm5/core.js:1301:1)
	    at tryResolveToken node_modules/@angular/core/esm5/core.js:1243:1)
	    at StaticInjector.push../node_modules/@angular/core/esm5/core.js.StaticInjector.get node_modules/@angular/core/esm5/core.js:1111:1)
	    at resolveNgModuleDep node_modules/@angular/core/esm5/core.js:10896:1)
	    at _createClass node_modules/@angular/core/esm5/core.js:10933:1)
	    at _createProviderInstance$1 node_modules/@angular/core/esm5/core.js:10907:1)
[1A[2KChrome 67.0.3396 (Mac OS X 10.13.3) UserService should be created FAILED
	Error: StaticInjectorError(DynamicTestModule)[UserService -> StateService]: 
	  StaticInjectorError(Platform: core)[UserService -> StateService]: 
	    NullInjectorError: No provider for StateService!
	    at _NullInjector.push../node_modules/@angular/core/esm5/core.js._NullInjector.get node_modules/@angular/core/esm5/core.js:1003:1)
	    at resolveToken node_modules/@angular/core/esm5/core.js:1301:1)
	    at tryResolveToken node_modules/@angular/core/esm5/core.js:1243:1)
	    at StaticInjector.push../node_modules/@angular/core/esm5/core.js.StaticInjector.get node_modules/@angular/core/esm5/core.js:1111:1)
	    at resolveToken node_modules/@angular/core/esm5/core.js:1301:1)
	    at tryResolveToken node_modules/@angular/core/esm5/core.js:1243:1)
	    at StaticInjector.push../node_modules/@angular/core/esm5/core.js.StaticInjector.get node_modules/@angular/core/esm5/core.js:1111:1)
	    at resolveNgModuleDep node_modules/@angular/core/esm5/core.js:10896:1)
	    at _createClass node_modules/@angular/core/esm5/core.js:10933:1)
	    at _createProviderInstance$1 node_modules/@angular/core/esm5/core.js:10907:1)
Chrome 67.0.3396 (Mac OS X 10.13.3): Executed 14 of 14 (12 FAILED) (0 secs / 0.323 secs)
Chrome 67.0.3396 (Mac OS X 10.13.3) UserService should be created FAILED
	Error: StaticInjectorError(DynamicTestModule)[UserService -> StateService]: 
	  StaticInjectorError(Platform: core)[UserService -> StateService]: 
	    NullInjectorError: No provider for StateService!
	    at _NullInjector.push../node_modules/@angular/core/esm5/core.js._NullInjector.get node_modules/@angular/core/esm5/core.js:1003:1)
	    at resolveToken node_modules/@angular/core/esm5/core.js:1301:1)
	    at tryResolveToken node_modules/@angular/core/esm5/core.js:1243:1)
	    at StaticInjector.push../node_modules/@angular/core/esm5/core.js.StaticInjector.get node_modules/@angular/core/esm5/core.js:1111:1)
	    at resolveToken node_modules/@angular/core/esm5/core.js:1301:1)
	    at tryResolveToken node_modules/@angular/core/esm5/core.js:1243:1)
	    at StaticInjector.push../node_modules/@angular/core/esm5/core.js.StaticInjector.get node_modules/@angular/core/esm5/core.js:1111:1)
	    at resolveNgModuleDep node_modules/@angular/core/esm5/core.js:10896:1)
	    at _createClass node_modules/@angular/core/esm5/core.js:10933:1)
	    at _createProviderInstance$1 node_modules/@angular/core/esm5/core.js:10907:1)
[1A[2KChrome 67.0.3396 (Mac OS X 10.13.3): Executed 14 of 14 (12 FAILED) (0.458 secs / 0.323 secs)
Chrome 67.0.3396 (Mac OS X 10.13.3): Executed 0 of 14 SUCCESS (0 secs / 0 secs)
[1A[2KChrome 67.0.3396 (Mac OS X 10.13.3): Executed 1 of 14 SUCCESS (0 secs / 0.082 secs)
LOG: true
[1A[2KLOG: true
Chrome 67.0.3396 (Mac OS X 10.13.3): Executed 1 of 14 SUCCESS (0 secs / 0.082 secs)
LOG: true
[1A[2KChrome 67.0.3396 (Mac OS X 10.13.3): Executed 2 of 14 SUCCESS (0 secs / 0.15 secs)
Chrome 67.0.3396 (Mac OS X 10.13.3) AppComponent should create the app FAILED
	'topnav' is not a known element:
	1. If 'topnav' is an Angular component, then verify that it is part of this module.
	2. To allow any element add 'NO_ERRORS_SCHEMA' to the '@NgModule.schemas' of this component. ("[ERROR ->]<topnav></topnav>    
	<div class="container">
		<div class="row">
	"): ng:///DynamicTestModule/AppComponent.html@0:0
	'router-outlet' is not a known element:
	1. If 'router-outlet' is an Angular component, then verify that it is part of this module.
	2. If 'router-outlet' is a Web Component then add 'CUSTOM_ELEMENTS_SCHEMA' to the '@NgModule.schemas' of this component to suppress this message. ("
		<div class="row">
			<div class="col-md-1"></div>
			[ERROR ->]<router-outlet></router-outlet>
			<div class="col-md-1"></div>
		</div>
	"): ng:///DynamicTestModule/AppComponent.html@4:2
	Error: Template parse errors:
	    at syntaxError node_modules/@angular/compiler/esm5/compiler.js:486:22)
	    at TemplateParser.push../node_modules/@angular/compiler/esm5/compiler.js.TemplateParser.parse node_modules/@angular/compiler/esm5/compiler.js:24674:1)
	    at JitCompiler.push../node_modules/@angular/compiler/esm5/compiler.js.JitCompiler._parseTemplate node_modules/@angular/compiler/esm5/compiler.js:34629:1)
	    at JitCompiler.push../node_modules/@angular/compiler/esm5/compiler.js.JitCompiler._compileTemplate node_modules/@angular/compiler/esm5/compiler.js:34604:1)
	    at http://localhost:18763/_karma_webpack_/webpack:/node_modules/@angular/compiler/esm5/compiler.js:34505:48
	    at Set.forEach (<anonymous>)
	    at JitCompiler.push../node_modules/@angular/compiler/esm5/compiler.js.JitCompiler._compileComponents node_modules/@angular/compiler/esm5/compiler.js:34505:1)
	    at http://localhost:18763/_karma_webpack_/webpack:/node_modules/@angular/compiler/esm5/compiler.js:34393:1
	    at Object.then node_modules/@angular/compiler/esm5/compiler.js:475:33)
	    at JitCompiler.push../node_modules/@angular/compiler/esm5/compiler.js.JitCompiler._compileModuleAndAllComponents node_modules/@angular/compiler/esm5/compiler.js:34391:1)
	'topnav' is not a known element:
	1. If 'topnav' is an Angular component, then verify that it is part of this module.
	2. To allow any element add 'NO_ERRORS_SCHEMA' to the '@NgModule.schemas' of this component. ("[ERROR ->]<topnav></topnav>    
	<div class="container">
		<div class="row">
	"): ng:///DynamicTestModule/AppComponent.html@0:0
	'router-outlet' is not a known element:
	1. If 'router-outlet' is an Angular component, then verify that it is part of this module.
	2. If 'router-outlet' is a Web Component then add 'CUSTOM_ELEMENTS_SCHEMA' to the '@NgModule.schemas' of this component to suppress this message. ("
		<div class="row">
			<div class="col-md-1"></div>
			[ERROR ->]<router-outlet></router-outlet>
			<div class="col-md-1"></div>
		</div>
	"): ng:///DynamicTestModule/AppComponent.html@4:2
	Error: Template parse errors:
	    at syntaxError node_modules/@angular/compiler/esm5/compiler.js:486:22)
	    at TemplateParser.push../node_modules/@angular/compiler/esm5/compiler.js.TemplateParser.parse node_modules/@angular/compiler/esm5/compiler.js:24674:1)
	    at JitCompiler.push../node_modules/@angular/compiler/esm5/compiler.js.JitCompiler._parseTemplate node_modules/@angular/compiler/esm5/compiler.js:34629:1)
	    at JitCompiler.push../node_modules/@angular/compiler/esm5/compiler.js.JitCompiler._compileTemplate node_modules/@angular/compiler/esm5/compiler.js:34604:1)
	    at http://localhost:18763/_karma_webpack_/webpack:/node_modules/@angular/compiler/esm5/compiler.js:34505:48
	    at Set.forEach (<anonymous>)
	    at JitCompiler.push../node_modules/@angular/compiler/esm5/compiler.js.JitCompiler._compileComponents node_modules/@angular/compiler/esm5/compiler.js:34505:1)
	    at http://localhost:18763/_karma_webpack_/webpack:/node_modules/@angular/compiler/esm5/compiler.js:34393:1
	    at Object.then node_modules/@angular/compiler/esm5/compiler.js:475:33)
	    at JitCompiler.push../node_modules/@angular/compiler/esm5/compiler.js.JitCompiler._compileModuleAndAllComponents node_modules/@angular/compiler/esm5/compiler.js:34391:1)
[1A[2KChrome 67.0.3396 (Mac OS X 10.13.3) AppComponent should create the app FAILED
	'topnav' is not a known element:
	1. If 'topnav' is an Angular component, then verify that it is part of this module.
	2. To allow any element add 'NO_ERRORS_SCHEMA' to the '@NgModule.schemas' of this component. ("[ERROR ->]<topnav></topnav>    
	<div class="container">
		<div class="row">
	"): ng:///DynamicTestModule/AppComponent.html@0:0
	'router-outlet' is not a known element:
	1. If 'router-outlet' is an Angular component, then verify that it is part of this module.
	2. If 'router-outlet' is a Web Component then add 'CUSTOM_ELEMENTS_SCHEMA' to the '@NgModule.schemas' of this component to suppress this message. ("
		<div class="row">
			<div class="col-md-1"></div>
			[ERROR ->]<router-outlet></router-outlet>
			<div class="col-md-1"></div>
		</div>
	"): ng:///DynamicTestModule/AppComponent.html@4:2
	Error: Template parse errors:
	    at syntaxError node_modules/@angular/compiler/esm5/compiler.js:486:22)
	    at TemplateParser.push../node_modules/@angular/compiler/esm5/compiler.js.TemplateParser.parse node_modules/@angular/compiler/esm5/compiler.js:24674:1)
	    at JitCompiler.push../node_modules/@angular/compiler/esm5/compiler.js.JitCompiler._parseTemplate node_modules/@angular/compiler/esm5/compiler.js:34629:1)
	    at JitCompiler.push../node_modules/@angular/compiler/esm5/compiler.js.JitCompiler._compileTemplate node_modules/@angular/compiler/esm5/compiler.js:34604:1)
	    at http://localhost:18763/_karma_webpack_/webpack:/node_modules/@angular/compiler/esm5/compiler.js:34505:48
	    at Set.forEach (<anonymous>)
	    at JitCompiler.push../node_modules/@angular/compiler/esm5/compiler.js.JitCompiler._compileComponents node_modules/@angular/compiler/esm5/compiler.js:34505:1)
	    at http://localhost:18763/_karma_webpack_/webpack:/node_modules/@angular/compiler/esm5/compiler.js:34393:1
	    at Object.then node_modules/@angular/compiler/esm5/compiler.js:475:33)
	    at JitCompiler.push../node_modules/@angular/compiler/esm5/compiler.js.JitCompiler._compileModuleAndAllComponents node_modules/@angular/compiler/esm5/compiler.js:34391:1)
	'topnav' is not a known element:
	1. If 'topnav' is an Angular component, then verify that it is part of this module.
	2. To allow any element add 'NO_ERRORS_SCHEMA' to the '@NgModule.schemas' of this component. ("[ERROR ->]<topnav></topnav>    
	<div class="container">
		<div class="row">
	"): ng:///DynamicTestModule/AppComponent.html@0:0
	'router-outlet' is not a known element:
	1. If 'router-outlet' is an Angular component, then verify that it is part of this module.
	2. If 'router-outlet' is a Web Component then add 'CUSTOM_ELEMENTS_SCHEMA' to the '@NgModule.schemas' of this component to suppress this message. ("
		<div class="row">
			<div class="col-md-1"></div>
			[ERROR ->]<router-outlet></router-outlet>
			<div class="col-md-1"></div>
		</div>
	"): ng:///DynamicTestModule/AppComponent.html@4:2
	Error: Template parse errors:
	    at syntaxError node_modules/@angular/compiler/esm5/compiler.js:486:22)
	    at TemplateParser.push../node_modules/@angular/compiler/esm5/compiler.js.TemplateParser.parse node_modules/@angular/compiler/esm5/compiler.js:24674:1)
	    at JitCompiler.push../node_modules/@angular/compiler/esm5/compiler.js.JitCompiler._parseTemplate node_modules/@angular/compiler/esm5/compiler.js:34629:1)
	    at JitCompiler.push../node_modules/@angular/compiler/esm5/compiler.js.JitCompiler._compileTemplate node_modules/@angular/compiler/esm5/compiler.js:34604:1)
	    at http://localhost:18763/_karma_webpack_/webpack:/node_modules/@angular/compiler/esm5/compiler.js:34505:48
	    at Set.forEach (<anonymous>)
	    at JitCompiler.push../node_modules/@angular/compiler/esm5/compiler.js.JitCompiler._compileComponents node_modules/@angular/compiler/esm5/compiler.js:34505:1)
	    at http://localhost:18763/_karma_webpack_/webpack:/node_modules/@angular/compiler/esm5/compiler.js:34393:1
	    at Object.then node_modules/@angular/compiler/esm5/compiler.js:475:33)
	    at JitCompiler.push../node_modules/@angular/compiler/esm5/compiler.js.JitCompiler._compileModuleAndAllComponents node_modules/@angular/compiler/esm5/compiler.js:34391:1)
Chrome 67.0.3396 (Mac OS X 10.13.3): Executed 3 of 14 (1 FAILED) (0 secs / 0.168 secs)
Chrome 67.0.3396 (Mac OS X 10.13.3) AppComponent should create the app FAILED
	'topnav' is not a known element:
	1. If 'topnav' is an Angular component, then verify that it is part of this module.
	2. To allow any element add 'NO_ERRORS_SCHEMA' to the '@NgModule.schemas' of this component. ("[ERROR ->]<topnav></topnav>    
	<div class="container">
		<div class="row">
	"): ng:///DynamicTestModule/AppComponent.html@0:0
	'router-outlet' is not a known element:
	1. If 'router-outlet' is an Angular component, then verify that it is part of this module.
	2. If 'router-outlet' is a Web Component then add 'CUSTOM_ELEMENTS_SCHEMA' to the '@NgModule.schemas' of this component to suppress this message. ("
		<div class="row">
			<div class="col-md-1"></div>
			[ERROR ->]<router-outlet></router-outlet>
			<div class="col-md-1"></div>
		</div>
	"): ng:///DynamicTestModule/AppComponent.html@4:2
	Error: Template parse errors:
	    at syntaxError node_modules/@angular/compiler/esm5/compiler.js:486:22)
	    at TemplateParser.push../node_modules/@angular/compiler/esm5/compiler.js.TemplateParser.parse node_modules/@angular/compiler/esm5/compiler.js:24674:1)
	    at JitCompiler.push../node_modules/@angular/compiler/esm5/compiler.js.JitCompiler._parseTemplate node_modules/@angular/compiler/esm5/compiler.js:34629:1)
	    at JitCompiler.push../node_modules/@angular/compiler/esm5/compiler.js.JitCompiler._compileTemplate node_modules/@angular/compiler/esm5/compiler.js:34604:1)
	    at http://localhost:18763/_karma_webpack_/webpack:/node_modules/@angular/compiler/esm5/compiler.js:34505:48
	    at Set.forEach (<anonymous>)
	    at JitCompiler.push../node_modules/@angular/compiler/esm5/compiler.js.JitCompiler._compileComponents node_modules/@angular/compiler/esm5/compiler.js:34505:1)
	    at http://localhost:18763/_karma_webpack_/webpack:/node_modules/@angular/compiler/esm5/compiler.js:34393:1
	    at Object.then node_modules/@angular/compiler/esm5/compiler.js:475:33)
	    at JitCompiler.push../node_modules/@angular/compiler/esm5/compiler.js.JitCompiler._compileModuleAndAllComponents node_modules/@angular/compiler/esm5/compiler.js:34391:1)
	'topnav' is not a known element:
	1. If 'topnav' is an Angular component, then verify that it is part of this module.
	2. To allow any element add 'NO_ERRORS_SCHEMA' to the '@NgModule.schemas' of this component. ("[ERROR ->]<topnav></topnav>    
	<div class="container">
		<div class="row">
	"): ng:///DynamicTestModule/AppComponent.html@0:0
	'router-outlet' is not a known element:
	1. If 'router-outlet' is an Angular component, then verify that it is part of this module.
	2. If 'router-outlet' is a Web Component then add 'CUSTOM_ELEMENTS_SCHEMA' to the '@NgModule.schemas' of this component to suppress this message. ("
		<div class="row">
			<div class="col-md-1"></div>
			[ERROR ->]<router-outlet></router-outlet>
			<div class="col-md-1"></div>
		</div>
	"): ng:///DynamicTestModule/AppComponent.html@4:2
	Error: Template parse errors:
	    at syntaxError node_modules/@angular/compiler/esm5/compiler.js:486:22)
	    at TemplateParser.push../node_modules/@angular/compiler/esm5/compiler.js.TemplateParser.parse node_modules/@angular/compiler/esm5/compiler.js:24674:1)
	    at JitCompiler.push../node_modules/@angular/compiler/esm5/compiler.js.JitCompiler._parseTemplate node_modules/@angular/compiler/esm5/compiler.js:34629:1)
	    at JitCompiler.push../node_modules/@angular/compiler/esm5/compiler.js.JitCompiler._compileTemplate node_modules/@angular/compiler/esm5/compiler.js:34604:1)
	    at http://localhost:18763/_karma_webpack_/webpack:/node_modules/@angular/compiler/esm5/compiler.js:34505:48
	    at Set.forEach (<anonymous>)
	    at JitCompiler.push../node_modules/@angular/compiler/esm5/compiler.js.JitCompiler._compileComponents node_modules/@angular/compiler/esm5/compiler.js:34505:1)
	    at http://localhost:18763/_karma_webpack_/webpack:/node_modules/@angular/compiler/esm5/compiler.js:34393:1
	    at Object.then node_modules/@angular/compiler/esm5/compiler.js:475:33)
	    at JitCompiler.push../node_modules/@angular/compiler/esm5/compiler.js.JitCompiler._compileModuleAndAllComponents node_modules/@angular/compiler/esm5/compiler.js:34391:1)
Chrome 67.0.3396 (Mac OS X 10.13.3) AppComponent should have as title 'app' FAILED
	'topnav' is not a known element:
	1. If 'topnav' is an Angular component, then verify that it is part of this module.
	2. To allow any element add 'NO_ERRORS_SCHEMA' to the '@NgModule.schemas' of this component. ("[ERROR ->]<topnav></topnav>    
	<div class="container">
		<div class="row">
	"): ng:///DynamicTestModule/AppComponent.html@0:0
	'router-outlet' is not a known element:
	1. If 'router-outlet' is an Angular component, then verify that it is part of this module.
	2. If 'router-outlet' is a Web Component then add 'CUSTOM_ELEMENTS_SCHEMA' to the '@NgModule.schemas' of this component to suppress this message. ("
		<div class="row">
			<div class="col-md-1"></div>
			[ERROR ->]<router-outlet></router-outlet>
			<div class="col-md-1"></div>
		</div>
	"): ng:///DynamicTestModule/AppComponent.html@4:2
	Error: Template parse errors:
	    at syntaxError node_modules/@angular/compiler/esm5/compiler.js:486:22)
	    at TemplateParser.push../node_modules/@angular/compiler/esm5/compiler.js.TemplateParser.parse node_modules/@angular/compiler/esm5/compiler.js:24674:1)
	    at JitCompiler.push../node_modules/@angular/compiler/esm5/compiler.js.JitCompiler._parseTemplate node_modules/@angular/compiler/esm5/compiler.js:34629:1)
	    at JitCompiler.push../node_modules/@angular/compiler/esm5/compiler.js.JitCompiler._compileTemplate node_modules/@angular/compiler/esm5/compiler.js:34604:1)
	    at http://localhost:18763/_karma_webpack_/webpack:/node_modules/@angular/compiler/esm5/compiler.js:34505:48
	    at Set.forEach (<anonymous>)
	    at JitCompiler.push../node_modules/@angular/compiler/esm5/compiler.js.JitCompiler._compileComponents node_modules/@angular/compiler/esm5/compiler.js:34505:1)
	    at http://localhost:18763/_karma_webpack_/webpack:/node_modules/@angular/compiler/esm5/compiler.js:34393:1
	    at Object.then node_modules/@angular/compiler/esm5/compiler.js:475:33)
	    at JitCompiler.push../node_modules/@angular/compiler/esm5/compiler.js.JitCompiler._compileModuleAndAllComponents node_modules/@angular/compiler/esm5/compiler.js:34391:1)
	'topnav' is not a known element:
	1. If 'topnav' is an Angular component, then verify that it is part of this module.
	2. To allow any element add 'NO_ERRORS_SCHEMA' to the '@NgModule.schemas' of this component. ("[ERROR ->]<topnav></topnav>    
	<div class="container">
		<div class="row">
	"): ng:///DynamicTestModule/AppComponent.html@0:0
	'router-outlet' is not a known element:
	1. If 'router-outlet' is an Angular component, then verify that it is part of this module.
	2. If 'router-outlet' is a Web Component then add 'CUSTOM_ELEMENTS_SCHEMA' to the '@NgModule.schemas' of this component to suppress this message. ("
		<div class="row">
			<div class="col-md-1"></div>
			[ERROR ->]<router-outlet></router-outlet>
			<div class="col-md-1"></div>
		</div>
	"): ng:///DynamicTestModule/AppComponent.html@4:2
	Error: Template parse errors:
	    at syntaxError node_modules/@angular/compiler/esm5/compiler.js:486:22)
	    at TemplateParser.push../node_modules/@angular/compiler/esm5/compiler.js.TemplateParser.parse node_modules/@angular/compiler/esm5/compiler.js:24674:1)
	    at JitCompiler.push../node_modules/@angular/compiler/esm5/compiler.js.JitCompiler._parseTemplate node_modules/@angular/compiler/esm5/compiler.js:34629:1)
	    at JitCompiler.push../node_modules/@angular/compiler/esm5/compiler.js.JitCompiler._compileTemplate node_modules/@angular/compiler/esm5/compiler.js:34604:1)
	    at http://localhost:18763/_karma_webpack_/webpack:/node_modules/@angular/compiler/esm5/compiler.js:34505:48
	    at Set.forEach (<anonymous>)
	    at JitCompiler.push../node_modules/@angular/compiler/esm5/compiler.js.JitCompiler._compileComponents node_modules/@angular/compiler/esm5/compiler.js:34505:1)
	    at http://localhost:18763/_karma_webpack_/webpack:/node_modules/@angular/compiler/esm5/compiler.js:34393:1
	    at Object.then node_modules/@angular/compiler/esm5/compiler.js:475:33)
	    at JitCompiler.push../node_modules/@angular/compiler/esm5/compiler.js.JitCompiler._compileModuleAndAllComponents node_modules/@angular/compiler/esm5/compiler.js:34391:1)
[1A[2KChrome 67.0.3396 (Mac OS X 10.13.3) AppComponent should have as title 'app' FAILED
	'topnav' is not a known element:
	1. If 'topnav' is an Angular component, then verify that it is part of this module.
	2. To allow any element add 'NO_ERRORS_SCHEMA' to the '@NgModule.schemas' of this component. ("[ERROR ->]<topnav></topnav>    
	<div class="container">
		<div class="row">
	"): ng:///DynamicTestModule/AppComponent.html@0:0
	'router-outlet' is not a known element:
	1. If 'router-outlet' is an Angular component, then verify that it is part of this module.
	2. If 'router-outlet' is a Web Component then add 'CUSTOM_ELEMENTS_SCHEMA' to the '@NgModule.schemas' of this component to suppress this message. ("
		<div class="row">
			<div class="col-md-1"></div>
			[ERROR ->]<router-outlet></router-outlet>
			<div class="col-md-1"></div>
		</div>
	"): ng:///DynamicTestModule/AppComponent.html@4:2
	Error: Template parse errors:
	    at syntaxError node_modules/@angular/compiler/esm5/compiler.js:486:22)
	    at TemplateParser.push../node_modules/@angular/compiler/esm5/compiler.js.TemplateParser.parse node_modules/@angular/compiler/esm5/compiler.js:24674:1)
	    at JitCompiler.push../node_modules/@angular/compiler/esm5/compiler.js.JitCompiler._parseTemplate node_modules/@angular/compiler/esm5/compiler.js:34629:1)
	    at JitCompiler.push../node_modules/@angular/compiler/esm5/compiler.js.JitCompiler._compileTemplate node_modules/@angular/compiler/esm5/compiler.js:34604:1)
	    at http://localhost:18763/_karma_webpack_/webpack:/node_modules/@angular/compiler/esm5/compiler.js:34505:48
	    at Set.forEach (<anonymous>)
	    at JitCompiler.push../node_modules/@angular/compiler/esm5/compiler.js.JitCompiler._compileComponents node_modules/@angular/compiler/esm5/compiler.js:34505:1)
	    at http://localhost:18763/_karma_webpack_/webpack:/node_modules/@angular/compiler/esm5/compiler.js:34393:1
	    at Object.then node_modules/@angular/compiler/esm5/compiler.js:475:33)
	    at JitCompiler.push../node_modules/@angular/compiler/esm5/compiler.js.JitCompiler._compileModuleAndAllComponents node_modules/@angular/compiler/esm5/compiler.js:34391:1)
	'topnav' is not a known element:
	1. If 'topnav' is an Angular component, then verify that it is part of this module.
	2. To allow any element add 'NO_ERRORS_SCHEMA' to the '@NgModule.schemas' of this component. ("[ERROR ->]<topnav></topnav>    
	<div class="container">
		<div class="row">
	"): ng:///DynamicTestModule/AppComponent.html@0:0
	'router-outlet' is not a known element:
	1. If 'router-outlet' is an Angular component, then verify that it is part of this module.
	2. If 'router-outlet' is a Web Component then add 'CUSTOM_ELEMENTS_SCHEMA' to the '@NgModule.schemas' of this component to suppress this message. ("
		<div class="row">
			<div class="col-md-1"></div>
			[ERROR ->]<router-outlet></router-outlet>
			<div class="col-md-1"></div>
		</div>
	"): ng:///DynamicTestModule/AppComponent.html@4:2
	Error: Template parse errors:
	    at syntaxError node_modules/@angular/compiler/esm5/compiler.js:486:22)
	    at TemplateParser.push../node_modules/@angular/compiler/esm5/compiler.js.TemplateParser.parse node_modules/@angular/compiler/esm5/compiler.js:24674:1)
	    at JitCompiler.push../node_modules/@angular/compiler/esm5/compiler.js.JitCompiler._parseTemplate node_modules/@angular/compiler/esm5/compiler.js:34629:1)
	    at JitCompiler.push../node_modules/@angular/compiler/esm5/compiler.js.JitCompiler._compileTemplate node_modules/@angular/compiler/esm5/compiler.js:34604:1)
	    at http://localhost:18763/_karma_webpack_/webpack:/node_modules/@angular/compiler/esm5/compiler.js:34505:48
	    at Set.forEach (<anonymous>)
	    at JitCompiler.push../node_modules/@angular/compiler/esm5/compiler.js.JitCompiler._compileComponents node_modules/@angular/compiler/esm5/compiler.js:34505:1)
	    at http://localhost:18763/_karma_webpack_/webpack:/node_modules/@angular/compiler/esm5/compiler.js:34393:1
	    at Object.then node_modules/@angular/compiler/esm5/compiler.js:475:33)
	    at JitCompiler.push../node_modules/@angular/compiler/esm5/compiler.js.JitCompiler._compileModuleAndAllComponents node_modules/@angular/compiler/esm5/compiler.js:34391:1)
Chrome 67.0.3396 (Mac OS X 10.13.3): Executed 4 of 14 (2 FAILED) (0 secs / 0.182 secs)
Chrome 67.0.3396 (Mac OS X 10.13.3) AppComponent should have as title 'app' FAILED
	'topnav' is not a known element:
	1. If 'topnav' is an Angular component, then verify that it is part of this module.
	2. To allow any element add 'NO_ERRORS_SCHEMA' to the '@NgModule.schemas' of this component. ("[ERROR ->]<topnav></topnav>    
	<div class="container">
		<div class="row">
	"): ng:///DynamicTestModule/AppComponent.html@0:0
	'router-outlet' is not a known element:
	1. If 'router-outlet' is an Angular component, then verify that it is part of this module.
	2. If 'router-outlet' is a Web Component then add 'CUSTOM_ELEMENTS_SCHEMA' to the '@NgModule.schemas' of this component to suppress this message. ("
		<div class="row">
			<div class="col-md-1"></div>
			[ERROR ->]<router-outlet></router-outlet>
			<div class="col-md-1"></div>
		</div>
	"): ng:///DynamicTestModule/AppComponent.html@4:2
	Error: Template parse errors:
	    at syntaxError node_modules/@angular/compiler/esm5/compiler.js:486:22)
	    at TemplateParser.push../node_modules/@angular/compiler/esm5/compiler.js.TemplateParser.parse node_modules/@angular/compiler/esm5/compiler.js:24674:1)
	    at JitCompiler.push../node_modules/@angular/compiler/esm5/compiler.js.JitCompiler._parseTemplate node_modules/@angular/compiler/esm5/compiler.js:34629:1)
	    at JitCompiler.push../node_modules/@angular/compiler/esm5/compiler.js.JitCompiler._compileTemplate node_modules/@angular/compiler/esm5/compiler.js:34604:1)
	    at http://localhost:18763/_karma_webpack_/webpack:/node_modules/@angular/compiler/esm5/compiler.js:34505:48
	    at Set.forEach (<anonymous>)
	    at JitCompiler.push../node_modules/@angular/compiler/esm5/compiler.js.JitCompiler._compileComponents node_modules/@angular/compiler/esm5/compiler.js:34505:1)
	    at http://localhost:18763/_karma_webpack_/webpack:/node_modules/@angular/compiler/esm5/compiler.js:34393:1
	    at Object.then node_modules/@angular/compiler/esm5/compiler.js:475:33)
	    at JitCompiler.push../node_modules/@angular/compiler/esm5/compiler.js.JitCompiler._compileModuleAndAllComponents node_modules/@angular/compiler/esm5/compiler.js:34391:1)
	'topnav' is not a known element:
	1. If 'topnav' is an Angular component, then verify that it is part of this module.
	2. To allow any element add 'NO_ERRORS_SCHEMA' to the '@NgModule.schemas' of this component. ("[ERROR ->]<topnav></topnav>    
	<div class="container">
		<div class="row">
	"): ng:///DynamicTestModule/AppComponent.html@0:0
	'router-outlet' is not a known element:
	1. If 'router-outlet' is an Angular component, then verify that it is part of this module.
	2. If 'router-outlet' is a Web Component then add 'CUSTOM_ELEMENTS_SCHEMA' to the '@NgModule.schemas' of this component to suppress this message. ("
		<div class="row">
			<div class="col-md-1"></div>
			[ERROR ->]<router-outlet></router-outlet>
			<div class="col-md-1"></div>
		</div>
	"): ng:///DynamicTestModule/AppComponent.html@4:2
	Error: Template parse errors:
	    at syntaxError node_modules/@angular/compiler/esm5/compiler.js:486:22)
	    at TemplateParser.push../node_modules/@angular/compiler/esm5/compiler.js.TemplateParser.parse node_modules/@angular/compiler/esm5/compiler.js:24674:1)
	    at JitCompiler.push../node_modules/@angular/compiler/esm5/compiler.js.JitCompiler._parseTemplate node_modules/@angular/compiler/esm5/compiler.js:34629:1)
	    at JitCompiler.push../node_modules/@angular/compiler/esm5/compiler.js.JitCompiler._compileTemplate node_modules/@angular/compiler/esm5/compiler.js:34604:1)
	    at http://localhost:18763/_karma_webpack_/webpack:/node_modules/@angular/compiler/esm5/compiler.js:34505:48
	    at Set.forEach (<anonymous>)
	    at JitCompiler.push../node_modules/@angular/compiler/esm5/compiler.js.JitCompiler._compileComponents node_modules/@angular/compiler/esm5/compiler.js:34505:1)
	    at http://localhost:18763/_karma_webpack_/webpack:/node_modules/@angular/compiler/esm5/compiler.js:34393:1
	    at Object.then node_modules/@angular/compiler/esm5/compiler.js:475:33)
	    at JitCompiler.push../node_modules/@angular/compiler/esm5/compiler.js.JitCompiler._compileModuleAndAllComponents node_modules/@angular/compiler/esm5/compiler.js:34391:1)
Chrome 67.0.3396 (Mac OS X 10.13.3) AppComponent should render title in a h1 tag FAILED
	'topnav' is not a known element:
	1. If 'topnav' is an Angular component, then verify that it is part of this module.
	2. To allow any element add 'NO_ERRORS_SCHEMA' to the '@NgModule.schemas' of this component. ("[ERROR ->]<topnav></topnav>    
	<div class="container">
		<div class="row">
	"): ng:///DynamicTestModule/AppComponent.html@0:0
	'router-outlet' is not a known element:
	1. If 'router-outlet' is an Angular component, then verify that it is part of this module.
	2. If 'router-outlet' is a Web Component then add 'CUSTOM_ELEMENTS_SCHEMA' to the '@NgModule.schemas' of this component to suppress this message. ("
		<div class="row">
			<div class="col-md-1"></div>
			[ERROR ->]<router-outlet></router-outlet>
			<div class="col-md-1"></div>
		</div>
	"): ng:///DynamicTestModule/AppComponent.html@4:2
	Error: Template parse errors:
	    at syntaxError node_modules/@angular/compiler/esm5/compiler.js:486:22)
	    at TemplateParser.push../node_modules/@angular/compiler/esm5/compiler.js.TemplateParser.parse node_modules/@angular/compiler/esm5/compiler.js:24674:1)
	    at JitCompiler.push../node_modules/@angular/compiler/esm5/compiler.js.JitCompiler._parseTemplate node_modules/@angular/compiler/esm5/compiler.js:34629:1)
	    at JitCompiler.push../node_modules/@angular/compiler/esm5/compiler.js.JitCompiler._compileTemplate node_modules/@angular/compiler/esm5/compiler.js:34604:1)
	    at http://localhost:18763/_karma_webpack_/webpack:/node_modules/@angular/compiler/esm5/compiler.js:34505:48
	    at Set.forEach (<anonymous>)
	    at JitCompiler.push../node_modules/@angular/compiler/esm5/compiler.js.JitCompiler._compileComponents node_modules/@angular/compiler/esm5/compiler.js:34505:1)
	    at http://localhost:18763/_karma_webpack_/webpack:/node_modules/@angular/compiler/esm5/compiler.js:34393:1
	    at Object.then node_modules/@angular/compiler/esm5/compiler.js:475:33)
	    at JitCompiler.push../node_modules/@angular/compiler/esm5/compiler.js.JitCompiler._compileModuleAndAllComponents node_modules/@angular/compiler/esm5/compiler.js:34391:1)
	'topnav' is not a known element:
	1. If 'topnav' is an Angular component, then verify that it is part of this module.
	2. To allow any element add 'NO_ERRORS_SCHEMA' to the '@NgModule.schemas' of this component. ("[ERROR ->]<topnav></topnav>    
	<div class="container">
		<div class="row">
	"): ng:///DynamicTestModule/AppComponent.html@0:0
	'router-outlet' is not a known element:
	1. If 'router-outlet' is an Angular component, then verify that it is part of this module.
	2. If 'router-outlet' is a Web Component then add 'CUSTOM_ELEMENTS_SCHEMA' to the '@NgModule.schemas' of this component to suppress this message. ("
		<div class="row">
			<div class="col-md-1"></div>
			[ERROR ->]<router-outlet></router-outlet>
			<div class="col-md-1"></div>
		</div>
	"): ng:///DynamicTestModule/AppComponent.html@4:2
	Error: Template parse errors:
	    at syntaxError node_modules/@angular/compiler/esm5/compiler.js:486:22)
	    at TemplateParser.push../node_modules/@angular/compiler/esm5/compiler.js.TemplateParser.parse node_modules/@angular/compiler/esm5/compiler.js:24674:1)
	    at JitCompiler.push../node_modules/@angular/compiler/esm5/compiler.js.JitCompiler._parseTemplate node_modules/@angular/compiler/esm5/compiler.js:34629:1)
	    at JitCompiler.push../node_modules/@angular/compiler/esm5/compiler.js.JitCompiler._compileTemplate node_modules/@angular/compiler/esm5/compiler.js:34604:1)
	    at http://localhost:18763/_karma_webpack_/webpack:/node_modules/@angular/compiler/esm5/compiler.js:34505:48
	    at Set.forEach (<anonymous>)
	    at JitCompiler.push../node_modules/@angular/compiler/esm5/compiler.js.JitCompiler._compileComponents node_modules/@angular/compiler/esm5/compiler.js:34505:1)
	    at http://localhost:18763/_karma_webpack_/webpack:/node_modules/@angular/compiler/esm5/compiler.js:34393:1
	    at Object.then node_modules/@angular/compiler/esm5/compiler.js:475:33)
	    at JitCompiler.push../node_modules/@angular/compiler/esm5/compiler.js.JitCompiler._compileModuleAndAllComponents node_modules/@angular/compiler/esm5/compiler.js:34391:1)
[1A[2KChrome 67.0.3396 (Mac OS X 10.13.3) AppComponent should render title in a h1 tag FAILED
	'topnav' is not a known element:
	1. If 'topnav' is an Angular component, then verify that it is part of this module.
	2. To allow any element add 'NO_ERRORS_SCHEMA' to the '@NgModule.schemas' of this component. ("[ERROR ->]<topnav></topnav>    
	<div class="container">
		<div class="row">
	"): ng:///DynamicTestModule/AppComponent.html@0:0
	'router-outlet' is not a known element:
	1. If 'router-outlet' is an Angular component, then verify that it is part of this module.
	2. If 'router-outlet' is a Web Component then add 'CUSTOM_ELEMENTS_SCHEMA' to the '@NgModule.schemas' of this component to suppress this message. ("
		<div class="row">
			<div class="col-md-1"></div>
			[ERROR ->]<router-outlet></router-outlet>
			<div class="col-md-1"></div>
		</div>
	"): ng:///DynamicTestModule/AppComponent.html@4:2
	Error: Template parse errors:
	    at syntaxError node_modules/@angular/compiler/esm5/compiler.js:486:22)
	    at TemplateParser.push../node_modules/@angular/compiler/esm5/compiler.js.TemplateParser.parse node_modules/@angular/compiler/esm5/compiler.js:24674:1)
	    at JitCompiler.push../node_modules/@angular/compiler/esm5/compiler.js.JitCompiler._parseTemplate node_modules/@angular/compiler/esm5/compiler.js:34629:1)
	    at JitCompiler.push../node_modules/@angular/compiler/esm5/compiler.js.JitCompiler._compileTemplate node_modules/@angular/compiler/esm5/compiler.js:34604:1)
	    at http://localhost:18763/_karma_webpack_/webpack:/node_modules/@angular/compiler/esm5/compiler.js:34505:48
	    at Set.forEach (<anonymous>)
	    at JitCompiler.push../node_modules/@angular/compiler/esm5/compiler.js.JitCompiler._compileComponents node_modules/@angular/compiler/esm5/compiler.js:34505:1)
	    at http://localhost:18763/_karma_webpack_/webpack:/node_modules/@angular/compiler/esm5/compiler.js:34393:1
	    at Object.then node_modules/@angular/compiler/esm5/compiler.js:475:33)
	    at JitCompiler.push../node_modules/@angular/compiler/esm5/compiler.js.JitCompiler._compileModuleAndAllComponents node_modules/@angular/compiler/esm5/compiler.js:34391:1)
	'topnav' is not a known element:
	1. If 'topnav' is an Angular component, then verify that it is part of this module.
	2. To allow any element add 'NO_ERRORS_SCHEMA' to the '@NgModule.schemas' of this component. ("[ERROR ->]<topnav></topnav>    
	<div class="container">
		<div class="row">
	"): ng:///DynamicTestModule/AppComponent.html@0:0
	'router-outlet' is not a known element:
	1. If 'router-outlet' is an Angular component, then verify that it is part of this module.
	2. If 'router-outlet' is a Web Component then add 'CUSTOM_ELEMENTS_SCHEMA' to the '@NgModule.schemas' of this component to suppress this message. ("
		<div class="row">
			<div class="col-md-1"></div>
			[ERROR ->]<router-outlet></router-outlet>
			<div class="col-md-1"></div>
		</div>
	"): ng:///DynamicTestModule/AppComponent.html@4:2
	Error: Template parse errors:
	    at syntaxError node_modules/@angular/compiler/esm5/compiler.js:486:22)
	    at TemplateParser.push../node_modules/@angular/compiler/esm5/compiler.js.TemplateParser.parse node_modules/@angular/compiler/esm5/compiler.js:24674:1)
	    at JitCompiler.push../node_modules/@angular/compiler/esm5/compiler.js.JitCompiler._parseTemplate node_modules/@angular/compiler/esm5/compiler.js:34629:1)
	    at JitCompiler.push../node_modules/@angular/compiler/esm5/compiler.js.JitCompiler._compileTemplate node_modules/@angular/compiler/esm5/compiler.js:34604:1)
	    at http://localhost:18763/_karma_webpack_/webpack:/node_modules/@angular/compiler/esm5/compiler.js:34505:48
	    at Set.forEach (<anonymous>)
	    at JitCompiler.push../node_modules/@angular/compiler/esm5/compiler.js.JitCompiler._compileComponents node_modules/@angular/compiler/esm5/compiler.js:34505:1)
	    at http://localhost:18763/_karma_webpack_/webpack:/node_modules/@angular/compiler/esm5/compiler.js:34393:1
	    at Object.then node_modules/@angular/compiler/esm5/compiler.js:475:33)
	    at JitCompiler.push../node_modules/@angular/compiler/esm5/compiler.js.JitCompiler._compileModuleAndAllComponents node_modules/@angular/compiler/esm5/compiler.js:34391:1)
Chrome 67.0.3396 (Mac OS X 10.13.3): Executed 5 of 14 (3 FAILED) (0 secs / 0.196 secs)
Chrome 67.0.3396 (Mac OS X 10.13.3) AppComponent should render title in a h1 tag FAILED
	'topnav' is not a known element:
	1. If 'topnav' is an Angular component, then verify that it is part of this module.
	2. To allow any element add 'NO_ERRORS_SCHEMA' to the '@NgModule.schemas' of this component. ("[ERROR ->]<topnav></topnav>    
	<div class="container">
		<div class="row">
	"): ng:///DynamicTestModule/AppComponent.html@0:0
	'router-outlet' is not a known element:
	1. If 'router-outlet' is an Angular component, then verify that it is part of this module.
	2. If 'router-outlet' is a Web Component then add 'CUSTOM_ELEMENTS_SCHEMA' to the '@NgModule.schemas' of this component to suppress this message. ("
		<div class="row">
			<div class="col-md-1"></div>
			[ERROR ->]<router-outlet></router-outlet>
			<div class="col-md-1"></div>
		</div>
	"): ng:///DynamicTestModule/AppComponent.html@4:2
	Error: Template parse errors:
	    at syntaxError node_modules/@angular/compiler/esm5/compiler.js:486:22)
	    at TemplateParser.push../node_modules/@angular/compiler/esm5/compiler.js.TemplateParser.parse node_modules/@angular/compiler/esm5/compiler.js:24674:1)
	    at JitCompiler.push../node_modules/@angular/compiler/esm5/compiler.js.JitCompiler._parseTemplate node_modules/@angular/compiler/esm5/compiler.js:34629:1)
	    at JitCompiler.push../node_modules/@angular/compiler/esm5/compiler.js.JitCompiler._compileTemplate node_modules/@angular/compiler/esm5/compiler.js:34604:1)
	    at http://localhost:18763/_karma_webpack_/webpack:/node_modules/@angular/compiler/esm5/compiler.js:34505:48
	    at Set.forEach (<anonymous>)
	    at JitCompiler.push../node_modules/@angular/compiler/esm5/compiler.js.JitCompiler._compileComponents node_modules/@angular/compiler/esm5/compiler.js:34505:1)
	    at http://localhost:18763/_karma_webpack_/webpack:/node_modules/@angular/compiler/esm5/compiler.js:34393:1
	    at Object.then node_modules/@angular/compiler/esm5/compiler.js:475:33)
	    at JitCompiler.push../node_modules/@angular/compiler/esm5/compiler.js.JitCompiler._compileModuleAndAllComponents node_modules/@angular/compiler/esm5/compiler.js:34391:1)
	'topnav' is not a known element:
	1. If 'topnav' is an Angular component, then verify that it is part of this module.
	2. To allow any element add 'NO_ERRORS_SCHEMA' to the '@NgModule.schemas' of this component. ("[ERROR ->]<topnav></topnav>    
	<div class="container">
		<div class="row">
	"): ng:///DynamicTestModule/AppComponent.html@0:0
	'router-outlet' is not a known element:
	1. If 'router-outlet' is an Angular component, then verify that it is part of this module.
	2. If 'router-outlet' is a Web Component then add 'CUSTOM_ELEMENTS_SCHEMA' to the '@NgModule.schemas' of this component to suppress this message. ("
		<div class="row">
			<div class="col-md-1"></div>
			[ERROR ->]<router-outlet></router-outlet>
			<div class="col-md-1"></div>
		</div>
	"): ng:///DynamicTestModule/AppComponent.html@4:2
	Error: Template parse errors:
	    at syntaxError node_modules/@angular/compiler/esm5/compiler.js:486:22)
	    at TemplateParser.push../node_modules/@angular/compiler/esm5/compiler.js.TemplateParser.parse node_modules/@angular/compiler/esm5/compiler.js:24674:1)
	    at JitCompiler.push../node_modules/@angular/compiler/esm5/compiler.js.JitCompiler._parseTemplate node_modules/@angular/compiler/esm5/compiler.js:34629:1)
	    at JitCompiler.push../node_modules/@angular/compiler/esm5/compiler.js.JitCompiler._compileTemplate node_modules/@angular/compiler/esm5/compiler.js:34604:1)
	    at http://localhost:18763/_karma_webpack_/webpack:/node_modules/@angular/compiler/esm5/compiler.js:34505:48
	    at Set.forEach (<anonymous>)
	    at JitCompiler.push../node_modules/@angular/compiler/esm5/compiler.js.JitCompiler._compileComponents node_modules/@angular/compiler/esm5/compiler.js:34505:1)
	    at http://localhost:18763/_karma_webpack_/webpack:/node_modules/@angular/compiler/esm5/compiler.js:34393:1
	    at Object.then node_modules/@angular/compiler/esm5/compiler.js:475:33)
	    at JitCompiler.push../node_modules/@angular/compiler/esm5/compiler.js.JitCompiler._compileModuleAndAllComponents node_modules/@angular/compiler/esm5/compiler.js:34391:1)
Chrome 67.0.3396 (Mac OS X 10.13.3) RecentActivitiesComponent should be created FAILED
	Error: StaticInjectorError(DynamicTestModule)[RecentActivitiesComponent -> RecentActivitiesService]: 
	  StaticInjectorError(Platform: core)[RecentActivitiesComponent -> RecentActivitiesService]: 
	    NullInjectorError: No provider for RecentActivitiesService!
	    at _NullInjector.push../node_modules/@angular/core/esm5/core.js._NullInjector.get node_modules/@angular/core/esm5/core.js:1003:1)
	    at resolveToken node_modules/@angular/core/esm5/core.js:1301:1)
	    at tryResolveToken node_modules/@angular/core/esm5/core.js:1243:1)
	    at StaticInjector.push../node_modules/@angular/core/esm5/core.js.StaticInjector.get node_modules/@angular/core/esm5/core.js:1111:1)
	    at resolveToken node_modules/@angular/core/esm5/core.js:1301:1)
	    at tryResolveToken node_modules/@angular/core/esm5/core.js:1243:1)
	    at StaticInjector.push../node_modules/@angular/core/esm5/core.js.StaticInjector.get node_modules/@angular/core/esm5/core.js:1111:1)
	    at resolveNgModuleDep node_modules/@angular/core/esm5/core.js:10896:1)
	    at NgModuleRef_.push../node_modules/@angular/core/esm5/core.js.NgModuleRef_.get node_modules/@angular/core/esm5/core.js:12129:1)
	    at resolveDep node_modules/@angular/core/esm5/core.js:12619:1)
	Expected undefined to be truthy.
	    at Object.<anonymous> src/app/components/recent-activities/recent-activities.component.spec.ts:23:23)
	    at ZoneDelegate../node_modules/zone.js/dist/zone.js.ZoneDelegate.invoke node_modules/zone.js/dist/zone.js:388:1)
	    at ProxyZoneSpec.push../node_modules/zone.js/dist/proxy.js.ProxyZoneSpec.onInvoke node_modules/zone.js/dist/proxy.js:128:1)
	    at ZoneDelegate../node_modules/zone.js/dist/zone.js.ZoneDelegate.invoke node_modules/zone.js/dist/zone.js:387:1)
[1A[2KChrome 67.0.3396 (Mac OS X 10.13.3) RecentActivitiesComponent should be created FAILED
	Error: StaticInjectorError(DynamicTestModule)[RecentActivitiesComponent -> RecentActivitiesService]: 
	  StaticInjectorError(Platform: core)[RecentActivitiesComponent -> RecentActivitiesService]: 
	    NullInjectorError: No provider for RecentActivitiesService!
	    at _NullInjector.push../node_modules/@angular/core/esm5/core.js._NullInjector.get node_modules/@angular/core/esm5/core.js:1003:1)
	    at resolveToken node_modules/@angular/core/esm5/core.js:1301:1)
	    at tryResolveToken node_modules/@angular/core/esm5/core.js:1243:1)
	    at StaticInjector.push../node_modules/@angular/core/esm5/core.js.StaticInjector.get node_modules/@angular/core/esm5/core.js:1111:1)
	    at resolveToken node_modules/@angular/core/esm5/core.js:1301:1)
	    at tryResolveToken node_modules/@angular/core/esm5/core.js:1243:1)
	    at StaticInjector.push../node_modules/@angular/core/esm5/core.js.StaticInjector.get node_modules/@angular/core/esm5/core.js:1111:1)
	    at resolveNgModuleDep node_modules/@angular/core/esm5/core.js:10896:1)
	    at NgModuleRef_.push../node_modules/@angular/core/esm5/core.js.NgModuleRef_.get node_modules/@angular/core/esm5/core.js:12129:1)
	    at resolveDep node_modules/@angular/core/esm5/core.js:12619:1)
	Expected undefined to be truthy.
	    at Object.<anonymous> src/app/components/recent-activities/recent-activities.component.spec.ts:23:23)
	    at ZoneDelegate../node_modules/zone.js/dist/zone.js.ZoneDelegate.invoke node_modules/zone.js/dist/zone.js:388:1)
	    at ProxyZoneSpec.push../node_modules/zone.js/dist/proxy.js.ProxyZoneSpec.onInvoke node_modules/zone.js/dist/proxy.js:128:1)
	    at ZoneDelegate../node_modules/zone.js/dist/zone.js.ZoneDelegate.invoke node_modules/zone.js/dist/zone.js:387:1)
Chrome 67.0.3396 (Mac OS X 10.13.3): Executed 6 of 14 (4 FAILED) (0 secs / 0.296 secs)
Chrome 67.0.3396 (Mac OS X 10.13.3) RecentActivitiesComponent should be created FAILED
	Error: StaticInjectorError(DynamicTestModule)[RecentActivitiesComponent -> RecentActivitiesService]: 
	  StaticInjectorError(Platform: core)[RecentActivitiesComponent -> RecentActivitiesService]: 
	    NullInjectorError: No provider for RecentActivitiesService!
	    at _NullInjector.push../node_modules/@angular/core/esm5/core.js._NullInjector.get node_modules/@angular/core/esm5/core.js:1003:1)
	    at resolveToken node_modules/@angular/core/esm5/core.js:1301:1)
	    at tryResolveToken node_modules/@angular/core/esm5/core.js:1243:1)
	    at StaticInjector.push../node_modules/@angular/core/esm5/core.js.StaticInjector.get node_modules/@angular/core/esm5/core.js:1111:1)
	    at resolveToken node_modules/@angular/core/esm5/core.js:1301:1)
	    at tryResolveToken node_modules/@angular/core/esm5/core.js:1243:1)
	    at StaticInjector.push../node_modules/@angular/core/esm5/core.js.StaticInjector.get node_modules/@angular/core/esm5/core.js:1111:1)
	    at resolveNgModuleDep node_modules/@angular/core/esm5/core.js:10896:1)
	    at NgModuleRef_.push../node_modules/@angular/core/esm5/core.js.NgModuleRef_.get node_modules/@angular/core/esm5/core.js:12129:1)
	    at resolveDep node_modules/@angular/core/esm5/core.js:12619:1)
	Expected undefined to be truthy.
	    at Object.<anonymous> src/app/components/recent-activities/recent-activities.component.spec.ts:23:23)
	    at ZoneDelegate../node_modules/zone.js/dist/zone.js.ZoneDelegate.invoke node_modules/zone.js/dist/zone.js:388:1)
	    at ProxyZoneSpec.push../node_modules/zone.js/dist/proxy.js.ProxyZoneSpec.onInvoke node_modules/zone.js/dist/proxy.js:128:1)
	    at ZoneDelegate../node_modules/zone.js/dist/zone.js.ZoneDelegate.invoke node_modules/zone.js/dist/zone.js:387:1)
Chrome 67.0.3396 (Mac OS X 10.13.3) TimerComponent should be created FAILED
	Error: StaticInjectorError(DynamicTestModule)[TimerComponent -> RecentActivitiesService]: 
	  StaticInjectorError(Platform: core)[TimerComponent -> RecentActivitiesService]: 
	    NullInjectorError: No provider for RecentActivitiesService!
	    at _NullInjector.push../node_modules/@angular/core/esm5/core.js._NullInjector.get node_modules/@angular/core/esm5/core.js:1003:1)
	    at resolveToken node_modules/@angular/core/esm5/core.js:1301:1)
	    at tryResolveToken node_modules/@angular/core/esm5/core.js:1243:1)
	    at StaticInjector.push../node_modules/@angular/core/esm5/core.js.StaticInjector.get node_modules/@angular/core/esm5/core.js:1111:1)
	    at resolveToken node_modules/@angular/core/esm5/core.js:1301:1)
	    at tryResolveToken node_modules/@angular/core/esm5/core.js:1243:1)
	    at StaticInjector.push../node_modules/@angular/core/esm5/core.js.StaticInjector.get node_modules/@angular/core/esm5/core.js:1111:1)
	    at resolveNgModuleDep node_modules/@angular/core/esm5/core.js:10896:1)
	    at NgModuleRef_.push../node_modules/@angular/core/esm5/core.js.NgModuleRef_.get node_modules/@angular/core/esm5/core.js:12129:1)
	    at resolveDep node_modules/@angular/core/esm5/core.js:12619:1)
	Expected undefined to be truthy.
	    at Object.<anonymous> src/app/components/timer/timer.component.spec.ts:23:23)
	    at ZoneDelegate../node_modules/zone.js/dist/zone.js.ZoneDelegate.invoke node_modules/zone.js/dist/zone.js:388:1)
	    at ProxyZoneSpec.push../node_modules/zone.js/dist/proxy.js.ProxyZoneSpec.onInvoke node_modules/zone.js/dist/proxy.js:128:1)
	    at ZoneDelegate../node_modules/zone.js/dist/zone.js.ZoneDelegate.invoke node_modules/zone.js/dist/zone.js:387:1)
[1A[2KChrome 67.0.3396 (Mac OS X 10.13.3) TimerComponent should be created FAILED
	Error: StaticInjectorError(DynamicTestModule)[TimerComponent -> RecentActivitiesService]: 
	  StaticInjectorError(Platform: core)[TimerComponent -> RecentActivitiesService]: 
	    NullInjectorError: No provider for RecentActivitiesService!
	    at _NullInjector.push../node_modules/@angular/core/esm5/core.js._NullInjector.get node_modules/@angular/core/esm5/core.js:1003:1)
	    at resolveToken node_modules/@angular/core/esm5/core.js:1301:1)
	    at tryResolveToken node_modules/@angular/core/esm5/core.js:1243:1)
	    at StaticInjector.push../node_modules/@angular/core/esm5/core.js.StaticInjector.get node_modules/@angular/core/esm5/core.js:1111:1)
	    at resolveToken node_modules/@angular/core/esm5/core.js:1301:1)
	    at tryResolveToken node_modules/@angular/core/esm5/core.js:1243:1)
	    at StaticInjector.push../node_modules/@angular/core/esm5/core.js.StaticInjector.get node_modules/@angular/core/esm5/core.js:1111:1)
	    at resolveNgModuleDep node_modules/@angular/core/esm5/core.js:10896:1)
	    at NgModuleRef_.push../node_modules/@angular/core/esm5/core.js.NgModuleRef_.get node_modules/@angular/core/esm5/core.js:12129:1)
	    at resolveDep node_modules/@angular/core/esm5/core.js:12619:1)
	Expected undefined to be truthy.
	    at Object.<anonymous> src/app/components/timer/timer.component.spec.ts:23:23)
	    at ZoneDelegate../node_modules/zone.js/dist/zone.js.ZoneDelegate.invoke node_modules/zone.js/dist/zone.js:388:1)
	    at ProxyZoneSpec.push../node_modules/zone.js/dist/proxy.js.ProxyZoneSpec.onInvoke node_modules/zone.js/dist/proxy.js:128:1)
	    at ZoneDelegate../node_modules/zone.js/dist/zone.js.ZoneDelegate.invoke node_modules/zone.js/dist/zone.js:387:1)
Chrome 67.0.3396 (Mac OS X 10.13.3): Executed 7 of 14 (5 FAILED) (0 secs / 0.319 secs)
Chrome 67.0.3396 (Mac OS X 10.13.3) TimerComponent should be created FAILED
	Error: StaticInjectorError(DynamicTestModule)[TimerComponent -> RecentActivitiesService]: 
	  StaticInjectorError(Platform: core)[TimerComponent -> RecentActivitiesService]: 
	    NullInjectorError: No provider for RecentActivitiesService!
	    at _NullInjector.push../node_modules/@angular/core/esm5/core.js._NullInjector.get node_modules/@angular/core/esm5/core.js:1003:1)
	    at resolveToken node_modules/@angular/core/esm5/core.js:1301:1)
	    at tryResolveToken node_modules/@angular/core/esm5/core.js:1243:1)
	    at StaticInjector.push../node_modules/@angular/core/esm5/core.js.StaticInjector.get node_modules/@angular/core/esm5/core.js:1111:1)
	    at resolveToken node_modules/@angular/core/esm5/core.js:1301:1)
	    at tryResolveToken node_modules/@angular/core/esm5/core.js:1243:1)
	    at StaticInjector.push../node_modules/@angular/core/esm5/core.js.StaticInjector.get node_modules/@angular/core/esm5/core.js:1111:1)
	    at resolveNgModuleDep node_modules/@angular/core/esm5/core.js:10896:1)
	    at NgModuleRef_.push../node_modules/@angular/core/esm5/core.js.NgModuleRef_.get node_modules/@angular/core/esm5/core.js:12129:1)
	    at resolveDep node_modules/@angular/core/esm5/core.js:12619:1)
	Expected undefined to be truthy.
	    at Object.<anonymous> src/app/components/timer/timer.component.spec.ts:23:23)
	    at ZoneDelegate../node_modules/zone.js/dist/zone.js.ZoneDelegate.invoke node_modules/zone.js/dist/zone.js:388:1)
	    at ProxyZoneSpec.push../node_modules/zone.js/dist/proxy.js.ProxyZoneSpec.onInvoke node_modules/zone.js/dist/proxy.js:128:1)
	    at ZoneDelegate../node_modules/zone.js/dist/zone.js.ZoneDelegate.invoke node_modules/zone.js/dist/zone.js:387:1)
Chrome 67.0.3396 (Mac OS X 10.13.3) TopnavComponent should be created FAILED
	Can't bind to 'collapse' since it isn't a known property of 'div'. ("ef="#">Activity Tracker</a>
			</div>
			<div id="navbar-collapse-1" class="collapse navbar-collapse" [ERROR ->][collapse]="isCollapsed">
				<ul class="nav navbar-nav">
					<li class="active">
	"): ng:///DynamicTestModule/TopnavComponent.html@14:63
	Error: Template parse errors:
	    at syntaxError node_modules/@angular/compiler/esm5/compiler.js:486:22)
	    at TemplateParser.push../node_modules/@angular/compiler/esm5/compiler.js.TemplateParser.parse node_modules/@angular/compiler/esm5/compiler.js:24674:1)
	    at JitCompiler.push../node_modules/@angular/compiler/esm5/compiler.js.JitCompiler._parseTemplate node_modules/@angular/compiler/esm5/compiler.js:34629:1)
	    at JitCompiler.push../node_modules/@angular/compiler/esm5/compiler.js.JitCompiler._compileTemplate node_modules/@angular/compiler/esm5/compiler.js:34604:1)
	    at http://localhost:18763/_karma_webpack_/webpack:/node_modules/@angular/compiler/esm5/compiler.js:34505:48
	    at Set.forEach (<anonymous>)
	    at JitCompiler.push../node_modules/@angular/compiler/esm5/compiler.js.JitCompiler._compileComponents node_modules/@angular/compiler/esm5/compiler.js:34505:1)
	    at http://localhost:18763/_karma_webpack_/webpack:/node_modules/@angular/compiler/esm5/compiler.js:34393:1
	    at Object.then node_modules/@angular/compiler/esm5/compiler.js:475:33)
	    at JitCompiler.push../node_modules/@angular/compiler/esm5/compiler.js.JitCompiler._compileModuleAndAllComponents node_modules/@angular/compiler/esm5/compiler.js:34391:1)
	Error: Template parse errors:
	Can't bind to 'collapse' since it isn't a known property of 'div'. ("ef="#">Activity Tracker</a>
			</div>
			<div id="navbar-collapse-1" class="collapse navbar-collapse" [ERROR ->][collapse]="isCollapsed">
				<ul class="nav navbar-nav">
					<li class="active">
	"): ng:///DynamicTestModule/TopnavComponent.html@14:63
	    at syntaxError node_modules/@angular/compiler/esm5/compiler.js:486:22)
	    at TemplateParser.push../node_modules/@angular/compiler/esm5/compiler.js.TemplateParser.parse node_modules/@angular/compiler/esm5/compiler.js:24674:1)
	    at JitCompiler.push../node_modules/@angular/compiler/esm5/compiler.js.JitCompiler._parseTemplate node_modules/@angular/compiler/esm5/compiler.js:34629:1)
	    at JitCompiler.push../node_modules/@angular/compiler/esm5/compiler.js.JitCompiler._compileTemplate node_modules/@angular/compiler/esm5/compiler.js:34604:1)
	    at http://localhost:18763/_karma_webpack_/webpack:/node_modules/@angular/compiler/esm5/compiler.js:34505:48
	    at Set.forEach (<anonymous>)
	    at JitCompiler.push../node_modules/@angular/compiler/esm5/compiler.js.JitCompiler._compileComponents node_modules/@angular/compiler/esm5/compiler.js:34505:1)
	    at http://localhost:18763/_karma_webpack_/webpack:/node_modules/@angular/compiler/esm5/compiler.js:34393:1
	    at Object.then node_modules/@angular/compiler/esm5/compiler.js:475:33)
	    at JitCompiler.push../node_modules/@angular/compiler/esm5/compiler.js.JitCompiler._compileModuleAndAllComponents node_modules/@angular/compiler/esm5/compiler.js:34391:1)
	Expected undefined to be truthy.
	    at Object.<anonymous> src/app/components/topnav/topnav.component.spec.ts:23:23)
	    at ZoneDelegate../node_modules/zone.js/dist/zone.js.ZoneDelegate.invoke node_modules/zone.js/dist/zone.js:388:1)
	    at ProxyZoneSpec.push../node_modules/zone.js/dist/proxy.js.ProxyZoneSpec.onInvoke node_modules/zone.js/dist/proxy.js:128:1)
	    at ZoneDelegate../node_modules/zone.js/dist/zone.js.ZoneDelegate.invoke node_modules/zone.js/dist/zone.js:387:1)
[1A[2KChrome 67.0.3396 (Mac OS X 10.13.3) TopnavComponent should be created FAILED
	Can't bind to 'collapse' since it isn't a known property of 'div'. ("ef="#">Activity Tracker</a>
			</div>
			<div id="navbar-collapse-1" class="collapse navbar-collapse" [ERROR ->][collapse]="isCollapsed">
				<ul class="nav navbar-nav">
					<li class="active">
	"): ng:///DynamicTestModule/TopnavComponent.html@14:63
	Error: Template parse errors:
	    at syntaxError node_modules/@angular/compiler/esm5/compiler.js:486:22)
	    at TemplateParser.push../node_modules/@angular/compiler/esm5/compiler.js.TemplateParser.parse node_modules/@angular/compiler/esm5/compiler.js:24674:1)
	    at JitCompiler.push../node_modules/@angular/compiler/esm5/compiler.js.JitCompiler._parseTemplate node_modules/@angular/compiler/esm5/compiler.js:34629:1)
	    at JitCompiler.push../node_modules/@angular/compiler/esm5/compiler.js.JitCompiler._compileTemplate node_modules/@angular/compiler/esm5/compiler.js:34604:1)
	    at http://localhost:18763/_karma_webpack_/webpack:/node_modules/@angular/compiler/esm5/compiler.js:34505:48
	    at Set.forEach (<anonymous>)
	    at JitCompiler.push../node_modules/@angular/compiler/esm5/compiler.js.JitCompiler._compileComponents node_modules/@angular/compiler/esm5/compiler.js:34505:1)
	    at http://localhost:18763/_karma_webpack_/webpack:/node_modules/@angular/compiler/esm5/compiler.js:34393:1
	    at Object.then node_modules/@angular/compiler/esm5/compiler.js:475:33)
	    at JitCompiler.push../node_modules/@angular/compiler/esm5/compiler.js.JitCompiler._compileModuleAndAllComponents node_modules/@angular/compiler/esm5/compiler.js:34391:1)
	Error: Template parse errors:
	Can't bind to 'collapse' since it isn't a known property of 'div'. ("ef="#">Activity Tracker</a>
			</div>
			<div id="navbar-collapse-1" class="collapse navbar-collapse" [ERROR ->][collapse]="isCollapsed">
				<ul class="nav navbar-nav">
					<li class="active">
	"): ng:///DynamicTestModule/TopnavComponent.html@14:63
	    at syntaxError node_modules/@angular/compiler/esm5/compiler.js:486:22)
	    at TemplateParser.push../node_modules/@angular/compiler/esm5/compiler.js.TemplateParser.parse node_modules/@angular/compiler/esm5/compiler.js:24674:1)
	    at JitCompiler.push../node_modules/@angular/compiler/esm5/compiler.js.JitCompiler._parseTemplate node_modules/@angular/compiler/esm5/compiler.js:34629:1)
	    at JitCompiler.push../node_modules/@angular/compiler/esm5/compiler.js.JitCompiler._compileTemplate node_modules/@angular/compiler/esm5/compiler.js:34604:1)
	    at http://localhost:18763/_karma_webpack_/webpack:/node_modules/@angular/compiler/esm5/compiler.js:34505:48
	    at Set.forEach (<anonymous>)
	    at JitCompiler.push../node_modules/@angular/compiler/esm5/compiler.js.JitCompiler._compileComponents node_modules/@angular/compiler/esm5/compiler.js:34505:1)
	    at http://localhost:18763/_karma_webpack_/webpack:/node_modules/@angular/compiler/esm5/compiler.js:34393:1
	    at Object.then node_modules/@angular/compiler/esm5/compiler.js:475:33)
	    at JitCompiler.push../node_modules/@angular/compiler/esm5/compiler.js.JitCompiler._compileModuleAndAllComponents node_modules/@angular/compiler/esm5/compiler.js:34391:1)
	Expected undefined to be truthy.
	    at Object.<anonymous> src/app/components/topnav/topnav.component.spec.ts:23:23)
	    at ZoneDelegate../node_modules/zone.js/dist/zone.js.ZoneDelegate.invoke node_modules/zone.js/dist/zone.js:388:1)
	    at ProxyZoneSpec.push../node_modules/zone.js/dist/proxy.js.ProxyZoneSpec.onInvoke node_modules/zone.js/dist/proxy.js:128:1)
	    at ZoneDelegate../node_modules/zone.js/dist/zone.js.ZoneDelegate.invoke node_modules/zone.js/dist/zone.js:387:1)
Chrome 67.0.3396 (Mac OS X 10.13.3): Executed 8 of 14 (6 FAILED) (0 secs / 0.341 secs)
Chrome 67.0.3396 (Mac OS X 10.13.3) TopnavComponent should be created FAILED
	Can't bind to 'collapse' since it isn't a known property of 'div'. ("ef="#">Activity Tracker</a>
			</div>
			<div id="navbar-collapse-1" class="collapse navbar-collapse" [ERROR ->][collapse]="isCollapsed">
				<ul class="nav navbar-nav">
					<li class="active">
	"): ng:///DynamicTestModule/TopnavComponent.html@14:63
	Error: Template parse errors:
	    at syntaxError node_modules/@angular/compiler/esm5/compiler.js:486:22)
	    at TemplateParser.push../node_modules/@angular/compiler/esm5/compiler.js.TemplateParser.parse node_modules/@angular/compiler/esm5/compiler.js:24674:1)
	    at JitCompiler.push../node_modules/@angular/compiler/esm5/compiler.js.JitCompiler._parseTemplate node_modules/@angular/compiler/esm5/compiler.js:34629:1)
	    at JitCompiler.push../node_modules/@angular/compiler/esm5/compiler.js.JitCompiler._compileTemplate node_modules/@angular/compiler/esm5/compiler.js:34604:1)
	    at http://localhost:18763/_karma_webpack_/webpack:/node_modules/@angular/compiler/esm5/compiler.js:34505:48
	    at Set.forEach (<anonymous>)
	    at JitCompiler.push../node_modules/@angular/compiler/esm5/compiler.js.JitCompiler._compileComponents node_modules/@angular/compiler/esm5/compiler.js:34505:1)
	    at http://localhost:18763/_karma_webpack_/webpack:/node_modules/@angular/compiler/esm5/compiler.js:34393:1
	    at Object.then node_modules/@angular/compiler/esm5/compiler.js:475:33)
	    at JitCompiler.push../node_modules/@angular/compiler/esm5/compiler.js.JitCompiler._compileModuleAndAllComponents node_modules/@angular/compiler/esm5/compiler.js:34391:1)
	Error: Template parse errors:
	Can't bind to 'collapse' since it isn't a known property of 'div'. ("ef="#">Activity Tracker</a>
			</div>
			<div id="navbar-collapse-1" class="collapse navbar-collapse" [ERROR ->][collapse]="isCollapsed">
				<ul class="nav navbar-nav">
					<li class="active">
	"): ng:///DynamicTestModule/TopnavComponent.html@14:63
	    at syntaxError node_modules/@angular/compiler/esm5/compiler.js:486:22)
	    at TemplateParser.push../node_modules/@angular/compiler/esm5/compiler.js.TemplateParser.parse node_modules/@angular/compiler/esm5/compiler.js:24674:1)
	    at JitCompiler.push../node_modules/@angular/compiler/esm5/compiler.js.JitCompiler._parseTemplate node_modules/@angular/compiler/esm5/compiler.js:34629:1)
	    at JitCompiler.push../node_modules/@angular/compiler/esm5/compiler.js.JitCompiler._compileTemplate node_modules/@angular/compiler/esm5/compiler.js:34604:1)
	    at http://localhost:18763/_karma_webpack_/webpack:/node_modules/@angular/compiler/esm5/compiler.js:34505:48
	    at Set.forEach (<anonymous>)
	    at JitCompiler.push../node_modules/@angular/compiler/esm5/compiler.js.JitCompiler._compileComponents node_modules/@angular/compiler/esm5/compiler.js:34505:1)
	    at http://localhost:18763/_karma_webpack_/webpack:/node_modules/@angular/compiler/esm5/compiler.js:34393:1
	    at Object.then node_modules/@angular/compiler/esm5/compiler.js:475:33)
	    at JitCompiler.push../node_modules/@angular/compiler/esm5/compiler.js.JitCompiler._compileModuleAndAllComponents node_modules/@angular/compiler/esm5/compiler.js:34391:1)
	Expected undefined to be truthy.
	    at Object.<anonymous> src/app/components/topnav/topnav.component.spec.ts:23:23)
	    at ZoneDelegate../node_modules/zone.js/dist/zone.js.ZoneDelegate.invoke node_modules/zone.js/dist/zone.js:388:1)
	    at ProxyZoneSpec.push../node_modules/zone.js/dist/proxy.js.ProxyZoneSpec.onInvoke node_modules/zone.js/dist/proxy.js:128:1)
	    at ZoneDelegate../node_modules/zone.js/dist/zone.js.ZoneDelegate.invoke node_modules/zone.js/dist/zone.js:387:1)
Chrome 67.0.3396 (Mac OS X 10.13.3) TrackerComponent should be created FAILED
	'activity-selector' is not a known element:
	1. If 'activity-selector' is an Angular component, then verify that it is part of this module.
	2. If 'activity-selector' is a Web Component then add 'CUSTOM_ELEMENTS_SCHEMA' to the '@NgModule.schemas' of this component to suppress this message. ("
	  <div class="row">
	    <div class="col-md-12">
	      [ERROR ->]<activity-selector>
	      </activity-selector>
	    </div>
	"): ng:///DynamicTestModule/TrackerComponent.html@3:6
	'timer' is not a known element:
	1. If 'timer' is an Angular component, then verify that it is part of this module.
	2. To allow any element add 'NO_ERRORS_SCHEMA' to the '@NgModule.schemas' of this component. ("
	  <div class="row">
	    <div class="col-md-12">
	      [ERROR ->]<timer class="text-center" (onTimerStopped)="onTimerStopped($event)"></timer>
	    </div>
	  </div>
	"): ng:///DynamicTestModule/TrackerComponent.html@9:6
	'recent-activities' is not a known element:
	1. If 'recent-activities' is an Angular component, then verify that it is part of this module.
	2. If 'recent-activities' is a Web Component then add 'CUSTOM_ELEMENTS_SCHEMA' to the '@NgModule.schemas' of this component to suppress this message. ("
	</main>
	<aside class="col-md-3">
	  [ERROR ->]<recent-activities></recent-activities>
	</aside>
	"): ng:///DynamicTestModule/TrackerComponent.html@14:2
	Error: Template parse errors:
	    at syntaxError node_modules/@angular/compiler/esm5/compiler.js:486:22)
	    at TemplateParser.push../node_modules/@angular/compiler/esm5/compiler.js.TemplateParser.parse node_modules/@angular/compiler/esm5/compiler.js:24674:1)
	    at JitCompiler.push../node_modules/@angular/compiler/esm5/compiler.js.JitCompiler._parseTemplate node_modules/@angular/compiler/esm5/compiler.js:34629:1)
	    at JitCompiler.push../node_modules/@angular/compiler/esm5/compiler.js.JitCompiler._compileTemplate node_modules/@angular/compiler/esm5/compiler.js:34604:1)
	    at http://localhost:18763/_karma_webpack_/webpack:/node_modules/@angular/compiler/esm5/compiler.js:34505:48
	    at Set.forEach (<anonymous>)
	    at JitCompiler.push../node_modules/@angular/compiler/esm5/compiler.js.JitCompiler._compileComponents node_modules/@angular/compiler/esm5/compiler.js:34505:1)
	    at http://localhost:18763/_karma_webpack_/webpack:/node_modules/@angular/compiler/esm5/compiler.js:34393:1
	    at Object.then node_modules/@angular/compiler/esm5/compiler.js:475:33)
	    at JitCompiler.push../node_modules/@angular/compiler/esm5/compiler.js.JitCompiler._compileModuleAndAllComponents node_modules/@angular/compiler/esm5/compiler.js:34391:1)
	Error: Template parse errors:
	'activity-selector' is not a known element:
	1. If 'activity-selector' is an Angular component, then verify that it is part of this module.
	2. If 'activity-selector' is a Web Component then add 'CUSTOM_ELEMENTS_SCHEMA' to the '@NgModule.schemas' of this component to suppress this message. ("
	  <div class="row">
	    <div class="col-md-12">
	      [ERROR ->]<activity-selector>
	      </activity-selector>
	    </div>
	"): ng:///DynamicTestModule/TrackerComponent.html@3:6
	'timer' is not a known element:
	1. If 'timer' is an Angular component, then verify that it is part of this module.
	2. To allow any element add 'NO_ERRORS_SCHEMA' to the '@NgModule.schemas' of this component. ("
	  <div class="row">
	    <div class="col-md-12">
	      [ERROR ->]<timer class="text-center" (onTimerStopped)="onTimerStopped($event)"></timer>
	    </div>
	  </div>
	"): ng:///DynamicTestModule/TrackerComponent.html@9:6
	'recent-activities' is not a known element:
	1. If 'recent-activities' is an Angular component, then verify that it is part of this module.
	2. If 'recent-activities' is a Web Component then add 'CUSTOM_ELEMENTS_SCHEMA' to the '@NgModule.schemas' of this component to suppress this message. ("
	</main>
	<aside class="col-md-3">
	  [ERROR ->]<recent-activities></recent-activities>
	</aside>
	"): ng:///DynamicTestModule/TrackerComponent.html@14:2
	    at syntaxError node_modules/@angular/compiler/esm5/compiler.js:486:22)
	    at TemplateParser.push../node_modules/@angular/compiler/esm5/compiler.js.TemplateParser.parse node_modules/@angular/compiler/esm5/compiler.js:24674:1)
	    at JitCompiler.push../node_modules/@angular/compiler/esm5/compiler.js.JitCompiler._parseTemplate node_modules/@angular/compiler/esm5/compiler.js:34629:1)
	    at JitCompiler.push../node_modules/@angular/compiler/esm5/compiler.js.JitCompiler._compileTemplate node_modules/@angular/compiler/esm5/compiler.js:34604:1)
	    at http://localhost:18763/_karma_webpack_/webpack:/node_modules/@angular/compiler/esm5/compiler.js:34505:48
	    at Set.forEach (<anonymous>)
	    at JitCompiler.push../node_modules/@angular/compiler/esm5/compiler.js.JitCompiler._compileComponents node_modules/@angular/compiler/esm5/compiler.js:34505:1)
	    at http://localhost:18763/_karma_webpack_/webpack:/node_modules/@angular/compiler/esm5/compiler.js:34393:1
	    at Object.then node_modules/@angular/compiler/esm5/compiler.js:475:33)
	    at JitCompiler.push../node_modules/@angular/compiler/esm5/compiler.js.JitCompiler._compileModuleAndAllComponents node_modules/@angular/compiler/esm5/compiler.js:34391:1)
	Expected undefined to be truthy.
	    at Object.<anonymous> src/app/components/tracker/tracker.component.spec.ts:23:23)
	    at ZoneDelegate../node_modules/zone.js/dist/zone.js.ZoneDelegate.invoke node_modules/zone.js/dist/zone.js:388:1)
	    at ProxyZoneSpec.push../node_modules/zone.js/dist/proxy.js.ProxyZoneSpec.onInvoke node_modules/zone.js/dist/proxy.js:128:1)
	    at ZoneDelegate../node_modules/zone.js/dist/zone.js.ZoneDelegate.invoke node_modules/zone.js/dist/zone.js:387:1)
[1A[2KChrome 67.0.3396 (Mac OS X 10.13.3) TrackerComponent should be created FAILED
	'activity-selector' is not a known element:
	1. If 'activity-selector' is an Angular component, then verify that it is part of this module.
	2. If 'activity-selector' is a Web Component then add 'CUSTOM_ELEMENTS_SCHEMA' to the '@NgModule.schemas' of this component to suppress this message. ("
	  <div class="row">
	    <div class="col-md-12">
	      [ERROR ->]<activity-selector>
	      </activity-selector>
	    </div>
	"): ng:///DynamicTestModule/TrackerComponent.html@3:6
	'timer' is not a known element:
	1. If 'timer' is an Angular component, then verify that it is part of this module.
	2. To allow any element add 'NO_ERRORS_SCHEMA' to the '@NgModule.schemas' of this component. ("
	  <div class="row">
	    <div class="col-md-12">
	      [ERROR ->]<timer class="text-center" (onTimerStopped)="onTimerStopped($event)"></timer>
	    </div>
	  </div>
	"): ng:///DynamicTestModule/TrackerComponent.html@9:6
	'recent-activities' is not a known element:
	1. If 'recent-activities' is an Angular component, then verify that it is part of this module.
	2. If 'recent-activities' is a Web Component then add 'CUSTOM_ELEMENTS_SCHEMA' to the '@NgModule.schemas' of this component to suppress this message. ("
	</main>
	<aside class="col-md-3">
	  [ERROR ->]<recent-activities></recent-activities>
	</aside>
	"): ng:///DynamicTestModule/TrackerComponent.html@14:2
	Error: Template parse errors:
	    at syntaxError node_modules/@angular/compiler/esm5/compiler.js:486:22)
	    at TemplateParser.push../node_modules/@angular/compiler/esm5/compiler.js.TemplateParser.parse node_modules/@angular/compiler/esm5/compiler.js:24674:1)
	    at JitCompiler.push../node_modules/@angular/compiler/esm5/compiler.js.JitCompiler._parseTemplate node_modules/@angular/compiler/esm5/compiler.js:34629:1)
	    at JitCompiler.push../node_modules/@angular/compiler/esm5/compiler.js.JitCompiler._compileTemplate node_modules/@angular/compiler/esm5/compiler.js:34604:1)
	    at http://localhost:18763/_karma_webpack_/webpack:/node_modules/@angular/compiler/esm5/compiler.js:34505:48
	    at Set.forEach (<anonymous>)
	    at JitCompiler.push../node_modules/@angular/compiler/esm5/compiler.js.JitCompiler._compileComponents node_modules/@angular/compiler/esm5/compiler.js:34505:1)
	    at http://localhost:18763/_karma_webpack_/webpack:/node_modules/@angular/compiler/esm5/compiler.js:34393:1
	    at Object.then node_modules/@angular/compiler/esm5/compiler.js:475:33)
	    at JitCompiler.push../node_modules/@angular/compiler/esm5/compiler.js.JitCompiler._compileModuleAndAllComponents node_modules/@angular/compiler/esm5/compiler.js:34391:1)
	Error: Template parse errors:
	'activity-selector' is not a known element:
	1. If 'activity-selector' is an Angular component, then verify that it is part of this module.
	2. If 'activity-selector' is a Web Component then add 'CUSTOM_ELEMENTS_SCHEMA' to the '@NgModule.schemas' of this component to suppress this message. ("
	  <div class="row">
	    <div class="col-md-12">
	      [ERROR ->]<activity-selector>
	      </activity-selector>
	    </div>
	"): ng:///DynamicTestModule/TrackerComponent.html@3:6
	'timer' is not a known element:
	1. If 'timer' is an Angular component, then verify that it is part of this module.
	2. To allow any element add 'NO_ERRORS_SCHEMA' to the '@NgModule.schemas' of this component. ("
	  <div class="row">
	    <div class="col-md-12">
	      [ERROR ->]<timer class="text-center" (onTimerStopped)="onTimerStopped($event)"></timer>
	    </div>
	  </div>
	"): ng:///DynamicTestModule/TrackerComponent.html@9:6
	'recent-activities' is not a known element:
	1. If 'recent-activities' is an Angular component, then verify that it is part of this module.
	2. If 'recent-activities' is a Web Component then add 'CUSTOM_ELEMENTS_SCHEMA' to the '@NgModule.schemas' of this component to suppress this message. ("
	</main>
	<aside class="col-md-3">
	  [ERROR ->]<recent-activities></recent-activities>
	</aside>
	"): ng:///DynamicTestModule/TrackerComponent.html@14:2
	    at syntaxError node_modules/@angular/compiler/esm5/compiler.js:486:22)
	    at TemplateParser.push../node_modules/@angular/compiler/esm5/compiler.js.TemplateParser.parse node_modules/@angular/compiler/esm5/compiler.js:24674:1)
	    at JitCompiler.push../node_modules/@angular/compiler/esm5/compiler.js.JitCompiler._parseTemplate node_modules/@angular/compiler/esm5/compiler.js:34629:1)
	    at JitCompiler.push../node_modules/@angular/compiler/esm5/compiler.js.JitCompiler._compileTemplate node_modules/@angular/compiler/esm5/compiler.js:34604:1)
	    at http://localhost:18763/_karma_webpack_/webpack:/node_modules/@angular/compiler/esm5/compiler.js:34505:48
	    at Set.forEach (<anonymous>)
	    at JitCompiler.push../node_modules/@angular/compiler/esm5/compiler.js.JitCompiler._compileComponents node_modules/@angular/compiler/esm5/compiler.js:34505:1)
	    at http://localhost:18763/_karma_webpack_/webpack:/node_modules/@angular/compiler/esm5/compiler.js:34393:1
	    at Object.then node_modules/@angular/compiler/esm5/compiler.js:475:33)
	    at JitCompiler.push../node_modules/@angular/compiler/esm5/compiler.js.JitCompiler._compileModuleAndAllComponents node_modules/@angular/compiler/esm5/compiler.js:34391:1)
	Expected undefined to be truthy.
	    at Object.<anonymous> src/app/components/tracker/tracker.component.spec.ts:23:23)
	    at ZoneDelegate../node_modules/zone.js/dist/zone.js.ZoneDelegate.invoke node_modules/zone.js/dist/zone.js:388:1)
	    at ProxyZoneSpec.push../node_modules/zone.js/dist/proxy.js.ProxyZoneSpec.onInvoke node_modules/zone.js/dist/proxy.js:128:1)
	    at ZoneDelegate../node_modules/zone.js/dist/zone.js.ZoneDelegate.invoke node_modules/zone.js/dist/zone.js:387:1)
Chrome 67.0.3396 (Mac OS X 10.13.3): Executed 9 of 14 (7 FAILED) (0 secs / 0.354 secs)
Chrome 67.0.3396 (Mac OS X 10.13.3) TrackerComponent should be created FAILED
	'activity-selector' is not a known element:
	1. If 'activity-selector' is an Angular component, then verify that it is part of this module.
	2. If 'activity-selector' is a Web Component then add 'CUSTOM_ELEMENTS_SCHEMA' to the '@NgModule.schemas' of this component to suppress this message. ("
	  <div class="row">
	    <div class="col-md-12">
	      [ERROR ->]<activity-selector>
	      </activity-selector>
	    </div>
	"): ng:///DynamicTestModule/TrackerComponent.html@3:6
	'timer' is not a known element:
	1. If 'timer' is an Angular component, then verify that it is part of this module.
	2. To allow any element add 'NO_ERRORS_SCHEMA' to the '@NgModule.schemas' of this component. ("
	  <div class="row">
	    <div class="col-md-12">
	      [ERROR ->]<timer class="text-center" (onTimerStopped)="onTimerStopped($event)"></timer>
	    </div>
	  </div>
	"): ng:///DynamicTestModule/TrackerComponent.html@9:6
	'recent-activities' is not a known element:
	1. If 'recent-activities' is an Angular component, then verify that it is part of this module.
	2. If 'recent-activities' is a Web Component then add 'CUSTOM_ELEMENTS_SCHEMA' to the '@NgModule.schemas' of this component to suppress this message. ("
	</main>
	<aside class="col-md-3">
	  [ERROR ->]<recent-activities></recent-activities>
	</aside>
	"): ng:///DynamicTestModule/TrackerComponent.html@14:2
	Error: Template parse errors:
	    at syntaxError node_modules/@angular/compiler/esm5/compiler.js:486:22)
	    at TemplateParser.push../node_modules/@angular/compiler/esm5/compiler.js.TemplateParser.parse node_modules/@angular/compiler/esm5/compiler.js:24674:1)
	    at JitCompiler.push../node_modules/@angular/compiler/esm5/compiler.js.JitCompiler._parseTemplate node_modules/@angular/compiler/esm5/compiler.js:34629:1)
	    at JitCompiler.push../node_modules/@angular/compiler/esm5/compiler.js.JitCompiler._compileTemplate node_modules/@angular/compiler/esm5/compiler.js:34604:1)
	    at http://localhost:18763/_karma_webpack_/webpack:/node_modules/@angular/compiler/esm5/compiler.js:34505:48
	    at Set.forEach (<anonymous>)
	    at JitCompiler.push../node_modules/@angular/compiler/esm5/compiler.js.JitCompiler._compileComponents node_modules/@angular/compiler/esm5/compiler.js:34505:1)
	    at http://localhost:18763/_karma_webpack_/webpack:/node_modules/@angular/compiler/esm5/compiler.js:34393:1
	    at Object.then node_modules/@angular/compiler/esm5/compiler.js:475:33)
	    at JitCompiler.push../node_modules/@angular/compiler/esm5/compiler.js.JitCompiler._compileModuleAndAllComponents node_modules/@angular/compiler/esm5/compiler.js:34391:1)
	Error: Template parse errors:
	'activity-selector' is not a known element:
	1. If 'activity-selector' is an Angular component, then verify that it is part of this module.
	2. If 'activity-selector' is a Web Component then add 'CUSTOM_ELEMENTS_SCHEMA' to the '@NgModule.schemas' of this component to suppress this message. ("
	  <div class="row">
	    <div class="col-md-12">
	      [ERROR ->]<activity-selector>
	      </activity-selector>
	    </div>
	"): ng:///DynamicTestModule/TrackerComponent.html@3:6
	'timer' is not a known element:
	1. If 'timer' is an Angular component, then verify that it is part of this module.
	2. To allow any element add 'NO_ERRORS_SCHEMA' to the '@NgModule.schemas' of this component. ("
	  <div class="row">
	    <div class="col-md-12">
	      [ERROR ->]<timer class="text-center" (onTimerStopped)="onTimerStopped($event)"></timer>
	    </div>
	  </div>
	"): ng:///DynamicTestModule/TrackerComponent.html@9:6
	'recent-activities' is not a known element:
	1. If 'recent-activities' is an Angular component, then verify that it is part of this module.
	2. If 'recent-activities' is a Web Component then add 'CUSTOM_ELEMENTS_SCHEMA' to the '@NgModule.schemas' of this component to suppress this message. ("
	</main>
	<aside class="col-md-3">
	  [ERROR ->]<recent-activities></recent-activities>
	</aside>
	"): ng:///DynamicTestModule/TrackerComponent.html@14:2
	    at syntaxError node_modules/@angular/compiler/esm5/compiler.js:486:22)
	    at TemplateParser.push../node_modules/@angular/compiler/esm5/compiler.js.TemplateParser.parse node_modules/@angular/compiler/esm5/compiler.js:24674:1)
	    at JitCompiler.push../node_modules/@angular/compiler/esm5/compiler.js.JitCompiler._parseTemplate node_modules/@angular/compiler/esm5/compiler.js:34629:1)
	    at JitCompiler.push../node_modules/@angular/compiler/esm5/compiler.js.JitCompiler._compileTemplate node_modules/@angular/compiler/esm5/compiler.js:34604:1)
	    at http://localhost:18763/_karma_webpack_/webpack:/node_modules/@angular/compiler/esm5/compiler.js:34505:48
	    at Set.forEach (<anonymous>)
	    at JitCompiler.push../node_modules/@angular/compiler/esm5/compiler.js.JitCompiler._compileComponents node_modules/@angular/compiler/esm5/compiler.js:34505:1)
	    at http://localhost:18763/_karma_webpack_/webpack:/node_modules/@angular/compiler/esm5/compiler.js:34393:1
	    at Object.then node_modules/@angular/compiler/esm5/compiler.js:475:33)
	    at JitCompiler.push../node_modules/@angular/compiler/esm5/compiler.js.JitCompiler._compileModuleAndAllComponents node_modules/@angular/compiler/esm5/compiler.js:34391:1)
	Expected undefined to be truthy.
	    at Object.<anonymous> src/app/components/tracker/tracker.component.spec.ts:23:23)
	    at ZoneDelegate../node_modules/zone.js/dist/zone.js.ZoneDelegate.invoke node_modules/zone.js/dist/zone.js:388:1)
	    at ProxyZoneSpec.push../node_modules/zone.js/dist/proxy.js.ProxyZoneSpec.onInvoke node_modules/zone.js/dist/proxy.js:128:1)
	    at ZoneDelegate../node_modules/zone.js/dist/zone.js.ZoneDelegate.invoke node_modules/zone.js/dist/zone.js:387:1)
Chrome 67.0.3396 (Mac OS X 10.13.3) UserLoginComponent should create FAILED
	Can't bind to 'ngModel' since it isn't a known property of 'input'. (">
	  <div class="form-group">
	    <input name="username" class="form-control" placeholder="Username" [ERROR ->][(ngModel)]="data.username">
	  </div>
	  <div class="form-group">
	"): ng:///DynamicTestModule/UserLoginComponent.html@2:71
	Can't bind to 'ngModel' since it isn't a known property of 'input'. ("form-group">
	    <input name="password" type="password" placeholder="Password" class="form-control" [ERROR ->][(ngModel)]="data.password">
	  </div>
	  <button class="btn btn-primary center-block" [mat-dialog-clos"): ng:///DynamicTestModule/UserLoginComponent.html@5:87
	Can't bind to 'mat-dialog-close' since it isn't a known property of 'button'. (""form-control" [(ngModel)]="data.password">
	  </div>
	  <button class="btn btn-primary center-block" [ERROR ->][mat-dialog-close]="data">Login</button>
	</form>"): ng:///DynamicTestModule/UserLoginComponent.html@7:47
	Error: Template parse errors:
	    at syntaxError node_modules/@angular/compiler/esm5/compiler.js:486:22)
	    at TemplateParser.push../node_modules/@angular/compiler/esm5/compiler.js.TemplateParser.parse node_modules/@angular/compiler/esm5/compiler.js:24674:1)
	    at JitCompiler.push../node_modules/@angular/compiler/esm5/compiler.js.JitCompiler._parseTemplate node_modules/@angular/compiler/esm5/compiler.js:34629:1)
	    at JitCompiler.push../node_modules/@angular/compiler/esm5/compiler.js.JitCompiler._compileTemplate node_modules/@angular/compiler/esm5/compiler.js:34604:1)
	    at http://localhost:18763/_karma_webpack_/webpack:/node_modules/@angular/compiler/esm5/compiler.js:34505:48
	    at Set.forEach (<anonymous>)
	    at JitCompiler.push../node_modules/@angular/compiler/esm5/compiler.js.JitCompiler._compileComponents node_modules/@angular/compiler/esm5/compiler.js:34505:1)
	    at http://localhost:18763/_karma_webpack_/webpack:/node_modules/@angular/compiler/esm5/compiler.js:34393:1
	    at Object.then node_modules/@angular/compiler/esm5/compiler.js:475:33)
	    at JitCompiler.push../node_modules/@angular/compiler/esm5/compiler.js.JitCompiler._compileModuleAndAllComponents node_modules/@angular/compiler/esm5/compiler.js:34391:1)
	Error: Template parse errors:
	Can't bind to 'ngModel' since it isn't a known property of 'input'. (">
	  <div class="form-group">
	    <input name="username" class="form-control" placeholder="Username" [ERROR ->][(ngModel)]="data.username">
	  </div>
	  <div class="form-group">
	"): ng:///DynamicTestModule/UserLoginComponent.html@2:71
	Can't bind to 'ngModel' since it isn't a known property of 'input'. ("form-group">
	    <input name="password" type="password" placeholder="Password" class="form-control" [ERROR ->][(ngModel)]="data.password">
	  </div>
	  <button class="btn btn-primary center-block" [mat-dialog-clos"): ng:///DynamicTestModule/UserLoginComponent.html@5:87
	Can't bind to 'mat-dialog-close' since it isn't a known property of 'button'. (""form-control" [(ngModel)]="data.password">
	  </div>
	  <button class="btn btn-primary center-block" [ERROR ->][mat-dialog-close]="data">Login</button>
	</form>"): ng:///DynamicTestModule/UserLoginComponent.html@7:47
	    at syntaxError node_modules/@angular/compiler/esm5/compiler.js:486:22)
	    at TemplateParser.push../node_modules/@angular/compiler/esm5/compiler.js.TemplateParser.parse node_modules/@angular/compiler/esm5/compiler.js:24674:1)
	    at JitCompiler.push../node_modules/@angular/compiler/esm5/compiler.js.JitCompiler._parseTemplate node_modules/@angular/compiler/esm5/compiler.js:34629:1)
	    at JitCompiler.push../node_modules/@angular/compiler/esm5/compiler.js.JitCompiler._compileTemplate node_modules/@angular/compiler/esm5/compiler.js:34604:1)
	    at http://localhost:18763/_karma_webpack_/webpack:/node_modules/@angular/compiler/esm5/compiler.js:34505:48
	    at Set.forEach (<anonymous>)
	    at JitCompiler.push../node_modules/@angular/compiler/esm5/compiler.js.JitCompiler._compileComponents node_modules/@angular/compiler/esm5/compiler.js:34505:1)
	    at http://localhost:18763/_karma_webpack_/webpack:/node_modules/@angular/compiler/esm5/compiler.js:34393:1
	    at Object.then node_modules/@angular/compiler/esm5/compiler.js:475:33)
	    at JitCompiler.push../node_modules/@angular/compiler/esm5/compiler.js.JitCompiler._compileModuleAndAllComponents node_modules/@angular/compiler/esm5/compiler.js:34391:1)
	Expected undefined to be truthy.
	    at Object.<anonymous> src/app/components/user-login/user-login.component.spec.ts:23:23)
	    at ZoneDelegate../node_modules/zone.js/dist/zone.js.ZoneDelegate.invoke node_modules/zone.js/dist/zone.js:388:1)
	    at ProxyZoneSpec.push../node_modules/zone.js/dist/proxy.js.ProxyZoneSpec.onInvoke node_modules/zone.js/dist/proxy.js:128:1)
	    at ZoneDelegate../node_modules/zone.js/dist/zone.js.ZoneDelegate.invoke node_modules/zone.js/dist/zone.js:387:1)
[1A[2KChrome 67.0.3396 (Mac OS X 10.13.3) UserLoginComponent should create FAILED
	Can't bind to 'ngModel' since it isn't a known property of 'input'. (">
	  <div class="form-group">
	    <input name="username" class="form-control" placeholder="Username" [ERROR ->][(ngModel)]="data.username">
	  </div>
	  <div class="form-group">
	"): ng:///DynamicTestModule/UserLoginComponent.html@2:71
	Can't bind to 'ngModel' since it isn't a known property of 'input'. ("form-group">
	    <input name="password" type="password" placeholder="Password" class="form-control" [ERROR ->][(ngModel)]="data.password">
	  </div>
	  <button class="btn btn-primary center-block" [mat-dialog-clos"): ng:///DynamicTestModule/UserLoginComponent.html@5:87
	Can't bind to 'mat-dialog-close' since it isn't a known property of 'button'. (""form-control" [(ngModel)]="data.password">
	  </div>
	  <button class="btn btn-primary center-block" [ERROR ->][mat-dialog-close]="data">Login</button>
	</form>"): ng:///DynamicTestModule/UserLoginComponent.html@7:47
	Error: Template parse errors:
	    at syntaxError node_modules/@angular/compiler/esm5/compiler.js:486:22)
	    at TemplateParser.push../node_modules/@angular/compiler/esm5/compiler.js.TemplateParser.parse node_modules/@angular/compiler/esm5/compiler.js:24674:1)
	    at JitCompiler.push../node_modules/@angular/compiler/esm5/compiler.js.JitCompiler._parseTemplate node_modules/@angular/compiler/esm5/compiler.js:34629:1)
	    at JitCompiler.push../node_modules/@angular/compiler/esm5/compiler.js.JitCompiler._compileTemplate node_modules/@angular/compiler/esm5/compiler.js:34604:1)
	    at http://localhost:18763/_karma_webpack_/webpack:/node_modules/@angular/compiler/esm5/compiler.js:34505:48
	    at Set.forEach (<anonymous>)
	    at JitCompiler.push../node_modules/@angular/compiler/esm5/compiler.js.JitCompiler._compileComponents node_modules/@angular/compiler/esm5/compiler.js:34505:1)
	    at http://localhost:18763/_karma_webpack_/webpack:/node_modules/@angular/compiler/esm5/compiler.js:34393:1
	    at Object.then node_modules/@angular/compiler/esm5/compiler.js:475:33)
	    at JitCompiler.push../node_modules/@angular/compiler/esm5/compiler.js.JitCompiler._compileModuleAndAllComponents node_modules/@angular/compiler/esm5/compiler.js:34391:1)
	Error: Template parse errors:
	Can't bind to 'ngModel' since it isn't a known property of 'input'. (">
	  <div class="form-group">
	    <input name="username" class="form-control" placeholder="Username" [ERROR ->][(ngModel)]="data.username">
	  </div>
	  <div class="form-group">
	"): ng:///DynamicTestModule/UserLoginComponent.html@2:71
	Can't bind to 'ngModel' since it isn't a known property of 'input'. ("form-group">
	    <input name="password" type="password" placeholder="Password" class="form-control" [ERROR ->][(ngModel)]="data.password">
	  </div>
	  <button class="btn btn-primary center-block" [mat-dialog-clos"): ng:///DynamicTestModule/UserLoginComponent.html@5:87
	Can't bind to 'mat-dialog-close' since it isn't a known property of 'button'. (""form-control" [(ngModel)]="data.password">
	  </div>
	  <button class="btn btn-primary center-block" [ERROR ->][mat-dialog-close]="data">Login</button>
	</form>"): ng:///DynamicTestModule/UserLoginComponent.html@7:47
	    at syntaxError node_modules/@angular/compiler/esm5/compiler.js:486:22)
	    at TemplateParser.push../node_modules/@angular/compiler/esm5/compiler.js.TemplateParser.parse node_modules/@angular/compiler/esm5/compiler.js:24674:1)
	    at JitCompiler.push../node_modules/@angular/compiler/esm5/compiler.js.JitCompiler._parseTemplate node_modules/@angular/compiler/esm5/compiler.js:34629:1)
	    at JitCompiler.push../node_modules/@angular/compiler/esm5/compiler.js.JitCompiler._compileTemplate node_modules/@angular/compiler/esm5/compiler.js:34604:1)
	    at http://localhost:18763/_karma_webpack_/webpack:/node_modules/@angular/compiler/esm5/compiler.js:34505:48
	    at Set.forEach (<anonymous>)
	    at JitCompiler.push../node_modules/@angular/compiler/esm5/compiler.js.JitCompiler._compileComponents node_modules/@angular/compiler/esm5/compiler.js:34505:1)
	    at http://localhost:18763/_karma_webpack_/webpack:/node_modules/@angular/compiler/esm5/compiler.js:34393:1
	    at Object.then node_modules/@angular/compiler/esm5/compiler.js:475:33)
	    at JitCompiler.push../node_modules/@angular/compiler/esm5/compiler.js.JitCompiler._compileModuleAndAllComponents node_modules/@angular/compiler/esm5/compiler.js:34391:1)
	Expected undefined to be truthy.
	    at Object.<anonymous> src/app/components/user-login/user-login.component.spec.ts:23:23)
	    at ZoneDelegate../node_modules/zone.js/dist/zone.js.ZoneDelegate.invoke node_modules/zone.js/dist/zone.js:388:1)
	    at ProxyZoneSpec.push../node_modules/zone.js/dist/proxy.js.ProxyZoneSpec.onInvoke node_modules/zone.js/dist/proxy.js:128:1)
	    at ZoneDelegate../node_modules/zone.js/dist/zone.js.ZoneDelegate.invoke node_modules/zone.js/dist/zone.js:387:1)
Chrome 67.0.3396 (Mac OS X 10.13.3): Executed 10 of 14 (8 FAILED) (0 secs / 0.365 secs)
Chrome 67.0.3396 (Mac OS X 10.13.3) UserLoginComponent should create FAILED
	Can't bind to 'ngModel' since it isn't a known property of 'input'. (">
	  <div class="form-group">
	    <input name="username" class="form-control" placeholder="Username" [ERROR ->][(ngModel)]="data.username">
	  </div>
	  <div class="form-group">
	"): ng:///DynamicTestModule/UserLoginComponent.html@2:71
	Can't bind to 'ngModel' since it isn't a known property of 'input'. ("form-group">
	    <input name="password" type="password" placeholder="Password" class="form-control" [ERROR ->][(ngModel)]="data.password">
	  </div>
	  <button class="btn btn-primary center-block" [mat-dialog-clos"): ng:///DynamicTestModule/UserLoginComponent.html@5:87
	Can't bind to 'mat-dialog-close' since it isn't a known property of 'button'. (""form-control" [(ngModel)]="data.password">
	  </div>
	  <button class="btn btn-primary center-block" [ERROR ->][mat-dialog-close]="data">Login</button>
	</form>"): ng:///DynamicTestModule/UserLoginComponent.html@7:47
	Error: Template parse errors:
	    at syntaxError node_modules/@angular/compiler/esm5/compiler.js:486:22)
	    at TemplateParser.push../node_modules/@angular/compiler/esm5/compiler.js.TemplateParser.parse node_modules/@angular/compiler/esm5/compiler.js:24674:1)
	    at JitCompiler.push../node_modules/@angular/compiler/esm5/compiler.js.JitCompiler._parseTemplate node_modules/@angular/compiler/esm5/compiler.js:34629:1)
	    at JitCompiler.push../node_modules/@angular/compiler/esm5/compiler.js.JitCompiler._compileTemplate node_modules/@angular/compiler/esm5/compiler.js:34604:1)
	    at http://localhost:18763/_karma_webpack_/webpack:/node_modules/@angular/compiler/esm5/compiler.js:34505:48
	    at Set.forEach (<anonymous>)
	    at JitCompiler.push../node_modules/@angular/compiler/esm5/compiler.js.JitCompiler._compileComponents node_modules/@angular/compiler/esm5/compiler.js:34505:1)
	    at http://localhost:18763/_karma_webpack_/webpack:/node_modules/@angular/compiler/esm5/compiler.js:34393:1
	    at Object.then node_modules/@angular/compiler/esm5/compiler.js:475:33)
	    at JitCompiler.push../node_modules/@angular/compiler/esm5/compiler.js.JitCompiler._compileModuleAndAllComponents node_modules/@angular/compiler/esm5/compiler.js:34391:1)
	Error: Template parse errors:
	Can't bind to 'ngModel' since it isn't a known property of 'input'. (">
	  <div class="form-group">
	    <input name="username" class="form-control" placeholder="Username" [ERROR ->][(ngModel)]="data.username">
	  </div>
	  <div class="form-group">
	"): ng:///DynamicTestModule/UserLoginComponent.html@2:71
	Can't bind to 'ngModel' since it isn't a known property of 'input'. ("form-group">
	    <input name="password" type="password" placeholder="Password" class="form-control" [ERROR ->][(ngModel)]="data.password">
	  </div>
	  <button class="btn btn-primary center-block" [mat-dialog-clos"): ng:///DynamicTestModule/UserLoginComponent.html@5:87
	Can't bind to 'mat-dialog-close' since it isn't a known property of 'button'. (""form-control" [(ngModel)]="data.password">
	  </div>
	  <button class="btn btn-primary center-block" [ERROR ->][mat-dialog-close]="data">Login</button>
	</form>"): ng:///DynamicTestModule/UserLoginComponent.html@7:47
	    at syntaxError node_modules/@angular/compiler/esm5/compiler.js:486:22)
	    at TemplateParser.push../node_modules/@angular/compiler/esm5/compiler.js.TemplateParser.parse node_modules/@angular/compiler/esm5/compiler.js:24674:1)
	    at JitCompiler.push../node_modules/@angular/compiler/esm5/compiler.js.JitCompiler._parseTemplate node_modules/@angular/compiler/esm5/compiler.js:34629:1)
	    at JitCompiler.push../node_modules/@angular/compiler/esm5/compiler.js.JitCompiler._compileTemplate node_modules/@angular/compiler/esm5/compiler.js:34604:1)
	    at http://localhost:18763/_karma_webpack_/webpack:/node_modules/@angular/compiler/esm5/compiler.js:34505:48
	    at Set.forEach (<anonymous>)
	    at JitCompiler.push../node_modules/@angular/compiler/esm5/compiler.js.JitCompiler._compileComponents node_modules/@angular/compiler/esm5/compiler.js:34505:1)
	    at http://localhost:18763/_karma_webpack_/webpack:/node_modules/@angular/compiler/esm5/compiler.js:34393:1
	    at Object.then node_modules/@angular/compiler/esm5/compiler.js:475:33)
	    at JitCompiler.push../node_modules/@angular/compiler/esm5/compiler.js.JitCompiler._compileModuleAndAllComponents node_modules/@angular/compiler/esm5/compiler.js:34391:1)
	Expected undefined to be truthy.
	    at Object.<anonymous> src/app/components/user-login/user-login.component.spec.ts:23:23)
	    at ZoneDelegate../node_modules/zone.js/dist/zone.js.ZoneDelegate.invoke node_modules/zone.js/dist/zone.js:388:1)
	    at ProxyZoneSpec.push../node_modules/zone.js/dist/proxy.js.ProxyZoneSpec.onInvoke node_modules/zone.js/dist/proxy.js:128:1)
	    at ZoneDelegate../node_modules/zone.js/dist/zone.js.ZoneDelegate.invoke node_modules/zone.js/dist/zone.js:387:1)
Chrome 67.0.3396 (Mac OS X 10.13.3) ActivityService should be created FAILED
	Error: StaticInjectorError(DynamicTestModule)[ActivityService -> HttpClient]: 
	  StaticInjectorError(Platform: core)[ActivityService -> HttpClient]: 
	    NullInjectorError: No provider for HttpClient!
	    at _NullInjector.push../node_modules/@angular/core/esm5/core.js._NullInjector.get node_modules/@angular/core/esm5/core.js:1003:1)
	    at resolveToken node_modules/@angular/core/esm5/core.js:1301:1)
	    at tryResolveToken node_modules/@angular/core/esm5/core.js:1243:1)
	    at StaticInjector.push../node_modules/@angular/core/esm5/core.js.StaticInjector.get node_modules/@angular/core/esm5/core.js:1111:1)
	    at resolveToken node_modules/@angular/core/esm5/core.js:1301:1)
	    at tryResolveToken node_modules/@angular/core/esm5/core.js:1243:1)
	    at StaticInjector.push../node_modules/@angular/core/esm5/core.js.StaticInjector.get node_modules/@angular/core/esm5/core.js:1111:1)
	    at resolveNgModuleDep node_modules/@angular/core/esm5/core.js:10896:1)
	    at _createClass node_modules/@angular/core/esm5/core.js:10935:1)
	    at _createProviderInstance$1 node_modules/@angular/core/esm5/core.js:10907:1)
[1A[2KChrome 67.0.3396 (Mac OS X 10.13.3) ActivityService should be created FAILED
	Error: StaticInjectorError(DynamicTestModule)[ActivityService -> HttpClient]: 
	  StaticInjectorError(Platform: core)[ActivityService -> HttpClient]: 
	    NullInjectorError: No provider for HttpClient!
	    at _NullInjector.push../node_modules/@angular/core/esm5/core.js._NullInjector.get node_modules/@angular/core/esm5/core.js:1003:1)
	    at resolveToken node_modules/@angular/core/esm5/core.js:1301:1)
	    at tryResolveToken node_modules/@angular/core/esm5/core.js:1243:1)
	    at StaticInjector.push../node_modules/@angular/core/esm5/core.js.StaticInjector.get node_modules/@angular/core/esm5/core.js:1111:1)
	    at resolveToken node_modules/@angular/core/esm5/core.js:1301:1)
	    at tryResolveToken node_modules/@angular/core/esm5/core.js:1243:1)
	    at StaticInjector.push../node_modules/@angular/core/esm5/core.js.StaticInjector.get node_modules/@angular/core/esm5/core.js:1111:1)
	    at resolveNgModuleDep node_modules/@angular/core/esm5/core.js:10896:1)
	    at _createClass node_modules/@angular/core/esm5/core.js:10935:1)
	    at _createProviderInstance$1 node_modules/@angular/core/esm5/core.js:10907:1)
Chrome 67.0.3396 (Mac OS X 10.13.3): Executed 11 of 14 (9 FAILED) (0 secs / 0.371 secs)
Chrome 67.0.3396 (Mac OS X 10.13.3) ActivityService should be created FAILED
	Error: StaticInjectorError(DynamicTestModule)[ActivityService -> HttpClient]: 
	  StaticInjectorError(Platform: core)[ActivityService -> HttpClient]: 
	    NullInjectorError: No provider for HttpClient!
	    at _NullInjector.push../node_modules/@angular/core/esm5/core.js._NullInjector.get node_modules/@angular/core/esm5/core.js:1003:1)
	    at resolveToken node_modules/@angular/core/esm5/core.js:1301:1)
	    at tryResolveToken node_modules/@angular/core/esm5/core.js:1243:1)
	    at StaticInjector.push../node_modules/@angular/core/esm5/core.js.StaticInjector.get node_modules/@angular/core/esm5/core.js:1111:1)
	    at resolveToken node_modules/@angular/core/esm5/core.js:1301:1)
	    at tryResolveToken node_modules/@angular/core/esm5/core.js:1243:1)
	    at StaticInjector.push../node_modules/@angular/core/esm5/core.js.StaticInjector.get node_modules/@angular/core/esm5/core.js:1111:1)
	    at resolveNgModuleDep node_modules/@angular/core/esm5/core.js:10896:1)
	    at _createClass node_modules/@angular/core/esm5/core.js:10935:1)
	    at _createProviderInstance$1 node_modules/@angular/core/esm5/core.js:10907:1)
Chrome 67.0.3396 (Mac OS X 10.13.3) RecentActivitiesService should be created FAILED
	Error: StaticInjectorError(DynamicTestModule)[RecentActivitiesService -> HttpClient]: 
	  StaticInjectorError(Platform: core)[RecentActivitiesService -> HttpClient]: 
	    NullInjectorError: No provider for HttpClient!
	    at _NullInjector.push../node_modules/@angular/core/esm5/core.js._NullInjector.get node_modules/@angular/core/esm5/core.js:1003:1)
	    at resolveToken node_modules/@angular/core/esm5/core.js:1301:1)
	    at tryResolveToken node_modules/@angular/core/esm5/core.js:1243:1)
	    at StaticInjector.push../node_modules/@angular/core/esm5/core.js.StaticInjector.get node_modules/@angular/core/esm5/core.js:1111:1)
	    at resolveToken node_modules/@angular/core/esm5/core.js:1301:1)
	    at tryResolveToken node_modules/@angular/core/esm5/core.js:1243:1)
	    at StaticInjector.push../node_modules/@angular/core/esm5/core.js.StaticInjector.get node_modules/@angular/core/esm5/core.js:1111:1)
	    at resolveNgModuleDep node_modules/@angular/core/esm5/core.js:10896:1)
	    at _createClass node_modules/@angular/core/esm5/core.js:10935:1)
	    at _createProviderInstance$1 node_modules/@angular/core/esm5/core.js:10907:1)
[1A[2KChrome 67.0.3396 (Mac OS X 10.13.3) RecentActivitiesService should be created FAILED
	Error: StaticInjectorError(DynamicTestModule)[RecentActivitiesService -> HttpClient]: 
	  StaticInjectorError(Platform: core)[RecentActivitiesService -> HttpClient]: 
	    NullInjectorError: No provider for HttpClient!
	    at _NullInjector.push../node_modules/@angular/core/esm5/core.js._NullInjector.get node_modules/@angular/core/esm5/core.js:1003:1)
	    at resolveToken node_modules/@angular/core/esm5/core.js:1301:1)
	    at tryResolveToken node_modules/@angular/core/esm5/core.js:1243:1)
	    at StaticInjector.push../node_modules/@angular/core/esm5/core.js.StaticInjector.get node_modules/@angular/core/esm5/core.js:1111:1)
	    at resolveToken node_modules/@angular/core/esm5/core.js:1301:1)
	    at tryResolveToken node_modules/@angular/core/esm5/core.js:1243:1)
	    at StaticInjector.push../node_modules/@angular/core/esm5/core.js.StaticInjector.get node_modules/@angular/core/esm5/core.js:1111:1)
	    at resolveNgModuleDep node_modules/@angular/core/esm5/core.js:10896:1)
	    at _createClass node_modules/@angular/core/esm5/core.js:10935:1)
	    at _createProviderInstance$1 node_modules/@angular/core/esm5/core.js:10907:1)
Chrome 67.0.3396 (Mac OS X 10.13.3): Executed 12 of 14 (10 FAILED) (0 secs / 0.378 secs)
Chrome 67.0.3396 (Mac OS X 10.13.3) RecentActivitiesService should be created FAILED
	Error: StaticInjectorError(DynamicTestModule)[RecentActivitiesService -> HttpClient]: 
	  StaticInjectorError(Platform: core)[RecentActivitiesService -> HttpClient]: 
	    NullInjectorError: No provider for HttpClient!
	    at _NullInjector.push../node_modules/@angular/core/esm5/core.js._NullInjector.get node_modules/@angular/core/esm5/core.js:1003:1)
	    at resolveToken node_modules/@angular/core/esm5/core.js:1301:1)
	    at tryResolveToken node_modules/@angular/core/esm5/core.js:1243:1)
	    at StaticInjector.push../node_modules/@angular/core/esm5/core.js.StaticInjector.get node_modules/@angular/core/esm5/core.js:1111:1)
	    at resolveToken node_modules/@angular/core/esm5/core.js:1301:1)
	    at tryResolveToken node_modules/@angular/core/esm5/core.js:1243:1)
	    at StaticInjector.push../node_modules/@angular/core/esm5/core.js.StaticInjector.get node_modules/@angular/core/esm5/core.js:1111:1)
	    at resolveNgModuleDep node_modules/@angular/core/esm5/core.js:10896:1)
	    at _createClass node_modules/@angular/core/esm5/core.js:10935:1)
	    at _createProviderInstance$1 node_modules/@angular/core/esm5/core.js:10907:1)
[1A[2KChrome 67.0.3396 (Mac OS X 10.13.3): Executed 13 of 14 (10 FAILED) (0 secs / 0.384 secs)
Chrome 67.0.3396 (Mac OS X 10.13.3) UserService should be created FAILED
	Error: StaticInjectorError(DynamicTestModule)[UserService -> StateService]: 
	  StaticInjectorError(Platform: core)[UserService -> StateService]: 
	    NullInjectorError: No provider for StateService!
	    at _NullInjector.push../node_modules/@angular/core/esm5/core.js._NullInjector.get node_modules/@angular/core/esm5/core.js:1003:1)
	    at resolveToken node_modules/@angular/core/esm5/core.js:1301:1)
	    at tryResolveToken node_modules/@angular/core/esm5/core.js:1243:1)
	    at StaticInjector.push../node_modules/@angular/core/esm5/core.js.StaticInjector.get node_modules/@angular/core/esm5/core.js:1111:1)
	    at resolveToken node_modules/@angular/core/esm5/core.js:1301:1)
	    at tryResolveToken node_modules/@angular/core/esm5/core.js:1243:1)
	    at StaticInjector.push../node_modules/@angular/core/esm5/core.js.StaticInjector.get node_modules/@angular/core/esm5/core.js:1111:1)
	    at resolveNgModuleDep node_modules/@angular/core/esm5/core.js:10896:1)
	    at _createClass node_modules/@angular/core/esm5/core.js:10933:1)
	    at _createProviderInstance$1 node_modules/@angular/core/esm5/core.js:10907:1)
[1A[2KChrome 67.0.3396 (Mac OS X 10.13.3) UserService should be created FAILED
	Error: StaticInjectorError(DynamicTestModule)[UserService -> StateService]: 
	  StaticInjectorError(Platform: core)[UserService -> StateService]: 
	    NullInjectorError: No provider for StateService!
	    at _NullInjector.push../node_modules/@angular/core/esm5/core.js._NullInjector.get node_modules/@angular/core/esm5/core.js:1003:1)
	    at resolveToken node_modules/@angular/core/esm5/core.js:1301:1)
	    at tryResolveToken node_modules/@angular/core/esm5/core.js:1243:1)
	    at StaticInjector.push../node_modules/@angular/core/esm5/core.js.StaticInjector.get node_modules/@angular/core/esm5/core.js:1111:1)
	    at resolveToken node_modules/@angular/core/esm5/core.js:1301:1)
	    at tryResolveToken node_modules/@angular/core/esm5/core.js:1243:1)
	    at StaticInjector.push../node_modules/@angular/core/esm5/core.js.StaticInjector.get node_modules/@angular/core/esm5/core.js:1111:1)
	    at resolveNgModuleDep node_modules/@angular/core/esm5/core.js:10896:1)
	    at _createClass node_modules/@angular/core/esm5/core.js:10933:1)
	    at _createProviderInstance$1 node_modules/@angular/core/esm5/core.js:10907:1)
Chrome 67.0.3396 (Mac OS X 10.13.3): Executed 14 of 14 (11 FAILED) (0 secs / 0.39 secs)
Chrome 67.0.3396 (Mac OS X 10.13.3) UserService should be created FAILED
	Error: StaticInjectorError(DynamicTestModule)[UserService -> StateService]: 
	  StaticInjectorError(Platform: core)[UserService -> StateService]: 
	    NullInjectorError: No provider for StateService!
	    at _NullInjector.push../node_modules/@angular/core/esm5/core.js._NullInjector.get node_modules/@angular/core/esm5/core.js:1003:1)
	    at resolveToken node_modules/@angular/core/esm5/core.js:1301:1)
	    at tryResolveToken node_modules/@angular/core/esm5/core.js:1243:1)
	    at StaticInjector.push../node_modules/@angular/core/esm5/core.js.StaticInjector.get node_modules/@angular/core/esm5/core.js:1111:1)
	    at resolveToken node_modules/@angular/core/esm5/core.js:1301:1)
	    at tryResolveToken node_modules/@angular/core/esm5/core.js:1243:1)
	    at StaticInjector.push../node_modules/@angular/core/esm5/core.js.StaticInjector.get node_modules/@angular/core/esm5/core.js:1111:1)
	    at resolveNgModuleDep node_modules/@angular/core/esm5/core.js:10896:1)
	    at _createClass node_modules/@angular/core/esm5/core.js:10933:1)
	    at _createProviderInstance$1 node_modules/@angular/core/esm5/core.js:10907:1)
[1A[2KChrome 67.0.3396 (Mac OS X 10.13.3): Executed 14 of 14 (11 FAILED) (0.485 secs / 0.39 secs)
Chrome 67.0.3396 (Mac OS X 10.13.3): Executed 0 of 12 SUCCESS (0 secs / 0 secs)
[1A[2KChrome 67.0.3396 (Mac OS X 10.13.3): Executed 1 of 12 SUCCESS (0 secs / 0.057 secs)
LOG: true
[1A[2KLOG: true
Chrome 67.0.3396 (Mac OS X 10.13.3): Executed 1 of 12 SUCCESS (0 secs / 0.057 secs)
LOG: true
[1A[2KChrome 67.0.3396 (Mac OS X 10.13.3): Executed 2 of 12 SUCCESS (0 secs / 0.125 secs)
Chrome 67.0.3396 (Mac OS X 10.13.3) AppComponent should create the app FAILED
	'topnav' is not a known element:
	1. If 'topnav' is an Angular component, then verify that it is part of this module.
	2. To allow any element add 'NO_ERRORS_SCHEMA' to the '@NgModule.schemas' of this component. ("[ERROR ->]<topnav></topnav>    
	<div class="container">
		<div class="row">
	"): ng:///DynamicTestModule/AppComponent.html@0:0
	Error: Template parse errors:
	    at syntaxError node_modules/@angular/compiler/esm5/compiler.js:486:22)
	    at TemplateParser.push../node_modules/@angular/compiler/esm5/compiler.js.TemplateParser.parse node_modules/@angular/compiler/esm5/compiler.js:24674:1)
	    at JitCompiler.push../node_modules/@angular/compiler/esm5/compiler.js.JitCompiler._parseTemplate node_modules/@angular/compiler/esm5/compiler.js:34629:1)
	    at JitCompiler.push../node_modules/@angular/compiler/esm5/compiler.js.JitCompiler._compileTemplate node_modules/@angular/compiler/esm5/compiler.js:34604:1)
	    at http://localhost:18763/_karma_webpack_/webpack:/node_modules/@angular/compiler/esm5/compiler.js:34505:48
	    at Set.forEach (<anonymous>)
	    at JitCompiler.push../node_modules/@angular/compiler/esm5/compiler.js.JitCompiler._compileComponents node_modules/@angular/compiler/esm5/compiler.js:34505:1)
	    at http://localhost:18763/_karma_webpack_/webpack:/node_modules/@angular/compiler/esm5/compiler.js:34393:1
	    at Object.then node_modules/@angular/compiler/esm5/compiler.js:475:33)
	    at JitCompiler.push../node_modules/@angular/compiler/esm5/compiler.js.JitCompiler._compileModuleAndAllComponents node_modules/@angular/compiler/esm5/compiler.js:34391:1)
	'topnav' is not a known element:
	1. If 'topnav' is an Angular component, then verify that it is part of this module.
	2. To allow any element add 'NO_ERRORS_SCHEMA' to the '@NgModule.schemas' of this component. ("[ERROR ->]<topnav></topnav>    
	<div class="container">
		<div class="row">
	"): ng:///DynamicTestModule/AppComponent.html@0:0
	Error: Template parse errors:
	    at syntaxError node_modules/@angular/compiler/esm5/compiler.js:486:22)
	    at TemplateParser.push../node_modules/@angular/compiler/esm5/compiler.js.TemplateParser.parse node_modules/@angular/compiler/esm5/compiler.js:24674:1)
	    at JitCompiler.push../node_modules/@angular/compiler/esm5/compiler.js.JitCompiler._parseTemplate node_modules/@angular/compiler/esm5/compiler.js:34629:1)
	    at JitCompiler.push../node_modules/@angular/compiler/esm5/compiler.js.JitCompiler._compileTemplate node_modules/@angular/compiler/esm5/compiler.js:34604:1)
	    at http://localhost:18763/_karma_webpack_/webpack:/node_modules/@angular/compiler/esm5/compiler.js:34505:48
	    at Set.forEach (<anonymous>)
	    at JitCompiler.push../node_modules/@angular/compiler/esm5/compiler.js.JitCompiler._compileComponents node_modules/@angular/compiler/esm5/compiler.js:34505:1)
	    at http://localhost:18763/_karma_webpack_/webpack:/node_modules/@angular/compiler/esm5/compiler.js:34393:1
	    at Object.then node_modules/@angular/compiler/esm5/compiler.js:475:33)
	    at JitCompiler.push../node_modules/@angular/compiler/esm5/compiler.js.JitCompiler._compileModuleAndAllComponents node_modules/@angular/compiler/esm5/compiler.js:34391:1)
[1A[2KChrome 67.0.3396 (Mac OS X 10.13.3) AppComponent should create the app FAILED
	'topnav' is not a known element:
	1. If 'topnav' is an Angular component, then verify that it is part of this module.
	2. To allow any element add 'NO_ERRORS_SCHEMA' to the '@NgModule.schemas' of this component. ("[ERROR ->]<topnav></topnav>    
	<div class="container">
		<div class="row">
	"): ng:///DynamicTestModule/AppComponent.html@0:0
	Error: Template parse errors:
	    at syntaxError node_modules/@angular/compiler/esm5/compiler.js:486:22)
	    at TemplateParser.push../node_modules/@angular/compiler/esm5/compiler.js.TemplateParser.parse node_modules/@angular/compiler/esm5/compiler.js:24674:1)
	    at JitCompiler.push../node_modules/@angular/compiler/esm5/compiler.js.JitCompiler._parseTemplate node_modules/@angular/compiler/esm5/compiler.js:34629:1)
	    at JitCompiler.push../node_modules/@angular/compiler/esm5/compiler.js.JitCompiler._compileTemplate node_modules/@angular/compiler/esm5/compiler.js:34604:1)
	    at http://localhost:18763/_karma_webpack_/webpack:/node_modules/@angular/compiler/esm5/compiler.js:34505:48
	    at Set.forEach (<anonymous>)
	    at JitCompiler.push../node_modules/@angular/compiler/esm5/compiler.js.JitCompiler._compileComponents node_modules/@angular/compiler/esm5/compiler.js:34505:1)
	    at http://localhost:18763/_karma_webpack_/webpack:/node_modules/@angular/compiler/esm5/compiler.js:34393:1
	    at Object.then node_modules/@angular/compiler/esm5/compiler.js:475:33)
	    at JitCompiler.push../node_modules/@angular/compiler/esm5/compiler.js.JitCompiler._compileModuleAndAllComponents node_modules/@angular/compiler/esm5/compiler.js:34391:1)
	'topnav' is not a known element:
	1. If 'topnav' is an Angular component, then verify that it is part of this module.
	2. To allow any element add 'NO_ERRORS_SCHEMA' to the '@NgModule.schemas' of this component. ("[ERROR ->]<topnav></topnav>    
	<div class="container">
		<div class="row">
	"): ng:///DynamicTestModule/AppComponent.html@0:0
	Error: Template parse errors:
	    at syntaxError node_modules/@angular/compiler/esm5/compiler.js:486:22)
	    at TemplateParser.push../node_modules/@angular/compiler/esm5/compiler.js.TemplateParser.parse node_modules/@angular/compiler/esm5/compiler.js:24674:1)
	    at JitCompiler.push../node_modules/@angular/compiler/esm5/compiler.js.JitCompiler._parseTemplate node_modules/@angular/compiler/esm5/compiler.js:34629:1)
	    at JitCompiler.push../node_modules/@angular/compiler/esm5/compiler.js.JitCompiler._compileTemplate node_modules/@angular/compiler/esm5/compiler.js:34604:1)
	    at http://localhost:18763/_karma_webpack_/webpack:/node_modules/@angular/compiler/esm5/compiler.js:34505:48
	    at Set.forEach (<anonymous>)
	    at JitCompiler.push../node_modules/@angular/compiler/esm5/compiler.js.JitCompiler._compileComponents node_modules/@angular/compiler/esm5/compiler.js:34505:1)
	    at http://localhost:18763/_karma_webpack_/webpack:/node_modules/@angular/compiler/esm5/compiler.js:34393:1
	    at Object.then node_modules/@angular/compiler/esm5/compiler.js:475:33)
	    at JitCompiler.push../node_modules/@angular/compiler/esm5/compiler.js.JitCompiler._compileModuleAndAllComponents node_modules/@angular/compiler/esm5/compiler.js:34391:1)
Chrome 67.0.3396 (Mac OS X 10.13.3): Executed 3 of 12 (1 FAILED) (0 secs / 0.141 secs)
Chrome 67.0.3396 (Mac OS X 10.13.3) AppComponent should create the app FAILED
	'topnav' is not a known element:
	1. If 'topnav' is an Angular component, then verify that it is part of this module.
	2. To allow any element add 'NO_ERRORS_SCHEMA' to the '@NgModule.schemas' of this component. ("[ERROR ->]<topnav></topnav>    
	<div class="container">
		<div class="row">
	"): ng:///DynamicTestModule/AppComponent.html@0:0
	Error: Template parse errors:
	    at syntaxError node_modules/@angular/compiler/esm5/compiler.js:486:22)
	    at TemplateParser.push../node_modules/@angular/compiler/esm5/compiler.js.TemplateParser.parse node_modules/@angular/compiler/esm5/compiler.js:24674:1)
	    at JitCompiler.push../node_modules/@angular/compiler/esm5/compiler.js.JitCompiler._parseTemplate node_modules/@angular/compiler/esm5/compiler.js:34629:1)
	    at JitCompiler.push../node_modules/@angular/compiler/esm5/compiler.js.JitCompiler._compileTemplate node_modules/@angular/compiler/esm5/compiler.js:34604:1)
	    at http://localhost:18763/_karma_webpack_/webpack:/node_modules/@angular/compiler/esm5/compiler.js:34505:48
	    at Set.forEach (<anonymous>)
	    at JitCompiler.push../node_modules/@angular/compiler/esm5/compiler.js.JitCompiler._compileComponents node_modules/@angular/compiler/esm5/compiler.js:34505:1)
	    at http://localhost:18763/_karma_webpack_/webpack:/node_modules/@angular/compiler/esm5/compiler.js:34393:1
	    at Object.then node_modules/@angular/compiler/esm5/compiler.js:475:33)
	    at JitCompiler.push../node_modules/@angular/compiler/esm5/compiler.js.JitCompiler._compileModuleAndAllComponents node_modules/@angular/compiler/esm5/compiler.js:34391:1)
	'topnav' is not a known element:
	1. If 'topnav' is an Angular component, then verify that it is part of this module.
	2. To allow any element add 'NO_ERRORS_SCHEMA' to the '@NgModule.schemas' of this component. ("[ERROR ->]<topnav></topnav>    
	<div class="container">
		<div class="row">
	"): ng:///DynamicTestModule/AppComponent.html@0:0
	Error: Template parse errors:
	    at syntaxError node_modules/@angular/compiler/esm5/compiler.js:486:22)
	    at TemplateParser.push../node_modules/@angular/compiler/esm5/compiler.js.TemplateParser.parse node_modules/@angular/compiler/esm5/compiler.js:24674:1)
	    at JitCompiler.push../node_modules/@angular/compiler/esm5/compiler.js.JitCompiler._parseTemplate node_modules/@angular/compiler/esm5/compiler.js:34629:1)
	    at JitCompiler.push../node_modules/@angular/compiler/esm5/compiler.js.JitCompiler._compileTemplate node_modules/@angular/compiler/esm5/compiler.js:34604:1)
	    at http://localhost:18763/_karma_webpack_/webpack:/node_modules/@angular/compiler/esm5/compiler.js:34505:48
	    at Set.forEach (<anonymous>)
	    at JitCompiler.push../node_modules/@angular/compiler/esm5/compiler.js.JitCompiler._compileComponents node_modules/@angular/compiler/esm5/compiler.js:34505:1)
	    at http://localhost:18763/_karma_webpack_/webpack:/node_modules/@angular/compiler/esm5/compiler.js:34393:1
	    at Object.then node_modules/@angular/compiler/esm5/compiler.js:475:33)
	    at JitCompiler.push../node_modules/@angular/compiler/esm5/compiler.js.JitCompiler._compileModuleAndAllComponents node_modules/@angular/compiler/esm5/compiler.js:34391:1)
Chrome 67.0.3396 (Mac OS X 10.13.3) RecentActivitiesComponent should be created FAILED
	Error: StaticInjectorError(DynamicTestModule)[RecentActivitiesComponent -> RecentActivitiesService]: 
	  StaticInjectorError(Platform: core)[RecentActivitiesComponent -> RecentActivitiesService]: 
	    NullInjectorError: No provider for RecentActivitiesService!
	    at _NullInjector.push../node_modules/@angular/core/esm5/core.js._NullInjector.get node_modules/@angular/core/esm5/core.js:1003:1)
	    at resolveToken node_modules/@angular/core/esm5/core.js:1301:1)
	    at tryResolveToken node_modules/@angular/core/esm5/core.js:1243:1)
	    at StaticInjector.push../node_modules/@angular/core/esm5/core.js.StaticInjector.get node_modules/@angular/core/esm5/core.js:1111:1)
	    at resolveToken node_modules/@angular/core/esm5/core.js:1301:1)
	    at tryResolveToken node_modules/@angular/core/esm5/core.js:1243:1)
	    at StaticInjector.push../node_modules/@angular/core/esm5/core.js.StaticInjector.get node_modules/@angular/core/esm5/core.js:1111:1)
	    at resolveNgModuleDep node_modules/@angular/core/esm5/core.js:10896:1)
	    at NgModuleRef_.push../node_modules/@angular/core/esm5/core.js.NgModuleRef_.get node_modules/@angular/core/esm5/core.js:12129:1)
	    at resolveDep node_modules/@angular/core/esm5/core.js:12619:1)
	Expected undefined to be truthy.
	    at Object.<anonymous> src/app/components/recent-activities/recent-activities.component.spec.ts:23:23)
	    at ZoneDelegate../node_modules/zone.js/dist/zone.js.ZoneDelegate.invoke node_modules/zone.js/dist/zone.js:388:1)
	    at ProxyZoneSpec.push../node_modules/zone.js/dist/proxy.js.ProxyZoneSpec.onInvoke node_modules/zone.js/dist/proxy.js:128:1)
	    at ZoneDelegate../node_modules/zone.js/dist/zone.js.ZoneDelegate.invoke node_modules/zone.js/dist/zone.js:387:1)
[1A[2KChrome 67.0.3396 (Mac OS X 10.13.3) RecentActivitiesComponent should be created FAILED
	Error: StaticInjectorError(DynamicTestModule)[RecentActivitiesComponent -> RecentActivitiesService]: 
	  StaticInjectorError(Platform: core)[RecentActivitiesComponent -> RecentActivitiesService]: 
	    NullInjectorError: No provider for RecentActivitiesService!
	    at _NullInjector.push../node_modules/@angular/core/esm5/core.js._NullInjector.get node_modules/@angular/core/esm5/core.js:1003:1)
	    at resolveToken node_modules/@angular/core/esm5/core.js:1301:1)
	    at tryResolveToken node_modules/@angular/core/esm5/core.js:1243:1)
	    at StaticInjector.push../node_modules/@angular/core/esm5/core.js.StaticInjector.get node_modules/@angular/core/esm5/core.js:1111:1)
	    at resolveToken node_modules/@angular/core/esm5/core.js:1301:1)
	    at tryResolveToken node_modules/@angular/core/esm5/core.js:1243:1)
	    at StaticInjector.push../node_modules/@angular/core/esm5/core.js.StaticInjector.get node_modules/@angular/core/esm5/core.js:1111:1)
	    at resolveNgModuleDep node_modules/@angular/core/esm5/core.js:10896:1)
	    at NgModuleRef_.push../node_modules/@angular/core/esm5/core.js.NgModuleRef_.get node_modules/@angular/core/esm5/core.js:12129:1)
	    at resolveDep node_modules/@angular/core/esm5/core.js:12619:1)
	Expected undefined to be truthy.
	    at Object.<anonymous> src/app/components/recent-activities/recent-activities.component.spec.ts:23:23)
	    at ZoneDelegate../node_modules/zone.js/dist/zone.js.ZoneDelegate.invoke node_modules/zone.js/dist/zone.js:388:1)
	    at ProxyZoneSpec.push../node_modules/zone.js/dist/proxy.js.ProxyZoneSpec.onInvoke node_modules/zone.js/dist/proxy.js:128:1)
	    at ZoneDelegate../node_modules/zone.js/dist/zone.js.ZoneDelegate.invoke node_modules/zone.js/dist/zone.js:387:1)
Chrome 67.0.3396 (Mac OS X 10.13.3): Executed 4 of 12 (2 FAILED) (0 secs / 0.275 secs)
Chrome 67.0.3396 (Mac OS X 10.13.3) RecentActivitiesComponent should be created FAILED
	Error: StaticInjectorError(DynamicTestModule)[RecentActivitiesComponent -> RecentActivitiesService]: 
	  StaticInjectorError(Platform: core)[RecentActivitiesComponent -> RecentActivitiesService]: 
	    NullInjectorError: No provider for RecentActivitiesService!
	    at _NullInjector.push../node_modules/@angular/core/esm5/core.js._NullInjector.get node_modules/@angular/core/esm5/core.js:1003:1)
	    at resolveToken node_modules/@angular/core/esm5/core.js:1301:1)
	    at tryResolveToken node_modules/@angular/core/esm5/core.js:1243:1)
	    at StaticInjector.push../node_modules/@angular/core/esm5/core.js.StaticInjector.get node_modules/@angular/core/esm5/core.js:1111:1)
	    at resolveToken node_modules/@angular/core/esm5/core.js:1301:1)
	    at tryResolveToken node_modules/@angular/core/esm5/core.js:1243:1)
	    at StaticInjector.push../node_modules/@angular/core/esm5/core.js.StaticInjector.get node_modules/@angular/core/esm5/core.js:1111:1)
	    at resolveNgModuleDep node_modules/@angular/core/esm5/core.js:10896:1)
	    at NgModuleRef_.push../node_modules/@angular/core/esm5/core.js.NgModuleRef_.get node_modules/@angular/core/esm5/core.js:12129:1)
	    at resolveDep node_modules/@angular/core/esm5/core.js:12619:1)
	Expected undefined to be truthy.
	    at Object.<anonymous> src/app/components/recent-activities/recent-activities.component.spec.ts:23:23)
	    at ZoneDelegate../node_modules/zone.js/dist/zone.js.ZoneDelegate.invoke node_modules/zone.js/dist/zone.js:388:1)
	    at ProxyZoneSpec.push../node_modules/zone.js/dist/proxy.js.ProxyZoneSpec.onInvoke node_modules/zone.js/dist/proxy.js:128:1)
	    at ZoneDelegate../node_modules/zone.js/dist/zone.js.ZoneDelegate.invoke node_modules/zone.js/dist/zone.js:387:1)
Chrome 67.0.3396 (Mac OS X 10.13.3) TimerComponent should be created FAILED
	Error: StaticInjectorError(DynamicTestModule)[TimerComponent -> RecentActivitiesService]: 
	  StaticInjectorError(Platform: core)[TimerComponent -> RecentActivitiesService]: 
	    NullInjectorError: No provider for RecentActivitiesService!
	    at _NullInjector.push../node_modules/@angular/core/esm5/core.js._NullInjector.get node_modules/@angular/core/esm5/core.js:1003:1)
	    at resolveToken node_modules/@angular/core/esm5/core.js:1301:1)
	    at tryResolveToken node_modules/@angular/core/esm5/core.js:1243:1)
	    at StaticInjector.push../node_modules/@angular/core/esm5/core.js.StaticInjector.get node_modules/@angular/core/esm5/core.js:1111:1)
	    at resolveToken node_modules/@angular/core/esm5/core.js:1301:1)
	    at tryResolveToken node_modules/@angular/core/esm5/core.js:1243:1)
	    at StaticInjector.push../node_modules/@angular/core/esm5/core.js.StaticInjector.get node_modules/@angular/core/esm5/core.js:1111:1)
	    at resolveNgModuleDep node_modules/@angular/core/esm5/core.js:10896:1)
	    at NgModuleRef_.push../node_modules/@angular/core/esm5/core.js.NgModuleRef_.get node_modules/@angular/core/esm5/core.js:12129:1)
	    at resolveDep node_modules/@angular/core/esm5/core.js:12619:1)
	Expected undefined to be truthy.
	    at Object.<anonymous> src/app/components/timer/timer.component.spec.ts:23:23)
	    at ZoneDelegate../node_modules/zone.js/dist/zone.js.ZoneDelegate.invoke node_modules/zone.js/dist/zone.js:388:1)
	    at ProxyZoneSpec.push../node_modules/zone.js/dist/proxy.js.ProxyZoneSpec.onInvoke node_modules/zone.js/dist/proxy.js:128:1)
	    at ZoneDelegate../node_modules/zone.js/dist/zone.js.ZoneDelegate.invoke node_modules/zone.js/dist/zone.js:387:1)
[1A[2KChrome 67.0.3396 (Mac OS X 10.13.3) TimerComponent should be created FAILED
	Error: StaticInjectorError(DynamicTestModule)[TimerComponent -> RecentActivitiesService]: 
	  StaticInjectorError(Platform: core)[TimerComponent -> RecentActivitiesService]: 
	    NullInjectorError: No provider for RecentActivitiesService!
	    at _NullInjector.push../node_modules/@angular/core/esm5/core.js._NullInjector.get node_modules/@angular/core/esm5/core.js:1003:1)
	    at resolveToken node_modules/@angular/core/esm5/core.js:1301:1)
	    at tryResolveToken node_modules/@angular/core/esm5/core.js:1243:1)
	    at StaticInjector.push../node_modules/@angular/core/esm5/core.js.StaticInjector.get node_modules/@angular/core/esm5/core.js:1111:1)
	    at resolveToken node_modules/@angular/core/esm5/core.js:1301:1)
	    at tryResolveToken node_modules/@angular/core/esm5/core.js:1243:1)
	    at StaticInjector.push../node_modules/@angular/core/esm5/core.js.StaticInjector.get node_modules/@angular/core/esm5/core.js:1111:1)
	    at resolveNgModuleDep node_modules/@angular/core/esm5/core.js:10896:1)
	    at NgModuleRef_.push../node_modules/@angular/core/esm5/core.js.NgModuleRef_.get node_modules/@angular/core/esm5/core.js:12129:1)
	    at resolveDep node_modules/@angular/core/esm5/core.js:12619:1)
	Expected undefined to be truthy.
	    at Object.<anonymous> src/app/components/timer/timer.component.spec.ts:23:23)
	    at ZoneDelegate../node_modules/zone.js/dist/zone.js.ZoneDelegate.invoke node_modules/zone.js/dist/zone.js:388:1)
	    at ProxyZoneSpec.push../node_modules/zone.js/dist/proxy.js.ProxyZoneSpec.onInvoke node_modules/zone.js/dist/proxy.js:128:1)
	    at ZoneDelegate../node_modules/zone.js/dist/zone.js.ZoneDelegate.invoke node_modules/zone.js/dist/zone.js:387:1)
Chrome 67.0.3396 (Mac OS X 10.13.3): Executed 5 of 12 (3 FAILED) (0 secs / 0.295 secs)
Chrome 67.0.3396 (Mac OS X 10.13.3) TimerComponent should be created FAILED
	Error: StaticInjectorError(DynamicTestModule)[TimerComponent -> RecentActivitiesService]: 
	  StaticInjectorError(Platform: core)[TimerComponent -> RecentActivitiesService]: 
	    NullInjectorError: No provider for RecentActivitiesService!
	    at _NullInjector.push../node_modules/@angular/core/esm5/core.js._NullInjector.get node_modules/@angular/core/esm5/core.js:1003:1)
	    at resolveToken node_modules/@angular/core/esm5/core.js:1301:1)
	    at tryResolveToken node_modules/@angular/core/esm5/core.js:1243:1)
	    at StaticInjector.push../node_modules/@angular/core/esm5/core.js.StaticInjector.get node_modules/@angular/core/esm5/core.js:1111:1)
	    at resolveToken node_modules/@angular/core/esm5/core.js:1301:1)
	    at tryResolveToken node_modules/@angular/core/esm5/core.js:1243:1)
	    at StaticInjector.push../node_modules/@angular/core/esm5/core.js.StaticInjector.get node_modules/@angular/core/esm5/core.js:1111:1)
	    at resolveNgModuleDep node_modules/@angular/core/esm5/core.js:10896:1)
	    at NgModuleRef_.push../node_modules/@angular/core/esm5/core.js.NgModuleRef_.get node_modules/@angular/core/esm5/core.js:12129:1)
	    at resolveDep node_modules/@angular/core/esm5/core.js:12619:1)
	Expected undefined to be truthy.
	    at Object.<anonymous> src/app/components/timer/timer.component.spec.ts:23:23)
	    at ZoneDelegate../node_modules/zone.js/dist/zone.js.ZoneDelegate.invoke node_modules/zone.js/dist/zone.js:388:1)
	    at ProxyZoneSpec.push../node_modules/zone.js/dist/proxy.js.ProxyZoneSpec.onInvoke node_modules/zone.js/dist/proxy.js:128:1)
	    at ZoneDelegate../node_modules/zone.js/dist/zone.js.ZoneDelegate.invoke node_modules/zone.js/dist/zone.js:387:1)
Chrome 67.0.3396 (Mac OS X 10.13.3) TopnavComponent should be created FAILED
	Can't bind to 'collapse' since it isn't a known property of 'div'. ("ef="#">Activity Tracker</a>
			</div>
			<div id="navbar-collapse-1" class="collapse navbar-collapse" [ERROR ->][collapse]="isCollapsed">
				<ul class="nav navbar-nav">
					<li class="active">
	"): ng:///DynamicTestModule/TopnavComponent.html@14:63
	Error: Template parse errors:
	    at syntaxError node_modules/@angular/compiler/esm5/compiler.js:486:22)
	    at TemplateParser.push../node_modules/@angular/compiler/esm5/compiler.js.TemplateParser.parse node_modules/@angular/compiler/esm5/compiler.js:24674:1)
	    at JitCompiler.push../node_modules/@angular/compiler/esm5/compiler.js.JitCompiler._parseTemplate node_modules/@angular/compiler/esm5/compiler.js:34629:1)
	    at JitCompiler.push../node_modules/@angular/compiler/esm5/compiler.js.JitCompiler._compileTemplate node_modules/@angular/compiler/esm5/compiler.js:34604:1)
	    at http://localhost:18763/_karma_webpack_/webpack:/node_modules/@angular/compiler/esm5/compiler.js:34505:48
	    at Set.forEach (<anonymous>)
	    at JitCompiler.push../node_modules/@angular/compiler/esm5/compiler.js.JitCompiler._compileComponents node_modules/@angular/compiler/esm5/compiler.js:34505:1)
	    at http://localhost:18763/_karma_webpack_/webpack:/node_modules/@angular/compiler/esm5/compiler.js:34393:1
	    at Object.then node_modules/@angular/compiler/esm5/compiler.js:475:33)
	    at JitCompiler.push../node_modules/@angular/compiler/esm5/compiler.js.JitCompiler._compileModuleAndAllComponents node_modules/@angular/compiler/esm5/compiler.js:34391:1)
	Error: Template parse errors:
	Can't bind to 'collapse' since it isn't a known property of 'div'. ("ef="#">Activity Tracker</a>
			</div>
			<div id="navbar-collapse-1" class="collapse navbar-collapse" [ERROR ->][collapse]="isCollapsed">
				<ul class="nav navbar-nav">
					<li class="active">
	"): ng:///DynamicTestModule/TopnavComponent.html@14:63
	    at syntaxError node_modules/@angular/compiler/esm5/compiler.js:486:22)
	    at TemplateParser.push../node_modules/@angular/compiler/esm5/compiler.js.TemplateParser.parse node_modules/@angular/compiler/esm5/compiler.js:24674:1)
	    at JitCompiler.push../node_modules/@angular/compiler/esm5/compiler.js.JitCompiler._parseTemplate node_modules/@angular/compiler/esm5/compiler.js:34629:1)
	    at JitCompiler.push../node_modules/@angular/compiler/esm5/compiler.js.JitCompiler._compileTemplate node_modules/@angular/compiler/esm5/compiler.js:34604:1)
	    at http://localhost:18763/_karma_webpack_/webpack:/node_modules/@angular/compiler/esm5/compiler.js:34505:48
	    at Set.forEach (<anonymous>)
	    at JitCompiler.push../node_modules/@angular/compiler/esm5/compiler.js.JitCompiler._compileComponents node_modules/@angular/compiler/esm5/compiler.js:34505:1)
	    at http://localhost:18763/_karma_webpack_/webpack:/node_modules/@angular/compiler/esm5/compiler.js:34393:1
	    at Object.then node_modules/@angular/compiler/esm5/compiler.js:475:33)
	    at JitCompiler.push../node_modules/@angular/compiler/esm5/compiler.js.JitCompiler._compileModuleAndAllComponents node_modules/@angular/compiler/esm5/compiler.js:34391:1)
	Expected undefined to be truthy.
	    at Object.<anonymous> src/app/components/topnav/topnav.component.spec.ts:23:23)
	    at ZoneDelegate../node_modules/zone.js/dist/zone.js.ZoneDelegate.invoke node_modules/zone.js/dist/zone.js:388:1)
	    at ProxyZoneSpec.push../node_modules/zone.js/dist/proxy.js.ProxyZoneSpec.onInvoke node_modules/zone.js/dist/proxy.js:128:1)
	    at ZoneDelegate../node_modules/zone.js/dist/zone.js.ZoneDelegate.invoke node_modules/zone.js/dist/zone.js:387:1)
[1A[2KChrome 67.0.3396 (Mac OS X 10.13.3) TopnavComponent should be created FAILED
	Can't bind to 'collapse' since it isn't a known property of 'div'. ("ef="#">Activity Tracker</a>
			</div>
			<div id="navbar-collapse-1" class="collapse navbar-collapse" [ERROR ->][collapse]="isCollapsed">
				<ul class="nav navbar-nav">
					<li class="active">
	"): ng:///DynamicTestModule/TopnavComponent.html@14:63
	Error: Template parse errors:
	    at syntaxError node_modules/@angular/compiler/esm5/compiler.js:486:22)
	    at TemplateParser.push../node_modules/@angular/compiler/esm5/compiler.js.TemplateParser.parse node_modules/@angular/compiler/esm5/compiler.js:24674:1)
	    at JitCompiler.push../node_modules/@angular/compiler/esm5/compiler.js.JitCompiler._parseTemplate node_modules/@angular/compiler/esm5/compiler.js:34629:1)
	    at JitCompiler.push../node_modules/@angular/compiler/esm5/compiler.js.JitCompiler._compileTemplate node_modules/@angular/compiler/esm5/compiler.js:34604:1)
	    at http://localhost:18763/_karma_webpack_/webpack:/node_modules/@angular/compiler/esm5/compiler.js:34505:48
	    at Set.forEach (<anonymous>)
	    at JitCompiler.push../node_modules/@angular/compiler/esm5/compiler.js.JitCompiler._compileComponents node_modules/@angular/compiler/esm5/compiler.js:34505:1)
	    at http://localhost:18763/_karma_webpack_/webpack:/node_modules/@angular/compiler/esm5/compiler.js:34393:1
	    at Object.then node_modules/@angular/compiler/esm5/compiler.js:475:33)
	    at JitCompiler.push../node_modules/@angular/compiler/esm5/compiler.js.JitCompiler._compileModuleAndAllComponents node_modules/@angular/compiler/esm5/compiler.js:34391:1)
	Error: Template parse errors:
	Can't bind to 'collapse' since it isn't a known property of 'div'. ("ef="#">Activity Tracker</a>
			</div>
			<div id="navbar-collapse-1" class="collapse navbar-collapse" [ERROR ->][collapse]="isCollapsed">
				<ul class="nav navbar-nav">
					<li class="active">
	"): ng:///DynamicTestModule/TopnavComponent.html@14:63
	    at syntaxError node_modules/@angular/compiler/esm5/compiler.js:486:22)
	    at TemplateParser.push../node_modules/@angular/compiler/esm5/compiler.js.TemplateParser.parse node_modules/@angular/compiler/esm5/compiler.js:24674:1)
	    at JitCompiler.push../node_modules/@angular/compiler/esm5/compiler.js.JitCompiler._parseTemplate node_modules/@angular/compiler/esm5/compiler.js:34629:1)
	    at JitCompiler.push../node_modules/@angular/compiler/esm5/compiler.js.JitCompiler._compileTemplate node_modules/@angular/compiler/esm5/compiler.js:34604:1)
	    at http://localhost:18763/_karma_webpack_/webpack:/node_modules/@angular/compiler/esm5/compiler.js:34505:48
	    at Set.forEach (<anonymous>)
	    at JitCompiler.push../node_modules/@angular/compiler/esm5/compiler.js.JitCompiler._compileComponents node_modules/@angular/compiler/esm5/compiler.js:34505:1)
	    at http://localhost:18763/_karma_webpack_/webpack:/node_modules/@angular/compiler/esm5/compiler.js:34393:1
	    at Object.then node_modules/@angular/compiler/esm5/compiler.js:475:33)
	    at JitCompiler.push../node_modules/@angular/compiler/esm5/compiler.js.JitCompiler._compileModuleAndAllComponents node_modules/@angular/compiler/esm5/compiler.js:34391:1)
	Expected undefined to be truthy.
	    at Object.<anonymous> src/app/components/topnav/topnav.component.spec.ts:23:23)
	    at ZoneDelegate../node_modules/zone.js/dist/zone.js.ZoneDelegate.invoke node_modules/zone.js/dist/zone.js:388:1)
	    at ProxyZoneSpec.push../node_modules/zone.js/dist/proxy.js.ProxyZoneSpec.onInvoke node_modules/zone.js/dist/proxy.js:128:1)
	    at ZoneDelegate../node_modules/zone.js/dist/zone.js.ZoneDelegate.invoke node_modules/zone.js/dist/zone.js:387:1)
Chrome 67.0.3396 (Mac OS X 10.13.3): Executed 6 of 12 (4 FAILED) (0 secs / 0.312 secs)
Chrome 67.0.3396 (Mac OS X 10.13.3) TopnavComponent should be created FAILED
	Can't bind to 'collapse' since it isn't a known property of 'div'. ("ef="#">Activity Tracker</a>
			</div>
			<div id="navbar-collapse-1" class="collapse navbar-collapse" [ERROR ->][collapse]="isCollapsed">
				<ul class="nav navbar-nav">
					<li class="active">
	"): ng:///DynamicTestModule/TopnavComponent.html@14:63
	Error: Template parse errors:
	    at syntaxError node_modules/@angular/compiler/esm5/compiler.js:486:22)
	    at TemplateParser.push../node_modules/@angular/compiler/esm5/compiler.js.TemplateParser.parse node_modules/@angular/compiler/esm5/compiler.js:24674:1)
	    at JitCompiler.push../node_modules/@angular/compiler/esm5/compiler.js.JitCompiler._parseTemplate node_modules/@angular/compiler/esm5/compiler.js:34629:1)
	    at JitCompiler.push../node_modules/@angular/compiler/esm5/compiler.js.JitCompiler._compileTemplate node_modules/@angular/compiler/esm5/compiler.js:34604:1)
	    at http://localhost:18763/_karma_webpack_/webpack:/node_modules/@angular/compiler/esm5/compiler.js:34505:48
	    at Set.forEach (<anonymous>)
	    at JitCompiler.push../node_modules/@angular/compiler/esm5/compiler.js.JitCompiler._compileComponents node_modules/@angular/compiler/esm5/compiler.js:34505:1)
	    at http://localhost:18763/_karma_webpack_/webpack:/node_modules/@angular/compiler/esm5/compiler.js:34393:1
	    at Object.then node_modules/@angular/compiler/esm5/compiler.js:475:33)
	    at JitCompiler.push../node_modules/@angular/compiler/esm5/compiler.js.JitCompiler._compileModuleAndAllComponents node_modules/@angular/compiler/esm5/compiler.js:34391:1)
	Error: Template parse errors:
	Can't bind to 'collapse' since it isn't a known property of 'div'. ("ef="#">Activity Tracker</a>
			</div>
			<div id="navbar-collapse-1" class="collapse navbar-collapse" [ERROR ->][collapse]="isCollapsed">
				<ul class="nav navbar-nav">
					<li class="active">
	"): ng:///DynamicTestModule/TopnavComponent.html@14:63
	    at syntaxError node_modules/@angular/compiler/esm5/compiler.js:486:22)
	    at TemplateParser.push../node_modules/@angular/compiler/esm5/compiler.js.TemplateParser.parse node_modules/@angular/compiler/esm5/compiler.js:24674:1)
	    at JitCompiler.push../node_modules/@angular/compiler/esm5/compiler.js.JitCompiler._parseTemplate node_modules/@angular/compiler/esm5/compiler.js:34629:1)
	    at JitCompiler.push../node_modules/@angular/compiler/esm5/compiler.js.JitCompiler._compileTemplate node_modules/@angular/compiler/esm5/compiler.js:34604:1)
	    at http://localhost:18763/_karma_webpack_/webpack:/node_modules/@angular/compiler/esm5/compiler.js:34505:48
	    at Set.forEach (<anonymous>)
	    at JitCompiler.push../node_modules/@angular/compiler/esm5/compiler.js.JitCompiler._compileComponents node_modules/@angular/compiler/esm5/compiler.js:34505:1)
	    at http://localhost:18763/_karma_webpack_/webpack:/node_modules/@angular/compiler/esm5/compiler.js:34393:1
	    at Object.then node_modules/@angular/compiler/esm5/compiler.js:475:33)
	    at JitCompiler.push../node_modules/@angular/compiler/esm5/compiler.js.JitCompiler._compileModuleAndAllComponents node_modules/@angular/compiler/esm5/compiler.js:34391:1)
	Expected undefined to be truthy.
	    at Object.<anonymous> src/app/components/topnav/topnav.component.spec.ts:23:23)
	    at ZoneDelegate../node_modules/zone.js/dist/zone.js.ZoneDelegate.invoke node_modules/zone.js/dist/zone.js:388:1)
	    at ProxyZoneSpec.push../node_modules/zone.js/dist/proxy.js.ProxyZoneSpec.onInvoke node_modules/zone.js/dist/proxy.js:128:1)
	    at ZoneDelegate../node_modules/zone.js/dist/zone.js.ZoneDelegate.invoke node_modules/zone.js/dist/zone.js:387:1)
Chrome 67.0.3396 (Mac OS X 10.13.3) TrackerComponent should be created FAILED
	'activity-selector' is not a known element:
	1. If 'activity-selector' is an Angular component, then verify that it is part of this module.
	2. If 'activity-selector' is a Web Component then add 'CUSTOM_ELEMENTS_SCHEMA' to the '@NgModule.schemas' of this component to suppress this message. ("
	  <div class="row">
	    <div class="col-md-12">
	      [ERROR ->]<activity-selector>
	      </activity-selector>
	    </div>
	"): ng:///DynamicTestModule/TrackerComponent.html@3:6
	'timer' is not a known element:
	1. If 'timer' is an Angular component, then verify that it is part of this module.
	2. To allow any element add 'NO_ERRORS_SCHEMA' to the '@NgModule.schemas' of this component. ("
	  <div class="row">
	    <div class="col-md-12">
	      [ERROR ->]<timer class="text-center" (onTimerStopped)="onTimerStopped($event)"></timer>
	    </div>
	  </div>
	"): ng:///DynamicTestModule/TrackerComponent.html@9:6
	'recent-activities' is not a known element:
	1. If 'recent-activities' is an Angular component, then verify that it is part of this module.
	2. If 'recent-activities' is a Web Component then add 'CUSTOM_ELEMENTS_SCHEMA' to the '@NgModule.schemas' of this component to suppress this message. ("
	</main>
	<aside class="col-md-3">
	  [ERROR ->]<recent-activities></recent-activities>
	</aside>
	"): ng:///DynamicTestModule/TrackerComponent.html@14:2
	Error: Template parse errors:
	    at syntaxError node_modules/@angular/compiler/esm5/compiler.js:486:22)
	    at TemplateParser.push../node_modules/@angular/compiler/esm5/compiler.js.TemplateParser.parse node_modules/@angular/compiler/esm5/compiler.js:24674:1)
	    at JitCompiler.push../node_modules/@angular/compiler/esm5/compiler.js.JitCompiler._parseTemplate node_modules/@angular/compiler/esm5/compiler.js:34629:1)
	    at JitCompiler.push../node_modules/@angular/compiler/esm5/compiler.js.JitCompiler._compileTemplate node_modules/@angular/compiler/esm5/compiler.js:34604:1)
	    at http://localhost:18763/_karma_webpack_/webpack:/node_modules/@angular/compiler/esm5/compiler.js:34505:48
	    at Set.forEach (<anonymous>)
	    at JitCompiler.push../node_modules/@angular/compiler/esm5/compiler.js.JitCompiler._compileComponents node_modules/@angular/compiler/esm5/compiler.js:34505:1)
	    at http://localhost:18763/_karma_webpack_/webpack:/node_modules/@angular/compiler/esm5/compiler.js:34393:1
	    at Object.then node_modules/@angular/compiler/esm5/compiler.js:475:33)
	    at JitCompiler.push../node_modules/@angular/compiler/esm5/compiler.js.JitCompiler._compileModuleAndAllComponents node_modules/@angular/compiler/esm5/compiler.js:34391:1)
	Error: Template parse errors:
	'activity-selector' is not a known element:
	1. If 'activity-selector' is an Angular component, then verify that it is part of this module.
	2. If 'activity-selector' is a Web Component then add 'CUSTOM_ELEMENTS_SCHEMA' to the '@NgModule.schemas' of this component to suppress this message. ("
	  <div class="row">
	    <div class="col-md-12">
	      [ERROR ->]<activity-selector>
	      </activity-selector>
	    </div>
	"): ng:///DynamicTestModule/TrackerComponent.html@3:6
	'timer' is not a known element:
	1. If 'timer' is an Angular component, then verify that it is part of this module.
	2. To allow any element add 'NO_ERRORS_SCHEMA' to the '@NgModule.schemas' of this component. ("
	  <div class="row">
	    <div class="col-md-12">
	      [ERROR ->]<timer class="text-center" (onTimerStopped)="onTimerStopped($event)"></timer>
	    </div>
	  </div>
	"): ng:///DynamicTestModule/TrackerComponent.html@9:6
	'recent-activities' is not a known element:
	1. If 'recent-activities' is an Angular component, then verify that it is part of this module.
	2. If 'recent-activities' is a Web Component then add 'CUSTOM_ELEMENTS_SCHEMA' to the '@NgModule.schemas' of this component to suppress this message. ("
	</main>
	<aside class="col-md-3">
	  [ERROR ->]<recent-activities></recent-activities>
	</aside>
	"): ng:///DynamicTestModule/TrackerComponent.html@14:2
	    at syntaxError node_modules/@angular/compiler/esm5/compiler.js:486:22)
	    at TemplateParser.push../node_modules/@angular/compiler/esm5/compiler.js.TemplateParser.parse node_modules/@angular/compiler/esm5/compiler.js:24674:1)
	    at JitCompiler.push../node_modules/@angular/compiler/esm5/compiler.js.JitCompiler._parseTemplate node_modules/@angular/compiler/esm5/compiler.js:34629:1)
	    at JitCompiler.push../node_modules/@angular/compiler/esm5/compiler.js.JitCompiler._compileTemplate node_modules/@angular/compiler/esm5/compiler.js:34604:1)
	    at http://localhost:18763/_karma_webpack_/webpack:/node_modules/@angular/compiler/esm5/compiler.js:34505:48
	    at Set.forEach (<anonymous>)
	    at JitCompiler.push../node_modules/@angular/compiler/esm5/compiler.js.JitCompiler._compileComponents node_modules/@angular/compiler/esm5/compiler.js:34505:1)
	    at http://localhost:18763/_karma_webpack_/webpack:/node_modules/@angular/compiler/esm5/compiler.js:34393:1
	    at Object.then node_modules/@angular/compiler/esm5/compiler.js:475:33)
	    at JitCompiler.push../node_modules/@angular/compiler/esm5/compiler.js.JitCompiler._compileModuleAndAllComponents node_modules/@angular/compiler/esm5/compiler.js:34391:1)
	Expected undefined to be truthy.
	    at Object.<anonymous> src/app/components/tracker/tracker.component.spec.ts:23:23)
	    at ZoneDelegate../node_modules/zone.js/dist/zone.js.ZoneDelegate.invoke node_modules/zone.js/dist/zone.js:388:1)
	    at ProxyZoneSpec.push../node_modules/zone.js/dist/proxy.js.ProxyZoneSpec.onInvoke node_modules/zone.js/dist/proxy.js:128:1)
	    at ZoneDelegate../node_modules/zone.js/dist/zone.js.ZoneDelegate.invoke node_modules/zone.js/dist/zone.js:387:1)
[1A[2KChrome 67.0.3396 (Mac OS X 10.13.3) TrackerComponent should be created FAILED
	'activity-selector' is not a known element:
	1. If 'activity-selector' is an Angular component, then verify that it is part of this module.
	2. If 'activity-selector' is a Web Component then add 'CUSTOM_ELEMENTS_SCHEMA' to the '@NgModule.schemas' of this component to suppress this message. ("
	  <div class="row">
	    <div class="col-md-12">
	      [ERROR ->]<activity-selector>
	      </activity-selector>
	    </div>
	"): ng:///DynamicTestModule/TrackerComponent.html@3:6
	'timer' is not a known element:
	1. If 'timer' is an Angular component, then verify that it is part of this module.
	2. To allow any element add 'NO_ERRORS_SCHEMA' to the '@NgModule.schemas' of this component. ("
	  <div class="row">
	    <div class="col-md-12">
	      [ERROR ->]<timer class="text-center" (onTimerStopped)="onTimerStopped($event)"></timer>
	    </div>
	  </div>
	"): ng:///DynamicTestModule/TrackerComponent.html@9:6
	'recent-activities' is not a known element:
	1. If 'recent-activities' is an Angular component, then verify that it is part of this module.
	2. If 'recent-activities' is a Web Component then add 'CUSTOM_ELEMENTS_SCHEMA' to the '@NgModule.schemas' of this component to suppress this message. ("
	</main>
	<aside class="col-md-3">
	  [ERROR ->]<recent-activities></recent-activities>
	</aside>
	"): ng:///DynamicTestModule/TrackerComponent.html@14:2
	Error: Template parse errors:
	    at syntaxError node_modules/@angular/compiler/esm5/compiler.js:486:22)
	    at TemplateParser.push../node_modules/@angular/compiler/esm5/compiler.js.TemplateParser.parse node_modules/@angular/compiler/esm5/compiler.js:24674:1)
	    at JitCompiler.push../node_modules/@angular/compiler/esm5/compiler.js.JitCompiler._parseTemplate node_modules/@angular/compiler/esm5/compiler.js:34629:1)
	    at JitCompiler.push../node_modules/@angular/compiler/esm5/compiler.js.JitCompiler._compileTemplate node_modules/@angular/compiler/esm5/compiler.js:34604:1)
	    at http://localhost:18763/_karma_webpack_/webpack:/node_modules/@angular/compiler/esm5/compiler.js:34505:48
	    at Set.forEach (<anonymous>)
	    at JitCompiler.push../node_modules/@angular/compiler/esm5/compiler.js.JitCompiler._compileComponents node_modules/@angular/compiler/esm5/compiler.js:34505:1)
	    at http://localhost:18763/_karma_webpack_/webpack:/node_modules/@angular/compiler/esm5/compiler.js:34393:1
	    at Object.then node_modules/@angular/compiler/esm5/compiler.js:475:33)
	    at JitCompiler.push../node_modules/@angular/compiler/esm5/compiler.js.JitCompiler._compileModuleAndAllComponents node_modules/@angular/compiler/esm5/compiler.js:34391:1)
	Error: Template parse errors:
	'activity-selector' is not a known element:
	1. If 'activity-selector' is an Angular component, then verify that it is part of this module.
	2. If 'activity-selector' is a Web Component then add 'CUSTOM_ELEMENTS_SCHEMA' to the '@NgModule.schemas' of this component to suppress this message. ("
	  <div class="row">
	    <div class="col-md-12">
	      [ERROR ->]<activity-selector>
	      </activity-selector>
	    </div>
	"): ng:///DynamicTestModule/TrackerComponent.html@3:6
	'timer' is not a known element:
	1. If 'timer' is an Angular component, then verify that it is part of this module.
	2. To allow any element add 'NO_ERRORS_SCHEMA' to the '@NgModule.schemas' of this component. ("
	  <div class="row">
	    <div class="col-md-12">
	      [ERROR ->]<timer class="text-center" (onTimerStopped)="onTimerStopped($event)"></timer>
	    </div>
	  </div>
	"): ng:///DynamicTestModule/TrackerComponent.html@9:6
	'recent-activities' is not a known element:
	1. If 'recent-activities' is an Angular component, then verify that it is part of this module.
	2. If 'recent-activities' is a Web Component then add 'CUSTOM_ELEMENTS_SCHEMA' to the '@NgModule.schemas' of this component to suppress this message. ("
	</main>
	<aside class="col-md-3">
	  [ERROR ->]<recent-activities></recent-activities>
	</aside>
	"): ng:///DynamicTestModule/TrackerComponent.html@14:2
	    at syntaxError node_modules/@angular/compiler/esm5/compiler.js:486:22)
	    at TemplateParser.push../node_modules/@angular/compiler/esm5/compiler.js.TemplateParser.parse node_modules/@angular/compiler/esm5/compiler.js:24674:1)
	    at JitCompiler.push../node_modules/@angular/compiler/esm5/compiler.js.JitCompiler._parseTemplate node_modules/@angular/compiler/esm5/compiler.js:34629:1)
	    at JitCompiler.push../node_modules/@angular/compiler/esm5/compiler.js.JitCompiler._compileTemplate node_modules/@angular/compiler/esm5/compiler.js:34604:1)
	    at http://localhost:18763/_karma_webpack_/webpack:/node_modules/@angular/compiler/esm5/compiler.js:34505:48
	    at Set.forEach (<anonymous>)
	    at JitCompiler.push../node_modules/@angular/compiler/esm5/compiler.js.JitCompiler._compileComponents node_modules/@angular/compiler/esm5/compiler.js:34505:1)
	    at http://localhost:18763/_karma_webpack_/webpack:/node_modules/@angular/compiler/esm5/compiler.js:34393:1
	    at Object.then node_modules/@angular/compiler/esm5/compiler.js:475:33)
	    at JitCompiler.push../node_modules/@angular/compiler/esm5/compiler.js.JitCompiler._compileModuleAndAllComponents node_modules/@angular/compiler/esm5/compiler.js:34391:1)
	Expected undefined to be truthy.
	    at Object.<anonymous> src/app/components/tracker/tracker.component.spec.ts:23:23)
	    at ZoneDelegate../node_modules/zone.js/dist/zone.js.ZoneDelegate.invoke node_modules/zone.js/dist/zone.js:388:1)
	    at ProxyZoneSpec.push../node_modules/zone.js/dist/proxy.js.ProxyZoneSpec.onInvoke node_modules/zone.js/dist/proxy.js:128:1)
	    at ZoneDelegate../node_modules/zone.js/dist/zone.js.ZoneDelegate.invoke node_modules/zone.js/dist/zone.js:387:1)
Chrome 67.0.3396 (Mac OS X 10.13.3): Executed 7 of 12 (5 FAILED) (0 secs / 0.324 secs)
Chrome 67.0.3396 (Mac OS X 10.13.3) TrackerComponent should be created FAILED
	'activity-selector' is not a known element:
	1. If 'activity-selector' is an Angular component, then verify that it is part of this module.
	2. If 'activity-selector' is a Web Component then add 'CUSTOM_ELEMENTS_SCHEMA' to the '@NgModule.schemas' of this component to suppress this message. ("
	  <div class="row">
	    <div class="col-md-12">
	      [ERROR ->]<activity-selector>
	      </activity-selector>
	    </div>
	"): ng:///DynamicTestModule/TrackerComponent.html@3:6
	'timer' is not a known element:
	1. If 'timer' is an Angular component, then verify that it is part of this module.
	2. To allow any element add 'NO_ERRORS_SCHEMA' to the '@NgModule.schemas' of this component. ("
	  <div class="row">
	    <div class="col-md-12">
	      [ERROR ->]<timer class="text-center" (onTimerStopped)="onTimerStopped($event)"></timer>
	    </div>
	  </div>
	"): ng:///DynamicTestModule/TrackerComponent.html@9:6
	'recent-activities' is not a known element:
	1. If 'recent-activities' is an Angular component, then verify that it is part of this module.
	2. If 'recent-activities' is a Web Component then add 'CUSTOM_ELEMENTS_SCHEMA' to the '@NgModule.schemas' of this component to suppress this message. ("
	</main>
	<aside class="col-md-3">
	  [ERROR ->]<recent-activities></recent-activities>
	</aside>
	"): ng:///DynamicTestModule/TrackerComponent.html@14:2
	Error: Template parse errors:
	    at syntaxError node_modules/@angular/compiler/esm5/compiler.js:486:22)
	    at TemplateParser.push../node_modules/@angular/compiler/esm5/compiler.js.TemplateParser.parse node_modules/@angular/compiler/esm5/compiler.js:24674:1)
	    at JitCompiler.push../node_modules/@angular/compiler/esm5/compiler.js.JitCompiler._parseTemplate node_modules/@angular/compiler/esm5/compiler.js:34629:1)
	    at JitCompiler.push../node_modules/@angular/compiler/esm5/compiler.js.JitCompiler._compileTemplate node_modules/@angular/compiler/esm5/compiler.js:34604:1)
	    at http://localhost:18763/_karma_webpack_/webpack:/node_modules/@angular/compiler/esm5/compiler.js:34505:48
	    at Set.forEach (<anonymous>)
	    at JitCompiler.push../node_modules/@angular/compiler/esm5/compiler.js.JitCompiler._compileComponents node_modules/@angular/compiler/esm5/compiler.js:34505:1)
	    at http://localhost:18763/_karma_webpack_/webpack:/node_modules/@angular/compiler/esm5/compiler.js:34393:1
	    at Object.then node_modules/@angular/compiler/esm5/compiler.js:475:33)
	    at JitCompiler.push../node_modules/@angular/compiler/esm5/compiler.js.JitCompiler._compileModuleAndAllComponents node_modules/@angular/compiler/esm5/compiler.js:34391:1)
	Error: Template parse errors:
	'activity-selector' is not a known element:
	1. If 'activity-selector' is an Angular component, then verify that it is part of this module.
	2. If 'activity-selector' is a Web Component then add 'CUSTOM_ELEMENTS_SCHEMA' to the '@NgModule.schemas' of this component to suppress this message. ("
	  <div class="row">
	    <div class="col-md-12">
	      [ERROR ->]<activity-selector>
	      </activity-selector>
	    </div>
	"): ng:///DynamicTestModule/TrackerComponent.html@3:6
	'timer' is not a known element:
	1. If 'timer' is an Angular component, then verify that it is part of this module.
	2. To allow any element add 'NO_ERRORS_SCHEMA' to the '@NgModule.schemas' of this component. ("
	  <div class="row">
	    <div class="col-md-12">
	      [ERROR ->]<timer class="text-center" (onTimerStopped)="onTimerStopped($event)"></timer>
	    </div>
	  </div>
	"): ng:///DynamicTestModule/TrackerComponent.html@9:6
	'recent-activities' is not a known element:
	1. If 'recent-activities' is an Angular component, then verify that it is part of this module.
	2. If 'recent-activities' is a Web Component then add 'CUSTOM_ELEMENTS_SCHEMA' to the '@NgModule.schemas' of this component to suppress this message. ("
	</main>
	<aside class="col-md-3">
	  [ERROR ->]<recent-activities></recent-activities>
	</aside>
	"): ng:///DynamicTestModule/TrackerComponent.html@14:2
	    at syntaxError node_modules/@angular/compiler/esm5/compiler.js:486:22)
	    at TemplateParser.push../node_modules/@angular/compiler/esm5/compiler.js.TemplateParser.parse node_modules/@angular/compiler/esm5/compiler.js:24674:1)
	    at JitCompiler.push../node_modules/@angular/compiler/esm5/compiler.js.JitCompiler._parseTemplate node_modules/@angular/compiler/esm5/compiler.js:34629:1)
	    at JitCompiler.push../node_modules/@angular/compiler/esm5/compiler.js.JitCompiler._compileTemplate node_modules/@angular/compiler/esm5/compiler.js:34604:1)
	    at http://localhost:18763/_karma_webpack_/webpack:/node_modules/@angular/compiler/esm5/compiler.js:34505:48
	    at Set.forEach (<anonymous>)
	    at JitCompiler.push../node_modules/@angular/compiler/esm5/compiler.js.JitCompiler._compileComponents node_modules/@angular/compiler/esm5/compiler.js:34505:1)
	    at http://localhost:18763/_karma_webpack_/webpack:/node_modules/@angular/compiler/esm5/compiler.js:34393:1
	    at Object.then node_modules/@angular/compiler/esm5/compiler.js:475:33)
	    at JitCompiler.push../node_modules/@angular/compiler/esm5/compiler.js.JitCompiler._compileModuleAndAllComponents node_modules/@angular/compiler/esm5/compiler.js:34391:1)
	Expected undefined to be truthy.
	    at Object.<anonymous> src/app/components/tracker/tracker.component.spec.ts:23:23)
	    at ZoneDelegate../node_modules/zone.js/dist/zone.js.ZoneDelegate.invoke node_modules/zone.js/dist/zone.js:388:1)
	    at ProxyZoneSpec.push../node_modules/zone.js/dist/proxy.js.ProxyZoneSpec.onInvoke node_modules/zone.js/dist/proxy.js:128:1)
	    at ZoneDelegate../node_modules/zone.js/dist/zone.js.ZoneDelegate.invoke node_modules/zone.js/dist/zone.js:387:1)
Chrome 67.0.3396 (Mac OS X 10.13.3) UserLoginComponent should create FAILED
	Can't bind to 'ngModel' since it isn't a known property of 'input'. (">
	  <div class="form-group">
	    <input name="username" class="form-control" placeholder="Username" [ERROR ->][(ngModel)]="data.username">
	  </div>
	  <div class="form-group">
	"): ng:///DynamicTestModule/UserLoginComponent.html@2:71
	Can't bind to 'ngModel' since it isn't a known property of 'input'. ("form-group">
	    <input name="password" type="password" placeholder="Password" class="form-control" [ERROR ->][(ngModel)]="data.password">
	  </div>
	  <button class="btn btn-primary center-block" [mat-dialog-clos"): ng:///DynamicTestModule/UserLoginComponent.html@5:87
	Can't bind to 'mat-dialog-close' since it isn't a known property of 'button'. (""form-control" [(ngModel)]="data.password">
	  </div>
	  <button class="btn btn-primary center-block" [ERROR ->][mat-dialog-close]="data">Login</button>
	</form>"): ng:///DynamicTestModule/UserLoginComponent.html@7:47
	Error: Template parse errors:
	    at syntaxError node_modules/@angular/compiler/esm5/compiler.js:486:22)
	    at TemplateParser.push../node_modules/@angular/compiler/esm5/compiler.js.TemplateParser.parse node_modules/@angular/compiler/esm5/compiler.js:24674:1)
	    at JitCompiler.push../node_modules/@angular/compiler/esm5/compiler.js.JitCompiler._parseTemplate node_modules/@angular/compiler/esm5/compiler.js:34629:1)
	    at JitCompiler.push../node_modules/@angular/compiler/esm5/compiler.js.JitCompiler._compileTemplate node_modules/@angular/compiler/esm5/compiler.js:34604:1)
	    at http://localhost:18763/_karma_webpack_/webpack:/node_modules/@angular/compiler/esm5/compiler.js:34505:48
	    at Set.forEach (<anonymous>)
	    at JitCompiler.push../node_modules/@angular/compiler/esm5/compiler.js.JitCompiler._compileComponents node_modules/@angular/compiler/esm5/compiler.js:34505:1)
	    at http://localhost:18763/_karma_webpack_/webpack:/node_modules/@angular/compiler/esm5/compiler.js:34393:1
	    at Object.then node_modules/@angular/compiler/esm5/compiler.js:475:33)
	    at JitCompiler.push../node_modules/@angular/compiler/esm5/compiler.js.JitCompiler._compileModuleAndAllComponents node_modules/@angular/compiler/esm5/compiler.js:34391:1)
	Error: Template parse errors:
	Can't bind to 'ngModel' since it isn't a known property of 'input'. (">
	  <div class="form-group">
	    <input name="username" class="form-control" placeholder="Username" [ERROR ->][(ngModel)]="data.username">
	  </div>
	  <div class="form-group">
	"): ng:///DynamicTestModule/UserLoginComponent.html@2:71
	Can't bind to 'ngModel' since it isn't a known property of 'input'. ("form-group">
	    <input name="password" type="password" placeholder="Password" class="form-control" [ERROR ->][(ngModel)]="data.password">
	  </div>
	  <button class="btn btn-primary center-block" [mat-dialog-clos"): ng:///DynamicTestModule/UserLoginComponent.html@5:87
	Can't bind to 'mat-dialog-close' since it isn't a known property of 'button'. (""form-control" [(ngModel)]="data.password">
	  </div>
	  <button class="btn btn-primary center-block" [ERROR ->][mat-dialog-close]="data">Login</button>
	</form>"): ng:///DynamicTestModule/UserLoginComponent.html@7:47
	    at syntaxError node_modules/@angular/compiler/esm5/compiler.js:486:22)
	    at TemplateParser.push../node_modules/@angular/compiler/esm5/compiler.js.TemplateParser.parse node_modules/@angular/compiler/esm5/compiler.js:24674:1)
	    at JitCompiler.push../node_modules/@angular/compiler/esm5/compiler.js.JitCompiler._parseTemplate node_modules/@angular/compiler/esm5/compiler.js:34629:1)
	    at JitCompiler.push../node_modules/@angular/compiler/esm5/compiler.js.JitCompiler._compileTemplate node_modules/@angular/compiler/esm5/compiler.js:34604:1)
	    at http://localhost:18763/_karma_webpack_/webpack:/node_modules/@angular/compiler/esm5/compiler.js:34505:48
	    at Set.forEach (<anonymous>)
	    at JitCompiler.push../node_modules/@angular/compiler/esm5/compiler.js.JitCompiler._compileComponents node_modules/@angular/compiler/esm5/compiler.js:34505:1)
	    at http://localhost:18763/_karma_webpack_/webpack:/node_modules/@angular/compiler/esm5/compiler.js:34393:1
	    at Object.then node_modules/@angular/compiler/esm5/compiler.js:475:33)
	    at JitCompiler.push../node_modules/@angular/compiler/esm5/compiler.js.JitCompiler._compileModuleAndAllComponents node_modules/@angular/compiler/esm5/compiler.js:34391:1)
	Expected undefined to be truthy.
	    at Object.<anonymous> src/app/components/user-login/user-login.component.spec.ts:23:23)
	    at ZoneDelegate../node_modules/zone.js/dist/zone.js.ZoneDelegate.invoke node_modules/zone.js/dist/zone.js:388:1)
	    at ProxyZoneSpec.push../node_modules/zone.js/dist/proxy.js.ProxyZoneSpec.onInvoke node_modules/zone.js/dist/proxy.js:128:1)
	    at ZoneDelegate../node_modules/zone.js/dist/zone.js.ZoneDelegate.invoke node_modules/zone.js/dist/zone.js:387:1)
[1A[2KChrome 67.0.3396 (Mac OS X 10.13.3) UserLoginComponent should create FAILED
	Can't bind to 'ngModel' since it isn't a known property of 'input'. (">
	  <div class="form-group">
	    <input name="username" class="form-control" placeholder="Username" [ERROR ->][(ngModel)]="data.username">
	  </div>
	  <div class="form-group">
	"): ng:///DynamicTestModule/UserLoginComponent.html@2:71
	Can't bind to 'ngModel' since it isn't a known property of 'input'. ("form-group">
	    <input name="password" type="password" placeholder="Password" class="form-control" [ERROR ->][(ngModel)]="data.password">
	  </div>
	  <button class="btn btn-primary center-block" [mat-dialog-clos"): ng:///DynamicTestModule/UserLoginComponent.html@5:87
	Can't bind to 'mat-dialog-close' since it isn't a known property of 'button'. (""form-control" [(ngModel)]="data.password">
	  </div>
	  <button class="btn btn-primary center-block" [ERROR ->][mat-dialog-close]="data">Login</button>
	</form>"): ng:///DynamicTestModule/UserLoginComponent.html@7:47
	Error: Template parse errors:
	    at syntaxError node_modules/@angular/compiler/esm5/compiler.js:486:22)
	    at TemplateParser.push../node_modules/@angular/compiler/esm5/compiler.js.TemplateParser.parse node_modules/@angular/compiler/esm5/compiler.js:24674:1)
	    at JitCompiler.push../node_modules/@angular/compiler/esm5/compiler.js.JitCompiler._parseTemplate node_modules/@angular/compiler/esm5/compiler.js:34629:1)
	    at JitCompiler.push../node_modules/@angular/compiler/esm5/compiler.js.JitCompiler._compileTemplate node_modules/@angular/compiler/esm5/compiler.js:34604:1)
	    at http://localhost:18763/_karma_webpack_/webpack:/node_modules/@angular/compiler/esm5/compiler.js:34505:48
	    at Set.forEach (<anonymous>)
	    at JitCompiler.push../node_modules/@angular/compiler/esm5/compiler.js.JitCompiler._compileComponents node_modules/@angular/compiler/esm5/compiler.js:34505:1)
	    at http://localhost:18763/_karma_webpack_/webpack:/node_modules/@angular/compiler/esm5/compiler.js:34393:1
	    at Object.then node_modules/@angular/compiler/esm5/compiler.js:475:33)
	    at JitCompiler.push../node_modules/@angular/compiler/esm5/compiler.js.JitCompiler._compileModuleAndAllComponents node_modules/@angular/compiler/esm5/compiler.js:34391:1)
	Error: Template parse errors:
	Can't bind to 'ngModel' since it isn't a known property of 'input'. (">
	  <div class="form-group">
	    <input name="username" class="form-control" placeholder="Username" [ERROR ->][(ngModel)]="data.username">
	  </div>
	  <div class="form-group">
	"): ng:///DynamicTestModule/UserLoginComponent.html@2:71
	Can't bind to 'ngModel' since it isn't a known property of 'input'. ("form-group">
	    <input name="password" type="password" placeholder="Password" class="form-control" [ERROR ->][(ngModel)]="data.password">
	  </div>
	  <button class="btn btn-primary center-block" [mat-dialog-clos"): ng:///DynamicTestModule/UserLoginComponent.html@5:87
	Can't bind to 'mat-dialog-close' since it isn't a known property of 'button'. (""form-control" [(ngModel)]="data.password">
	  </div>
	  <button class="btn btn-primary center-block" [ERROR ->][mat-dialog-close]="data">Login</button>
	</form>"): ng:///DynamicTestModule/UserLoginComponent.html@7:47
	    at syntaxError node_modules/@angular/compiler/esm5/compiler.js:486:22)
	    at TemplateParser.push../node_modules/@angular/compiler/esm5/compiler.js.TemplateParser.parse node_modules/@angular/compiler/esm5/compiler.js:24674:1)
	    at JitCompiler.push../node_modules/@angular/compiler/esm5/compiler.js.JitCompiler._parseTemplate node_modules/@angular/compiler/esm5/compiler.js:34629:1)
	    at JitCompiler.push../node_modules/@angular/compiler/esm5/compiler.js.JitCompiler._compileTemplate node_modules/@angular/compiler/esm5/compiler.js:34604:1)
	    at http://localhost:18763/_karma_webpack_/webpack:/node_modules/@angular/compiler/esm5/compiler.js:34505:48
	    at Set.forEach (<anonymous>)
	    at JitCompiler.push../node_modules/@angular/compiler/esm5/compiler.js.JitCompiler._compileComponents node_modules/@angular/compiler/esm5/compiler.js:34505:1)
	    at http://localhost:18763/_karma_webpack_/webpack:/node_modules/@angular/compiler/esm5/compiler.js:34393:1
	    at Object.then node_modules/@angular/compiler/esm5/compiler.js:475:33)
	    at JitCompiler.push../node_modules/@angular/compiler/esm5/compiler.js.JitCompiler._compileModuleAndAllComponents node_modules/@angular/compiler/esm5/compiler.js:34391:1)
	Expected undefined to be truthy.
	    at Object.<anonymous> src/app/components/user-login/user-login.component.spec.ts:23:23)
	    at ZoneDelegate../node_modules/zone.js/dist/zone.js.ZoneDelegate.invoke node_modules/zone.js/dist/zone.js:388:1)
	    at ProxyZoneSpec.push../node_modules/zone.js/dist/proxy.js.ProxyZoneSpec.onInvoke node_modules/zone.js/dist/proxy.js:128:1)
	    at ZoneDelegate../node_modules/zone.js/dist/zone.js.ZoneDelegate.invoke node_modules/zone.js/dist/zone.js:387:1)
Chrome 67.0.3396 (Mac OS X 10.13.3): Executed 8 of 12 (6 FAILED) (0 secs / 0.335 secs)
Chrome 67.0.3396 (Mac OS X 10.13.3) UserLoginComponent should create FAILED
	Can't bind to 'ngModel' since it isn't a known property of 'input'. (">
	  <div class="form-group">
	    <input name="username" class="form-control" placeholder="Username" [ERROR ->][(ngModel)]="data.username">
	  </div>
	  <div class="form-group">
	"): ng:///DynamicTestModule/UserLoginComponent.html@2:71
	Can't bind to 'ngModel' since it isn't a known property of 'input'. ("form-group">
	    <input name="password" type="password" placeholder="Password" class="form-control" [ERROR ->][(ngModel)]="data.password">
	  </div>
	  <button class="btn btn-primary center-block" [mat-dialog-clos"): ng:///DynamicTestModule/UserLoginComponent.html@5:87
	Can't bind to 'mat-dialog-close' since it isn't a known property of 'button'. (""form-control" [(ngModel)]="data.password">
	  </div>
	  <button class="btn btn-primary center-block" [ERROR ->][mat-dialog-close]="data">Login</button>
	</form>"): ng:///DynamicTestModule/UserLoginComponent.html@7:47
	Error: Template parse errors:
	    at syntaxError node_modules/@angular/compiler/esm5/compiler.js:486:22)
	    at TemplateParser.push../node_modules/@angular/compiler/esm5/compiler.js.TemplateParser.parse node_modules/@angular/compiler/esm5/compiler.js:24674:1)
	    at JitCompiler.push../node_modules/@angular/compiler/esm5/compiler.js.JitCompiler._parseTemplate node_modules/@angular/compiler/esm5/compiler.js:34629:1)
	    at JitCompiler.push../node_modules/@angular/compiler/esm5/compiler.js.JitCompiler._compileTemplate node_modules/@angular/compiler/esm5/compiler.js:34604:1)
	    at http://localhost:18763/_karma_webpack_/webpack:/node_modules/@angular/compiler/esm5/compiler.js:34505:48
	    at Set.forEach (<anonymous>)
	    at JitCompiler.push../node_modules/@angular/compiler/esm5/compiler.js.JitCompiler._compileComponents node_modules/@angular/compiler/esm5/compiler.js:34505:1)
	    at http://localhost:18763/_karma_webpack_/webpack:/node_modules/@angular/compiler/esm5/compiler.js:34393:1
	    at Object.then node_modules/@angular/compiler/esm5/compiler.js:475:33)
	    at JitCompiler.push../node_modules/@angular/compiler/esm5/compiler.js.JitCompiler._compileModuleAndAllComponents node_modules/@angular/compiler/esm5/compiler.js:34391:1)
	Error: Template parse errors:
	Can't bind to 'ngModel' since it isn't a known property of 'input'. (">
	  <div class="form-group">
	    <input name="username" class="form-control" placeholder="Username" [ERROR ->][(ngModel)]="data.username">
	  </div>
	  <div class="form-group">
	"): ng:///DynamicTestModule/UserLoginComponent.html@2:71
	Can't bind to 'ngModel' since it isn't a known property of 'input'. ("form-group">
	    <input name="password" type="password" placeholder="Password" class="form-control" [ERROR ->][(ngModel)]="data.password">
	  </div>
	  <button class="btn btn-primary center-block" [mat-dialog-clos"): ng:///DynamicTestModule/UserLoginComponent.html@5:87
	Can't bind to 'mat-dialog-close' since it isn't a known property of 'button'. (""form-control" [(ngModel)]="data.password">
	  </div>
	  <button class="btn btn-primary center-block" [ERROR ->][mat-dialog-close]="data">Login</button>
	</form>"): ng:///DynamicTestModule/UserLoginComponent.html@7:47
	    at syntaxError node_modules/@angular/compiler/esm5/compiler.js:486:22)
	    at TemplateParser.push../node_modules/@angular/compiler/esm5/compiler.js.TemplateParser.parse node_modules/@angular/compiler/esm5/compiler.js:24674:1)
	    at JitCompiler.push../node_modules/@angular/compiler/esm5/compiler.js.JitCompiler._parseTemplate node_modules/@angular/compiler/esm5/compiler.js:34629:1)
	    at JitCompiler.push../node_modules/@angular/compiler/esm5/compiler.js.JitCompiler._compileTemplate node_modules/@angular/compiler/esm5/compiler.js:34604:1)
	    at http://localhost:18763/_karma_webpack_/webpack:/node_modules/@angular/compiler/esm5/compiler.js:34505:48
	    at Set.forEach (<anonymous>)
	    at JitCompiler.push../node_modules/@angular/compiler/esm5/compiler.js.JitCompiler._compileComponents node_modules/@angular/compiler/esm5/compiler.js:34505:1)
	    at http://localhost:18763/_karma_webpack_/webpack:/node_modules/@angular/compiler/esm5/compiler.js:34393:1
	    at Object.then node_modules/@angular/compiler/esm5/compiler.js:475:33)
	    at JitCompiler.push../node_modules/@angular/compiler/esm5/compiler.js.JitCompiler._compileModuleAndAllComponents node_modules/@angular/compiler/esm5/compiler.js:34391:1)
	Expected undefined to be truthy.
	    at Object.<anonymous> src/app/components/user-login/user-login.component.spec.ts:23:23)
	    at ZoneDelegate../node_modules/zone.js/dist/zone.js.ZoneDelegate.invoke node_modules/zone.js/dist/zone.js:388:1)
	    at ProxyZoneSpec.push../node_modules/zone.js/dist/proxy.js.ProxyZoneSpec.onInvoke node_modules/zone.js/dist/proxy.js:128:1)
	    at ZoneDelegate../node_modules/zone.js/dist/zone.js.ZoneDelegate.invoke node_modules/zone.js/dist/zone.js:387:1)
Chrome 67.0.3396 (Mac OS X 10.13.3) ActivityService should be created FAILED
	Error: StaticInjectorError(DynamicTestModule)[ActivityService -> HttpClient]: 
	  StaticInjectorError(Platform: core)[ActivityService -> HttpClient]: 
	    NullInjectorError: No provider for HttpClient!
	    at _NullInjector.push../node_modules/@angular/core/esm5/core.js._NullInjector.get node_modules/@angular/core/esm5/core.js:1003:1)
	    at resolveToken node_modules/@angular/core/esm5/core.js:1301:1)
	    at tryResolveToken node_modules/@angular/core/esm5/core.js:1243:1)
	    at StaticInjector.push../node_modules/@angular/core/esm5/core.js.StaticInjector.get node_modules/@angular/core/esm5/core.js:1111:1)
	    at resolveToken node_modules/@angular/core/esm5/core.js:1301:1)
	    at tryResolveToken node_modules/@angular/core/esm5/core.js:1243:1)
	    at StaticInjector.push../node_modules/@angular/core/esm5/core.js.StaticInjector.get node_modules/@angular/core/esm5/core.js:1111:1)
	    at resolveNgModuleDep node_modules/@angular/core/esm5/core.js:10896:1)
	    at _createClass node_modules/@angular/core/esm5/core.js:10935:1)
	    at _createProviderInstance$1 node_modules/@angular/core/esm5/core.js:10907:1)
[1A[2KChrome 67.0.3396 (Mac OS X 10.13.3) ActivityService should be created FAILED
	Error: StaticInjectorError(DynamicTestModule)[ActivityService -> HttpClient]: 
	  StaticInjectorError(Platform: core)[ActivityService -> HttpClient]: 
	    NullInjectorError: No provider for HttpClient!
	    at _NullInjector.push../node_modules/@angular/core/esm5/core.js._NullInjector.get node_modules/@angular/core/esm5/core.js:1003:1)
	    at resolveToken node_modules/@angular/core/esm5/core.js:1301:1)
	    at tryResolveToken node_modules/@angular/core/esm5/core.js:1243:1)
	    at StaticInjector.push../node_modules/@angular/core/esm5/core.js.StaticInjector.get node_modules/@angular/core/esm5/core.js:1111:1)
	    at resolveToken node_modules/@angular/core/esm5/core.js:1301:1)
	    at tryResolveToken node_modules/@angular/core/esm5/core.js:1243:1)
	    at StaticInjector.push../node_modules/@angular/core/esm5/core.js.StaticInjector.get node_modules/@angular/core/esm5/core.js:1111:1)
	    at resolveNgModuleDep node_modules/@angular/core/esm5/core.js:10896:1)
	    at _createClass node_modules/@angular/core/esm5/core.js:10935:1)
	    at _createProviderInstance$1 node_modules/@angular/core/esm5/core.js:10907:1)
Chrome 67.0.3396 (Mac OS X 10.13.3): Executed 9 of 12 (7 FAILED) (0 secs / 0.339 secs)
Chrome 67.0.3396 (Mac OS X 10.13.3) ActivityService should be created FAILED
	Error: StaticInjectorError(DynamicTestModule)[ActivityService -> HttpClient]: 
	  StaticInjectorError(Platform: core)[ActivityService -> HttpClient]: 
	    NullInjectorError: No provider for HttpClient!
	    at _NullInjector.push../node_modules/@angular/core/esm5/core.js._NullInjector.get node_modules/@angular/core/esm5/core.js:1003:1)
	    at resolveToken node_modules/@angular/core/esm5/core.js:1301:1)
	    at tryResolveToken node_modules/@angular/core/esm5/core.js:1243:1)
	    at StaticInjector.push../node_modules/@angular/core/esm5/core.js.StaticInjector.get node_modules/@angular/core/esm5/core.js:1111:1)
	    at resolveToken node_modules/@angular/core/esm5/core.js:1301:1)
	    at tryResolveToken node_modules/@angular/core/esm5/core.js:1243:1)
	    at StaticInjector.push../node_modules/@angular/core/esm5/core.js.StaticInjector.get node_modules/@angular/core/esm5/core.js:1111:1)
	    at resolveNgModuleDep node_modules/@angular/core/esm5/core.js:10896:1)
	    at _createClass node_modules/@angular/core/esm5/core.js:10935:1)
	    at _createProviderInstance$1 node_modules/@angular/core/esm5/core.js:10907:1)
Chrome 67.0.3396 (Mac OS X 10.13.3) RecentActivitiesService should be created FAILED
	Error: StaticInjectorError(DynamicTestModule)[RecentActivitiesService -> HttpClient]: 
	  StaticInjectorError(Platform: core)[RecentActivitiesService -> HttpClient]: 
	    NullInjectorError: No provider for HttpClient!
	    at _NullInjector.push../node_modules/@angular/core/esm5/core.js._NullInjector.get node_modules/@angular/core/esm5/core.js:1003:1)
	    at resolveToken node_modules/@angular/core/esm5/core.js:1301:1)
	    at tryResolveToken node_modules/@angular/core/esm5/core.js:1243:1)
	    at StaticInjector.push../node_modules/@angular/core/esm5/core.js.StaticInjector.get node_modules/@angular/core/esm5/core.js:1111:1)
	    at resolveToken node_modules/@angular/core/esm5/core.js:1301:1)
	    at tryResolveToken node_modules/@angular/core/esm5/core.js:1243:1)
	    at StaticInjector.push../node_modules/@angular/core/esm5/core.js.StaticInjector.get node_modules/@angular/core/esm5/core.js:1111:1)
	    at resolveNgModuleDep node_modules/@angular/core/esm5/core.js:10896:1)
	    at _createClass node_modules/@angular/core/esm5/core.js:10935:1)
	    at _createProviderInstance$1 node_modules/@angular/core/esm5/core.js:10907:1)
[1A[2KChrome 67.0.3396 (Mac OS X 10.13.3) RecentActivitiesService should be created FAILED
	Error: StaticInjectorError(DynamicTestModule)[RecentActivitiesService -> HttpClient]: 
	  StaticInjectorError(Platform: core)[RecentActivitiesService -> HttpClient]: 
	    NullInjectorError: No provider for HttpClient!
	    at _NullInjector.push../node_modules/@angular/core/esm5/core.js._NullInjector.get node_modules/@angular/core/esm5/core.js:1003:1)
	    at resolveToken node_modules/@angular/core/esm5/core.js:1301:1)
	    at tryResolveToken node_modules/@angular/core/esm5/core.js:1243:1)
	    at StaticInjector.push../node_modules/@angular/core/esm5/core.js.StaticInjector.get node_modules/@angular/core/esm5/core.js:1111:1)
	    at resolveToken node_modules/@angular/core/esm5/core.js:1301:1)
	    at tryResolveToken node_modules/@angular/core/esm5/core.js:1243:1)
	    at StaticInjector.push../node_modules/@angular/core/esm5/core.js.StaticInjector.get node_modules/@angular/core/esm5/core.js:1111:1)
	    at resolveNgModuleDep node_modules/@angular/core/esm5/core.js:10896:1)
	    at _createClass node_modules/@angular/core/esm5/core.js:10935:1)
	    at _createProviderInstance$1 node_modules/@angular/core/esm5/core.js:10907:1)
Chrome 67.0.3396 (Mac OS X 10.13.3): Executed 10 of 12 (8 FAILED) (0 secs / 0.345 secs)
Chrome 67.0.3396 (Mac OS X 10.13.3) RecentActivitiesService should be created FAILED
	Error: StaticInjectorError(DynamicTestModule)[RecentActivitiesService -> HttpClient]: 
	  StaticInjectorError(Platform: core)[RecentActivitiesService -> HttpClient]: 
	    NullInjectorError: No provider for HttpClient!
	    at _NullInjector.push../node_modules/@angular/core/esm5/core.js._NullInjector.get node_modules/@angular/core/esm5/core.js:1003:1)
	    at resolveToken node_modules/@angular/core/esm5/core.js:1301:1)
	    at tryResolveToken node_modules/@angular/core/esm5/core.js:1243:1)
	    at StaticInjector.push../node_modules/@angular/core/esm5/core.js.StaticInjector.get node_modules/@angular/core/esm5/core.js:1111:1)
	    at resolveToken node_modules/@angular/core/esm5/core.js:1301:1)
	    at tryResolveToken node_modules/@angular/core/esm5/core.js:1243:1)
	    at StaticInjector.push../node_modules/@angular/core/esm5/core.js.StaticInjector.get node_modules/@angular/core/esm5/core.js:1111:1)
	    at resolveNgModuleDep node_modules/@angular/core/esm5/core.js:10896:1)
	    at _createClass node_modules/@angular/core/esm5/core.js:10935:1)
	    at _createProviderInstance$1 node_modules/@angular/core/esm5/core.js:10907:1)
[1A[2KChrome 67.0.3396 (Mac OS X 10.13.3): Executed 11 of 12 (8 FAILED) (0 secs / 0.351 secs)
Chrome 67.0.3396 (Mac OS X 10.13.3) UserService should be created FAILED
	Error: StaticInjectorError(DynamicTestModule)[UserService -> StateService]: 
	  StaticInjectorError(Platform: core)[UserService -> StateService]: 
	    NullInjectorError: No provider for StateService!
	    at _NullInjector.push../node_modules/@angular/core/esm5/core.js._NullInjector.get node_modules/@angular/core/esm5/core.js:1003:1)
	    at resolveToken node_modules/@angular/core/esm5/core.js:1301:1)
	    at tryResolveToken node_modules/@angular/core/esm5/core.js:1243:1)
	    at StaticInjector.push../node_modules/@angular/core/esm5/core.js.StaticInjector.get node_modules/@angular/core/esm5/core.js:1111:1)
	    at resolveToken node_modules/@angular/core/esm5/core.js:1301:1)
	    at tryResolveToken node_modules/@angular/core/esm5/core.js:1243:1)
	    at StaticInjector.push../node_modules/@angular/core/esm5/core.js.StaticInjector.get node_modules/@angular/core/esm5/core.js:1111:1)
	    at resolveNgModuleDep node_modules/@angular/core/esm5/core.js:10896:1)
	    at _createClass node_modules/@angular/core/esm5/core.js:10933:1)
	    at _createProviderInstance$1 node_modules/@angular/core/esm5/core.js:10907:1)
[1A[2KChrome 67.0.3396 (Mac OS X 10.13.3) UserService should be created FAILED
	Error: StaticInjectorError(DynamicTestModule)[UserService -> StateService]: 
	  StaticInjectorError(Platform: core)[UserService -> StateService]: 
	    NullInjectorError: No provider for StateService!
	    at _NullInjector.push../node_modules/@angular/core/esm5/core.js._NullInjector.get node_modules/@angular/core/esm5/core.js:1003:1)
	    at resolveToken node_modules/@angular/core/esm5/core.js:1301:1)
	    at tryResolveToken node_modules/@angular/core/esm5/core.js:1243:1)
	    at StaticInjector.push../node_modules/@angular/core/esm5/core.js.StaticInjector.get node_modules/@angular/core/esm5/core.js:1111:1)
	    at resolveToken node_modules/@angular/core/esm5/core.js:1301:1)
	    at tryResolveToken node_modules/@angular/core/esm5/core.js:1243:1)
	    at StaticInjector.push../node_modules/@angular/core/esm5/core.js.StaticInjector.get node_modules/@angular/core/esm5/core.js:1111:1)
	    at resolveNgModuleDep node_modules/@angular/core/esm5/core.js:10896:1)
	    at _createClass node_modules/@angular/core/esm5/core.js:10933:1)
	    at _createProviderInstance$1 node_modules/@angular/core/esm5/core.js:10907:1)
Chrome 67.0.3396 (Mac OS X 10.13.3): Executed 12 of 12 (9 FAILED) (0 secs / 0.357 secs)
Chrome 67.0.3396 (Mac OS X 10.13.3) UserService should be created FAILED
	Error: StaticInjectorError(DynamicTestModule)[UserService -> StateService]: 
	  StaticInjectorError(Platform: core)[UserService -> StateService]: 
	    NullInjectorError: No provider for StateService!
	    at _NullInjector.push../node_modules/@angular/core/esm5/core.js._NullInjector.get node_modules/@angular/core/esm5/core.js:1003:1)
	    at resolveToken node_modules/@angular/core/esm5/core.js:1301:1)
	    at tryResolveToken node_modules/@angular/core/esm5/core.js:1243:1)
	    at StaticInjector.push../node_modules/@angular/core/esm5/core.js.StaticInjector.get node_modules/@angular/core/esm5/core.js:1111:1)
	    at resolveToken node_modules/@angular/core/esm5/core.js:1301:1)
	    at tryResolveToken node_modules/@angular/core/esm5/core.js:1243:1)
	    at StaticInjector.push../node_modules/@angular/core/esm5/core.js.StaticInjector.get node_modules/@angular/core/esm5/core.js:1111:1)
	    at resolveNgModuleDep node_modules/@angular/core/esm5/core.js:10896:1)
	    at _createClass node_modules/@angular/core/esm5/core.js:10933:1)
	    at _createProviderInstance$1 node_modules/@angular/core/esm5/core.js:10907:1)
[1A[2KChrome 67.0.3396 (Mac OS X 10.13.3): Executed 12 of 12 (9 FAILED) (0.425 secs / 0.357 secs)
Chrome 67.0.3396 (Mac OS X 10.13.3): Executed 0 of 12 SUCCESS (0 secs / 0 secs)
[1A[2KChrome 67.0.3396 (Mac OS X 10.13.3): Executed 1 of 12 SUCCESS (0 secs / 0.052 secs)
LOG: true
[1A[2KLOG: true
Chrome 67.0.3396 (Mac OS X 10.13.3): Executed 1 of 12 SUCCESS (0 secs / 0.052 secs)
LOG: true
[1A[2KChrome 67.0.3396 (Mac OS X 10.13.3): Executed 2 of 12 SUCCESS (0 secs / 0.114 secs)
Chrome 67.0.3396 (Mac OS X 10.13.3) AppComponent should create the app FAILED
	'topnav' is not a known element:
	1. If 'topnav' is an Angular component, then verify that it is part of this module.
	2. To allow any element add 'NO_ERRORS_SCHEMA' to the '@NgModule.schemas' of this component. ("[ERROR ->]<topnav></topnav>    
	<div class="container">
		<div class="row">
	"): ng:///DynamicTestModule/AppComponent.html@0:0
	Error: Template parse errors:
	    at syntaxError node_modules/@angular/compiler/esm5/compiler.js:486:22)
	    at TemplateParser.push../node_modules/@angular/compiler/esm5/compiler.js.TemplateParser.parse node_modules/@angular/compiler/esm5/compiler.js:24674:1)
	    at JitCompiler.push../node_modules/@angular/compiler/esm5/compiler.js.JitCompiler._parseTemplate node_modules/@angular/compiler/esm5/compiler.js:34629:1)
	    at JitCompiler.push../node_modules/@angular/compiler/esm5/compiler.js.JitCompiler._compileTemplate node_modules/@angular/compiler/esm5/compiler.js:34604:1)
	    at http://localhost:18763/_karma_webpack_/webpack:/node_modules/@angular/compiler/esm5/compiler.js:34505:48
	    at Set.forEach (<anonymous>)
	    at JitCompiler.push../node_modules/@angular/compiler/esm5/compiler.js.JitCompiler._compileComponents node_modules/@angular/compiler/esm5/compiler.js:34505:1)
	    at http://localhost:18763/_karma_webpack_/webpack:/node_modules/@angular/compiler/esm5/compiler.js:34393:1
	    at Object.then node_modules/@angular/compiler/esm5/compiler.js:475:33)
	    at JitCompiler.push../node_modules/@angular/compiler/esm5/compiler.js.JitCompiler._compileModuleAndAllComponents node_modules/@angular/compiler/esm5/compiler.js:34391:1)
	'topnav' is not a known element:
	1. If 'topnav' is an Angular component, then verify that it is part of this module.
	2. To allow any element add 'NO_ERRORS_SCHEMA' to the '@NgModule.schemas' of this component. ("[ERROR ->]<topnav></topnav>    
	<div class="container">
		<div class="row">
	"): ng:///DynamicTestModule/AppComponent.html@0:0
	Error: Template parse errors:
	    at syntaxError node_modules/@angular/compiler/esm5/compiler.js:486:22)
	    at TemplateParser.push../node_modules/@angular/compiler/esm5/compiler.js.TemplateParser.parse node_modules/@angular/compiler/esm5/compiler.js:24674:1)
	    at JitCompiler.push../node_modules/@angular/compiler/esm5/compiler.js.JitCompiler._parseTemplate node_modules/@angular/compiler/esm5/compiler.js:34629:1)
	    at JitCompiler.push../node_modules/@angular/compiler/esm5/compiler.js.JitCompiler._compileTemplate node_modules/@angular/compiler/esm5/compiler.js:34604:1)
	    at http://localhost:18763/_karma_webpack_/webpack:/node_modules/@angular/compiler/esm5/compiler.js:34505:48
	    at Set.forEach (<anonymous>)
	    at JitCompiler.push../node_modules/@angular/compiler/esm5/compiler.js.JitCompiler._compileComponents node_modules/@angular/compiler/esm5/compiler.js:34505:1)
	    at http://localhost:18763/_karma_webpack_/webpack:/node_modules/@angular/compiler/esm5/compiler.js:34393:1
	    at Object.then node_modules/@angular/compiler/esm5/compiler.js:475:33)
	    at JitCompiler.push../node_modules/@angular/compiler/esm5/compiler.js.JitCompiler._compileModuleAndAllComponents node_modules/@angular/compiler/esm5/compiler.js:34391:1)
[1A[2KChrome 67.0.3396 (Mac OS X 10.13.3) AppComponent should create the app FAILED
	'topnav' is not a known element:
	1. If 'topnav' is an Angular component, then verify that it is part of this module.
	2. To allow any element add 'NO_ERRORS_SCHEMA' to the '@NgModule.schemas' of this component. ("[ERROR ->]<topnav></topnav>    
	<div class="container">
		<div class="row">
	"): ng:///DynamicTestModule/AppComponent.html@0:0
	Error: Template parse errors:
	    at syntaxError node_modules/@angular/compiler/esm5/compiler.js:486:22)
	    at TemplateParser.push../node_modules/@angular/compiler/esm5/compiler.js.TemplateParser.parse node_modules/@angular/compiler/esm5/compiler.js:24674:1)
	    at JitCompiler.push../node_modules/@angular/compiler/esm5/compiler.js.JitCompiler._parseTemplate node_modules/@angular/compiler/esm5/compiler.js:34629:1)
	    at JitCompiler.push../node_modules/@angular/compiler/esm5/compiler.js.JitCompiler._compileTemplate node_modules/@angular/compiler/esm5/compiler.js:34604:1)
	    at http://localhost:18763/_karma_webpack_/webpack:/node_modules/@angular/compiler/esm5/compiler.js:34505:48
	    at Set.forEach (<anonymous>)
	    at JitCompiler.push../node_modules/@angular/compiler/esm5/compiler.js.JitCompiler._compileComponents node_modules/@angular/compiler/esm5/compiler.js:34505:1)
	    at http://localhost:18763/_karma_webpack_/webpack:/node_modules/@angular/compiler/esm5/compiler.js:34393:1
	    at Object.then node_modules/@angular/compiler/esm5/compiler.js:475:33)
	    at JitCompiler.push../node_modules/@angular/compiler/esm5/compiler.js.JitCompiler._compileModuleAndAllComponents node_modules/@angular/compiler/esm5/compiler.js:34391:1)
	'topnav' is not a known element:
	1. If 'topnav' is an Angular component, then verify that it is part of this module.
	2. To allow any element add 'NO_ERRORS_SCHEMA' to the '@NgModule.schemas' of this component. ("[ERROR ->]<topnav></topnav>    
	<div class="container">
		<div class="row">
	"): ng:///DynamicTestModule/AppComponent.html@0:0
	Error: Template parse errors:
	    at syntaxError node_modules/@angular/compiler/esm5/compiler.js:486:22)
	    at TemplateParser.push../node_modules/@angular/compiler/esm5/compiler.js.TemplateParser.parse node_modules/@angular/compiler/esm5/compiler.js:24674:1)
	    at JitCompiler.push../node_modules/@angular/compiler/esm5/compiler.js.JitCompiler._parseTemplate node_modules/@angular/compiler/esm5/compiler.js:34629:1)
	    at JitCompiler.push../node_modules/@angular/compiler/esm5/compiler.js.JitCompiler._compileTemplate node_modules/@angular/compiler/esm5/compiler.js:34604:1)
	    at http://localhost:18763/_karma_webpack_/webpack:/node_modules/@angular/compiler/esm5/compiler.js:34505:48
	    at Set.forEach (<anonymous>)
	    at JitCompiler.push../node_modules/@angular/compiler/esm5/compiler.js.JitCompiler._compileComponents node_modules/@angular/compiler/esm5/compiler.js:34505:1)
	    at http://localhost:18763/_karma_webpack_/webpack:/node_modules/@angular/compiler/esm5/compiler.js:34393:1
	    at Object.then node_modules/@angular/compiler/esm5/compiler.js:475:33)
	    at JitCompiler.push../node_modules/@angular/compiler/esm5/compiler.js.JitCompiler._compileModuleAndAllComponents node_modules/@angular/compiler/esm5/compiler.js:34391:1)
Chrome 67.0.3396 (Mac OS X 10.13.3): Executed 3 of 12 (1 FAILED) (0 secs / 0.127 secs)
Chrome 67.0.3396 (Mac OS X 10.13.3) AppComponent should create the app FAILED
	'topnav' is not a known element:
	1. If 'topnav' is an Angular component, then verify that it is part of this module.
	2. To allow any element add 'NO_ERRORS_SCHEMA' to the '@NgModule.schemas' of this component. ("[ERROR ->]<topnav></topnav>    
	<div class="container">
		<div class="row">
	"): ng:///DynamicTestModule/AppComponent.html@0:0
	Error: Template parse errors:
	    at syntaxError node_modules/@angular/compiler/esm5/compiler.js:486:22)
	    at TemplateParser.push../node_modules/@angular/compiler/esm5/compiler.js.TemplateParser.parse node_modules/@angular/compiler/esm5/compiler.js:24674:1)
	    at JitCompiler.push../node_modules/@angular/compiler/esm5/compiler.js.JitCompiler._parseTemplate node_modules/@angular/compiler/esm5/compiler.js:34629:1)
	    at JitCompiler.push../node_modules/@angular/compiler/esm5/compiler.js.JitCompiler._compileTemplate node_modules/@angular/compiler/esm5/compiler.js:34604:1)
	    at http://localhost:18763/_karma_webpack_/webpack:/node_modules/@angular/compiler/esm5/compiler.js:34505:48
	    at Set.forEach (<anonymous>)
	    at JitCompiler.push../node_modules/@angular/compiler/esm5/compiler.js.JitCompiler._compileComponents node_modules/@angular/compiler/esm5/compiler.js:34505:1)
	    at http://localhost:18763/_karma_webpack_/webpack:/node_modules/@angular/compiler/esm5/compiler.js:34393:1
	    at Object.then node_modules/@angular/compiler/esm5/compiler.js:475:33)
	    at JitCompiler.push../node_modules/@angular/compiler/esm5/compiler.js.JitCompiler._compileModuleAndAllComponents node_modules/@angular/compiler/esm5/compiler.js:34391:1)
	'topnav' is not a known element:
	1. If 'topnav' is an Angular component, then verify that it is part of this module.
	2. To allow any element add 'NO_ERRORS_SCHEMA' to the '@NgModule.schemas' of this component. ("[ERROR ->]<topnav></topnav>    
	<div class="container">
		<div class="row">
	"): ng:///DynamicTestModule/AppComponent.html@0:0
	Error: Template parse errors:
	    at syntaxError node_modules/@angular/compiler/esm5/compiler.js:486:22)
	    at TemplateParser.push../node_modules/@angular/compiler/esm5/compiler.js.TemplateParser.parse node_modules/@angular/compiler/esm5/compiler.js:24674:1)
	    at JitCompiler.push../node_modules/@angular/compiler/esm5/compiler.js.JitCompiler._parseTemplate node_modules/@angular/compiler/esm5/compiler.js:34629:1)
	    at JitCompiler.push../node_modules/@angular/compiler/esm5/compiler.js.JitCompiler._compileTemplate node_modules/@angular/compiler/esm5/compiler.js:34604:1)
	    at http://localhost:18763/_karma_webpack_/webpack:/node_modules/@angular/compiler/esm5/compiler.js:34505:48
	    at Set.forEach (<anonymous>)
	    at JitCompiler.push../node_modules/@angular/compiler/esm5/compiler.js.JitCompiler._compileComponents node_modules/@angular/compiler/esm5/compiler.js:34505:1)
	    at http://localhost:18763/_karma_webpack_/webpack:/node_modules/@angular/compiler/esm5/compiler.js:34393:1
	    at Object.then node_modules/@angular/compiler/esm5/compiler.js:475:33)
	    at JitCompiler.push../node_modules/@angular/compiler/esm5/compiler.js.JitCompiler._compileModuleAndAllComponents node_modules/@angular/compiler/esm5/compiler.js:34391:1)
Chrome 67.0.3396 (Mac OS X 10.13.3) RecentActivitiesComponent should be created FAILED
	Error: StaticInjectorError(DynamicTestModule)[RecentActivitiesComponent -> RecentActivitiesService]: 
	  StaticInjectorError(Platform: core)[RecentActivitiesComponent -> RecentActivitiesService]: 
	    NullInjectorError: No provider for RecentActivitiesService!
	    at _NullInjector.push../node_modules/@angular/core/esm5/core.js._NullInjector.get node_modules/@angular/core/esm5/core.js:1003:1)
	    at resolveToken node_modules/@angular/core/esm5/core.js:1301:1)
	    at tryResolveToken node_modules/@angular/core/esm5/core.js:1243:1)
	    at StaticInjector.push../node_modules/@angular/core/esm5/core.js.StaticInjector.get node_modules/@angular/core/esm5/core.js:1111:1)
	    at resolveToken node_modules/@angular/core/esm5/core.js:1301:1)
	    at tryResolveToken node_modules/@angular/core/esm5/core.js:1243:1)
	    at StaticInjector.push../node_modules/@angular/core/esm5/core.js.StaticInjector.get node_modules/@angular/core/esm5/core.js:1111:1)
	    at resolveNgModuleDep node_modules/@angular/core/esm5/core.js:10896:1)
	    at NgModuleRef_.push../node_modules/@angular/core/esm5/core.js.NgModuleRef_.get node_modules/@angular/core/esm5/core.js:12129:1)
	    at resolveDep node_modules/@angular/core/esm5/core.js:12619:1)
	Expected undefined to be truthy.
	    at Object.<anonymous> src/app/components/recent-activities/recent-activities.component.spec.ts:23:23)
	    at ZoneDelegate../node_modules/zone.js/dist/zone.js.ZoneDelegate.invoke node_modules/zone.js/dist/zone.js:388:1)
	    at ProxyZoneSpec.push../node_modules/zone.js/dist/proxy.js.ProxyZoneSpec.onInvoke node_modules/zone.js/dist/proxy.js:128:1)
	    at ZoneDelegate../node_modules/zone.js/dist/zone.js.ZoneDelegate.invoke node_modules/zone.js/dist/zone.js:387:1)
[1A[2KChrome 67.0.3396 (Mac OS X 10.13.3) RecentActivitiesComponent should be created FAILED
	Error: StaticInjectorError(DynamicTestModule)[RecentActivitiesComponent -> RecentActivitiesService]: 
	  StaticInjectorError(Platform: core)[RecentActivitiesComponent -> RecentActivitiesService]: 
	    NullInjectorError: No provider for RecentActivitiesService!
	    at _NullInjector.push../node_modules/@angular/core/esm5/core.js._NullInjector.get node_modules/@angular/core/esm5/core.js:1003:1)
	    at resolveToken node_modules/@angular/core/esm5/core.js:1301:1)
	    at tryResolveToken node_modules/@angular/core/esm5/core.js:1243:1)
	    at StaticInjector.push../node_modules/@angular/core/esm5/core.js.StaticInjector.get node_modules/@angular/core/esm5/core.js:1111:1)
	    at resolveToken node_modules/@angular/core/esm5/core.js:1301:1)
	    at tryResolveToken node_modules/@angular/core/esm5/core.js:1243:1)
	    at StaticInjector.push../node_modules/@angular/core/esm5/core.js.StaticInjector.get node_modules/@angular/core/esm5/core.js:1111:1)
	    at resolveNgModuleDep node_modules/@angular/core/esm5/core.js:10896:1)
	    at NgModuleRef_.push../node_modules/@angular/core/esm5/core.js.NgModuleRef_.get node_modules/@angular/core/esm5/core.js:12129:1)
	    at resolveDep node_modules/@angular/core/esm5/core.js:12619:1)
	Expected undefined to be truthy.
	    at Object.<anonymous> src/app/components/recent-activities/recent-activities.component.spec.ts:23:23)
	    at ZoneDelegate../node_modules/zone.js/dist/zone.js.ZoneDelegate.invoke node_modules/zone.js/dist/zone.js:388:1)
	    at ProxyZoneSpec.push../node_modules/zone.js/dist/proxy.js.ProxyZoneSpec.onInvoke node_modules/zone.js/dist/proxy.js:128:1)
	    at ZoneDelegate../node_modules/zone.js/dist/zone.js.ZoneDelegate.invoke node_modules/zone.js/dist/zone.js:387:1)
Chrome 67.0.3396 (Mac OS X 10.13.3): Executed 4 of 12 (2 FAILED) (0 secs / 0.257 secs)
Chrome 67.0.3396 (Mac OS X 10.13.3) RecentActivitiesComponent should be created FAILED
	Error: StaticInjectorError(DynamicTestModule)[RecentActivitiesComponent -> RecentActivitiesService]: 
	  StaticInjectorError(Platform: core)[RecentActivitiesComponent -> RecentActivitiesService]: 
	    NullInjectorError: No provider for RecentActivitiesService!
	    at _NullInjector.push../node_modules/@angular/core/esm5/core.js._NullInjector.get node_modules/@angular/core/esm5/core.js:1003:1)
	    at resolveToken node_modules/@angular/core/esm5/core.js:1301:1)
	    at tryResolveToken node_modules/@angular/core/esm5/core.js:1243:1)
	    at StaticInjector.push../node_modules/@angular/core/esm5/core.js.StaticInjector.get node_modules/@angular/core/esm5/core.js:1111:1)
	    at resolveToken node_modules/@angular/core/esm5/core.js:1301:1)
	    at tryResolveToken node_modules/@angular/core/esm5/core.js:1243:1)
	    at StaticInjector.push../node_modules/@angular/core/esm5/core.js.StaticInjector.get node_modules/@angular/core/esm5/core.js:1111:1)
	    at resolveNgModuleDep node_modules/@angular/core/esm5/core.js:10896:1)
	    at NgModuleRef_.push../node_modules/@angular/core/esm5/core.js.NgModuleRef_.get node_modules/@angular/core/esm5/core.js:12129:1)
	    at resolveDep node_modules/@angular/core/esm5/core.js:12619:1)
	Expected undefined to be truthy.
	    at Object.<anonymous> src/app/components/recent-activities/recent-activities.component.spec.ts:23:23)
	    at ZoneDelegate../node_modules/zone.js/dist/zone.js.ZoneDelegate.invoke node_modules/zone.js/dist/zone.js:388:1)
	    at ProxyZoneSpec.push../node_modules/zone.js/dist/proxy.js.ProxyZoneSpec.onInvoke node_modules/zone.js/dist/proxy.js:128:1)
	    at ZoneDelegate../node_modules/zone.js/dist/zone.js.ZoneDelegate.invoke node_modules/zone.js/dist/zone.js:387:1)
Chrome 67.0.3396 (Mac OS X 10.13.3) TimerComponent should be created FAILED
	Error: StaticInjectorError(DynamicTestModule)[TimerComponent -> RecentActivitiesService]: 
	  StaticInjectorError(Platform: core)[TimerComponent -> RecentActivitiesService]: 
	    NullInjectorError: No provider for RecentActivitiesService!
	    at _NullInjector.push../node_modules/@angular/core/esm5/core.js._NullInjector.get node_modules/@angular/core/esm5/core.js:1003:1)
	    at resolveToken node_modules/@angular/core/esm5/core.js:1301:1)
	    at tryResolveToken node_modules/@angular/core/esm5/core.js:1243:1)
	    at StaticInjector.push../node_modules/@angular/core/esm5/core.js.StaticInjector.get node_modules/@angular/core/esm5/core.js:1111:1)
	    at resolveToken node_modules/@angular/core/esm5/core.js:1301:1)
	    at tryResolveToken node_modules/@angular/core/esm5/core.js:1243:1)
	    at StaticInjector.push../node_modules/@angular/core/esm5/core.js.StaticInjector.get node_modules/@angular/core/esm5/core.js:1111:1)
	    at resolveNgModuleDep node_modules/@angular/core/esm5/core.js:10896:1)
	    at NgModuleRef_.push../node_modules/@angular/core/esm5/core.js.NgModuleRef_.get node_modules/@angular/core/esm5/core.js:12129:1)
	    at resolveDep node_modules/@angular/core/esm5/core.js:12619:1)
	Expected undefined to be truthy.
	    at Object.<anonymous> src/app/components/timer/timer.component.spec.ts:23:23)
	    at ZoneDelegate../node_modules/zone.js/dist/zone.js.ZoneDelegate.invoke node_modules/zone.js/dist/zone.js:388:1)
	    at ProxyZoneSpec.push../node_modules/zone.js/dist/proxy.js.ProxyZoneSpec.onInvoke node_modules/zone.js/dist/proxy.js:128:1)
	    at ZoneDelegate../node_modules/zone.js/dist/zone.js.ZoneDelegate.invoke node_modules/zone.js/dist/zone.js:387:1)
[1A[2KChrome 67.0.3396 (Mac OS X 10.13.3) TimerComponent should be created FAILED
	Error: StaticInjectorError(DynamicTestModule)[TimerComponent -> RecentActivitiesService]: 
	  StaticInjectorError(Platform: core)[TimerComponent -> RecentActivitiesService]: 
	    NullInjectorError: No provider for RecentActivitiesService!
	    at _NullInjector.push../node_modules/@angular/core/esm5/core.js._NullInjector.get node_modules/@angular/core/esm5/core.js:1003:1)
	    at resolveToken node_modules/@angular/core/esm5/core.js:1301:1)
	    at tryResolveToken node_modules/@angular/core/esm5/core.js:1243:1)
	    at StaticInjector.push../node_modules/@angular/core/esm5/core.js.StaticInjector.get node_modules/@angular/core/esm5/core.js:1111:1)
	    at resolveToken node_modules/@angular/core/esm5/core.js:1301:1)
	    at tryResolveToken node_modules/@angular/core/esm5/core.js:1243:1)
	    at StaticInjector.push../node_modules/@angular/core/esm5/core.js.StaticInjector.get node_modules/@angular/core/esm5/core.js:1111:1)
	    at resolveNgModuleDep node_modules/@angular/core/esm5/core.js:10896:1)
	    at NgModuleRef_.push../node_modules/@angular/core/esm5/core.js.NgModuleRef_.get node_modules/@angular/core/esm5/core.js:12129:1)
	    at resolveDep node_modules/@angular/core/esm5/core.js:12619:1)
	Expected undefined to be truthy.
	    at Object.<anonymous> src/app/components/timer/timer.component.spec.ts:23:23)
	    at ZoneDelegate../node_modules/zone.js/dist/zone.js.ZoneDelegate.invoke node_modules/zone.js/dist/zone.js:388:1)
	    at ProxyZoneSpec.push../node_modules/zone.js/dist/proxy.js.ProxyZoneSpec.onInvoke node_modules/zone.js/dist/proxy.js:128:1)
	    at ZoneDelegate../node_modules/zone.js/dist/zone.js.ZoneDelegate.invoke node_modules/zone.js/dist/zone.js:387:1)
Chrome 67.0.3396 (Mac OS X 10.13.3): Executed 5 of 12 (3 FAILED) (0 secs / 0.277 secs)
Chrome 67.0.3396 (Mac OS X 10.13.3) TimerComponent should be created FAILED
	Error: StaticInjectorError(DynamicTestModule)[TimerComponent -> RecentActivitiesService]: 
	  StaticInjectorError(Platform: core)[TimerComponent -> RecentActivitiesService]: 
	    NullInjectorError: No provider for RecentActivitiesService!
	    at _NullInjector.push../node_modules/@angular/core/esm5/core.js._NullInjector.get node_modules/@angular/core/esm5/core.js:1003:1)
	    at resolveToken node_modules/@angular/core/esm5/core.js:1301:1)
	    at tryResolveToken node_modules/@angular/core/esm5/core.js:1243:1)
	    at StaticInjector.push../node_modules/@angular/core/esm5/core.js.StaticInjector.get node_modules/@angular/core/esm5/core.js:1111:1)
	    at resolveToken node_modules/@angular/core/esm5/core.js:1301:1)
	    at tryResolveToken node_modules/@angular/core/esm5/core.js:1243:1)
	    at StaticInjector.push../node_modules/@angular/core/esm5/core.js.StaticInjector.get node_modules/@angular/core/esm5/core.js:1111:1)
	    at resolveNgModuleDep node_modules/@angular/core/esm5/core.js:10896:1)
	    at NgModuleRef_.push../node_modules/@angular/core/esm5/core.js.NgModuleRef_.get node_modules/@angular/core/esm5/core.js:12129:1)
	    at resolveDep node_modules/@angular/core/esm5/core.js:12619:1)
	Expected undefined to be truthy.
	    at Object.<anonymous> src/app/components/timer/timer.component.spec.ts:23:23)
	    at ZoneDelegate../node_modules/zone.js/dist/zone.js.ZoneDelegate.invoke node_modules/zone.js/dist/zone.js:388:1)
	    at ProxyZoneSpec.push../node_modules/zone.js/dist/proxy.js.ProxyZoneSpec.onInvoke node_modules/zone.js/dist/proxy.js:128:1)
	    at ZoneDelegate../node_modules/zone.js/dist/zone.js.ZoneDelegate.invoke node_modules/zone.js/dist/zone.js:387:1)
Chrome 67.0.3396 (Mac OS X 10.13.3) TopnavComponent should be created FAILED
	Can't bind to 'collapse' since it isn't a known property of 'div'. ("ef="#">Activity Tracker</a>
			</div>
			<div id="navbar-collapse-1" class="collapse navbar-collapse" [ERROR ->][collapse]="isCollapsed">
				<ul class="nav navbar-nav">
					<li class="active">
	"): ng:///DynamicTestModule/TopnavComponent.html@14:63
	Error: Template parse errors:
	    at syntaxError node_modules/@angular/compiler/esm5/compiler.js:486:22)
	    at TemplateParser.push../node_modules/@angular/compiler/esm5/compiler.js.TemplateParser.parse node_modules/@angular/compiler/esm5/compiler.js:24674:1)
	    at JitCompiler.push../node_modules/@angular/compiler/esm5/compiler.js.JitCompiler._parseTemplate node_modules/@angular/compiler/esm5/compiler.js:34629:1)
	    at JitCompiler.push../node_modules/@angular/compiler/esm5/compiler.js.JitCompiler._compileTemplate node_modules/@angular/compiler/esm5/compiler.js:34604:1)
	    at http://localhost:18763/_karma_webpack_/webpack:/node_modules/@angular/compiler/esm5/compiler.js:34505:48
	    at Set.forEach (<anonymous>)
	    at JitCompiler.push../node_modules/@angular/compiler/esm5/compiler.js.JitCompiler._compileComponents node_modules/@angular/compiler/esm5/compiler.js:34505:1)
	    at http://localhost:18763/_karma_webpack_/webpack:/node_modules/@angular/compiler/esm5/compiler.js:34393:1
	    at Object.then node_modules/@angular/compiler/esm5/compiler.js:475:33)
	    at JitCompiler.push../node_modules/@angular/compiler/esm5/compiler.js.JitCompiler._compileModuleAndAllComponents node_modules/@angular/compiler/esm5/compiler.js:34391:1)
	Error: Template parse errors:
	Can't bind to 'collapse' since it isn't a known property of 'div'. ("ef="#">Activity Tracker</a>
			</div>
			<div id="navbar-collapse-1" class="collapse navbar-collapse" [ERROR ->][collapse]="isCollapsed">
				<ul class="nav navbar-nav">
					<li class="active">
	"): ng:///DynamicTestModule/TopnavComponent.html@14:63
	    at syntaxError node_modules/@angular/compiler/esm5/compiler.js:486:22)
	    at TemplateParser.push../node_modules/@angular/compiler/esm5/compiler.js.TemplateParser.parse node_modules/@angular/compiler/esm5/compiler.js:24674:1)
	    at JitCompiler.push../node_modules/@angular/compiler/esm5/compiler.js.JitCompiler._parseTemplate node_modules/@angular/compiler/esm5/compiler.js:34629:1)
	    at JitCompiler.push../node_modules/@angular/compiler/esm5/compiler.js.JitCompiler._compileTemplate node_modules/@angular/compiler/esm5/compiler.js:34604:1)
	    at http://localhost:18763/_karma_webpack_/webpack:/node_modules/@angular/compiler/esm5/compiler.js:34505:48
	    at Set.forEach (<anonymous>)
	    at JitCompiler.push../node_modules/@angular/compiler/esm5/compiler.js.JitCompiler._compileComponents node_modules/@angular/compiler/esm5/compiler.js:34505:1)
	    at http://localhost:18763/_karma_webpack_/webpack:/node_modules/@angular/compiler/esm5/compiler.js:34393:1
	    at Object.then node_modules/@angular/compiler/esm5/compiler.js:475:33)
	    at JitCompiler.push../node_modules/@angular/compiler/esm5/compiler.js.JitCompiler._compileModuleAndAllComponents node_modules/@angular/compiler/esm5/compiler.js:34391:1)
	Expected undefined to be truthy.
	    at Object.<anonymous> src/app/components/topnav/topnav.component.spec.ts:23:23)
	    at ZoneDelegate../node_modules/zone.js/dist/zone.js.ZoneDelegate.invoke node_modules/zone.js/dist/zone.js:388:1)
	    at ProxyZoneSpec.push../node_modules/zone.js/dist/proxy.js.ProxyZoneSpec.onInvoke node_modules/zone.js/dist/proxy.js:128:1)
	    at ZoneDelegate../node_modules/zone.js/dist/zone.js.ZoneDelegate.invoke node_modules/zone.js/dist/zone.js:387:1)
[1A[2KChrome 67.0.3396 (Mac OS X 10.13.3) TopnavComponent should be created FAILED
	Can't bind to 'collapse' since it isn't a known property of 'div'. ("ef="#">Activity Tracker</a>
			</div>
			<div id="navbar-collapse-1" class="collapse navbar-collapse" [ERROR ->][collapse]="isCollapsed">
				<ul class="nav navbar-nav">
					<li class="active">
	"): ng:///DynamicTestModule/TopnavComponent.html@14:63
	Error: Template parse errors:
	    at syntaxError node_modules/@angular/compiler/esm5/compiler.js:486:22)
	    at TemplateParser.push../node_modules/@angular/compiler/esm5/compiler.js.TemplateParser.parse node_modules/@angular/compiler/esm5/compiler.js:24674:1)
	    at JitCompiler.push../node_modules/@angular/compiler/esm5/compiler.js.JitCompiler._parseTemplate node_modules/@angular/compiler/esm5/compiler.js:34629:1)
	    at JitCompiler.push../node_modules/@angular/compiler/esm5/compiler.js.JitCompiler._compileTemplate node_modules/@angular/compiler/esm5/compiler.js:34604:1)
	    at http://localhost:18763/_karma_webpack_/webpack:/node_modules/@angular/compiler/esm5/compiler.js:34505:48
	    at Set.forEach (<anonymous>)
	    at JitCompiler.push../node_modules/@angular/compiler/esm5/compiler.js.JitCompiler._compileComponents node_modules/@angular/compiler/esm5/compiler.js:34505:1)
	    at http://localhost:18763/_karma_webpack_/webpack:/node_modules/@angular/compiler/esm5/compiler.js:34393:1
	    at Object.then node_modules/@angular/compiler/esm5/compiler.js:475:33)
	    at JitCompiler.push../node_modules/@angular/compiler/esm5/compiler.js.JitCompiler._compileModuleAndAllComponents node_modules/@angular/compiler/esm5/compiler.js:34391:1)
	Error: Template parse errors:
	Can't bind to 'collapse' since it isn't a known property of 'div'. ("ef="#">Activity Tracker</a>
			</div>
			<div id="navbar-collapse-1" class="collapse navbar-collapse" [ERROR ->][collapse]="isCollapsed">
				<ul class="nav navbar-nav">
					<li class="active">
	"): ng:///DynamicTestModule/TopnavComponent.html@14:63
	    at syntaxError node_modules/@angular/compiler/esm5/compiler.js:486:22)
	    at TemplateParser.push../node_modules/@angular/compiler/esm5/compiler.js.TemplateParser.parse node_modules/@angular/compiler/esm5/compiler.js:24674:1)
	    at JitCompiler.push../node_modules/@angular/compiler/esm5/compiler.js.JitCompiler._parseTemplate node_modules/@angular/compiler/esm5/compiler.js:34629:1)
	    at JitCompiler.push../node_modules/@angular/compiler/esm5/compiler.js.JitCompiler._compileTemplate node_modules/@angular/compiler/esm5/compiler.js:34604:1)
	    at http://localhost:18763/_karma_webpack_/webpack:/node_modules/@angular/compiler/esm5/compiler.js:34505:48
	    at Set.forEach (<anonymous>)
	    at JitCompiler.push../node_modules/@angular/compiler/esm5/compiler.js.JitCompiler._compileComponents node_modules/@angular/compiler/esm5/compiler.js:34505:1)
	    at http://localhost:18763/_karma_webpack_/webpack:/node_modules/@angular/compiler/esm5/compiler.js:34393:1
	    at Object.then node_modules/@angular/compiler/esm5/compiler.js:475:33)
	    at JitCompiler.push../node_modules/@angular/compiler/esm5/compiler.js.JitCompiler._compileModuleAndAllComponents node_modules/@angular/compiler/esm5/compiler.js:34391:1)
	Expected undefined to be truthy.
	    at Object.<anonymous> src/app/components/topnav/topnav.component.spec.ts:23:23)
	    at ZoneDelegate../node_modules/zone.js/dist/zone.js.ZoneDelegate.invoke node_modules/zone.js/dist/zone.js:388:1)
	    at ProxyZoneSpec.push../node_modules/zone.js/dist/proxy.js.ProxyZoneSpec.onInvoke node_modules/zone.js/dist/proxy.js:128:1)
	    at ZoneDelegate../node_modules/zone.js/dist/zone.js.ZoneDelegate.invoke node_modules/zone.js/dist/zone.js:387:1)
Chrome 67.0.3396 (Mac OS X 10.13.3): Executed 6 of 12 (4 FAILED) (0 secs / 0.299 secs)
Chrome 67.0.3396 (Mac OS X 10.13.3) TopnavComponent should be created FAILED
	Can't bind to 'collapse' since it isn't a known property of 'div'. ("ef="#">Activity Tracker</a>
			</div>
			<div id="navbar-collapse-1" class="collapse navbar-collapse" [ERROR ->][collapse]="isCollapsed">
				<ul class="nav navbar-nav">
					<li class="active">
	"): ng:///DynamicTestModule/TopnavComponent.html@14:63
	Error: Template parse errors:
	    at syntaxError node_modules/@angular/compiler/esm5/compiler.js:486:22)
	    at TemplateParser.push../node_modules/@angular/compiler/esm5/compiler.js.TemplateParser.parse node_modules/@angular/compiler/esm5/compiler.js:24674:1)
	    at JitCompiler.push../node_modules/@angular/compiler/esm5/compiler.js.JitCompiler._parseTemplate node_modules/@angular/compiler/esm5/compiler.js:34629:1)
	    at JitCompiler.push../node_modules/@angular/compiler/esm5/compiler.js.JitCompiler._compileTemplate node_modules/@angular/compiler/esm5/compiler.js:34604:1)
	    at http://localhost:18763/_karma_webpack_/webpack:/node_modules/@angular/compiler/esm5/compiler.js:34505:48
	    at Set.forEach (<anonymous>)
	    at JitCompiler.push../node_modules/@angular/compiler/esm5/compiler.js.JitCompiler._compileComponents node_modules/@angular/compiler/esm5/compiler.js:34505:1)
	    at http://localhost:18763/_karma_webpack_/webpack:/node_modules/@angular/compiler/esm5/compiler.js:34393:1
	    at Object.then node_modules/@angular/compiler/esm5/compiler.js:475:33)
	    at JitCompiler.push../node_modules/@angular/compiler/esm5/compiler.js.JitCompiler._compileModuleAndAllComponents node_modules/@angular/compiler/esm5/compiler.js:34391:1)
	Error: Template parse errors:
	Can't bind to 'collapse' since it isn't a known property of 'div'. ("ef="#">Activity Tracker</a>
			</div>
			<div id="navbar-collapse-1" class="collapse navbar-collapse" [ERROR ->][collapse]="isCollapsed">
				<ul class="nav navbar-nav">
					<li class="active">
	"): ng:///DynamicTestModule/TopnavComponent.html@14:63
	    at syntaxError node_modules/@angular/compiler/esm5/compiler.js:486:22)
	    at TemplateParser.push../node_modules/@angular/compiler/esm5/compiler.js.TemplateParser.parse node_modules/@angular/compiler/esm5/compiler.js:24674:1)
	    at JitCompiler.push../node_modules/@angular/compiler/esm5/compiler.js.JitCompiler._parseTemplate node_modules/@angular/compiler/esm5/compiler.js:34629:1)
	    at JitCompiler.push../node_modules/@angular/compiler/esm5/compiler.js.JitCompiler._compileTemplate node_modules/@angular/compiler/esm5/compiler.js:34604:1)
	    at http://localhost:18763/_karma_webpack_/webpack:/node_modules/@angular/compiler/esm5/compiler.js:34505:48
	    at Set.forEach (<anonymous>)
	    at JitCompiler.push../node_modules/@angular/compiler/esm5/compiler.js.JitCompiler._compileComponents node_modules/@angular/compiler/esm5/compiler.js:34505:1)
	    at http://localhost:18763/_karma_webpack_/webpack:/node_modules/@angular/compiler/esm5/compiler.js:34393:1
	    at Object.then node_modules/@angular/compiler/esm5/compiler.js:475:33)
	    at JitCompiler.push../node_modules/@angular/compiler/esm5/compiler.js.JitCompiler._compileModuleAndAllComponents node_modules/@angular/compiler/esm5/compiler.js:34391:1)
	Expected undefined to be truthy.
	    at Object.<anonymous> src/app/components/topnav/topnav.component.spec.ts:23:23)
	    at ZoneDelegate../node_modules/zone.js/dist/zone.js.ZoneDelegate.invoke node_modules/zone.js/dist/zone.js:388:1)
	    at ProxyZoneSpec.push../node_modules/zone.js/dist/proxy.js.ProxyZoneSpec.onInvoke node_modules/zone.js/dist/proxy.js:128:1)
	    at ZoneDelegate../node_modules/zone.js/dist/zone.js.ZoneDelegate.invoke node_modules/zone.js/dist/zone.js:387:1)
Chrome 67.0.3396 (Mac OS X 10.13.3) TrackerComponent should be created FAILED
	'activity-selector' is not a known element:
	1. If 'activity-selector' is an Angular component, then verify that it is part of this module.
	2. If 'activity-selector' is a Web Component then add 'CUSTOM_ELEMENTS_SCHEMA' to the '@NgModule.schemas' of this component to suppress this message. ("
	  <div class="row">
	    <div class="col-md-12">
	      [ERROR ->]<activity-selector>
	      </activity-selector>
	    </div>
	"): ng:///DynamicTestModule/TrackerComponent.html@3:6
	'timer' is not a known element:
	1. If 'timer' is an Angular component, then verify that it is part of this module.
	2. To allow any element add 'NO_ERRORS_SCHEMA' to the '@NgModule.schemas' of this component. ("
	  <div class="row">
	    <div class="col-md-12">
	      [ERROR ->]<timer class="text-center" (onTimerStopped)="onTimerStopped($event)"></timer>
	    </div>
	  </div>
	"): ng:///DynamicTestModule/TrackerComponent.html@9:6
	'recent-activities' is not a known element:
	1. If 'recent-activities' is an Angular component, then verify that it is part of this module.
	2. If 'recent-activities' is a Web Component then add 'CUSTOM_ELEMENTS_SCHEMA' to the '@NgModule.schemas' of this component to suppress this message. ("
	</main>
	<aside class="col-md-3">
	  [ERROR ->]<recent-activities></recent-activities>
	</aside>
	"): ng:///DynamicTestModule/TrackerComponent.html@14:2
	Error: Template parse errors:
	    at syntaxError node_modules/@angular/compiler/esm5/compiler.js:486:22)
	    at TemplateParser.push../node_modules/@angular/compiler/esm5/compiler.js.TemplateParser.parse node_modules/@angular/compiler/esm5/compiler.js:24674:1)
	    at JitCompiler.push../node_modules/@angular/compiler/esm5/compiler.js.JitCompiler._parseTemplate node_modules/@angular/compiler/esm5/compiler.js:34629:1)
	    at JitCompiler.push../node_modules/@angular/compiler/esm5/compiler.js.JitCompiler._compileTemplate node_modules/@angular/compiler/esm5/compiler.js:34604:1)
	    at http://localhost:18763/_karma_webpack_/webpack:/node_modules/@angular/compiler/esm5/compiler.js:34505:48
	    at Set.forEach (<anonymous>)
	    at JitCompiler.push../node_modules/@angular/compiler/esm5/compiler.js.JitCompiler._compileComponents node_modules/@angular/compiler/esm5/compiler.js:34505:1)
	    at http://localhost:18763/_karma_webpack_/webpack:/node_modules/@angular/compiler/esm5/compiler.js:34393:1
	    at Object.then node_modules/@angular/compiler/esm5/compiler.js:475:33)
	    at JitCompiler.push../node_modules/@angular/compiler/esm5/compiler.js.JitCompiler._compileModuleAndAllComponents node_modules/@angular/compiler/esm5/compiler.js:34391:1)
	Error: Template parse errors:
	'activity-selector' is not a known element:
	1. If 'activity-selector' is an Angular component, then verify that it is part of this module.
	2. If 'activity-selector' is a Web Component then add 'CUSTOM_ELEMENTS_SCHEMA' to the '@NgModule.schemas' of this component to suppress this message. ("
	  <div class="row">
	    <div class="col-md-12">
	      [ERROR ->]<activity-selector>
	      </activity-selector>
	    </div>
	"): ng:///DynamicTestModule/TrackerComponent.html@3:6
	'timer' is not a known element:
	1. If 'timer' is an Angular component, then verify that it is part of this module.
	2. To allow any element add 'NO_ERRORS_SCHEMA' to the '@NgModule.schemas' of this component. ("
	  <div class="row">
	    <div class="col-md-12">
	      [ERROR ->]<timer class="text-center" (onTimerStopped)="onTimerStopped($event)"></timer>
	    </div>
	  </div>
	"): ng:///DynamicTestModule/TrackerComponent.html@9:6
	'recent-activities' is not a known element:
	1. If 'recent-activities' is an Angular component, then verify that it is part of this module.
	2. If 'recent-activities' is a Web Component then add 'CUSTOM_ELEMENTS_SCHEMA' to the '@NgModule.schemas' of this component to suppress this message. ("
	</main>
	<aside class="col-md-3">
	  [ERROR ->]<recent-activities></recent-activities>
	</aside>
	"): ng:///DynamicTestModule/TrackerComponent.html@14:2
	    at syntaxError node_modules/@angular/compiler/esm5/compiler.js:486:22)
	    at TemplateParser.push../node_modules/@angular/compiler/esm5/compiler.js.TemplateParser.parse node_modules/@angular/compiler/esm5/compiler.js:24674:1)
	    at JitCompiler.push../node_modules/@angular/compiler/esm5/compiler.js.JitCompiler._parseTemplate node_modules/@angular/compiler/esm5/compiler.js:34629:1)
	    at JitCompiler.push../node_modules/@angular/compiler/esm5/compiler.js.JitCompiler._compileTemplate node_modules/@angular/compiler/esm5/compiler.js:34604:1)
	    at http://localhost:18763/_karma_webpack_/webpack:/node_modules/@angular/compiler/esm5/compiler.js:34505:48
	    at Set.forEach (<anonymous>)
	    at JitCompiler.push../node_modules/@angular/compiler/esm5/compiler.js.JitCompiler._compileComponents node_modules/@angular/compiler/esm5/compiler.js:34505:1)
	    at http://localhost:18763/_karma_webpack_/webpack:/node_modules/@angular/compiler/esm5/compiler.js:34393:1
	    at Object.then node_modules/@angular/compiler/esm5/compiler.js:475:33)
	    at JitCompiler.push../node_modules/@angular/compiler/esm5/compiler.js.JitCompiler._compileModuleAndAllComponents node_modules/@angular/compiler/esm5/compiler.js:34391:1)
	Expected undefined to be truthy.
	    at Object.<anonymous> src/app/components/tracker/tracker.component.spec.ts:23:23)
	    at ZoneDelegate../node_modules/zone.js/dist/zone.js.ZoneDelegate.invoke node_modules/zone.js/dist/zone.js:388:1)
	    at ProxyZoneSpec.push../node_modules/zone.js/dist/proxy.js.ProxyZoneSpec.onInvoke node_modules/zone.js/dist/proxy.js:128:1)
	    at ZoneDelegate../node_modules/zone.js/dist/zone.js.ZoneDelegate.invoke node_modules/zone.js/dist/zone.js:387:1)
[1A[2KChrome 67.0.3396 (Mac OS X 10.13.3) TrackerComponent should be created FAILED
	'activity-selector' is not a known element:
	1. If 'activity-selector' is an Angular component, then verify that it is part of this module.
	2. If 'activity-selector' is a Web Component then add 'CUSTOM_ELEMENTS_SCHEMA' to the '@NgModule.schemas' of this component to suppress this message. ("
	  <div class="row">
	    <div class="col-md-12">
	      [ERROR ->]<activity-selector>
	      </activity-selector>
	    </div>
	"): ng:///DynamicTestModule/TrackerComponent.html@3:6
	'timer' is not a known element:
	1. If 'timer' is an Angular component, then verify that it is part of this module.
	2. To allow any element add 'NO_ERRORS_SCHEMA' to the '@NgModule.schemas' of this component. ("
	  <div class="row">
	    <div class="col-md-12">
	      [ERROR ->]<timer class="text-center" (onTimerStopped)="onTimerStopped($event)"></timer>
	    </div>
	  </div>
	"): ng:///DynamicTestModule/TrackerComponent.html@9:6
	'recent-activities' is not a known element:
	1. If 'recent-activities' is an Angular component, then verify that it is part of this module.
	2. If 'recent-activities' is a Web Component then add 'CUSTOM_ELEMENTS_SCHEMA' to the '@NgModule.schemas' of this component to suppress this message. ("
	</main>
	<aside class="col-md-3">
	  [ERROR ->]<recent-activities></recent-activities>
	</aside>
	"): ng:///DynamicTestModule/TrackerComponent.html@14:2
	Error: Template parse errors:
	    at syntaxError node_modules/@angular/compiler/esm5/compiler.js:486:22)
	    at TemplateParser.push../node_modules/@angular/compiler/esm5/compiler.js.TemplateParser.parse node_modules/@angular/compiler/esm5/compiler.js:24674:1)
	    at JitCompiler.push../node_modules/@angular/compiler/esm5/compiler.js.JitCompiler._parseTemplate node_modules/@angular/compiler/esm5/compiler.js:34629:1)
	    at JitCompiler.push../node_modules/@angular/compiler/esm5/compiler.js.JitCompiler._compileTemplate node_modules/@angular/compiler/esm5/compiler.js:34604:1)
	    at http://localhost:18763/_karma_webpack_/webpack:/node_modules/@angular/compiler/esm5/compiler.js:34505:48
	    at Set.forEach (<anonymous>)
	    at JitCompiler.push../node_modules/@angular/compiler/esm5/compiler.js.JitCompiler._compileComponents node_modules/@angular/compiler/esm5/compiler.js:34505:1)
	    at http://localhost:18763/_karma_webpack_/webpack:/node_modules/@angular/compiler/esm5/compiler.js:34393:1
	    at Object.then node_modules/@angular/compiler/esm5/compiler.js:475:33)
	    at JitCompiler.push../node_modules/@angular/compiler/esm5/compiler.js.JitCompiler._compileModuleAndAllComponents node_modules/@angular/compiler/esm5/compiler.js:34391:1)
	Error: Template parse errors:
	'activity-selector' is not a known element:
	1. If 'activity-selector' is an Angular component, then verify that it is part of this module.
	2. If 'activity-selector' is a Web Component then add 'CUSTOM_ELEMENTS_SCHEMA' to the '@NgModule.schemas' of this component to suppress this message. ("
	  <div class="row">
	    <div class="col-md-12">
	      [ERROR ->]<activity-selector>
	      </activity-selector>
	    </div>
	"): ng:///DynamicTestModule/TrackerComponent.html@3:6
	'timer' is not a known element:
	1. If 'timer' is an Angular component, then verify that it is part of this module.
	2. To allow any element add 'NO_ERRORS_SCHEMA' to the '@NgModule.schemas' of this component. ("
	  <div class="row">
	    <div class="col-md-12">
	      [ERROR ->]<timer class="text-center" (onTimerStopped)="onTimerStopped($event)"></timer>
	    </div>
	  </div>
	"): ng:///DynamicTestModule/TrackerComponent.html@9:6
	'recent-activities' is not a known element:
	1. If 'recent-activities' is an Angular component, then verify that it is part of this module.
	2. If 'recent-activities' is a Web Component then add 'CUSTOM_ELEMENTS_SCHEMA' to the '@NgModule.schemas' of this component to suppress this message. ("
	</main>
	<aside class="col-md-3">
	  [ERROR ->]<recent-activities></recent-activities>
	</aside>
	"): ng:///DynamicTestModule/TrackerComponent.html@14:2
	    at syntaxError node_modules/@angular/compiler/esm5/compiler.js:486:22)
	    at TemplateParser.push../node_modules/@angular/compiler/esm5/compiler.js.TemplateParser.parse node_modules/@angular/compiler/esm5/compiler.js:24674:1)
	    at JitCompiler.push../node_modules/@angular/compiler/esm5/compiler.js.JitCompiler._parseTemplate node_modules/@angular/compiler/esm5/compiler.js:34629:1)
	    at JitCompiler.push../node_modules/@angular/compiler/esm5/compiler.js.JitCompiler._compileTemplate node_modules/@angular/compiler/esm5/compiler.js:34604:1)
	    at http://localhost:18763/_karma_webpack_/webpack:/node_modules/@angular/compiler/esm5/compiler.js:34505:48
	    at Set.forEach (<anonymous>)
	    at JitCompiler.push../node_modules/@angular/compiler/esm5/compiler.js.JitCompiler._compileComponents node_modules/@angular/compiler/esm5/compiler.js:34505:1)
	    at http://localhost:18763/_karma_webpack_/webpack:/node_modules/@angular/compiler/esm5/compiler.js:34393:1
	    at Object.then node_modules/@angular/compiler/esm5/compiler.js:475:33)
	    at JitCompiler.push../node_modules/@angular/compiler/esm5/compiler.js.JitCompiler._compileModuleAndAllComponents node_modules/@angular/compiler/esm5/compiler.js:34391:1)
	Expected undefined to be truthy.
	    at Object.<anonymous> src/app/components/tracker/tracker.component.spec.ts:23:23)
	    at ZoneDelegate../node_modules/zone.js/dist/zone.js.ZoneDelegate.invoke node_modules/zone.js/dist/zone.js:388:1)
	    at ProxyZoneSpec.push../node_modules/zone.js/dist/proxy.js.ProxyZoneSpec.onInvoke node_modules/zone.js/dist/proxy.js:128:1)
	    at ZoneDelegate../node_modules/zone.js/dist/zone.js.ZoneDelegate.invoke node_modules/zone.js/dist/zone.js:387:1)
Chrome 67.0.3396 (Mac OS X 10.13.3): Executed 7 of 12 (5 FAILED) (0 secs / 0.31 secs)
Chrome 67.0.3396 (Mac OS X 10.13.3) TrackerComponent should be created FAILED
	'activity-selector' is not a known element:
	1. If 'activity-selector' is an Angular component, then verify that it is part of this module.
	2. If 'activity-selector' is a Web Component then add 'CUSTOM_ELEMENTS_SCHEMA' to the '@NgModule.schemas' of this component to suppress this message. ("
	  <div class="row">
	    <div class="col-md-12">
	      [ERROR ->]<activity-selector>
	      </activity-selector>
	    </div>
	"): ng:///DynamicTestModule/TrackerComponent.html@3:6
	'timer' is not a known element:
	1. If 'timer' is an Angular component, then verify that it is part of this module.
	2. To allow any element add 'NO_ERRORS_SCHEMA' to the '@NgModule.schemas' of this component. ("
	  <div class="row">
	    <div class="col-md-12">
	      [ERROR ->]<timer class="text-center" (onTimerStopped)="onTimerStopped($event)"></timer>
	    </div>
	  </div>
	"): ng:///DynamicTestModule/TrackerComponent.html@9:6
	'recent-activities' is not a known element:
	1. If 'recent-activities' is an Angular component, then verify that it is part of this module.
	2. If 'recent-activities' is a Web Component then add 'CUSTOM_ELEMENTS_SCHEMA' to the '@NgModule.schemas' of this component to suppress this message. ("
	</main>
	<aside class="col-md-3">
	  [ERROR ->]<recent-activities></recent-activities>
	</aside>
	"): ng:///DynamicTestModule/TrackerComponent.html@14:2
	Error: Template parse errors:
	    at syntaxError node_modules/@angular/compiler/esm5/compiler.js:486:22)
	    at TemplateParser.push../node_modules/@angular/compiler/esm5/compiler.js.TemplateParser.parse node_modules/@angular/compiler/esm5/compiler.js:24674:1)
	    at JitCompiler.push../node_modules/@angular/compiler/esm5/compiler.js.JitCompiler._parseTemplate node_modules/@angular/compiler/esm5/compiler.js:34629:1)
	    at JitCompiler.push../node_modules/@angular/compiler/esm5/compiler.js.JitCompiler._compileTemplate node_modules/@angular/compiler/esm5/compiler.js:34604:1)
	    at http://localhost:18763/_karma_webpack_/webpack:/node_modules/@angular/compiler/esm5/compiler.js:34505:48
	    at Set.forEach (<anonymous>)
	    at JitCompiler.push../node_modules/@angular/compiler/esm5/compiler.js.JitCompiler._compileComponents node_modules/@angular/compiler/esm5/compiler.js:34505:1)
	    at http://localhost:18763/_karma_webpack_/webpack:/node_modules/@angular/compiler/esm5/compiler.js:34393:1
	    at Object.then node_modules/@angular/compiler/esm5/compiler.js:475:33)
	    at JitCompiler.push../node_modules/@angular/compiler/esm5/compiler.js.JitCompiler._compileModuleAndAllComponents node_modules/@angular/compiler/esm5/compiler.js:34391:1)
	Error: Template parse errors:
	'activity-selector' is not a known element:
	1. If 'activity-selector' is an Angular component, then verify that it is part of this module.
	2. If 'activity-selector' is a Web Component then add 'CUSTOM_ELEMENTS_SCHEMA' to the '@NgModule.schemas' of this component to suppress this message. ("
	  <div class="row">
	    <div class="col-md-12">
	      [ERROR ->]<activity-selector>
	      </activity-selector>
	    </div>
	"): ng:///DynamicTestModule/TrackerComponent.html@3:6
	'timer' is not a known element:
	1. If 'timer' is an Angular component, then verify that it is part of this module.
	2. To allow any element add 'NO_ERRORS_SCHEMA' to the '@NgModule.schemas' of this component. ("
	  <div class="row">
	    <div class="col-md-12">
	      [ERROR ->]<timer class="text-center" (onTimerStopped)="onTimerStopped($event)"></timer>
	    </div>
	  </div>
	"): ng:///DynamicTestModule/TrackerComponent.html@9:6
	'recent-activities' is not a known element:
	1. If 'recent-activities' is an Angular component, then verify that it is part of this module.
	2. If 'recent-activities' is a Web Component then add 'CUSTOM_ELEMENTS_SCHEMA' to the '@NgModule.schemas' of this component to suppress this message. ("
	</main>
	<aside class="col-md-3">
	  [ERROR ->]<recent-activities></recent-activities>
	</aside>
	"): ng:///DynamicTestModule/TrackerComponent.html@14:2
	    at syntaxError node_modules/@angular/compiler/esm5/compiler.js:486:22)
	    at TemplateParser.push../node_modules/@angular/compiler/esm5/compiler.js.TemplateParser.parse node_modules/@angular/compiler/esm5/compiler.js:24674:1)
	    at JitCompiler.push../node_modules/@angular/compiler/esm5/compiler.js.JitCompiler._parseTemplate node_modules/@angular/compiler/esm5/compiler.js:34629:1)
	    at JitCompiler.push../node_modules/@angular/compiler/esm5/compiler.js.JitCompiler._compileTemplate node_modules/@angular/compiler/esm5/compiler.js:34604:1)
	    at http://localhost:18763/_karma_webpack_/webpack:/node_modules/@angular/compiler/esm5/compiler.js:34505:48
	    at Set.forEach (<anonymous>)
	    at JitCompiler.push../node_modules/@angular/compiler/esm5/compiler.js.JitCompiler._compileComponents node_modules/@angular/compiler/esm5/compiler.js:34505:1)
	    at http://localhost:18763/_karma_webpack_/webpack:/node_modules/@angular/compiler/esm5/compiler.js:34393:1
	    at Object.then node_modules/@angular/compiler/esm5/compiler.js:475:33)
	    at JitCompiler.push../node_modules/@angular/compiler/esm5/compiler.js.JitCompiler._compileModuleAndAllComponents node_modules/@angular/compiler/esm5/compiler.js:34391:1)
	Expected undefined to be truthy.
	    at Object.<anonymous> src/app/components/tracker/tracker.component.spec.ts:23:23)
	    at ZoneDelegate../node_modules/zone.js/dist/zone.js.ZoneDelegate.invoke node_modules/zone.js/dist/zone.js:388:1)
	    at ProxyZoneSpec.push../node_modules/zone.js/dist/proxy.js.ProxyZoneSpec.onInvoke node_modules/zone.js/dist/proxy.js:128:1)
	    at ZoneDelegate../node_modules/zone.js/dist/zone.js.ZoneDelegate.invoke node_modules/zone.js/dist/zone.js:387:1)
Chrome 67.0.3396 (Mac OS X 10.13.3) UserLoginComponent should create FAILED
	Can't bind to 'ngModel' since it isn't a known property of 'input'. (">
	  <div class="form-group">
	    <input name="username" class="form-control" placeholder="Username" [ERROR ->][(ngModel)]="data.username">
	  </div>
	  <div class="form-group">
	"): ng:///DynamicTestModule/UserLoginComponent.html@2:71
	Can't bind to 'ngModel' since it isn't a known property of 'input'. ("form-group">
	    <input name="password" type="password" placeholder="Password" class="form-control" [ERROR ->][(ngModel)]="data.password">
	  </div>
	  <button class="btn btn-primary center-block" [mat-dialog-clos"): ng:///DynamicTestModule/UserLoginComponent.html@5:87
	Can't bind to 'mat-dialog-close' since it isn't a known property of 'button'. (""form-control" [(ngModel)]="data.password">
	  </div>
	  <button class="btn btn-primary center-block" [ERROR ->][mat-dialog-close]="data">Login</button>
	</form>"): ng:///DynamicTestModule/UserLoginComponent.html@7:47
	Error: Template parse errors:
	    at syntaxError node_modules/@angular/compiler/esm5/compiler.js:486:22)
	    at TemplateParser.push../node_modules/@angular/compiler/esm5/compiler.js.TemplateParser.parse node_modules/@angular/compiler/esm5/compiler.js:24674:1)
	    at JitCompiler.push../node_modules/@angular/compiler/esm5/compiler.js.JitCompiler._parseTemplate node_modules/@angular/compiler/esm5/compiler.js:34629:1)
	    at JitCompiler.push../node_modules/@angular/compiler/esm5/compiler.js.JitCompiler._compileTemplate node_modules/@angular/compiler/esm5/compiler.js:34604:1)
	    at http://localhost:18763/_karma_webpack_/webpack:/node_modules/@angular/compiler/esm5/compiler.js:34505:48
	    at Set.forEach (<anonymous>)
	    at JitCompiler.push../node_modules/@angular/compiler/esm5/compiler.js.JitCompiler._compileComponents node_modules/@angular/compiler/esm5/compiler.js:34505:1)
	    at http://localhost:18763/_karma_webpack_/webpack:/node_modules/@angular/compiler/esm5/compiler.js:34393:1
	    at Object.then node_modules/@angular/compiler/esm5/compiler.js:475:33)
	    at JitCompiler.push../node_modules/@angular/compiler/esm5/compiler.js.JitCompiler._compileModuleAndAllComponents node_modules/@angular/compiler/esm5/compiler.js:34391:1)
	Error: Template parse errors:
	Can't bind to 'ngModel' since it isn't a known property of 'input'. (">
	  <div class="form-group">
	    <input name="username" class="form-control" placeholder="Username" [ERROR ->][(ngModel)]="data.username">
	  </div>
	  <div class="form-group">
	"): ng:///DynamicTestModule/UserLoginComponent.html@2:71
	Can't bind to 'ngModel' since it isn't a known property of 'input'. ("form-group">
	    <input name="password" type="password" placeholder="Password" class="form-control" [ERROR ->][(ngModel)]="data.password">
	  </div>
	  <button class="btn btn-primary center-block" [mat-dialog-clos"): ng:///DynamicTestModule/UserLoginComponent.html@5:87
	Can't bind to 'mat-dialog-close' since it isn't a known property of 'button'. (""form-control" [(ngModel)]="data.password">
	  </div>
	  <button class="btn btn-primary center-block" [ERROR ->][mat-dialog-close]="data">Login</button>
	</form>"): ng:///DynamicTestModule/UserLoginComponent.html@7:47
	    at syntaxError node_modules/@angular/compiler/esm5/compiler.js:486:22)
	    at TemplateParser.push../node_modules/@angular/compiler/esm5/compiler.js.TemplateParser.parse node_modules/@angular/compiler/esm5/compiler.js:24674:1)
	    at JitCompiler.push../node_modules/@angular/compiler/esm5/compiler.js.JitCompiler._parseTemplate node_modules/@angular/compiler/esm5/compiler.js:34629:1)
	    at JitCompiler.push../node_modules/@angular/compiler/esm5/compiler.js.JitCompiler._compileTemplate node_modules/@angular/compiler/esm5/compiler.js:34604:1)
	    at http://localhost:18763/_karma_webpack_/webpack:/node_modules/@angular/compiler/esm5/compiler.js:34505:48
	    at Set.forEach (<anonymous>)
	    at JitCompiler.push../node_modules/@angular/compiler/esm5/compiler.js.JitCompiler._compileComponents node_modules/@angular/compiler/esm5/compiler.js:34505:1)
	    at http://localhost:18763/_karma_webpack_/webpack:/node_modules/@angular/compiler/esm5/compiler.js:34393:1
	    at Object.then node_modules/@angular/compiler/esm5/compiler.js:475:33)
	    at JitCompiler.push../node_modules/@angular/compiler/esm5/compiler.js.JitCompiler._compileModuleAndAllComponents node_modules/@angular/compiler/esm5/compiler.js:34391:1)
	Expected undefined to be truthy.
	    at Object.<anonymous> src/app/components/user-login/user-login.component.spec.ts:23:23)
	    at ZoneDelegate../node_modules/zone.js/dist/zone.js.ZoneDelegate.invoke node_modules/zone.js/dist/zone.js:388:1)
	    at ProxyZoneSpec.push../node_modules/zone.js/dist/proxy.js.ProxyZoneSpec.onInvoke node_modules/zone.js/dist/proxy.js:128:1)
	    at ZoneDelegate../node_modules/zone.js/dist/zone.js.ZoneDelegate.invoke node_modules/zone.js/dist/zone.js:387:1)
[1A[2KChrome 67.0.3396 (Mac OS X 10.13.3) UserLoginComponent should create FAILED
	Can't bind to 'ngModel' since it isn't a known property of 'input'. (">
	  <div class="form-group">
	    <input name="username" class="form-control" placeholder="Username" [ERROR ->][(ngModel)]="data.username">
	  </div>
	  <div class="form-group">
	"): ng:///DynamicTestModule/UserLoginComponent.html@2:71
	Can't bind to 'ngModel' since it isn't a known property of 'input'. ("form-group">
	    <input name="password" type="password" placeholder="Password" class="form-control" [ERROR ->][(ngModel)]="data.password">
	  </div>
	  <button class="btn btn-primary center-block" [mat-dialog-clos"): ng:///DynamicTestModule/UserLoginComponent.html@5:87
	Can't bind to 'mat-dialog-close' since it isn't a known property of 'button'. (""form-control" [(ngModel)]="data.password">
	  </div>
	  <button class="btn btn-primary center-block" [ERROR ->][mat-dialog-close]="data">Login</button>
	</form>"): ng:///DynamicTestModule/UserLoginComponent.html@7:47
	Error: Template parse errors:
	    at syntaxError node_modules/@angular/compiler/esm5/compiler.js:486:22)
	    at TemplateParser.push../node_modules/@angular/compiler/esm5/compiler.js.TemplateParser.parse node_modules/@angular/compiler/esm5/compiler.js:24674:1)
	    at JitCompiler.push../node_modules/@angular/compiler/esm5/compiler.js.JitCompiler._parseTemplate node_modules/@angular/compiler/esm5/compiler.js:34629:1)
	    at JitCompiler.push../node_modules/@angular/compiler/esm5/compiler.js.JitCompiler._compileTemplate node_modules/@angular/compiler/esm5/compiler.js:34604:1)
	    at http://localhost:18763/_karma_webpack_/webpack:/node_modules/@angular/compiler/esm5/compiler.js:34505:48
	    at Set.forEach (<anonymous>)
	    at JitCompiler.push../node_modules/@angular/compiler/esm5/compiler.js.JitCompiler._compileComponents node_modules/@angular/compiler/esm5/compiler.js:34505:1)
	    at http://localhost:18763/_karma_webpack_/webpack:/node_modules/@angular/compiler/esm5/compiler.js:34393:1
	    at Object.then node_modules/@angular/compiler/esm5/compiler.js:475:33)
	    at JitCompiler.push../node_modules/@angular/compiler/esm5/compiler.js.JitCompiler._compileModuleAndAllComponents node_modules/@angular/compiler/esm5/compiler.js:34391:1)
	Error: Template parse errors:
	Can't bind to 'ngModel' since it isn't a known property of 'input'. (">
	  <div class="form-group">
	    <input name="username" class="form-control" placeholder="Username" [ERROR ->][(ngModel)]="data.username">
	  </div>
	  <div class="form-group">
	"): ng:///DynamicTestModule/UserLoginComponent.html@2:71
	Can't bind to 'ngModel' since it isn't a known property of 'input'. ("form-group">
	    <input name="password" type="password" placeholder="Password" class="form-control" [ERROR ->][(ngModel)]="data.password">
	  </div>
	  <button class="btn btn-primary center-block" [mat-dialog-clos"): ng:///DynamicTestModule/UserLoginComponent.html@5:87
	Can't bind to 'mat-dialog-close' since it isn't a known property of 'button'. (""form-control" [(ngModel)]="data.password">
	  </div>
	  <button class="btn btn-primary center-block" [ERROR ->][mat-dialog-close]="data">Login</button>
	</form>"): ng:///DynamicTestModule/UserLoginComponent.html@7:47
	    at syntaxError node_modules/@angular/compiler/esm5/compiler.js:486:22)
	    at TemplateParser.push../node_modules/@angular/compiler/esm5/compiler.js.TemplateParser.parse node_modules/@angular/compiler/esm5/compiler.js:24674:1)
	    at JitCompiler.push../node_modules/@angular/compiler/esm5/compiler.js.JitCompiler._parseTemplate node_modules/@angular/compiler/esm5/compiler.js:34629:1)
	    at JitCompiler.push../node_modules/@angular/compiler/esm5/compiler.js.JitCompiler._compileTemplate node_modules/@angular/compiler/esm5/compiler.js:34604:1)
	    at http://localhost:18763/_karma_webpack_/webpack:/node_modules/@angular/compiler/esm5/compiler.js:34505:48
	    at Set.forEach (<anonymous>)
	    at JitCompiler.push../node_modules/@angular/compiler/esm5/compiler.js.JitCompiler._compileComponents node_modules/@angular/compiler/esm5/compiler.js:34505:1)
	    at http://localhost:18763/_karma_webpack_/webpack:/node_modules/@angular/compiler/esm5/compiler.js:34393:1
	    at Object.then node_modules/@angular/compiler/esm5/compiler.js:475:33)
	    at JitCompiler.push../node_modules/@angular/compiler/esm5/compiler.js.JitCompiler._compileModuleAndAllComponents node_modules/@angular/compiler/esm5/compiler.js:34391:1)
	Expected undefined to be truthy.
	    at Object.<anonymous> src/app/components/user-login/user-login.component.spec.ts:23:23)
	    at ZoneDelegate../node_modules/zone.js/dist/zone.js.ZoneDelegate.invoke node_modules/zone.js/dist/zone.js:388:1)
	    at ProxyZoneSpec.push../node_modules/zone.js/dist/proxy.js.ProxyZoneSpec.onInvoke node_modules/zone.js/dist/proxy.js:128:1)
	    at ZoneDelegate../node_modules/zone.js/dist/zone.js.ZoneDelegate.invoke node_modules/zone.js/dist/zone.js:387:1)
Chrome 67.0.3396 (Mac OS X 10.13.3): Executed 8 of 12 (6 FAILED) (0 secs / 0.324 secs)
Chrome 67.0.3396 (Mac OS X 10.13.3) UserLoginComponent should create FAILED
	Can't bind to 'ngModel' since it isn't a known property of 'input'. (">
	  <div class="form-group">
	    <input name="username" class="form-control" placeholder="Username" [ERROR ->][(ngModel)]="data.username">
	  </div>
	  <div class="form-group">
	"): ng:///DynamicTestModule/UserLoginComponent.html@2:71
	Can't bind to 'ngModel' since it isn't a known property of 'input'. ("form-group">
	    <input name="password" type="password" placeholder="Password" class="form-control" [ERROR ->][(ngModel)]="data.password">
	  </div>
	  <button class="btn btn-primary center-block" [mat-dialog-clos"): ng:///DynamicTestModule/UserLoginComponent.html@5:87
	Can't bind to 'mat-dialog-close' since it isn't a known property of 'button'. (""form-control" [(ngModel)]="data.password">
	  </div>
	  <button class="btn btn-primary center-block" [ERROR ->][mat-dialog-close]="data">Login</button>
	</form>"): ng:///DynamicTestModule/UserLoginComponent.html@7:47
	Error: Template parse errors:
	    at syntaxError node_modules/@angular/compiler/esm5/compiler.js:486:22)
	    at TemplateParser.push../node_modules/@angular/compiler/esm5/compiler.js.TemplateParser.parse node_modules/@angular/compiler/esm5/compiler.js:24674:1)
	    at JitCompiler.push../node_modules/@angular/compiler/esm5/compiler.js.JitCompiler._parseTemplate node_modules/@angular/compiler/esm5/compiler.js:34629:1)
	    at JitCompiler.push../node_modules/@angular/compiler/esm5/compiler.js.JitCompiler._compileTemplate node_modules/@angular/compiler/esm5/compiler.js:34604:1)
	    at http://localhost:18763/_karma_webpack_/webpack:/node_modules/@angular/compiler/esm5/compiler.js:34505:48
	    at Set.forEach (<anonymous>)
	    at JitCompiler.push../node_modules/@angular/compiler/esm5/compiler.js.JitCompiler._compileComponents node_modules/@angular/compiler/esm5/compiler.js:34505:1)
	    at http://localhost:18763/_karma_webpack_/webpack:/node_modules/@angular/compiler/esm5/compiler.js:34393:1
	    at Object.then node_modules/@angular/compiler/esm5/compiler.js:475:33)
	    at JitCompiler.push../node_modules/@angular/compiler/esm5/compiler.js.JitCompiler._compileModuleAndAllComponents node_modules/@angular/compiler/esm5/compiler.js:34391:1)
	Error: Template parse errors:
	Can't bind to 'ngModel' since it isn't a known property of 'input'. (">
	  <div class="form-group">
	    <input name="username" class="form-control" placeholder="Username" [ERROR ->][(ngModel)]="data.username">
	  </div>
	  <div class="form-group">
	"): ng:///DynamicTestModule/UserLoginComponent.html@2:71
	Can't bind to 'ngModel' since it isn't a known property of 'input'. ("form-group">
	    <input name="password" type="password" placeholder="Password" class="form-control" [ERROR ->][(ngModel)]="data.password">
	  </div>
	  <button class="btn btn-primary center-block" [mat-dialog-clos"): ng:///DynamicTestModule/UserLoginComponent.html@5:87
	Can't bind to 'mat-dialog-close' since it isn't a known property of 'button'. (""form-control" [(ngModel)]="data.password">
	  </div>
	  <button class="btn btn-primary center-block" [ERROR ->][mat-dialog-close]="data">Login</button>
	</form>"): ng:///DynamicTestModule/UserLoginComponent.html@7:47
	    at syntaxError node_modules/@angular/compiler/esm5/compiler.js:486:22)
	    at TemplateParser.push../node_modules/@angular/compiler/esm5/compiler.js.TemplateParser.parse node_modules/@angular/compiler/esm5/compiler.js:24674:1)
	    at JitCompiler.push../node_modules/@angular/compiler/esm5/compiler.js.JitCompiler._parseTemplate node_modules/@angular/compiler/esm5/compiler.js:34629:1)
	    at JitCompiler.push../node_modules/@angular/compiler/esm5/compiler.js.JitCompiler._compileTemplate node_modules/@angular/compiler/esm5/compiler.js:34604:1)
	    at http://localhost:18763/_karma_webpack_/webpack:/node_modules/@angular/compiler/esm5/compiler.js:34505:48
	    at Set.forEach (<anonymous>)
	    at JitCompiler.push../node_modules/@angular/compiler/esm5/compiler.js.JitCompiler._compileComponents node_modules/@angular/compiler/esm5/compiler.js:34505:1)
	    at http://localhost:18763/_karma_webpack_/webpack:/node_modules/@angular/compiler/esm5/compiler.js:34393:1
	    at Object.then node_modules/@angular/compiler/esm5/compiler.js:475:33)
	    at JitCompiler.push../node_modules/@angular/compiler/esm5/compiler.js.JitCompiler._compileModuleAndAllComponents node_modules/@angular/compiler/esm5/compiler.js:34391:1)
	Expected undefined to be truthy.
	    at Object.<anonymous> src/app/components/user-login/user-login.component.spec.ts:23:23)
	    at ZoneDelegate../node_modules/zone.js/dist/zone.js.ZoneDelegate.invoke node_modules/zone.js/dist/zone.js:388:1)
	    at ProxyZoneSpec.push../node_modules/zone.js/dist/proxy.js.ProxyZoneSpec.onInvoke node_modules/zone.js/dist/proxy.js:128:1)
	    at ZoneDelegate../node_modules/zone.js/dist/zone.js.ZoneDelegate.invoke node_modules/zone.js/dist/zone.js:387:1)
Chrome 67.0.3396 (Mac OS X 10.13.3) ActivityService should be created FAILED
	Error: StaticInjectorError(DynamicTestModule)[ActivityService -> HttpClient]: 
	  StaticInjectorError(Platform: core)[ActivityService -> HttpClient]: 
	    NullInjectorError: No provider for HttpClient!
	    at _NullInjector.push../node_modules/@angular/core/esm5/core.js._NullInjector.get node_modules/@angular/core/esm5/core.js:1003:1)
	    at resolveToken node_modules/@angular/core/esm5/core.js:1301:1)
	    at tryResolveToken node_modules/@angular/core/esm5/core.js:1243:1)
	    at StaticInjector.push../node_modules/@angular/core/esm5/core.js.StaticInjector.get node_modules/@angular/core/esm5/core.js:1111:1)
	    at resolveToken node_modules/@angular/core/esm5/core.js:1301:1)
	    at tryResolveToken node_modules/@angular/core/esm5/core.js:1243:1)
	    at StaticInjector.push../node_modules/@angular/core/esm5/core.js.StaticInjector.get node_modules/@angular/core/esm5/core.js:1111:1)
	    at resolveNgModuleDep node_modules/@angular/core/esm5/core.js:10896:1)
	    at _createClass node_modules/@angular/core/esm5/core.js:10935:1)
	    at _createProviderInstance$1 node_modules/@angular/core/esm5/core.js:10907:1)
[1A[2KChrome 67.0.3396 (Mac OS X 10.13.3) ActivityService should be created FAILED
	Error: StaticInjectorError(DynamicTestModule)[ActivityService -> HttpClient]: 
	  StaticInjectorError(Platform: core)[ActivityService -> HttpClient]: 
	    NullInjectorError: No provider for HttpClient!
	    at _NullInjector.push../node_modules/@angular/core/esm5/core.js._NullInjector.get node_modules/@angular/core/esm5/core.js:1003:1)
	    at resolveToken node_modules/@angular/core/esm5/core.js:1301:1)
	    at tryResolveToken node_modules/@angular/core/esm5/core.js:1243:1)
	    at StaticInjector.push../node_modules/@angular/core/esm5/core.js.StaticInjector.get node_modules/@angular/core/esm5/core.js:1111:1)
	    at resolveToken node_modules/@angular/core/esm5/core.js:1301:1)
	    at tryResolveToken node_modules/@angular/core/esm5/core.js:1243:1)
	    at StaticInjector.push../node_modules/@angular/core/esm5/core.js.StaticInjector.get node_modules/@angular/core/esm5/core.js:1111:1)
	    at resolveNgModuleDep node_modules/@angular/core/esm5/core.js:10896:1)
	    at _createClass node_modules/@angular/core/esm5/core.js:10935:1)
	    at _createProviderInstance$1 node_modules/@angular/core/esm5/core.js:10907:1)
Chrome 67.0.3396 (Mac OS X 10.13.3): Executed 9 of 12 (7 FAILED) (0 secs / 0.33 secs)
Chrome 67.0.3396 (Mac OS X 10.13.3) ActivityService should be created FAILED
	Error: StaticInjectorError(DynamicTestModule)[ActivityService -> HttpClient]: 
	  StaticInjectorError(Platform: core)[ActivityService -> HttpClient]: 
	    NullInjectorError: No provider for HttpClient!
	    at _NullInjector.push../node_modules/@angular/core/esm5/core.js._NullInjector.get node_modules/@angular/core/esm5/core.js:1003:1)
	    at resolveToken node_modules/@angular/core/esm5/core.js:1301:1)
	    at tryResolveToken node_modules/@angular/core/esm5/core.js:1243:1)
	    at StaticInjector.push../node_modules/@angular/core/esm5/core.js.StaticInjector.get node_modules/@angular/core/esm5/core.js:1111:1)
	    at resolveToken node_modules/@angular/core/esm5/core.js:1301:1)
	    at tryResolveToken node_modules/@angular/core/esm5/core.js:1243:1)
	    at StaticInjector.push../node_modules/@angular/core/esm5/core.js.StaticInjector.get node_modules/@angular/core/esm5/core.js:1111:1)
	    at resolveNgModuleDep node_modules/@angular/core/esm5/core.js:10896:1)
	    at _createClass node_modules/@angular/core/esm5/core.js:10935:1)
	    at _createProviderInstance$1 node_modules/@angular/core/esm5/core.js:10907:1)
Chrome 67.0.3396 (Mac OS X 10.13.3) RecentActivitiesService should be created FAILED
	Error: StaticInjectorError(DynamicTestModule)[RecentActivitiesService -> HttpClient]: 
	  StaticInjectorError(Platform: core)[RecentActivitiesService -> HttpClient]: 
	    NullInjectorError: No provider for HttpClient!
	    at _NullInjector.push../node_modules/@angular/core/esm5/core.js._NullInjector.get node_modules/@angular/core/esm5/core.js:1003:1)
	    at resolveToken node_modules/@angular/core/esm5/core.js:1301:1)
	    at tryResolveToken node_modules/@angular/core/esm5/core.js:1243:1)
	    at StaticInjector.push../node_modules/@angular/core/esm5/core.js.StaticInjector.get node_modules/@angular/core/esm5/core.js:1111:1)
	    at resolveToken node_modules/@angular/core/esm5/core.js:1301:1)
	    at tryResolveToken node_modules/@angular/core/esm5/core.js:1243:1)
	    at StaticInjector.push../node_modules/@angular/core/esm5/core.js.StaticInjector.get node_modules/@angular/core/esm5/core.js:1111:1)
	    at resolveNgModuleDep node_modules/@angular/core/esm5/core.js:10896:1)
	    at _createClass node_modules/@angular/core/esm5/core.js:10935:1)
	    at _createProviderInstance$1 node_modules/@angular/core/esm5/core.js:10907:1)
[1A[2KChrome 67.0.3396 (Mac OS X 10.13.3) RecentActivitiesService should be created FAILED
	Error: StaticInjectorError(DynamicTestModule)[RecentActivitiesService -> HttpClient]: 
	  StaticInjectorError(Platform: core)[RecentActivitiesService -> HttpClient]: 
	    NullInjectorError: No provider for HttpClient!
	    at _NullInjector.push../node_modules/@angular/core/esm5/core.js._NullInjector.get node_modules/@angular/core/esm5/core.js:1003:1)
	    at resolveToken node_modules/@angular/core/esm5/core.js:1301:1)
	    at tryResolveToken node_modules/@angular/core/esm5/core.js:1243:1)
	    at StaticInjector.push../node_modules/@angular/core/esm5/core.js.StaticInjector.get node_modules/@angular/core/esm5/core.js:1111:1)
	    at resolveToken node_modules/@angular/core/esm5/core.js:1301:1)
	    at tryResolveToken node_modules/@angular/core/esm5/core.js:1243:1)
	    at StaticInjector.push../node_modules/@angular/core/esm5/core.js.StaticInjector.get node_modules/@angular/core/esm5/core.js:1111:1)
	    at resolveNgModuleDep node_modules/@angular/core/esm5/core.js:10896:1)
	    at _createClass node_modules/@angular/core/esm5/core.js:10935:1)
	    at _createProviderInstance$1 node_modules/@angular/core/esm5/core.js:10907:1)
Chrome 67.0.3396 (Mac OS X 10.13.3): Executed 10 of 12 (8 FAILED) (0 secs / 0.337 secs)
Chrome 67.0.3396 (Mac OS X 10.13.3) RecentActivitiesService should be created FAILED
	Error: StaticInjectorError(DynamicTestModule)[RecentActivitiesService -> HttpClient]: 
	  StaticInjectorError(Platform: core)[RecentActivitiesService -> HttpClient]: 
	    NullInjectorError: No provider for HttpClient!
	    at _NullInjector.push../node_modules/@angular/core/esm5/core.js._NullInjector.get node_modules/@angular/core/esm5/core.js:1003:1)
	    at resolveToken node_modules/@angular/core/esm5/core.js:1301:1)
	    at tryResolveToken node_modules/@angular/core/esm5/core.js:1243:1)
	    at StaticInjector.push../node_modules/@angular/core/esm5/core.js.StaticInjector.get node_modules/@angular/core/esm5/core.js:1111:1)
	    at resolveToken node_modules/@angular/core/esm5/core.js:1301:1)
	    at tryResolveToken node_modules/@angular/core/esm5/core.js:1243:1)
	    at StaticInjector.push../node_modules/@angular/core/esm5/core.js.StaticInjector.get node_modules/@angular/core/esm5/core.js:1111:1)
	    at resolveNgModuleDep node_modules/@angular/core/esm5/core.js:10896:1)
	    at _createClass node_modules/@angular/core/esm5/core.js:10935:1)
	    at _createProviderInstance$1 node_modules/@angular/core/esm5/core.js:10907:1)
[1A[2KChrome 67.0.3396 (Mac OS X 10.13.3): Executed 11 of 12 (8 FAILED) (0 secs / 0.343 secs)
Chrome 67.0.3396 (Mac OS X 10.13.3) UserService should be created FAILED
	Error: StaticInjectorError(DynamicTestModule)[UserService -> StateService]: 
	  StaticInjectorError(Platform: core)[UserService -> StateService]: 
	    NullInjectorError: No provider for StateService!
	    at _NullInjector.push../node_modules/@angular/core/esm5/core.js._NullInjector.get node_modules/@angular/core/esm5/core.js:1003:1)
	    at resolveToken node_modules/@angular/core/esm5/core.js:1301:1)
	    at tryResolveToken node_modules/@angular/core/esm5/core.js:1243:1)
	    at StaticInjector.push../node_modules/@angular/core/esm5/core.js.StaticInjector.get node_modules/@angular/core/esm5/core.js:1111:1)
	    at resolveToken node_modules/@angular/core/esm5/core.js:1301:1)
	    at tryResolveToken node_modules/@angular/core/esm5/core.js:1243:1)
	    at StaticInjector.push../node_modules/@angular/core/esm5/core.js.StaticInjector.get node_modules/@angular/core/esm5/core.js:1111:1)
	    at resolveNgModuleDep node_modules/@angular/core/esm5/core.js:10896:1)
	    at _createClass node_modules/@angular/core/esm5/core.js:10933:1)
	    at _createProviderInstance$1 node_modules/@angular/core/esm5/core.js:10907:1)
[1A[2KChrome 67.0.3396 (Mac OS X 10.13.3) UserService should be created FAILED
	Error: StaticInjectorError(DynamicTestModule)[UserService -> StateService]: 
	  StaticInjectorError(Platform: core)[UserService -> StateService]: 
	    NullInjectorError: No provider for StateService!
	    at _NullInjector.push../node_modules/@angular/core/esm5/core.js._NullInjector.get node_modules/@angular/core/esm5/core.js:1003:1)
	    at resolveToken node_modules/@angular/core/esm5/core.js:1301:1)
	    at tryResolveToken node_modules/@angular/core/esm5/core.js:1243:1)
	    at StaticInjector.push../node_modules/@angular/core/esm5/core.js.StaticInjector.get node_modules/@angular/core/esm5/core.js:1111:1)
	    at resolveToken node_modules/@angular/core/esm5/core.js:1301:1)
	    at tryResolveToken node_modules/@angular/core/esm5/core.js:1243:1)
	    at StaticInjector.push../node_modules/@angular/core/esm5/core.js.StaticInjector.get node_modules/@angular/core/esm5/core.js:1111:1)
	    at resolveNgModuleDep node_modules/@angular/core/esm5/core.js:10896:1)
	    at _createClass node_modules/@angular/core/esm5/core.js:10933:1)
	    at _createProviderInstance$1 node_modules/@angular/core/esm5/core.js:10907:1)
Chrome 67.0.3396 (Mac OS X 10.13.3): Executed 12 of 12 (9 FAILED) (0 secs / 0.348 secs)
Chrome 67.0.3396 (Mac OS X 10.13.3) UserService should be created FAILED
	Error: StaticInjectorError(DynamicTestModule)[UserService -> StateService]: 
	  StaticInjectorError(Platform: core)[UserService -> StateService]: 
	    NullInjectorError: No provider for StateService!
	    at _NullInjector.push../node_modules/@angular/core/esm5/core.js._NullInjector.get node_modules/@angular/core/esm5/core.js:1003:1)
	    at resolveToken node_modules/@angular/core/esm5/core.js:1301:1)
	    at tryResolveToken node_modules/@angular/core/esm5/core.js:1243:1)
	    at StaticInjector.push../node_modules/@angular/core/esm5/core.js.StaticInjector.get node_modules/@angular/core/esm5/core.js:1111:1)
	    at resolveToken node_modules/@angular/core/esm5/core.js:1301:1)
	    at tryResolveToken node_modules/@angular/core/esm5/core.js:1243:1)
	    at StaticInjector.push../node_modules/@angular/core/esm5/core.js.StaticInjector.get node_modules/@angular/core/esm5/core.js:1111:1)
	    at resolveNgModuleDep node_modules/@angular/core/esm5/core.js:10896:1)
	    at _createClass node_modules/@angular/core/esm5/core.js:10933:1)
	    at _createProviderInstance$1 node_modules/@angular/core/esm5/core.js:10907:1)
[1A[2KChrome 67.0.3396 (Mac OS X 10.13.3): Executed 12 of 12 (9 FAILED) (0.458 secs / 0.348 secs)
Chrome 67.0.3396 (Mac OS X 10.13.3): Executed 0 of 12 SUCCESS (0 secs / 0 secs)
[1A[2KChrome 67.0.3396 (Mac OS X 10.13.3): Executed 1 of 12 SUCCESS (0 secs / 0.075 secs)
LOG: true
[1A[2KLOG: true
Chrome 67.0.3396 (Mac OS X 10.13.3): Executed 1 of 12 SUCCESS (0 secs / 0.075 secs)
LOG: true
[1A[2KChrome 67.0.3396 (Mac OS X 10.13.3): Executed 2 of 12 SUCCESS (0 secs / 0.144 secs)
Chrome 67.0.3396 (Mac OS X 10.13.3) AppComponent should create the app FAILED
	'topnav' is not a known element:
	1. If 'topnav' is an Angular component, then verify that it is part of this module.
	2. To allow any element add 'NO_ERRORS_SCHEMA' to the '@NgModule.schemas' of this component. ("[ERROR ->]<topnav></topnav>    
	<div class="container">
		<div class="row">
	"): ng:///DynamicTestModule/AppComponent.html@0:0
	Error: Template parse errors:
	    at syntaxError node_modules/@angular/compiler/esm5/compiler.js:486:22)
	    at TemplateParser.push../node_modules/@angular/compiler/esm5/compiler.js.TemplateParser.parse node_modules/@angular/compiler/esm5/compiler.js:24674:1)
	    at JitCompiler.push../node_modules/@angular/compiler/esm5/compiler.js.JitCompiler._parseTemplate node_modules/@angular/compiler/esm5/compiler.js:34629:1)
	    at JitCompiler.push../node_modules/@angular/compiler/esm5/compiler.js.JitCompiler._compileTemplate node_modules/@angular/compiler/esm5/compiler.js:34604:1)
	    at http://localhost:18763/_karma_webpack_/webpack:/node_modules/@angular/compiler/esm5/compiler.js:34505:48
	    at Set.forEach (<anonymous>)
	    at JitCompiler.push../node_modules/@angular/compiler/esm5/compiler.js.JitCompiler._compileComponents node_modules/@angular/compiler/esm5/compiler.js:34505:1)
	    at http://localhost:18763/_karma_webpack_/webpack:/node_modules/@angular/compiler/esm5/compiler.js:34393:1
	    at Object.then node_modules/@angular/compiler/esm5/compiler.js:475:33)
	    at JitCompiler.push../node_modules/@angular/compiler/esm5/compiler.js.JitCompiler._compileModuleAndAllComponents node_modules/@angular/compiler/esm5/compiler.js:34391:1)
	'topnav' is not a known element:
	1. If 'topnav' is an Angular component, then verify that it is part of this module.
	2. To allow any element add 'NO_ERRORS_SCHEMA' to the '@NgModule.schemas' of this component. ("[ERROR ->]<topnav></topnav>    
	<div class="container">
		<div class="row">
	"): ng:///DynamicTestModule/AppComponent.html@0:0
	Error: Template parse errors:
	    at syntaxError node_modules/@angular/compiler/esm5/compiler.js:486:22)
	    at TemplateParser.push../node_modules/@angular/compiler/esm5/compiler.js.TemplateParser.parse node_modules/@angular/compiler/esm5/compiler.js:24674:1)
	    at JitCompiler.push../node_modules/@angular/compiler/esm5/compiler.js.JitCompiler._parseTemplate node_modules/@angular/compiler/esm5/compiler.js:34629:1)
	    at JitCompiler.push../node_modules/@angular/compiler/esm5/compiler.js.JitCompiler._compileTemplate node_modules/@angular/compiler/esm5/compiler.js:34604:1)
	    at http://localhost:18763/_karma_webpack_/webpack:/node_modules/@angular/compiler/esm5/compiler.js:34505:48
	    at Set.forEach (<anonymous>)
	    at JitCompiler.push../node_modules/@angular/compiler/esm5/compiler.js.JitCompiler._compileComponents node_modules/@angular/compiler/esm5/compiler.js:34505:1)
	    at http://localhost:18763/_karma_webpack_/webpack:/node_modules/@angular/compiler/esm5/compiler.js:34393:1
	    at Object.then node_modules/@angular/compiler/esm5/compiler.js:475:33)
	    at JitCompiler.push../node_modules/@angular/compiler/esm5/compiler.js.JitCompiler._compileModuleAndAllComponents node_modules/@angular/compiler/esm5/compiler.js:34391:1)
[1A[2KChrome 67.0.3396 (Mac OS X 10.13.3) AppComponent should create the app FAILED
	'topnav' is not a known element:
	1. If 'topnav' is an Angular component, then verify that it is part of this module.
	2. To allow any element add 'NO_ERRORS_SCHEMA' to the '@NgModule.schemas' of this component. ("[ERROR ->]<topnav></topnav>    
	<div class="container">
		<div class="row">
	"): ng:///DynamicTestModule/AppComponent.html@0:0
	Error: Template parse errors:
	    at syntaxError node_modules/@angular/compiler/esm5/compiler.js:486:22)
	    at TemplateParser.push../node_modules/@angular/compiler/esm5/compiler.js.TemplateParser.parse node_modules/@angular/compiler/esm5/compiler.js:24674:1)
	    at JitCompiler.push../node_modules/@angular/compiler/esm5/compiler.js.JitCompiler._parseTemplate node_modules/@angular/compiler/esm5/compiler.js:34629:1)
	    at JitCompiler.push../node_modules/@angular/compiler/esm5/compiler.js.JitCompiler._compileTemplate node_modules/@angular/compiler/esm5/compiler.js:34604:1)
	    at http://localhost:18763/_karma_webpack_/webpack:/node_modules/@angular/compiler/esm5/compiler.js:34505:48
	    at Set.forEach (<anonymous>)
	    at JitCompiler.push../node_modules/@angular/compiler/esm5/compiler.js.JitCompiler._compileComponents node_modules/@angular/compiler/esm5/compiler.js:34505:1)
	    at http://localhost:18763/_karma_webpack_/webpack:/node_modules/@angular/compiler/esm5/compiler.js:34393:1
	    at Object.then node_modules/@angular/compiler/esm5/compiler.js:475:33)
	    at JitCompiler.push../node_modules/@angular/compiler/esm5/compiler.js.JitCompiler._compileModuleAndAllComponents node_modules/@angular/compiler/esm5/compiler.js:34391:1)
	'topnav' is not a known element:
	1. If 'topnav' is an Angular component, then verify that it is part of this module.
	2. To allow any element add 'NO_ERRORS_SCHEMA' to the '@NgModule.schemas' of this component. ("[ERROR ->]<topnav></topnav>    
	<div class="container">
		<div class="row">
	"): ng:///DynamicTestModule/AppComponent.html@0:0
	Error: Template parse errors:
	    at syntaxError node_modules/@angular/compiler/esm5/compiler.js:486:22)
	    at TemplateParser.push../node_modules/@angular/compiler/esm5/compiler.js.TemplateParser.parse node_modules/@angular/compiler/esm5/compiler.js:24674:1)
	    at JitCompiler.push../node_modules/@angular/compiler/esm5/compiler.js.JitCompiler._parseTemplate node_modules/@angular/compiler/esm5/compiler.js:34629:1)
	    at JitCompiler.push../node_modules/@angular/compiler/esm5/compiler.js.JitCompiler._compileTemplate node_modules/@angular/compiler/esm5/compiler.js:34604:1)
	    at http://localhost:18763/_karma_webpack_/webpack:/node_modules/@angular/compiler/esm5/compiler.js:34505:48
	    at Set.forEach (<anonymous>)
	    at JitCompiler.push../node_modules/@angular/compiler/esm5/compiler.js.JitCompiler._compileComponents node_modules/@angular/compiler/esm5/compiler.js:34505:1)
	    at http://localhost:18763/_karma_webpack_/webpack:/node_modules/@angular/compiler/esm5/compiler.js:34393:1
	    at Object.then node_modules/@angular/compiler/esm5/compiler.js:475:33)
	    at JitCompiler.push../node_modules/@angular/compiler/esm5/compiler.js.JitCompiler._compileModuleAndAllComponents node_modules/@angular/compiler/esm5/compiler.js:34391:1)
Chrome 67.0.3396 (Mac OS X 10.13.3): Executed 3 of 12 (1 FAILED) (0 secs / 0.169 secs)
Chrome 67.0.3396 (Mac OS X 10.13.3) AppComponent should create the app FAILED
	'topnav' is not a known element:
	1. If 'topnav' is an Angular component, then verify that it is part of this module.
	2. To allow any element add 'NO_ERRORS_SCHEMA' to the '@NgModule.schemas' of this component. ("[ERROR ->]<topnav></topnav>    
	<div class="container">
		<div class="row">
	"): ng:///DynamicTestModule/AppComponent.html@0:0
	Error: Template parse errors:
	    at syntaxError node_modules/@angular/compiler/esm5/compiler.js:486:22)
	    at TemplateParser.push../node_modules/@angular/compiler/esm5/compiler.js.TemplateParser.parse node_modules/@angular/compiler/esm5/compiler.js:24674:1)
	    at JitCompiler.push../node_modules/@angular/compiler/esm5/compiler.js.JitCompiler._parseTemplate node_modules/@angular/compiler/esm5/compiler.js:34629:1)
	    at JitCompiler.push../node_modules/@angular/compiler/esm5/compiler.js.JitCompiler._compileTemplate node_modules/@angular/compiler/esm5/compiler.js:34604:1)
	    at http://localhost:18763/_karma_webpack_/webpack:/node_modules/@angular/compiler/esm5/compiler.js:34505:48
	    at Set.forEach (<anonymous>)
	    at JitCompiler.push../node_modules/@angular/compiler/esm5/compiler.js.JitCompiler._compileComponents node_modules/@angular/compiler/esm5/compiler.js:34505:1)
	    at http://localhost:18763/_karma_webpack_/webpack:/node_modules/@angular/compiler/esm5/compiler.js:34393:1
	    at Object.then node_modules/@angular/compiler/esm5/compiler.js:475:33)
	    at JitCompiler.push../node_modules/@angular/compiler/esm5/compiler.js.JitCompiler._compileModuleAndAllComponents node_modules/@angular/compiler/esm5/compiler.js:34391:1)
	'topnav' is not a known element:
	1. If 'topnav' is an Angular component, then verify that it is part of this module.
	2. To allow any element add 'NO_ERRORS_SCHEMA' to the '@NgModule.schemas' of this component. ("[ERROR ->]<topnav></topnav>    
	<div class="container">
		<div class="row">
	"): ng:///DynamicTestModule/AppComponent.html@0:0
	Error: Template parse errors:
	    at syntaxError node_modules/@angular/compiler/esm5/compiler.js:486:22)
	    at TemplateParser.push../node_modules/@angular/compiler/esm5/compiler.js.TemplateParser.parse node_modules/@angular/compiler/esm5/compiler.js:24674:1)
	    at JitCompiler.push../node_modules/@angular/compiler/esm5/compiler.js.JitCompiler._parseTemplate node_modules/@angular/compiler/esm5/compiler.js:34629:1)
	    at JitCompiler.push../node_modules/@angular/compiler/esm5/compiler.js.JitCompiler._compileTemplate node_modules/@angular/compiler/esm5/compiler.js:34604:1)
	    at http://localhost:18763/_karma_webpack_/webpack:/node_modules/@angular/compiler/esm5/compiler.js:34505:48
	    at Set.forEach (<anonymous>)
	    at JitCompiler.push../node_modules/@angular/compiler/esm5/compiler.js.JitCompiler._compileComponents node_modules/@angular/compiler/esm5/compiler.js:34505:1)
	    at http://localhost:18763/_karma_webpack_/webpack:/node_modules/@angular/compiler/esm5/compiler.js:34393:1
	    at Object.then node_modules/@angular/compiler/esm5/compiler.js:475:33)
	    at JitCompiler.push../node_modules/@angular/compiler/esm5/compiler.js.JitCompiler._compileModuleAndAllComponents node_modules/@angular/compiler/esm5/compiler.js:34391:1)
Chrome 67.0.3396 (Mac OS X 10.13.3) RecentActivitiesComponent should be created FAILED
	Error: StaticInjectorError(DynamicTestModule)[RecentActivitiesComponent -> RecentActivitiesService]: 
	  StaticInjectorError(Platform: core)[RecentActivitiesComponent -> RecentActivitiesService]: 
	    NullInjectorError: No provider for RecentActivitiesService!
	    at _NullInjector.push../node_modules/@angular/core/esm5/core.js._NullInjector.get node_modules/@angular/core/esm5/core.js:1003:1)
	    at resolveToken node_modules/@angular/core/esm5/core.js:1301:1)
	    at tryResolveToken node_modules/@angular/core/esm5/core.js:1243:1)
	    at StaticInjector.push../node_modules/@angular/core/esm5/core.js.StaticInjector.get node_modules/@angular/core/esm5/core.js:1111:1)
	    at resolveToken node_modules/@angular/core/esm5/core.js:1301:1)
	    at tryResolveToken node_modules/@angular/core/esm5/core.js:1243:1)
	    at StaticInjector.push../node_modules/@angular/core/esm5/core.js.StaticInjector.get node_modules/@angular/core/esm5/core.js:1111:1)
	    at resolveNgModuleDep node_modules/@angular/core/esm5/core.js:10896:1)
	    at NgModuleRef_.push../node_modules/@angular/core/esm5/core.js.NgModuleRef_.get node_modules/@angular/core/esm5/core.js:12129:1)
	    at resolveDep node_modules/@angular/core/esm5/core.js:12619:1)
	Expected undefined to be truthy.
	    at Object.<anonymous> src/app/components/recent-activities/recent-activities.component.spec.ts:23:23)
	    at ZoneDelegate../node_modules/zone.js/dist/zone.js.ZoneDelegate.invoke node_modules/zone.js/dist/zone.js:388:1)
	    at ProxyZoneSpec.push../node_modules/zone.js/dist/proxy.js.ProxyZoneSpec.onInvoke node_modules/zone.js/dist/proxy.js:128:1)
	    at ZoneDelegate../node_modules/zone.js/dist/zone.js.ZoneDelegate.invoke node_modules/zone.js/dist/zone.js:387:1)
[1A[2KChrome 67.0.3396 (Mac OS X 10.13.3) RecentActivitiesComponent should be created FAILED
	Error: StaticInjectorError(DynamicTestModule)[RecentActivitiesComponent -> RecentActivitiesService]: 
	  StaticInjectorError(Platform: core)[RecentActivitiesComponent -> RecentActivitiesService]: 
	    NullInjectorError: No provider for RecentActivitiesService!
	    at _NullInjector.push../node_modules/@angular/core/esm5/core.js._NullInjector.get node_modules/@angular/core/esm5/core.js:1003:1)
	    at resolveToken node_modules/@angular/core/esm5/core.js:1301:1)
	    at tryResolveToken node_modules/@angular/core/esm5/core.js:1243:1)
	    at StaticInjector.push../node_modules/@angular/core/esm5/core.js.StaticInjector.get node_modules/@angular/core/esm5/core.js:1111:1)
	    at resolveToken node_modules/@angular/core/esm5/core.js:1301:1)
	    at tryResolveToken node_modules/@angular/core/esm5/core.js:1243:1)
	    at StaticInjector.push../node_modules/@angular/core/esm5/core.js.StaticInjector.get node_modules/@angular/core/esm5/core.js:1111:1)
	    at resolveNgModuleDep node_modules/@angular/core/esm5/core.js:10896:1)
	    at NgModuleRef_.push../node_modules/@angular/core/esm5/core.js.NgModuleRef_.get node_modules/@angular/core/esm5/core.js:12129:1)
	    at resolveDep node_modules/@angular/core/esm5/core.js:12619:1)
	Expected undefined to be truthy.
	    at Object.<anonymous> src/app/components/recent-activities/recent-activities.component.spec.ts:23:23)
	    at ZoneDelegate../node_modules/zone.js/dist/zone.js.ZoneDelegate.invoke node_modules/zone.js/dist/zone.js:388:1)
	    at ProxyZoneSpec.push../node_modules/zone.js/dist/proxy.js.ProxyZoneSpec.onInvoke node_modules/zone.js/dist/proxy.js:128:1)
	    at ZoneDelegate../node_modules/zone.js/dist/zone.js.ZoneDelegate.invoke node_modules/zone.js/dist/zone.js:387:1)
Chrome 67.0.3396 (Mac OS X 10.13.3): Executed 4 of 12 (2 FAILED) (0 secs / 0.303 secs)
Chrome 67.0.3396 (Mac OS X 10.13.3) RecentActivitiesComponent should be created FAILED
	Error: StaticInjectorError(DynamicTestModule)[RecentActivitiesComponent -> RecentActivitiesService]: 
	  StaticInjectorError(Platform: core)[RecentActivitiesComponent -> RecentActivitiesService]: 
	    NullInjectorError: No provider for RecentActivitiesService!
	    at _NullInjector.push../node_modules/@angular/core/esm5/core.js._NullInjector.get node_modules/@angular/core/esm5/core.js:1003:1)
	    at resolveToken node_modules/@angular/core/esm5/core.js:1301:1)
	    at tryResolveToken node_modules/@angular/core/esm5/core.js:1243:1)
	    at StaticInjector.push../node_modules/@angular/core/esm5/core.js.StaticInjector.get node_modules/@angular/core/esm5/core.js:1111:1)
	    at resolveToken node_modules/@angular/core/esm5/core.js:1301:1)
	    at tryResolveToken node_modules/@angular/core/esm5/core.js:1243:1)
	    at StaticInjector.push../node_modules/@angular/core/esm5/core.js.StaticInjector.get node_modules/@angular/core/esm5/core.js:1111:1)
	    at resolveNgModuleDep node_modules/@angular/core/esm5/core.js:10896:1)
	    at NgModuleRef_.push../node_modules/@angular/core/esm5/core.js.NgModuleRef_.get node_modules/@angular/core/esm5/core.js:12129:1)
	    at resolveDep node_modules/@angular/core/esm5/core.js:12619:1)
	Expected undefined to be truthy.
	    at Object.<anonymous> src/app/components/recent-activities/recent-activities.component.spec.ts:23:23)
	    at ZoneDelegate../node_modules/zone.js/dist/zone.js.ZoneDelegate.invoke node_modules/zone.js/dist/zone.js:388:1)
	    at ProxyZoneSpec.push../node_modules/zone.js/dist/proxy.js.ProxyZoneSpec.onInvoke node_modules/zone.js/dist/proxy.js:128:1)
	    at ZoneDelegate../node_modules/zone.js/dist/zone.js.ZoneDelegate.invoke node_modules/zone.js/dist/zone.js:387:1)
Chrome 67.0.3396 (Mac OS X 10.13.3) TimerComponent should be created FAILED
	Error: StaticInjectorError(DynamicTestModule)[TimerComponent -> RecentActivitiesService]: 
	  StaticInjectorError(Platform: core)[TimerComponent -> RecentActivitiesService]: 
	    NullInjectorError: No provider for RecentActivitiesService!
	    at _NullInjector.push../node_modules/@angular/core/esm5/core.js._NullInjector.get node_modules/@angular/core/esm5/core.js:1003:1)
	    at resolveToken node_modules/@angular/core/esm5/core.js:1301:1)
	    at tryResolveToken node_modules/@angular/core/esm5/core.js:1243:1)
	    at StaticInjector.push../node_modules/@angular/core/esm5/core.js.StaticInjector.get node_modules/@angular/core/esm5/core.js:1111:1)
	    at resolveToken node_modules/@angular/core/esm5/core.js:1301:1)
	    at tryResolveToken node_modules/@angular/core/esm5/core.js:1243:1)
	    at StaticInjector.push../node_modules/@angular/core/esm5/core.js.StaticInjector.get node_modules/@angular/core/esm5/core.js:1111:1)
	    at resolveNgModuleDep node_modules/@angular/core/esm5/core.js:10896:1)
	    at NgModuleRef_.push../node_modules/@angular/core/esm5/core.js.NgModuleRef_.get node_modules/@angular/core/esm5/core.js:12129:1)
	    at resolveDep node_modules/@angular/core/esm5/core.js:12619:1)
	Expected undefined to be truthy.
	    at Object.<anonymous> src/app/components/timer/timer.component.spec.ts:23:23)
	    at ZoneDelegate../node_modules/zone.js/dist/zone.js.ZoneDelegate.invoke node_modules/zone.js/dist/zone.js:388:1)
	    at ProxyZoneSpec.push../node_modules/zone.js/dist/proxy.js.ProxyZoneSpec.onInvoke node_modules/zone.js/dist/proxy.js:128:1)
	    at ZoneDelegate../node_modules/zone.js/dist/zone.js.ZoneDelegate.invoke node_modules/zone.js/dist/zone.js:387:1)
[1A[2KChrome 67.0.3396 (Mac OS X 10.13.3) TimerComponent should be created FAILED
	Error: StaticInjectorError(DynamicTestModule)[TimerComponent -> RecentActivitiesService]: 
	  StaticInjectorError(Platform: core)[TimerComponent -> RecentActivitiesService]: 
	    NullInjectorError: No provider for RecentActivitiesService!
	    at _NullInjector.push../node_modules/@angular/core/esm5/core.js._NullInjector.get node_modules/@angular/core/esm5/core.js:1003:1)
	    at resolveToken node_modules/@angular/core/esm5/core.js:1301:1)
	    at tryResolveToken node_modules/@angular/core/esm5/core.js:1243:1)
	    at StaticInjector.push../node_modules/@angular/core/esm5/core.js.StaticInjector.get node_modules/@angular/core/esm5/core.js:1111:1)
	    at resolveToken node_modules/@angular/core/esm5/core.js:1301:1)
	    at tryResolveToken node_modules/@angular/core/esm5/core.js:1243:1)
	    at StaticInjector.push../node_modules/@angular/core/esm5/core.js.StaticInjector.get node_modules/@angular/core/esm5/core.js:1111:1)
	    at resolveNgModuleDep node_modules/@angular/core/esm5/core.js:10896:1)
	    at NgModuleRef_.push../node_modules/@angular/core/esm5/core.js.NgModuleRef_.get node_modules/@angular/core/esm5/core.js:12129:1)
	    at resolveDep node_modules/@angular/core/esm5/core.js:12619:1)
	Expected undefined to be truthy.
	    at Object.<anonymous> src/app/components/timer/timer.component.spec.ts:23:23)
	    at ZoneDelegate../node_modules/zone.js/dist/zone.js.ZoneDelegate.invoke node_modules/zone.js/dist/zone.js:388:1)
	    at ProxyZoneSpec.push../node_modules/zone.js/dist/proxy.js.ProxyZoneSpec.onInvoke node_modules/zone.js/dist/proxy.js:128:1)
	    at ZoneDelegate../node_modules/zone.js/dist/zone.js.ZoneDelegate.invoke node_modules/zone.js/dist/zone.js:387:1)
Chrome 67.0.3396 (Mac OS X 10.13.3): Executed 5 of 12 (3 FAILED) (0 secs / 0.33 secs)
Chrome 67.0.3396 (Mac OS X 10.13.3) TimerComponent should be created FAILED
	Error: StaticInjectorError(DynamicTestModule)[TimerComponent -> RecentActivitiesService]: 
	  StaticInjectorError(Platform: core)[TimerComponent -> RecentActivitiesService]: 
	    NullInjectorError: No provider for RecentActivitiesService!
	    at _NullInjector.push../node_modules/@angular/core/esm5/core.js._NullInjector.get node_modules/@angular/core/esm5/core.js:1003:1)
	    at resolveToken node_modules/@angular/core/esm5/core.js:1301:1)
	    at tryResolveToken node_modules/@angular/core/esm5/core.js:1243:1)
	    at StaticInjector.push../node_modules/@angular/core/esm5/core.js.StaticInjector.get node_modules/@angular/core/esm5/core.js:1111:1)
	    at resolveToken node_modules/@angular/core/esm5/core.js:1301:1)
	    at tryResolveToken node_modules/@angular/core/esm5/core.js:1243:1)
	    at StaticInjector.push../node_modules/@angular/core/esm5/core.js.StaticInjector.get node_modules/@angular/core/esm5/core.js:1111:1)
	    at resolveNgModuleDep node_modules/@angular/core/esm5/core.js:10896:1)
	    at NgModuleRef_.push../node_modules/@angular/core/esm5/core.js.NgModuleRef_.get node_modules/@angular/core/esm5/core.js:12129:1)
	    at resolveDep node_modules/@angular/core/esm5/core.js:12619:1)
	Expected undefined to be truthy.
	    at Object.<anonymous> src/app/components/timer/timer.component.spec.ts:23:23)
	    at ZoneDelegate../node_modules/zone.js/dist/zone.js.ZoneDelegate.invoke node_modules/zone.js/dist/zone.js:388:1)
	    at ProxyZoneSpec.push../node_modules/zone.js/dist/proxy.js.ProxyZoneSpec.onInvoke node_modules/zone.js/dist/proxy.js:128:1)
	    at ZoneDelegate../node_modules/zone.js/dist/zone.js.ZoneDelegate.invoke node_modules/zone.js/dist/zone.js:387:1)
Chrome 67.0.3396 (Mac OS X 10.13.3) TopnavComponent should be created FAILED
	Can't bind to 'collapse' since it isn't a known property of 'div'. ("ef="#">Activity Tracker</a>
			</div>
			<div id="navbar-collapse-1" class="collapse navbar-collapse" [ERROR ->][collapse]="isCollapsed">
				<ul class="nav navbar-nav">
					<li class="active">
	"): ng:///DynamicTestModule/TopnavComponent.html@14:63
	Error: Template parse errors:
	    at syntaxError node_modules/@angular/compiler/esm5/compiler.js:486:22)
	    at TemplateParser.push../node_modules/@angular/compiler/esm5/compiler.js.TemplateParser.parse node_modules/@angular/compiler/esm5/compiler.js:24674:1)
	    at JitCompiler.push../node_modules/@angular/compiler/esm5/compiler.js.JitCompiler._parseTemplate node_modules/@angular/compiler/esm5/compiler.js:34629:1)
	    at JitCompiler.push../node_modules/@angular/compiler/esm5/compiler.js.JitCompiler._compileTemplate node_modules/@angular/compiler/esm5/compiler.js:34604:1)
	    at http://localhost:18763/_karma_webpack_/webpack:/node_modules/@angular/compiler/esm5/compiler.js:34505:48
	    at Set.forEach (<anonymous>)
	    at JitCompiler.push../node_modules/@angular/compiler/esm5/compiler.js.JitCompiler._compileComponents node_modules/@angular/compiler/esm5/compiler.js:34505:1)
	    at http://localhost:18763/_karma_webpack_/webpack:/node_modules/@angular/compiler/esm5/compiler.js:34393:1
	    at Object.then node_modules/@angular/compiler/esm5/compiler.js:475:33)
	    at JitCompiler.push../node_modules/@angular/compiler/esm5/compiler.js.JitCompiler._compileModuleAndAllComponents node_modules/@angular/compiler/esm5/compiler.js:34391:1)
	Error: Template parse errors:
	Can't bind to 'collapse' since it isn't a known property of 'div'. ("ef="#">Activity Tracker</a>
			</div>
			<div id="navbar-collapse-1" class="collapse navbar-collapse" [ERROR ->][collapse]="isCollapsed">
				<ul class="nav navbar-nav">
					<li class="active">
	"): ng:///DynamicTestModule/TopnavComponent.html@14:63
	    at syntaxError node_modules/@angular/compiler/esm5/compiler.js:486:22)
	    at TemplateParser.push../node_modules/@angular/compiler/esm5/compiler.js.TemplateParser.parse node_modules/@angular/compiler/esm5/compiler.js:24674:1)
	    at JitCompiler.push../node_modules/@angular/compiler/esm5/compiler.js.JitCompiler._parseTemplate node_modules/@angular/compiler/esm5/compiler.js:34629:1)
	    at JitCompiler.push../node_modules/@angular/compiler/esm5/compiler.js.JitCompiler._compileTemplate node_modules/@angular/compiler/esm5/compiler.js:34604:1)
	    at http://localhost:18763/_karma_webpack_/webpack:/node_modules/@angular/compiler/esm5/compiler.js:34505:48
	    at Set.forEach (<anonymous>)
	    at JitCompiler.push../node_modules/@angular/compiler/esm5/compiler.js.JitCompiler._compileComponents node_modules/@angular/compiler/esm5/compiler.js:34505:1)
	    at http://localhost:18763/_karma_webpack_/webpack:/node_modules/@angular/compiler/esm5/compiler.js:34393:1
	    at Object.then node_modules/@angular/compiler/esm5/compiler.js:475:33)
	    at JitCompiler.push../node_modules/@angular/compiler/esm5/compiler.js.JitCompiler._compileModuleAndAllComponents node_modules/@angular/compiler/esm5/compiler.js:34391:1)
	Expected undefined to be truthy.
	    at Object.<anonymous> src/app/components/topnav/topnav.component.spec.ts:23:23)
	    at ZoneDelegate../node_modules/zone.js/dist/zone.js.ZoneDelegate.invoke node_modules/zone.js/dist/zone.js:388:1)
	    at ProxyZoneSpec.push../node_modules/zone.js/dist/proxy.js.ProxyZoneSpec.onInvoke node_modules/zone.js/dist/proxy.js:128:1)
	    at ZoneDelegate../node_modules/zone.js/dist/zone.js.ZoneDelegate.invoke node_modules/zone.js/dist/zone.js:387:1)
[1A[2KChrome 67.0.3396 (Mac OS X 10.13.3) TopnavComponent should be created FAILED
	Can't bind to 'collapse' since it isn't a known property of 'div'. ("ef="#">Activity Tracker</a>
			</div>
			<div id="navbar-collapse-1" class="collapse navbar-collapse" [ERROR ->][collapse]="isCollapsed">
				<ul class="nav navbar-nav">
					<li class="active">
	"): ng:///DynamicTestModule/TopnavComponent.html@14:63
	Error: Template parse errors:
	    at syntaxError node_modules/@angular/compiler/esm5/compiler.js:486:22)
	    at TemplateParser.push../node_modules/@angular/compiler/esm5/compiler.js.TemplateParser.parse node_modules/@angular/compiler/esm5/compiler.js:24674:1)
	    at JitCompiler.push../node_modules/@angular/compiler/esm5/compiler.js.JitCompiler._parseTemplate node_modules/@angular/compiler/esm5/compiler.js:34629:1)
	    at JitCompiler.push../node_modules/@angular/compiler/esm5/compiler.js.JitCompiler._compileTemplate node_modules/@angular/compiler/esm5/compiler.js:34604:1)
	    at http://localhost:18763/_karma_webpack_/webpack:/node_modules/@angular/compiler/esm5/compiler.js:34505:48
	    at Set.forEach (<anonymous>)
	    at JitCompiler.push../node_modules/@angular/compiler/esm5/compiler.js.JitCompiler._compileComponents node_modules/@angular/compiler/esm5/compiler.js:34505:1)
	    at http://localhost:18763/_karma_webpack_/webpack:/node_modules/@angular/compiler/esm5/compiler.js:34393:1
	    at Object.then node_modules/@angular/compiler/esm5/compiler.js:475:33)
	    at JitCompiler.push../node_modules/@angular/compiler/esm5/compiler.js.JitCompiler._compileModuleAndAllComponents node_modules/@angular/compiler/esm5/compiler.js:34391:1)
	Error: Template parse errors:
	Can't bind to 'collapse' since it isn't a known property of 'div'. ("ef="#">Activity Tracker</a>
			</div>
			<div id="navbar-collapse-1" class="collapse navbar-collapse" [ERROR ->][collapse]="isCollapsed">
				<ul class="nav navbar-nav">
					<li class="active">
	"): ng:///DynamicTestModule/TopnavComponent.html@14:63
	    at syntaxError node_modules/@angular/compiler/esm5/compiler.js:486:22)
	    at TemplateParser.push../node_modules/@angular/compiler/esm5/compiler.js.TemplateParser.parse node_modules/@angular/compiler/esm5/compiler.js:24674:1)
	    at JitCompiler.push../node_modules/@angular/compiler/esm5/compiler.js.JitCompiler._parseTemplate node_modules/@angular/compiler/esm5/compiler.js:34629:1)
	    at JitCompiler.push../node_modules/@angular/compiler/esm5/compiler.js.JitCompiler._compileTemplate node_modules/@angular/compiler/esm5/compiler.js:34604:1)
	    at http://localhost:18763/_karma_webpack_/webpack:/node_modules/@angular/compiler/esm5/compiler.js:34505:48
	    at Set.forEach (<anonymous>)
	    at JitCompiler.push../node_modules/@angular/compiler/esm5/compiler.js.JitCompiler._compileComponents node_modules/@angular/compiler/esm5/compiler.js:34505:1)
	    at http://localhost:18763/_karma_webpack_/webpack:/node_modules/@angular/compiler/esm5/compiler.js:34393:1
	    at Object.then node_modules/@angular/compiler/esm5/compiler.js:475:33)
	    at JitCompiler.push../node_modules/@angular/compiler/esm5/compiler.js.JitCompiler._compileModuleAndAllComponents node_modules/@angular/compiler/esm5/compiler.js:34391:1)
	Expected undefined to be truthy.
	    at Object.<anonymous> src/app/components/topnav/topnav.component.spec.ts:23:23)
	    at ZoneDelegate../node_modules/zone.js/dist/zone.js.ZoneDelegate.invoke node_modules/zone.js/dist/zone.js:388:1)
	    at ProxyZoneSpec.push../node_modules/zone.js/dist/proxy.js.ProxyZoneSpec.onInvoke node_modules/zone.js/dist/proxy.js:128:1)
	    at ZoneDelegate../node_modules/zone.js/dist/zone.js.ZoneDelegate.invoke node_modules/zone.js/dist/zone.js:387:1)
Chrome 67.0.3396 (Mac OS X 10.13.3): Executed 6 of 12 (4 FAILED) (0 secs / 0.345 secs)
Chrome 67.0.3396 (Mac OS X 10.13.3) TopnavComponent should be created FAILED
	Can't bind to 'collapse' since it isn't a known property of 'div'. ("ef="#">Activity Tracker</a>
			</div>
			<div id="navbar-collapse-1" class="collapse navbar-collapse" [ERROR ->][collapse]="isCollapsed">
				<ul class="nav navbar-nav">
					<li class="active">
	"): ng:///DynamicTestModule/TopnavComponent.html@14:63
	Error: Template parse errors:
	    at syntaxError node_modules/@angular/compiler/esm5/compiler.js:486:22)
	    at TemplateParser.push../node_modules/@angular/compiler/esm5/compiler.js.TemplateParser.parse node_modules/@angular/compiler/esm5/compiler.js:24674:1)
	    at JitCompiler.push../node_modules/@angular/compiler/esm5/compiler.js.JitCompiler._parseTemplate node_modules/@angular/compiler/esm5/compiler.js:34629:1)
	    at JitCompiler.push../node_modules/@angular/compiler/esm5/compiler.js.JitCompiler._compileTemplate node_modules/@angular/compiler/esm5/compiler.js:34604:1)
	    at http://localhost:18763/_karma_webpack_/webpack:/node_modules/@angular/compiler/esm5/compiler.js:34505:48
	    at Set.forEach (<anonymous>)
	    at JitCompiler.push../node_modules/@angular/compiler/esm5/compiler.js.JitCompiler._compileComponents node_modules/@angular/compiler/esm5/compiler.js:34505:1)
	    at http://localhost:18763/_karma_webpack_/webpack:/node_modules/@angular/compiler/esm5/compiler.js:34393:1
	    at Object.then node_modules/@angular/compiler/esm5/compiler.js:475:33)
	    at JitCompiler.push../node_modules/@angular/compiler/esm5/compiler.js.JitCompiler._compileModuleAndAllComponents node_modules/@angular/compiler/esm5/compiler.js:34391:1)
	Error: Template parse errors:
	Can't bind to 'collapse' since it isn't a known property of 'div'. ("ef="#">Activity Tracker</a>
			</div>
			<div id="navbar-collapse-1" class="collapse navbar-collapse" [ERROR ->][collapse]="isCollapsed">
				<ul class="nav navbar-nav">
					<li class="active">
	"): ng:///DynamicTestModule/TopnavComponent.html@14:63
	    at syntaxError node_modules/@angular/compiler/esm5/compiler.js:486:22)
	    at TemplateParser.push../node_modules/@angular/compiler/esm5/compiler.js.TemplateParser.parse node_modules/@angular/compiler/esm5/compiler.js:24674:1)
	    at JitCompiler.push../node_modules/@angular/compiler/esm5/compiler.js.JitCompiler._parseTemplate node_modules/@angular/compiler/esm5/compiler.js:34629:1)
	    at JitCompiler.push../node_modules/@angular/compiler/esm5/compiler.js.JitCompiler._compileTemplate node_modules/@angular/compiler/esm5/compiler.js:34604:1)
	    at http://localhost:18763/_karma_webpack_/webpack:/node_modules/@angular/compiler/esm5/compiler.js:34505:48
	    at Set.forEach (<anonymous>)
	    at JitCompiler.push../node_modules/@angular/compiler/esm5/compiler.js.JitCompiler._compileComponents node_modules/@angular/compiler/esm5/compiler.js:34505:1)
	    at http://localhost:18763/_karma_webpack_/webpack:/node_modules/@angular/compiler/esm5/compiler.js:34393:1
	    at Object.then node_modules/@angular/compiler/esm5/compiler.js:475:33)
	    at JitCompiler.push../node_modules/@angular/compiler/esm5/compiler.js.JitCompiler._compileModuleAndAllComponents node_modules/@angular/compiler/esm5/compiler.js:34391:1)
	Expected undefined to be truthy.
	    at Object.<anonymous> src/app/components/topnav/topnav.component.spec.ts:23:23)
	    at ZoneDelegate../node_modules/zone.js/dist/zone.js.ZoneDelegate.invoke node_modules/zone.js/dist/zone.js:388:1)
	    at ProxyZoneSpec.push../node_modules/zone.js/dist/proxy.js.ProxyZoneSpec.onInvoke node_modules/zone.js/dist/proxy.js:128:1)
	    at ZoneDelegate../node_modules/zone.js/dist/zone.js.ZoneDelegate.invoke node_modules/zone.js/dist/zone.js:387:1)
Chrome 67.0.3396 (Mac OS X 10.13.3) TrackerComponent should be created FAILED
	'activity-selector' is not a known element:
	1. If 'activity-selector' is an Angular component, then verify that it is part of this module.
	2. If 'activity-selector' is a Web Component then add 'CUSTOM_ELEMENTS_SCHEMA' to the '@NgModule.schemas' of this component to suppress this message. ("
	  <div class="row">
	    <div class="col-md-12">
	      [ERROR ->]<activity-selector>
	      </activity-selector>
	    </div>
	"): ng:///DynamicTestModule/TrackerComponent.html@3:6
	'timer' is not a known element:
	1. If 'timer' is an Angular component, then verify that it is part of this module.
	2. To allow any element add 'NO_ERRORS_SCHEMA' to the '@NgModule.schemas' of this component. ("
	  <div class="row">
	    <div class="col-md-12">
	      [ERROR ->]<timer class="text-center" (onTimerStopped)="onTimerStopped($event)"></timer>
	    </div>
	  </div>
	"): ng:///DynamicTestModule/TrackerComponent.html@9:6
	'recent-activities' is not a known element:
	1. If 'recent-activities' is an Angular component, then verify that it is part of this module.
	2. If 'recent-activities' is a Web Component then add 'CUSTOM_ELEMENTS_SCHEMA' to the '@NgModule.schemas' of this component to suppress this message. ("
	</main>
	<aside class="col-md-3">
	  [ERROR ->]<recent-activities></recent-activities>
	</aside>
	"): ng:///DynamicTestModule/TrackerComponent.html@14:2
	Error: Template parse errors:
	    at syntaxError node_modules/@angular/compiler/esm5/compiler.js:486:22)
	    at TemplateParser.push../node_modules/@angular/compiler/esm5/compiler.js.TemplateParser.parse node_modules/@angular/compiler/esm5/compiler.js:24674:1)
	    at JitCompiler.push../node_modules/@angular/compiler/esm5/compiler.js.JitCompiler._parseTemplate node_modules/@angular/compiler/esm5/compiler.js:34629:1)
	    at JitCompiler.push../node_modules/@angular/compiler/esm5/compiler.js.JitCompiler._compileTemplate node_modules/@angular/compiler/esm5/compiler.js:34604:1)
	    at http://localhost:18763/_karma_webpack_/webpack:/node_modules/@angular/compiler/esm5/compiler.js:34505:48
	    at Set.forEach (<anonymous>)
	    at JitCompiler.push../node_modules/@angular/compiler/esm5/compiler.js.JitCompiler._compileComponents node_modules/@angular/compiler/esm5/compiler.js:34505:1)
	    at http://localhost:18763/_karma_webpack_/webpack:/node_modules/@angular/compiler/esm5/compiler.js:34393:1
	    at Object.then node_modules/@angular/compiler/esm5/compiler.js:475:33)
	    at JitCompiler.push../node_modules/@angular/compiler/esm5/compiler.js.JitCompiler._compileModuleAndAllComponents node_modules/@angular/compiler/esm5/compiler.js:34391:1)
	Error: Template parse errors:
	'activity-selector' is not a known element:
	1. If 'activity-selector' is an Angular component, then verify that it is part of this module.
	2. If 'activity-selector' is a Web Component then add 'CUSTOM_ELEMENTS_SCHEMA' to the '@NgModule.schemas' of this component to suppress this message. ("
	  <div class="row">
	    <div class="col-md-12">
	      [ERROR ->]<activity-selector>
	      </activity-selector>
	    </div>
	"): ng:///DynamicTestModule/TrackerComponent.html@3:6
	'timer' is not a known element:
	1. If 'timer' is an Angular component, then verify that it is part of this module.
	2. To allow any element add 'NO_ERRORS_SCHEMA' to the '@NgModule.schemas' of this component. ("
	  <div class="row">
	    <div class="col-md-12">
	      [ERROR ->]<timer class="text-center" (onTimerStopped)="onTimerStopped($event)"></timer>
	    </div>
	  </div>
	"): ng:///DynamicTestModule/TrackerComponent.html@9:6
	'recent-activities' is not a known element:
	1. If 'recent-activities' is an Angular component, then verify that it is part of this module.
	2. If 'recent-activities' is a Web Component then add 'CUSTOM_ELEMENTS_SCHEMA' to the '@NgModule.schemas' of this component to suppress this message. ("
	</main>
	<aside class="col-md-3">
	  [ERROR ->]<recent-activities></recent-activities>
	</aside>
	"): ng:///DynamicTestModule/TrackerComponent.html@14:2
	    at syntaxError node_modules/@angular/compiler/esm5/compiler.js:486:22)
	    at TemplateParser.push../node_modules/@angular/compiler/esm5/compiler.js.TemplateParser.parse node_modules/@angular/compiler/esm5/compiler.js:24674:1)
	    at JitCompiler.push../node_modules/@angular/compiler/esm5/compiler.js.JitCompiler._parseTemplate node_modules/@angular/compiler/esm5/compiler.js:34629:1)
	    at JitCompiler.push../node_modules/@angular/compiler/esm5/compiler.js.JitCompiler._compileTemplate node_modules/@angular/compiler/esm5/compiler.js:34604:1)
	    at http://localhost:18763/_karma_webpack_/webpack:/node_modules/@angular/compiler/esm5/compiler.js:34505:48
	    at Set.forEach (<anonymous>)
	    at JitCompiler.push../node_modules/@angular/compiler/esm5/compiler.js.JitCompiler._compileComponents node_modules/@angular/compiler/esm5/compiler.js:34505:1)
	    at http://localhost:18763/_karma_webpack_/webpack:/node_modules/@angular/compiler/esm5/compiler.js:34393:1
	    at Object.then node_modules/@angular/compiler/esm5/compiler.js:475:33)
	    at JitCompiler.push../node_modules/@angular/compiler/esm5/compiler.js.JitCompiler._compileModuleAndAllComponents node_modules/@angular/compiler/esm5/compiler.js:34391:1)
	Expected undefined to be truthy.
	    at Object.<anonymous> src/app/components/tracker/tracker.component.spec.ts:23:23)
	    at ZoneDelegate../node_modules/zone.js/dist/zone.js.ZoneDelegate.invoke node_modules/zone.js/dist/zone.js:388:1)
	    at ProxyZoneSpec.push../node_modules/zone.js/dist/proxy.js.ProxyZoneSpec.onInvoke node_modules/zone.js/dist/proxy.js:128:1)
	    at ZoneDelegate../node_modules/zone.js/dist/zone.js.ZoneDelegate.invoke node_modules/zone.js/dist/zone.js:387:1)
[1A[2KChrome 67.0.3396 (Mac OS X 10.13.3) TrackerComponent should be created FAILED
	'activity-selector' is not a known element:
	1. If 'activity-selector' is an Angular component, then verify that it is part of this module.
	2. If 'activity-selector' is a Web Component then add 'CUSTOM_ELEMENTS_SCHEMA' to the '@NgModule.schemas' of this component to suppress this message. ("
	  <div class="row">
	    <div class="col-md-12">
	      [ERROR ->]<activity-selector>
	      </activity-selector>
	    </div>
	"): ng:///DynamicTestModule/TrackerComponent.html@3:6
	'timer' is not a known element:
	1. If 'timer' is an Angular component, then verify that it is part of this module.
	2. To allow any element add 'NO_ERRORS_SCHEMA' to the '@NgModule.schemas' of this component. ("
	  <div class="row">
	    <div class="col-md-12">
	      [ERROR ->]<timer class="text-center" (onTimerStopped)="onTimerStopped($event)"></timer>
	    </div>
	  </div>
	"): ng:///DynamicTestModule/TrackerComponent.html@9:6
	'recent-activities' is not a known element:
	1. If 'recent-activities' is an Angular component, then verify that it is part of this module.
	2. If 'recent-activities' is a Web Component then add 'CUSTOM_ELEMENTS_SCHEMA' to the '@NgModule.schemas' of this component to suppress this message. ("
	</main>
	<aside class="col-md-3">
	  [ERROR ->]<recent-activities></recent-activities>
	</aside>
	"): ng:///DynamicTestModule/TrackerComponent.html@14:2
	Error: Template parse errors:
	    at syntaxError node_modules/@angular/compiler/esm5/compiler.js:486:22)
	    at TemplateParser.push../node_modules/@angular/compiler/esm5/compiler.js.TemplateParser.parse node_modules/@angular/compiler/esm5/compiler.js:24674:1)
	    at JitCompiler.push../node_modules/@angular/compiler/esm5/compiler.js.JitCompiler._parseTemplate node_modules/@angular/compiler/esm5/compiler.js:34629:1)
	    at JitCompiler.push../node_modules/@angular/compiler/esm5/compiler.js.JitCompiler._compileTemplate node_modules/@angular/compiler/esm5/compiler.js:34604:1)
	    at http://localhost:18763/_karma_webpack_/webpack:/node_modules/@angular/compiler/esm5/compiler.js:34505:48
	    at Set.forEach (<anonymous>)
	    at JitCompiler.push../node_modules/@angular/compiler/esm5/compiler.js.JitCompiler._compileComponents node_modules/@angular/compiler/esm5/compiler.js:34505:1)
	    at http://localhost:18763/_karma_webpack_/webpack:/node_modules/@angular/compiler/esm5/compiler.js:34393:1
	    at Object.then node_modules/@angular/compiler/esm5/compiler.js:475:33)
	    at JitCompiler.push../node_modules/@angular/compiler/esm5/compiler.js.JitCompiler._compileModuleAndAllComponents node_modules/@angular/compiler/esm5/compiler.js:34391:1)
	Error: Template parse errors:
	'activity-selector' is not a known element:
	1. If 'activity-selector' is an Angular component, then verify that it is part of this module.
	2. If 'activity-selector' is a Web Component then add 'CUSTOM_ELEMENTS_SCHEMA' to the '@NgModule.schemas' of this component to suppress this message. ("
	  <div class="row">
	    <div class="col-md-12">
	      [ERROR ->]<activity-selector>
	      </activity-selector>
	    </div>
	"): ng:///DynamicTestModule/TrackerComponent.html@3:6
	'timer' is not a known element:
	1. If 'timer' is an Angular component, then verify that it is part of this module.
	2. To allow any element add 'NO_ERRORS_SCHEMA' to the '@NgModule.schemas' of this component. ("
	  <div class="row">
	    <div class="col-md-12">
	      [ERROR ->]<timer class="text-center" (onTimerStopped)="onTimerStopped($event)"></timer>
	    </div>
	  </div>
	"): ng:///DynamicTestModule/TrackerComponent.html@9:6
	'recent-activities' is not a known element:
	1. If 'recent-activities' is an Angular component, then verify that it is part of this module.
	2. If 'recent-activities' is a Web Component then add 'CUSTOM_ELEMENTS_SCHEMA' to the '@NgModule.schemas' of this component to suppress this message. ("
	</main>
	<aside class="col-md-3">
	  [ERROR ->]<recent-activities></recent-activities>
	</aside>
	"): ng:///DynamicTestModule/TrackerComponent.html@14:2
	    at syntaxError node_modules/@angular/compiler/esm5/compiler.js:486:22)
	    at TemplateParser.push../node_modules/@angular/compiler/esm5/compiler.js.TemplateParser.parse node_modules/@angular/compiler/esm5/compiler.js:24674:1)
	    at JitCompiler.push../node_modules/@angular/compiler/esm5/compiler.js.JitCompiler._parseTemplate node_modules/@angular/compiler/esm5/compiler.js:34629:1)
	    at JitCompiler.push../node_modules/@angular/compiler/esm5/compiler.js.JitCompiler._compileTemplate node_modules/@angular/compiler/esm5/compiler.js:34604:1)
	    at http://localhost:18763/_karma_webpack_/webpack:/node_modules/@angular/compiler/esm5/compiler.js:34505:48
	    at Set.forEach (<anonymous>)
	    at JitCompiler.push../node_modules/@angular/compiler/esm5/compiler.js.JitCompiler._compileComponents node_modules/@angular/compiler/esm5/compiler.js:34505:1)
	    at http://localhost:18763/_karma_webpack_/webpack:/node_modules/@angular/compiler/esm5/compiler.js:34393:1
	    at Object.then node_modules/@angular/compiler/esm5/compiler.js:475:33)
	    at JitCompiler.push../node_modules/@angular/compiler/esm5/compiler.js.JitCompiler._compileModuleAndAllComponents node_modules/@angular/compiler/esm5/compiler.js:34391:1)
	Expected undefined to be truthy.
	    at Object.<anonymous> src/app/components/tracker/tracker.component.spec.ts:23:23)
	    at ZoneDelegate../node_modules/zone.js/dist/zone.js.ZoneDelegate.invoke node_modules/zone.js/dist/zone.js:388:1)
	    at ProxyZoneSpec.push../node_modules/zone.js/dist/proxy.js.ProxyZoneSpec.onInvoke node_modules/zone.js/dist/proxy.js:128:1)
	    at ZoneDelegate../node_modules/zone.js/dist/zone.js.ZoneDelegate.invoke node_modules/zone.js/dist/zone.js:387:1)
Chrome 67.0.3396 (Mac OS X 10.13.3): Executed 7 of 12 (5 FAILED) (0 secs / 0.358 secs)
Chrome 67.0.3396 (Mac OS X 10.13.3) TrackerComponent should be created FAILED
	'activity-selector' is not a known element:
	1. If 'activity-selector' is an Angular component, then verify that it is part of this module.
	2. If 'activity-selector' is a Web Component then add 'CUSTOM_ELEMENTS_SCHEMA' to the '@NgModule.schemas' of this component to suppress this message. ("
	  <div class="row">
	    <div class="col-md-12">
	      [ERROR ->]<activity-selector>
	      </activity-selector>
	    </div>
	"): ng:///DynamicTestModule/TrackerComponent.html@3:6
	'timer' is not a known element:
	1. If 'timer' is an Angular component, then verify that it is part of this module.
	2. To allow any element add 'NO_ERRORS_SCHEMA' to the '@NgModule.schemas' of this component. ("
	  <div class="row">
	    <div class="col-md-12">
	      [ERROR ->]<timer class="text-center" (onTimerStopped)="onTimerStopped($event)"></timer>
	    </div>
	  </div>
	"): ng:///DynamicTestModule/TrackerComponent.html@9:6
	'recent-activities' is not a known element:
	1. If 'recent-activities' is an Angular component, then verify that it is part of this module.
	2. If 'recent-activities' is a Web Component then add 'CUSTOM_ELEMENTS_SCHEMA' to the '@NgModule.schemas' of this component to suppress this message. ("
	</main>
	<aside class="col-md-3">
	  [ERROR ->]<recent-activities></recent-activities>
	</aside>
	"): ng:///DynamicTestModule/TrackerComponent.html@14:2
	Error: Template parse errors:
	    at syntaxError node_modules/@angular/compiler/esm5/compiler.js:486:22)
	    at TemplateParser.push../node_modules/@angular/compiler/esm5/compiler.js.TemplateParser.parse node_modules/@angular/compiler/esm5/compiler.js:24674:1)
	    at JitCompiler.push../node_modules/@angular/compiler/esm5/compiler.js.JitCompiler._parseTemplate node_modules/@angular/compiler/esm5/compiler.js:34629:1)
	    at JitCompiler.push../node_modules/@angular/compiler/esm5/compiler.js.JitCompiler._compileTemplate node_modules/@angular/compiler/esm5/compiler.js:34604:1)
	    at http://localhost:18763/_karma_webpack_/webpack:/node_modules/@angular/compiler/esm5/compiler.js:34505:48
	    at Set.forEach (<anonymous>)
	    at JitCompiler.push../node_modules/@angular/compiler/esm5/compiler.js.JitCompiler._compileComponents node_modules/@angular/compiler/esm5/compiler.js:34505:1)
	    at http://localhost:18763/_karma_webpack_/webpack:/node_modules/@angular/compiler/esm5/compiler.js:34393:1
	    at Object.then node_modules/@angular/compiler/esm5/compiler.js:475:33)
	    at JitCompiler.push../node_modules/@angular/compiler/esm5/compiler.js.JitCompiler._compileModuleAndAllComponents node_modules/@angular/compiler/esm5/compiler.js:34391:1)
	Error: Template parse errors:
	'activity-selector' is not a known element:
	1. If 'activity-selector' is an Angular component, then verify that it is part of this module.
	2. If 'activity-selector' is a Web Component then add 'CUSTOM_ELEMENTS_SCHEMA' to the '@NgModule.schemas' of this component to suppress this message. ("
	  <div class="row">
	    <div class="col-md-12">
	      [ERROR ->]<activity-selector>
	      </activity-selector>
	    </div>
	"): ng:///DynamicTestModule/TrackerComponent.html@3:6
	'timer' is not a known element:
	1. If 'timer' is an Angular component, then verify that it is part of this module.
	2. To allow any element add 'NO_ERRORS_SCHEMA' to the '@NgModule.schemas' of this component. ("
	  <div class="row">
	    <div class="col-md-12">
	      [ERROR ->]<timer class="text-center" (onTimerStopped)="onTimerStopped($event)"></timer>
	    </div>
	  </div>
	"): ng:///DynamicTestModule/TrackerComponent.html@9:6
	'recent-activities' is not a known element:
	1. If 'recent-activities' is an Angular component, then verify that it is part of this module.
	2. If 'recent-activities' is a Web Component then add 'CUSTOM_ELEMENTS_SCHEMA' to the '@NgModule.schemas' of this component to suppress this message. ("
	</main>
	<aside class="col-md-3">
	  [ERROR ->]<recent-activities></recent-activities>
	</aside>
	"): ng:///DynamicTestModule/TrackerComponent.html@14:2
	    at syntaxError node_modules/@angular/compiler/esm5/compiler.js:486:22)
	    at TemplateParser.push../node_modules/@angular/compiler/esm5/compiler.js.TemplateParser.parse node_modules/@angular/compiler/esm5/compiler.js:24674:1)
	    at JitCompiler.push../node_modules/@angular/compiler/esm5/compiler.js.JitCompiler._parseTemplate node_modules/@angular/compiler/esm5/compiler.js:34629:1)
	    at JitCompiler.push../node_modules/@angular/compiler/esm5/compiler.js.JitCompiler._compileTemplate node_modules/@angular/compiler/esm5/compiler.js:34604:1)
	    at http://localhost:18763/_karma_webpack_/webpack:/node_modules/@angular/compiler/esm5/compiler.js:34505:48
	    at Set.forEach (<anonymous>)
	    at JitCompiler.push../node_modules/@angular/compiler/esm5/compiler.js.JitCompiler._compileComponents node_modules/@angular/compiler/esm5/compiler.js:34505:1)
	    at http://localhost:18763/_karma_webpack_/webpack:/node_modules/@angular/compiler/esm5/compiler.js:34393:1
	    at Object.then node_modules/@angular/compiler/esm5/compiler.js:475:33)
	    at JitCompiler.push../node_modules/@angular/compiler/esm5/compiler.js.JitCompiler._compileModuleAndAllComponents node_modules/@angular/compiler/esm5/compiler.js:34391:1)
	Expected undefined to be truthy.
	    at Object.<anonymous> src/app/components/tracker/tracker.component.spec.ts:23:23)
	    at ZoneDelegate../node_modules/zone.js/dist/zone.js.ZoneDelegate.invoke node_modules/zone.js/dist/zone.js:388:1)
	    at ProxyZoneSpec.push../node_modules/zone.js/dist/proxy.js.ProxyZoneSpec.onInvoke node_modules/zone.js/dist/proxy.js:128:1)
	    at ZoneDelegate../node_modules/zone.js/dist/zone.js.ZoneDelegate.invoke node_modules/zone.js/dist/zone.js:387:1)
Chrome 67.0.3396 (Mac OS X 10.13.3) UserLoginComponent should create FAILED
	Can't bind to 'ngModel' since it isn't a known property of 'input'. (">
	  <div class="form-group">
	    <input name="username" class="form-control" placeholder="Username" [ERROR ->][(ngModel)]="data.username">
	  </div>
	  <div class="form-group">
	"): ng:///DynamicTestModule/UserLoginComponent.html@2:71
	Can't bind to 'ngModel' since it isn't a known property of 'input'. ("form-group">
	    <input name="password" type="password" placeholder="Password" class="form-control" [ERROR ->][(ngModel)]="data.password">
	  </div>
	  <button class="btn btn-primary center-block" [mat-dialog-clos"): ng:///DynamicTestModule/UserLoginComponent.html@5:87
	Can't bind to 'mat-dialog-close' since it isn't a known property of 'button'. (""form-control" [(ngModel)]="data.password">
	  </div>
	  <button class="btn btn-primary center-block" [ERROR ->][mat-dialog-close]="data">Login</button>
	</form>"): ng:///DynamicTestModule/UserLoginComponent.html@7:47
	Error: Template parse errors:
	    at syntaxError node_modules/@angular/compiler/esm5/compiler.js:486:22)
	    at TemplateParser.push../node_modules/@angular/compiler/esm5/compiler.js.TemplateParser.parse node_modules/@angular/compiler/esm5/compiler.js:24674:1)
	    at JitCompiler.push../node_modules/@angular/compiler/esm5/compiler.js.JitCompiler._parseTemplate node_modules/@angular/compiler/esm5/compiler.js:34629:1)
	    at JitCompiler.push../node_modules/@angular/compiler/esm5/compiler.js.JitCompiler._compileTemplate node_modules/@angular/compiler/esm5/compiler.js:34604:1)
	    at http://localhost:18763/_karma_webpack_/webpack:/node_modules/@angular/compiler/esm5/compiler.js:34505:48
	    at Set.forEach (<anonymous>)
	    at JitCompiler.push../node_modules/@angular/compiler/esm5/compiler.js.JitCompiler._compileComponents node_modules/@angular/compiler/esm5/compiler.js:34505:1)
	    at http://localhost:18763/_karma_webpack_/webpack:/node_modules/@angular/compiler/esm5/compiler.js:34393:1
	    at Object.then node_modules/@angular/compiler/esm5/compiler.js:475:33)
	    at JitCompiler.push../node_modules/@angular/compiler/esm5/compiler.js.JitCompiler._compileModuleAndAllComponents node_modules/@angular/compiler/esm5/compiler.js:34391:1)
	Error: Template parse errors:
	Can't bind to 'ngModel' since it isn't a known property of 'input'. (">
	  <div class="form-group">
	    <input name="username" class="form-control" placeholder="Username" [ERROR ->][(ngModel)]="data.username">
	  </div>
	  <div class="form-group">
	"): ng:///DynamicTestModule/UserLoginComponent.html@2:71
	Can't bind to 'ngModel' since it isn't a known property of 'input'. ("form-group">
	    <input name="password" type="password" placeholder="Password" class="form-control" [ERROR ->][(ngModel)]="data.password">
	  </div>
	  <button class="btn btn-primary center-block" [mat-dialog-clos"): ng:///DynamicTestModule/UserLoginComponent.html@5:87
	Can't bind to 'mat-dialog-close' since it isn't a known property of 'button'. (""form-control" [(ngModel)]="data.password">
	  </div>
	  <button class="btn btn-primary center-block" [ERROR ->][mat-dialog-close]="data">Login</button>
	</form>"): ng:///DynamicTestModule/UserLoginComponent.html@7:47
	    at syntaxError node_modules/@angular/compiler/esm5/compiler.js:486:22)
	    at TemplateParser.push../node_modules/@angular/compiler/esm5/compiler.js.TemplateParser.parse node_modules/@angular/compiler/esm5/compiler.js:24674:1)
	    at JitCompiler.push../node_modules/@angular/compiler/esm5/compiler.js.JitCompiler._parseTemplate node_modules/@angular/compiler/esm5/compiler.js:34629:1)
	    at JitCompiler.push../node_modules/@angular/compiler/esm5/compiler.js.JitCompiler._compileTemplate node_modules/@angular/compiler/esm5/compiler.js:34604:1)
	    at http://localhost:18763/_karma_webpack_/webpack:/node_modules/@angular/compiler/esm5/compiler.js:34505:48
	    at Set.forEach (<anonymous>)
	    at JitCompiler.push../node_modules/@angular/compiler/esm5/compiler.js.JitCompiler._compileComponents node_modules/@angular/compiler/esm5/compiler.js:34505:1)
	    at http://localhost:18763/_karma_webpack_/webpack:/node_modules/@angular/compiler/esm5/compiler.js:34393:1
	    at Object.then node_modules/@angular/compiler/esm5/compiler.js:475:33)
	    at JitCompiler.push../node_modules/@angular/compiler/esm5/compiler.js.JitCompiler._compileModuleAndAllComponents node_modules/@angular/compiler/esm5/compiler.js:34391:1)
	Expected undefined to be truthy.
	    at Object.<anonymous> src/app/components/user-login/user-login.component.spec.ts:23:23)
	    at ZoneDelegate../node_modules/zone.js/dist/zone.js.ZoneDelegate.invoke node_modules/zone.js/dist/zone.js:388:1)
	    at ProxyZoneSpec.push../node_modules/zone.js/dist/proxy.js.ProxyZoneSpec.onInvoke node_modules/zone.js/dist/proxy.js:128:1)
	    at ZoneDelegate../node_modules/zone.js/dist/zone.js.ZoneDelegate.invoke node_modules/zone.js/dist/zone.js:387:1)
[1A[2KChrome 67.0.3396 (Mac OS X 10.13.3) UserLoginComponent should create FAILED
	Can't bind to 'ngModel' since it isn't a known property of 'input'. (">
	  <div class="form-group">
	    <input name="username" class="form-control" placeholder="Username" [ERROR ->][(ngModel)]="data.username">
	  </div>
	  <div class="form-group">
	"): ng:///DynamicTestModule/UserLoginComponent.html@2:71
	Can't bind to 'ngModel' since it isn't a known property of 'input'. ("form-group">
	    <input name="password" type="password" placeholder="Password" class="form-control" [ERROR ->][(ngModel)]="data.password">
	  </div>
	  <button class="btn btn-primary center-block" [mat-dialog-clos"): ng:///DynamicTestModule/UserLoginComponent.html@5:87
	Can't bind to 'mat-dialog-close' since it isn't a known property of 'button'. (""form-control" [(ngModel)]="data.password">
	  </div>
	  <button class="btn btn-primary center-block" [ERROR ->][mat-dialog-close]="data">Login</button>
	</form>"): ng:///DynamicTestModule/UserLoginComponent.html@7:47
	Error: Template parse errors:
	    at syntaxError node_modules/@angular/compiler/esm5/compiler.js:486:22)
	    at TemplateParser.push../node_modules/@angular/compiler/esm5/compiler.js.TemplateParser.parse node_modules/@angular/compiler/esm5/compiler.js:24674:1)
	    at JitCompiler.push../node_modules/@angular/compiler/esm5/compiler.js.JitCompiler._parseTemplate node_modules/@angular/compiler/esm5/compiler.js:34629:1)
	    at JitCompiler.push../node_modules/@angular/compiler/esm5/compiler.js.JitCompiler._compileTemplate node_modules/@angular/compiler/esm5/compiler.js:34604:1)
	    at http://localhost:18763/_karma_webpack_/webpack:/node_modules/@angular/compiler/esm5/compiler.js:34505:48
	    at Set.forEach (<anonymous>)
	    at JitCompiler.push../node_modules/@angular/compiler/esm5/compiler.js.JitCompiler._compileComponents node_modules/@angular/compiler/esm5/compiler.js:34505:1)
	    at http://localhost:18763/_karma_webpack_/webpack:/node_modules/@angular/compiler/esm5/compiler.js:34393:1
	    at Object.then node_modules/@angular/compiler/esm5/compiler.js:475:33)
	    at JitCompiler.push../node_modules/@angular/compiler/esm5/compiler.js.JitCompiler._compileModuleAndAllComponents node_modules/@angular/compiler/esm5/compiler.js:34391:1)
	Error: Template parse errors:
	Can't bind to 'ngModel' since it isn't a known property of 'input'. (">
	  <div class="form-group">
	    <input name="username" class="form-control" placeholder="Username" [ERROR ->][(ngModel)]="data.username">
	  </div>
	  <div class="form-group">
	"): ng:///DynamicTestModule/UserLoginComponent.html@2:71
	Can't bind to 'ngModel' since it isn't a known property of 'input'. ("form-group">
	    <input name="password" type="password" placeholder="Password" class="form-control" [ERROR ->][(ngModel)]="data.password">
	  </div>
	  <button class="btn btn-primary center-block" [mat-dialog-clos"): ng:///DynamicTestModule/UserLoginComponent.html@5:87
	Can't bind to 'mat-dialog-close' since it isn't a known property of 'button'. (""form-control" [(ngModel)]="data.password">
	  </div>
	  <button class="btn btn-primary center-block" [ERROR ->][mat-dialog-close]="data">Login</button>
	</form>"): ng:///DynamicTestModule/UserLoginComponent.html@7:47
	    at syntaxError node_modules/@angular/compiler/esm5/compiler.js:486:22)
	    at TemplateParser.push../node_modules/@angular/compiler/esm5/compiler.js.TemplateParser.parse node_modules/@angular/compiler/esm5/compiler.js:24674:1)
	    at JitCompiler.push../node_modules/@angular/compiler/esm5/compiler.js.JitCompiler._parseTemplate node_modules/@angular/compiler/esm5/compiler.js:34629:1)
	    at JitCompiler.push../node_modules/@angular/compiler/esm5/compiler.js.JitCompiler._compileTemplate node_modules/@angular/compiler/esm5/compiler.js:34604:1)
	    at http://localhost:18763/_karma_webpack_/webpack:/node_modules/@angular/compiler/esm5/compiler.js:34505:48
	    at Set.forEach (<anonymous>)
	    at JitCompiler.push../node_modules/@angular/compiler/esm5/compiler.js.JitCompiler._compileComponents node_modules/@angular/compiler/esm5/compiler.js:34505:1)
	    at http://localhost:18763/_karma_webpack_/webpack:/node_modules/@angular/compiler/esm5/compiler.js:34393:1
	    at Object.then node_modules/@angular/compiler/esm5/compiler.js:475:33)
	    at JitCompiler.push../node_modules/@angular/compiler/esm5/compiler.js.JitCompiler._compileModuleAndAllComponents node_modules/@angular/compiler/esm5/compiler.js:34391:1)
	Expected undefined to be truthy.
	    at Object.<anonymous> src/app/components/user-login/user-login.component.spec.ts:23:23)
	    at ZoneDelegate../node_modules/zone.js/dist/zone.js.ZoneDelegate.invoke node_modules/zone.js/dist/zone.js:388:1)
	    at ProxyZoneSpec.push../node_modules/zone.js/dist/proxy.js.ProxyZoneSpec.onInvoke node_modules/zone.js/dist/proxy.js:128:1)
	    at ZoneDelegate../node_modules/zone.js/dist/zone.js.ZoneDelegate.invoke node_modules/zone.js/dist/zone.js:387:1)
Chrome 67.0.3396 (Mac OS X 10.13.3): Executed 8 of 12 (6 FAILED) (0 secs / 0.372 secs)
Chrome 67.0.3396 (Mac OS X 10.13.3) UserLoginComponent should create FAILED
	Can't bind to 'ngModel' since it isn't a known property of 'input'. (">
	  <div class="form-group">
	    <input name="username" class="form-control" placeholder="Username" [ERROR ->][(ngModel)]="data.username">
	  </div>
	  <div class="form-group">
	"): ng:///DynamicTestModule/UserLoginComponent.html@2:71
	Can't bind to 'ngModel' since it isn't a known property of 'input'. ("form-group">
	    <input name="password" type="password" placeholder="Password" class="form-control" [ERROR ->][(ngModel)]="data.password">
	  </div>
	  <button class="btn btn-primary center-block" [mat-dialog-clos"): ng:///DynamicTestModule/UserLoginComponent.html@5:87
	Can't bind to 'mat-dialog-close' since it isn't a known property of 'button'. (""form-control" [(ngModel)]="data.password">
	  </div>
	  <button class="btn btn-primary center-block" [ERROR ->][mat-dialog-close]="data">Login</button>
	</form>"): ng:///DynamicTestModule/UserLoginComponent.html@7:47
	Error: Template parse errors:
	    at syntaxError node_modules/@angular/compiler/esm5/compiler.js:486:22)
	    at TemplateParser.push../node_modules/@angular/compiler/esm5/compiler.js.TemplateParser.parse node_modules/@angular/compiler/esm5/compiler.js:24674:1)
	    at JitCompiler.push../node_modules/@angular/compiler/esm5/compiler.js.JitCompiler._parseTemplate node_modules/@angular/compiler/esm5/compiler.js:34629:1)
	    at JitCompiler.push../node_modules/@angular/compiler/esm5/compiler.js.JitCompiler._compileTemplate node_modules/@angular/compiler/esm5/compiler.js:34604:1)
	    at http://localhost:18763/_karma_webpack_/webpack:/node_modules/@angular/compiler/esm5/compiler.js:34505:48
	    at Set.forEach (<anonymous>)
	    at JitCompiler.push../node_modules/@angular/compiler/esm5/compiler.js.JitCompiler._compileComponents node_modules/@angular/compiler/esm5/compiler.js:34505:1)
	    at http://localhost:18763/_karma_webpack_/webpack:/node_modules/@angular/compiler/esm5/compiler.js:34393:1
	    at Object.then node_modules/@angular/compiler/esm5/compiler.js:475:33)
	    at JitCompiler.push../node_modules/@angular/compiler/esm5/compiler.js.JitCompiler._compileModuleAndAllComponents node_modules/@angular/compiler/esm5/compiler.js:34391:1)
	Error: Template parse errors:
	Can't bind to 'ngModel' since it isn't a known property of 'input'. (">
	  <div class="form-group">
	    <input name="username" class="form-control" placeholder="Username" [ERROR ->][(ngModel)]="data.username">
	  </div>
	  <div class="form-group">
	"): ng:///DynamicTestModule/UserLoginComponent.html@2:71
	Can't bind to 'ngModel' since it isn't a known property of 'input'. ("form-group">
	    <input name="password" type="password" placeholder="Password" class="form-control" [ERROR ->][(ngModel)]="data.password">
	  </div>
	  <button class="btn btn-primary center-block" [mat-dialog-clos"): ng:///DynamicTestModule/UserLoginComponent.html@5:87
	Can't bind to 'mat-dialog-close' since it isn't a known property of 'button'. (""form-control" [(ngModel)]="data.password">
	  </div>
	  <button class="btn btn-primary center-block" [ERROR ->][mat-dialog-close]="data">Login</button>
	</form>"): ng:///DynamicTestModule/UserLoginComponent.html@7:47
	    at syntaxError node_modules/@angular/compiler/esm5/compiler.js:486:22)
	    at TemplateParser.push../node_modules/@angular/compiler/esm5/compiler.js.TemplateParser.parse node_modules/@angular/compiler/esm5/compiler.js:24674:1)
	    at JitCompiler.push../node_modules/@angular/compiler/esm5/compiler.js.JitCompiler._parseTemplate node_modules/@angular/compiler/esm5/compiler.js:34629:1)
	    at JitCompiler.push../node_modules/@angular/compiler/esm5/compiler.js.JitCompiler._compileTemplate node_modules/@angular/compiler/esm5/compiler.js:34604:1)
	    at http://localhost:18763/_karma_webpack_/webpack:/node_modules/@angular/compiler/esm5/compiler.js:34505:48
	    at Set.forEach (<anonymous>)
	    at JitCompiler.push../node_modules/@angular/compiler/esm5/compiler.js.JitCompiler._compileComponents node_modules/@angular/compiler/esm5/compiler.js:34505:1)
	    at http://localhost:18763/_karma_webpack_/webpack:/node_modules/@angular/compiler/esm5/compiler.js:34393:1
	    at Object.then node_modules/@angular/compiler/esm5/compiler.js:475:33)
	    at JitCompiler.push../node_modules/@angular/compiler/esm5/compiler.js.JitCompiler._compileModuleAndAllComponents node_modules/@angular/compiler/esm5/compiler.js:34391:1)
	Expected undefined to be truthy.
	    at Object.<anonymous> src/app/components/user-login/user-login.component.spec.ts:23:23)
	    at ZoneDelegate../node_modules/zone.js/dist/zone.js.ZoneDelegate.invoke node_modules/zone.js/dist/zone.js:388:1)
	    at ProxyZoneSpec.push../node_modules/zone.js/dist/proxy.js.ProxyZoneSpec.onInvoke node_modules/zone.js/dist/proxy.js:128:1)
	    at ZoneDelegate../node_modules/zone.js/dist/zone.js.ZoneDelegate.invoke node_modules/zone.js/dist/zone.js:387:1)
Chrome 67.0.3396 (Mac OS X 10.13.3) ActivityService should be created FAILED
	Error: StaticInjectorError(DynamicTestModule)[ActivityService -> HttpClient]: 
	  StaticInjectorError(Platform: core)[ActivityService -> HttpClient]: 
	    NullInjectorError: No provider for HttpClient!
	    at _NullInjector.push../node_modules/@angular/core/esm5/core.js._NullInjector.get node_modules/@angular/core/esm5/core.js:1003:1)
	    at resolveToken node_modules/@angular/core/esm5/core.js:1301:1)
	    at tryResolveToken node_modules/@angular/core/esm5/core.js:1243:1)
	    at StaticInjector.push../node_modules/@angular/core/esm5/core.js.StaticInjector.get node_modules/@angular/core/esm5/core.js:1111:1)
	    at resolveToken node_modules/@angular/core/esm5/core.js:1301:1)
	    at tryResolveToken node_modules/@angular/core/esm5/core.js:1243:1)
	    at StaticInjector.push../node_modules/@angular/core/esm5/core.js.StaticInjector.get node_modules/@angular/core/esm5/core.js:1111:1)
	    at resolveNgModuleDep node_modules/@angular/core/esm5/core.js:10896:1)
	    at _createClass node_modules/@angular/core/esm5/core.js:10935:1)
	    at _createProviderInstance$1 node_modules/@angular/core/esm5/core.js:10907:1)
[1A[2KChrome 67.0.3396 (Mac OS X 10.13.3) ActivityService should be created FAILED
	Error: StaticInjectorError(DynamicTestModule)[ActivityService -> HttpClient]: 
	  StaticInjectorError(Platform: core)[ActivityService -> HttpClient]: 
	    NullInjectorError: No provider for HttpClient!
	    at _NullInjector.push../node_modules/@angular/core/esm5/core.js._NullInjector.get node_modules/@angular/core/esm5/core.js:1003:1)
	    at resolveToken node_modules/@angular/core/esm5/core.js:1301:1)
	    at tryResolveToken node_modules/@angular/core/esm5/core.js:1243:1)
	    at StaticInjector.push../node_modules/@angular/core/esm5/core.js.StaticInjector.get node_modules/@angular/core/esm5/core.js:1111:1)
	    at resolveToken node_modules/@angular/core/esm5/core.js:1301:1)
	    at tryResolveToken node_modules/@angular/core/esm5/core.js:1243:1)
	    at StaticInjector.push../node_modules/@angular/core/esm5/core.js.StaticInjector.get node_modules/@angular/core/esm5/core.js:1111:1)
	    at resolveNgModuleDep node_modules/@angular/core/esm5/core.js:10896:1)
	    at _createClass node_modules/@angular/core/esm5/core.js:10935:1)
	    at _createProviderInstance$1 node_modules/@angular/core/esm5/core.js:10907:1)
Chrome 67.0.3396 (Mac OS X 10.13.3): Executed 9 of 12 (7 FAILED) (0 secs / 0.379 secs)
Chrome 67.0.3396 (Mac OS X 10.13.3) ActivityService should be created FAILED
	Error: StaticInjectorError(DynamicTestModule)[ActivityService -> HttpClient]: 
	  StaticInjectorError(Platform: core)[ActivityService -> HttpClient]: 
	    NullInjectorError: No provider for HttpClient!
	    at _NullInjector.push../node_modules/@angular/core/esm5/core.js._NullInjector.get node_modules/@angular/core/esm5/core.js:1003:1)
	    at resolveToken node_modules/@angular/core/esm5/core.js:1301:1)
	    at tryResolveToken node_modules/@angular/core/esm5/core.js:1243:1)
	    at StaticInjector.push../node_modules/@angular/core/esm5/core.js.StaticInjector.get node_modules/@angular/core/esm5/core.js:1111:1)
	    at resolveToken node_modules/@angular/core/esm5/core.js:1301:1)
	    at tryResolveToken node_modules/@angular/core/esm5/core.js:1243:1)
	    at StaticInjector.push../node_modules/@angular/core/esm5/core.js.StaticInjector.get node_modules/@angular/core/esm5/core.js:1111:1)
	    at resolveNgModuleDep node_modules/@angular/core/esm5/core.js:10896:1)
	    at _createClass node_modules/@angular/core/esm5/core.js:10935:1)
	    at _createProviderInstance$1 node_modules/@angular/core/esm5/core.js:10907:1)
Chrome 67.0.3396 (Mac OS X 10.13.3) RecentActivitiesService should be created FAILED
	Error: StaticInjectorError(DynamicTestModule)[RecentActivitiesService -> HttpClient]: 
	  StaticInjectorError(Platform: core)[RecentActivitiesService -> HttpClient]: 
	    NullInjectorError: No provider for HttpClient!
	    at _NullInjector.push../node_modules/@angular/core/esm5/core.js._NullInjector.get node_modules/@angular/core/esm5/core.js:1003:1)
	    at resolveToken node_modules/@angular/core/esm5/core.js:1301:1)
	    at tryResolveToken node_modules/@angular/core/esm5/core.js:1243:1)
	    at StaticInjector.push../node_modules/@angular/core/esm5/core.js.StaticInjector.get node_modules/@angular/core/esm5/core.js:1111:1)
	    at resolveToken node_modules/@angular/core/esm5/core.js:1301:1)
	    at tryResolveToken node_modules/@angular/core/esm5/core.js:1243:1)
	    at StaticInjector.push../node_modules/@angular/core/esm5/core.js.StaticInjector.get node_modules/@angular/core/esm5/core.js:1111:1)
	    at resolveNgModuleDep node_modules/@angular/core/esm5/core.js:10896:1)
	    at _createClass node_modules/@angular/core/esm5/core.js:10935:1)
	    at _createProviderInstance$1 node_modules/@angular/core/esm5/core.js:10907:1)
[1A[2KChrome 67.0.3396 (Mac OS X 10.13.3) RecentActivitiesService should be created FAILED
	Error: StaticInjectorError(DynamicTestModule)[RecentActivitiesService -> HttpClient]: 
	  StaticInjectorError(Platform: core)[RecentActivitiesService -> HttpClient]: 
	    NullInjectorError: No provider for HttpClient!
	    at _NullInjector.push../node_modules/@angular/core/esm5/core.js._NullInjector.get node_modules/@angular/core/esm5/core.js:1003:1)
	    at resolveToken node_modules/@angular/core/esm5/core.js:1301:1)
	    at tryResolveToken node_modules/@angular/core/esm5/core.js:1243:1)
	    at StaticInjector.push../node_modules/@angular/core/esm5/core.js.StaticInjector.get node_modules/@angular/core/esm5/core.js:1111:1)
	    at resolveToken node_modules/@angular/core/esm5/core.js:1301:1)
	    at tryResolveToken node_modules/@angular/core/esm5/core.js:1243:1)
	    at StaticInjector.push../node_modules/@angular/core/esm5/core.js.StaticInjector.get node_modules/@angular/core/esm5/core.js:1111:1)
	    at resolveNgModuleDep node_modules/@angular/core/esm5/core.js:10896:1)
	    at _createClass node_modules/@angular/core/esm5/core.js:10935:1)
	    at _createProviderInstance$1 node_modules/@angular/core/esm5/core.js:10907:1)
Chrome 67.0.3396 (Mac OS X 10.13.3): Executed 10 of 12 (8 FAILED) (0 secs / 0.387 secs)
Chrome 67.0.3396 (Mac OS X 10.13.3) RecentActivitiesService should be created FAILED
	Error: StaticInjectorError(DynamicTestModule)[RecentActivitiesService -> HttpClient]: 
	  StaticInjectorError(Platform: core)[RecentActivitiesService -> HttpClient]: 
	    NullInjectorError: No provider for HttpClient!
	    at _NullInjector.push../node_modules/@angular/core/esm5/core.js._NullInjector.get node_modules/@angular/core/esm5/core.js:1003:1)
	    at resolveToken node_modules/@angular/core/esm5/core.js:1301:1)
	    at tryResolveToken node_modules/@angular/core/esm5/core.js:1243:1)
	    at StaticInjector.push../node_modules/@angular/core/esm5/core.js.StaticInjector.get node_modules/@angular/core/esm5/core.js:1111:1)
	    at resolveToken node_modules/@angular/core/esm5/core.js:1301:1)
	    at tryResolveToken node_modules/@angular/core/esm5/core.js:1243:1)
	    at StaticInjector.push../node_modules/@angular/core/esm5/core.js.StaticInjector.get node_modules/@angular/core/esm5/core.js:1111:1)
	    at resolveNgModuleDep node_modules/@angular/core/esm5/core.js:10896:1)
	    at _createClass node_modules/@angular/core/esm5/core.js:10935:1)
	    at _createProviderInstance$1 node_modules/@angular/core/esm5/core.js:10907:1)
[1A[2KChrome 67.0.3396 (Mac OS X 10.13.3): Executed 11 of 12 (8 FAILED) (0 secs / 0.393 secs)
Chrome 67.0.3396 (Mac OS X 10.13.3) UserService should be created FAILED
	Error: StaticInjectorError(DynamicTestModule)[UserService -> StateService]: 
	  StaticInjectorError(Platform: core)[UserService -> StateService]: 
	    NullInjectorError: No provider for StateService!
	    at _NullInjector.push../node_modules/@angular/core/esm5/core.js._NullInjector.get node_modules/@angular/core/esm5/core.js:1003:1)
	    at resolveToken node_modules/@angular/core/esm5/core.js:1301:1)
	    at tryResolveToken node_modules/@angular/core/esm5/core.js:1243:1)
	    at StaticInjector.push../node_modules/@angular/core/esm5/core.js.StaticInjector.get node_modules/@angular/core/esm5/core.js:1111:1)
	    at resolveToken node_modules/@angular/core/esm5/core.js:1301:1)
	    at tryResolveToken node_modules/@angular/core/esm5/core.js:1243:1)
	    at StaticInjector.push../node_modules/@angular/core/esm5/core.js.StaticInjector.get node_modules/@angular/core/esm5/core.js:1111:1)
	    at resolveNgModuleDep node_modules/@angular/core/esm5/core.js:10896:1)
	    at _createClass node_modules/@angular/core/esm5/core.js:10933:1)
	    at _createProviderInstance$1 node_modules/@angular/core/esm5/core.js:10907:1)
[1A[2KChrome 67.0.3396 (Mac OS X 10.13.3) UserService should be created FAILED
	Error: StaticInjectorError(DynamicTestModule)[UserService -> StateService]: 
	  StaticInjectorError(Platform: core)[UserService -> StateService]: 
	    NullInjectorError: No provider for StateService!
	    at _NullInjector.push../node_modules/@angular/core/esm5/core.js._NullInjector.get node_modules/@angular/core/esm5/core.js:1003:1)
	    at resolveToken node_modules/@angular/core/esm5/core.js:1301:1)
	    at tryResolveToken node_modules/@angular/core/esm5/core.js:1243:1)
	    at StaticInjector.push../node_modules/@angular/core/esm5/core.js.StaticInjector.get node_modules/@angular/core/esm5/core.js:1111:1)
	    at resolveToken node_modules/@angular/core/esm5/core.js:1301:1)
	    at tryResolveToken node_modules/@angular/core/esm5/core.js:1243:1)
	    at StaticInjector.push../node_modules/@angular/core/esm5/core.js.StaticInjector.get node_modules/@angular/core/esm5/core.js:1111:1)
	    at resolveNgModuleDep node_modules/@angular/core/esm5/core.js:10896:1)
	    at _createClass node_modules/@angular/core/esm5/core.js:10933:1)
	    at _createProviderInstance$1 node_modules/@angular/core/esm5/core.js:10907:1)
Chrome 67.0.3396 (Mac OS X 10.13.3): Executed 12 of 12 (9 FAILED) (0 secs / 0.399 secs)
Chrome 67.0.3396 (Mac OS X 10.13.3) UserService should be created FAILED
	Error: StaticInjectorError(DynamicTestModule)[UserService -> StateService]: 
	  StaticInjectorError(Platform: core)[UserService -> StateService]: 
	    NullInjectorError: No provider for StateService!
	    at _NullInjector.push../node_modules/@angular/core/esm5/core.js._NullInjector.get node_modules/@angular/core/esm5/core.js:1003:1)
	    at resolveToken node_modules/@angular/core/esm5/core.js:1301:1)
	    at tryResolveToken node_modules/@angular/core/esm5/core.js:1243:1)
	    at StaticInjector.push../node_modules/@angular/core/esm5/core.js.StaticInjector.get node_modules/@angular/core/esm5/core.js:1111:1)
	    at resolveToken node_modules/@angular/core/esm5/core.js:1301:1)
	    at tryResolveToken node_modules/@angular/core/esm5/core.js:1243:1)
	    at StaticInjector.push../node_modules/@angular/core/esm5/core.js.StaticInjector.get node_modules/@angular/core/esm5/core.js:1111:1)
	    at resolveNgModuleDep node_modules/@angular/core/esm5/core.js:10896:1)
	    at _createClass node_modules/@angular/core/esm5/core.js:10933:1)
	    at _createProviderInstance$1 node_modules/@angular/core/esm5/core.js:10907:1)
[1A[2KChrome 67.0.3396 (Mac OS X 10.13.3): Executed 12 of 12 (9 FAILED) (0.475 secs / 0.399 secs)
Chrome 67.0.3396 (Mac OS X 10.13.3): Executed 0 of 12 SUCCESS (0 secs / 0 secs)
[1A[2KChrome 67.0.3396 (Mac OS X 10.13.3): Executed 1 of 12 SUCCESS (0 secs / 0.047 secs)
LOG: true
[1A[2KLOG: true
Chrome 67.0.3396 (Mac OS X 10.13.3): Executed 1 of 12 SUCCESS (0 secs / 0.047 secs)
LOG: true
[1A[2KChrome 67.0.3396 (Mac OS X 10.13.3): Executed 2 of 12 SUCCESS (0 secs / 0.093 secs)
Chrome 67.0.3396 (Mac OS X 10.13.3) AppComponent should create the app FAILED
	  StaticInjectorError(Platform: core)[AppComponent -> MatDialog]: 
	    NullInjectorError: No provider for MatDialog!
	Error: StaticInjectorError(DynamicTestModule)[AppComponent -> MatDialog]: 
	    at _NullInjector.push../node_modules/@angular/core/esm5/core.js._NullInjector.get node_modules/@angular/core/esm5/core.js:1003:1)
	    at resolveToken node_modules/@angular/core/esm5/core.js:1301:1)
	    at tryResolveToken node_modules/@angular/core/esm5/core.js:1243:1)
	    at StaticInjector.push../node_modules/@angular/core/esm5/core.js.StaticInjector.get node_modules/@angular/core/esm5/core.js:1111:1)
	    at resolveToken node_modules/@angular/core/esm5/core.js:1301:1)
	    at tryResolveToken node_modules/@angular/core/esm5/core.js:1243:1)
	    at StaticInjector.push../node_modules/@angular/core/esm5/core.js.StaticInjector.get node_modules/@angular/core/esm5/core.js:1111:1)
	    at resolveNgModuleDep node_modules/@angular/core/esm5/core.js:10896:1)
	    at NgModuleRef_.push../node_modules/@angular/core/esm5/core.js.NgModuleRef_.get node_modules/@angular/core/esm5/core.js:12129:1)
	    at resolveDep node_modules/@angular/core/esm5/core.js:12619:1)
[1A[2KChrome 67.0.3396 (Mac OS X 10.13.3) AppComponent should create the app FAILED
	  StaticInjectorError(Platform: core)[AppComponent -> MatDialog]: 
	    NullInjectorError: No provider for MatDialog!
	Error: StaticInjectorError(DynamicTestModule)[AppComponent -> MatDialog]: 
	    at _NullInjector.push../node_modules/@angular/core/esm5/core.js._NullInjector.get node_modules/@angular/core/esm5/core.js:1003:1)
	    at resolveToken node_modules/@angular/core/esm5/core.js:1301:1)
	    at tryResolveToken node_modules/@angular/core/esm5/core.js:1243:1)
	    at StaticInjector.push../node_modules/@angular/core/esm5/core.js.StaticInjector.get node_modules/@angular/core/esm5/core.js:1111:1)
	    at resolveToken node_modules/@angular/core/esm5/core.js:1301:1)
	    at tryResolveToken node_modules/@angular/core/esm5/core.js:1243:1)
	    at StaticInjector.push../node_modules/@angular/core/esm5/core.js.StaticInjector.get node_modules/@angular/core/esm5/core.js:1111:1)
	    at resolveNgModuleDep node_modules/@angular/core/esm5/core.js:10896:1)
	    at NgModuleRef_.push../node_modules/@angular/core/esm5/core.js.NgModuleRef_.get node_modules/@angular/core/esm5/core.js:12129:1)
	    at resolveDep node_modules/@angular/core/esm5/core.js:12619:1)
Chrome 67.0.3396 (Mac OS X 10.13.3): Executed 3 of 12 (1 FAILED) (0 secs / 0.106 secs)
Chrome 67.0.3396 (Mac OS X 10.13.3) AppComponent should create the app FAILED
	  StaticInjectorError(Platform: core)[AppComponent -> MatDialog]: 
	    NullInjectorError: No provider for MatDialog!
	Error: StaticInjectorError(DynamicTestModule)[AppComponent -> MatDialog]: 
	    at _NullInjector.push../node_modules/@angular/core/esm5/core.js._NullInjector.get node_modules/@angular/core/esm5/core.js:1003:1)
	    at resolveToken node_modules/@angular/core/esm5/core.js:1301:1)
	    at tryResolveToken node_modules/@angular/core/esm5/core.js:1243:1)
	    at StaticInjector.push../node_modules/@angular/core/esm5/core.js.StaticInjector.get node_modules/@angular/core/esm5/core.js:1111:1)
	    at resolveToken node_modules/@angular/core/esm5/core.js:1301:1)
	    at tryResolveToken node_modules/@angular/core/esm5/core.js:1243:1)
	    at StaticInjector.push../node_modules/@angular/core/esm5/core.js.StaticInjector.get node_modules/@angular/core/esm5/core.js:1111:1)
	    at resolveNgModuleDep node_modules/@angular/core/esm5/core.js:10896:1)
	    at NgModuleRef_.push../node_modules/@angular/core/esm5/core.js.NgModuleRef_.get node_modules/@angular/core/esm5/core.js:12129:1)
	    at resolveDep node_modules/@angular/core/esm5/core.js:12619:1)
Chrome 67.0.3396 (Mac OS X 10.13.3) RecentActivitiesComponent should be created FAILED
	Error: StaticInjectorError(DynamicTestModule)[RecentActivitiesComponent -> RecentActivitiesService]: 
	  StaticInjectorError(Platform: core)[RecentActivitiesComponent -> RecentActivitiesService]: 
	    NullInjectorError: No provider for RecentActivitiesService!
	    at _NullInjector.push../node_modules/@angular/core/esm5/core.js._NullInjector.get node_modules/@angular/core/esm5/core.js:1003:1)
	    at resolveToken node_modules/@angular/core/esm5/core.js:1301:1)
	    at tryResolveToken node_modules/@angular/core/esm5/core.js:1243:1)
	    at StaticInjector.push../node_modules/@angular/core/esm5/core.js.StaticInjector.get node_modules/@angular/core/esm5/core.js:1111:1)
	    at resolveToken node_modules/@angular/core/esm5/core.js:1301:1)
	    at tryResolveToken node_modules/@angular/core/esm5/core.js:1243:1)
	    at StaticInjector.push../node_modules/@angular/core/esm5/core.js.StaticInjector.get node_modules/@angular/core/esm5/core.js:1111:1)
	    at resolveNgModuleDep node_modules/@angular/core/esm5/core.js:10896:1)
	    at NgModuleRef_.push../node_modules/@angular/core/esm5/core.js.NgModuleRef_.get node_modules/@angular/core/esm5/core.js:12129:1)
	    at resolveDep node_modules/@angular/core/esm5/core.js:12619:1)
	Expected undefined to be truthy.
	    at Object.<anonymous> src/app/components/recent-activities/recent-activities.component.spec.ts:23:23)
	    at ZoneDelegate../node_modules/zone.js/dist/zone.js.ZoneDelegate.invoke node_modules/zone.js/dist/zone.js:388:1)
	    at ProxyZoneSpec.push../node_modules/zone.js/dist/proxy.js.ProxyZoneSpec.onInvoke node_modules/zone.js/dist/proxy.js:128:1)
	    at ZoneDelegate../node_modules/zone.js/dist/zone.js.ZoneDelegate.invoke node_modules/zone.js/dist/zone.js:387:1)
[1A[2KChrome 67.0.3396 (Mac OS X 10.13.3) RecentActivitiesComponent should be created FAILED
	Error: StaticInjectorError(DynamicTestModule)[RecentActivitiesComponent -> RecentActivitiesService]: 
	  StaticInjectorError(Platform: core)[RecentActivitiesComponent -> RecentActivitiesService]: 
	    NullInjectorError: No provider for RecentActivitiesService!
	    at _NullInjector.push../node_modules/@angular/core/esm5/core.js._NullInjector.get node_modules/@angular/core/esm5/core.js:1003:1)
	    at resolveToken node_modules/@angular/core/esm5/core.js:1301:1)
	    at tryResolveToken node_modules/@angular/core/esm5/core.js:1243:1)
	    at StaticInjector.push../node_modules/@angular/core/esm5/core.js.StaticInjector.get node_modules/@angular/core/esm5/core.js:1111:1)
	    at resolveToken node_modules/@angular/core/esm5/core.js:1301:1)
	    at tryResolveToken node_modules/@angular/core/esm5/core.js:1243:1)
	    at StaticInjector.push../node_modules/@angular/core/esm5/core.js.StaticInjector.get node_modules/@angular/core/esm5/core.js:1111:1)
	    at resolveNgModuleDep node_modules/@angular/core/esm5/core.js:10896:1)
	    at NgModuleRef_.push../node_modules/@angular/core/esm5/core.js.NgModuleRef_.get node_modules/@angular/core/esm5/core.js:12129:1)
	    at resolveDep node_modules/@angular/core/esm5/core.js:12619:1)
	Expected undefined to be truthy.
	    at Object.<anonymous> src/app/components/recent-activities/recent-activities.component.spec.ts:23:23)
	    at ZoneDelegate../node_modules/zone.js/dist/zone.js.ZoneDelegate.invoke node_modules/zone.js/dist/zone.js:388:1)
	    at ProxyZoneSpec.push../node_modules/zone.js/dist/proxy.js.ProxyZoneSpec.onInvoke node_modules/zone.js/dist/proxy.js:128:1)
	    at ZoneDelegate../node_modules/zone.js/dist/zone.js.ZoneDelegate.invoke node_modules/zone.js/dist/zone.js:387:1)
Chrome 67.0.3396 (Mac OS X 10.13.3): Executed 4 of 12 (2 FAILED) (0 secs / 0.216 secs)
Chrome 67.0.3396 (Mac OS X 10.13.3) RecentActivitiesComponent should be created FAILED
	Error: StaticInjectorError(DynamicTestModule)[RecentActivitiesComponent -> RecentActivitiesService]: 
	  StaticInjectorError(Platform: core)[RecentActivitiesComponent -> RecentActivitiesService]: 
	    NullInjectorError: No provider for RecentActivitiesService!
	    at _NullInjector.push../node_modules/@angular/core/esm5/core.js._NullInjector.get node_modules/@angular/core/esm5/core.js:1003:1)
	    at resolveToken node_modules/@angular/core/esm5/core.js:1301:1)
	    at tryResolveToken node_modules/@angular/core/esm5/core.js:1243:1)
	    at StaticInjector.push../node_modules/@angular/core/esm5/core.js.StaticInjector.get node_modules/@angular/core/esm5/core.js:1111:1)
	    at resolveToken node_modules/@angular/core/esm5/core.js:1301:1)
	    at tryResolveToken node_modules/@angular/core/esm5/core.js:1243:1)
	    at StaticInjector.push../node_modules/@angular/core/esm5/core.js.StaticInjector.get node_modules/@angular/core/esm5/core.js:1111:1)
	    at resolveNgModuleDep node_modules/@angular/core/esm5/core.js:10896:1)
	    at NgModuleRef_.push../node_modules/@angular/core/esm5/core.js.NgModuleRef_.get node_modules/@angular/core/esm5/core.js:12129:1)
	    at resolveDep node_modules/@angular/core/esm5/core.js:12619:1)
	Expected undefined to be truthy.
	    at Object.<anonymous> src/app/components/recent-activities/recent-activities.component.spec.ts:23:23)
	    at ZoneDelegate../node_modules/zone.js/dist/zone.js.ZoneDelegate.invoke node_modules/zone.js/dist/zone.js:388:1)
	    at ProxyZoneSpec.push../node_modules/zone.js/dist/proxy.js.ProxyZoneSpec.onInvoke node_modules/zone.js/dist/proxy.js:128:1)
	    at ZoneDelegate../node_modules/zone.js/dist/zone.js.ZoneDelegate.invoke node_modules/zone.js/dist/zone.js:387:1)
Chrome 67.0.3396 (Mac OS X 10.13.3) TimerComponent should be created FAILED
	Error: StaticInjectorError(DynamicTestModule)[TimerComponent -> RecentActivitiesService]: 
	  StaticInjectorError(Platform: core)[TimerComponent -> RecentActivitiesService]: 
	    NullInjectorError: No provider for RecentActivitiesService!
	    at _NullInjector.push../node_modules/@angular/core/esm5/core.js._NullInjector.get node_modules/@angular/core/esm5/core.js:1003:1)
	    at resolveToken node_modules/@angular/core/esm5/core.js:1301:1)
	    at tryResolveToken node_modules/@angular/core/esm5/core.js:1243:1)
	    at StaticInjector.push../node_modules/@angular/core/esm5/core.js.StaticInjector.get node_modules/@angular/core/esm5/core.js:1111:1)
	    at resolveToken node_modules/@angular/core/esm5/core.js:1301:1)
	    at tryResolveToken node_modules/@angular/core/esm5/core.js:1243:1)
	    at StaticInjector.push../node_modules/@angular/core/esm5/core.js.StaticInjector.get node_modules/@angular/core/esm5/core.js:1111:1)
	    at resolveNgModuleDep node_modules/@angular/core/esm5/core.js:10896:1)
	    at NgModuleRef_.push../node_modules/@angular/core/esm5/core.js.NgModuleRef_.get node_modules/@angular/core/esm5/core.js:12129:1)
	    at resolveDep node_modules/@angular/core/esm5/core.js:12619:1)
	Expected undefined to be truthy.
	    at Object.<anonymous> src/app/components/timer/timer.component.spec.ts:23:23)
	    at ZoneDelegate../node_modules/zone.js/dist/zone.js.ZoneDelegate.invoke node_modules/zone.js/dist/zone.js:388:1)
	    at ProxyZoneSpec.push../node_modules/zone.js/dist/proxy.js.ProxyZoneSpec.onInvoke node_modules/zone.js/dist/proxy.js:128:1)
	    at ZoneDelegate../node_modules/zone.js/dist/zone.js.ZoneDelegate.invoke node_modules/zone.js/dist/zone.js:387:1)
[1A[2KChrome 67.0.3396 (Mac OS X 10.13.3) TimerComponent should be created FAILED
	Error: StaticInjectorError(DynamicTestModule)[TimerComponent -> RecentActivitiesService]: 
	  StaticInjectorError(Platform: core)[TimerComponent -> RecentActivitiesService]: 
	    NullInjectorError: No provider for RecentActivitiesService!
	    at _NullInjector.push../node_modules/@angular/core/esm5/core.js._NullInjector.get node_modules/@angular/core/esm5/core.js:1003:1)
	    at resolveToken node_modules/@angular/core/esm5/core.js:1301:1)
	    at tryResolveToken node_modules/@angular/core/esm5/core.js:1243:1)
	    at StaticInjector.push../node_modules/@angular/core/esm5/core.js.StaticInjector.get node_modules/@angular/core/esm5/core.js:1111:1)
	    at resolveToken node_modules/@angular/core/esm5/core.js:1301:1)
	    at tryResolveToken node_modules/@angular/core/esm5/core.js:1243:1)
	    at StaticInjector.push../node_modules/@angular/core/esm5/core.js.StaticInjector.get node_modules/@angular/core/esm5/core.js:1111:1)
	    at resolveNgModuleDep node_modules/@angular/core/esm5/core.js:10896:1)
	    at NgModuleRef_.push../node_modules/@angular/core/esm5/core.js.NgModuleRef_.get node_modules/@angular/core/esm5/core.js:12129:1)
	    at resolveDep node_modules/@angular/core/esm5/core.js:12619:1)
	Expected undefined to be truthy.
	    at Object.<anonymous> src/app/components/timer/timer.component.spec.ts:23:23)
	    at ZoneDelegate../node_modules/zone.js/dist/zone.js.ZoneDelegate.invoke node_modules/zone.js/dist/zone.js:388:1)
	    at ProxyZoneSpec.push../node_modules/zone.js/dist/proxy.js.ProxyZoneSpec.onInvoke node_modules/zone.js/dist/proxy.js:128:1)
	    at ZoneDelegate../node_modules/zone.js/dist/zone.js.ZoneDelegate.invoke node_modules/zone.js/dist/zone.js:387:1)
Chrome 67.0.3396 (Mac OS X 10.13.3): Executed 5 of 12 (3 FAILED) (0 secs / 0.233 secs)
Chrome 67.0.3396 (Mac OS X 10.13.3) TimerComponent should be created FAILED
	Error: StaticInjectorError(DynamicTestModule)[TimerComponent -> RecentActivitiesService]: 
	  StaticInjectorError(Platform: core)[TimerComponent -> RecentActivitiesService]: 
	    NullInjectorError: No provider for RecentActivitiesService!
	    at _NullInjector.push../node_modules/@angular/core/esm5/core.js._NullInjector.get node_modules/@angular/core/esm5/core.js:1003:1)
	    at resolveToken node_modules/@angular/core/esm5/core.js:1301:1)
	    at tryResolveToken node_modules/@angular/core/esm5/core.js:1243:1)
	    at StaticInjector.push../node_modules/@angular/core/esm5/core.js.StaticInjector.get node_modules/@angular/core/esm5/core.js:1111:1)
	    at resolveToken node_modules/@angular/core/esm5/core.js:1301:1)
	    at tryResolveToken node_modules/@angular/core/esm5/core.js:1243:1)
	    at StaticInjector.push../node_modules/@angular/core/esm5/core.js.StaticInjector.get node_modules/@angular/core/esm5/core.js:1111:1)
	    at resolveNgModuleDep node_modules/@angular/core/esm5/core.js:10896:1)
	    at NgModuleRef_.push../node_modules/@angular/core/esm5/core.js.NgModuleRef_.get node_modules/@angular/core/esm5/core.js:12129:1)
	    at resolveDep node_modules/@angular/core/esm5/core.js:12619:1)
	Expected undefined to be truthy.
	    at Object.<anonymous> src/app/components/timer/timer.component.spec.ts:23:23)
	    at ZoneDelegate../node_modules/zone.js/dist/zone.js.ZoneDelegate.invoke node_modules/zone.js/dist/zone.js:388:1)
	    at ProxyZoneSpec.push../node_modules/zone.js/dist/proxy.js.ProxyZoneSpec.onInvoke node_modules/zone.js/dist/proxy.js:128:1)
	    at ZoneDelegate../node_modules/zone.js/dist/zone.js.ZoneDelegate.invoke node_modules/zone.js/dist/zone.js:387:1)
Chrome 67.0.3396 (Mac OS X 10.13.3) TopnavComponent should be created FAILED
	Can't bind to 'collapse' since it isn't a known property of 'div'. ("ef="#">Activity Tracker</a>
			</div>
			<div id="navbar-collapse-1" class="collapse navbar-collapse" [ERROR ->][collapse]="isCollapsed">
				<ul class="nav navbar-nav">
					<li class="active">
	"): ng:///DynamicTestModule/TopnavComponent.html@14:63
	Error: Template parse errors:
	    at syntaxError node_modules/@angular/compiler/esm5/compiler.js:486:22)
	    at TemplateParser.push../node_modules/@angular/compiler/esm5/compiler.js.TemplateParser.parse node_modules/@angular/compiler/esm5/compiler.js:24674:1)
	    at JitCompiler.push../node_modules/@angular/compiler/esm5/compiler.js.JitCompiler._parseTemplate node_modules/@angular/compiler/esm5/compiler.js:34629:1)
	    at JitCompiler.push../node_modules/@angular/compiler/esm5/compiler.js.JitCompiler._compileTemplate node_modules/@angular/compiler/esm5/compiler.js:34604:1)
	    at http://localhost:18763/_karma_webpack_/webpack:/node_modules/@angular/compiler/esm5/compiler.js:34505:48
	    at Set.forEach (<anonymous>)
	    at JitCompiler.push../node_modules/@angular/compiler/esm5/compiler.js.JitCompiler._compileComponents node_modules/@angular/compiler/esm5/compiler.js:34505:1)
	    at http://localhost:18763/_karma_webpack_/webpack:/node_modules/@angular/compiler/esm5/compiler.js:34393:1
	    at Object.then node_modules/@angular/compiler/esm5/compiler.js:475:33)
	    at JitCompiler.push../node_modules/@angular/compiler/esm5/compiler.js.JitCompiler._compileModuleAndAllComponents node_modules/@angular/compiler/esm5/compiler.js:34391:1)
	Error: Template parse errors:
	Can't bind to 'collapse' since it isn't a known property of 'div'. ("ef="#">Activity Tracker</a>
			</div>
			<div id="navbar-collapse-1" class="collapse navbar-collapse" [ERROR ->][collapse]="isCollapsed">
				<ul class="nav navbar-nav">
					<li class="active">
	"): ng:///DynamicTestModule/TopnavComponent.html@14:63
	    at syntaxError node_modules/@angular/compiler/esm5/compiler.js:486:22)
	    at TemplateParser.push../node_modules/@angular/compiler/esm5/compiler.js.TemplateParser.parse node_modules/@angular/compiler/esm5/compiler.js:24674:1)
	    at JitCompiler.push../node_modules/@angular/compiler/esm5/compiler.js.JitCompiler._parseTemplate node_modules/@angular/compiler/esm5/compiler.js:34629:1)
	    at JitCompiler.push../node_modules/@angular/compiler/esm5/compiler.js.JitCompiler._compileTemplate node_modules/@angular/compiler/esm5/compiler.js:34604:1)
	    at http://localhost:18763/_karma_webpack_/webpack:/node_modules/@angular/compiler/esm5/compiler.js:34505:48
	    at Set.forEach (<anonymous>)
	    at JitCompiler.push../node_modules/@angular/compiler/esm5/compiler.js.JitCompiler._compileComponents node_modules/@angular/compiler/esm5/compiler.js:34505:1)
	    at http://localhost:18763/_karma_webpack_/webpack:/node_modules/@angular/compiler/esm5/compiler.js:34393:1
	    at Object.then node_modules/@angular/compiler/esm5/compiler.js:475:33)
	    at JitCompiler.push../node_modules/@angular/compiler/esm5/compiler.js.JitCompiler._compileModuleAndAllComponents node_modules/@angular/compiler/esm5/compiler.js:34391:1)
	Expected undefined to be truthy.
	    at Object.<anonymous> src/app/components/topnav/topnav.component.spec.ts:23:23)
	    at ZoneDelegate../node_modules/zone.js/dist/zone.js.ZoneDelegate.invoke node_modules/zone.js/dist/zone.js:388:1)
	    at ProxyZoneSpec.push../node_modules/zone.js/dist/proxy.js.ProxyZoneSpec.onInvoke node_modules/zone.js/dist/proxy.js:128:1)
	    at ZoneDelegate../node_modules/zone.js/dist/zone.js.ZoneDelegate.invoke node_modules/zone.js/dist/zone.js:387:1)
[1A[2KChrome 67.0.3396 (Mac OS X 10.13.3) TopnavComponent should be created FAILED
	Can't bind to 'collapse' since it isn't a known property of 'div'. ("ef="#">Activity Tracker</a>
			</div>
			<div id="navbar-collapse-1" class="collapse navbar-collapse" [ERROR ->][collapse]="isCollapsed">
				<ul class="nav navbar-nav">
					<li class="active">
	"): ng:///DynamicTestModule/TopnavComponent.html@14:63
	Error: Template parse errors:
	    at syntaxError node_modules/@angular/compiler/esm5/compiler.js:486:22)
	    at TemplateParser.push../node_modules/@angular/compiler/esm5/compiler.js.TemplateParser.parse node_modules/@angular/compiler/esm5/compiler.js:24674:1)
	    at JitCompiler.push../node_modules/@angular/compiler/esm5/compiler.js.JitCompiler._parseTemplate node_modules/@angular/compiler/esm5/compiler.js:34629:1)
	    at JitCompiler.push../node_modules/@angular/compiler/esm5/compiler.js.JitCompiler._compileTemplate node_modules/@angular/compiler/esm5/compiler.js:34604:1)
	    at http://localhost:18763/_karma_webpack_/webpack:/node_modules/@angular/compiler/esm5/compiler.js:34505:48
	    at Set.forEach (<anonymous>)
	    at JitCompiler.push../node_modules/@angular/compiler/esm5/compiler.js.JitCompiler._compileComponents node_modules/@angular/compiler/esm5/compiler.js:34505:1)
	    at http://localhost:18763/_karma_webpack_/webpack:/node_modules/@angular/compiler/esm5/compiler.js:34393:1
	    at Object.then node_modules/@angular/compiler/esm5/compiler.js:475:33)
	    at JitCompiler.push../node_modules/@angular/compiler/esm5/compiler.js.JitCompiler._compileModuleAndAllComponents node_modules/@angular/compiler/esm5/compiler.js:34391:1)
	Error: Template parse errors:
	Can't bind to 'collapse' since it isn't a known property of 'div'. ("ef="#">Activity Tracker</a>
			</div>
			<div id="navbar-collapse-1" class="collapse navbar-collapse" [ERROR ->][collapse]="isCollapsed">
				<ul class="nav navbar-nav">
					<li class="active">
	"): ng:///DynamicTestModule/TopnavComponent.html@14:63
	    at syntaxError node_modules/@angular/compiler/esm5/compiler.js:486:22)
	    at TemplateParser.push../node_modules/@angular/compiler/esm5/compiler.js.TemplateParser.parse node_modules/@angular/compiler/esm5/compiler.js:24674:1)
	    at JitCompiler.push../node_modules/@angular/compiler/esm5/compiler.js.JitCompiler._parseTemplate node_modules/@angular/compiler/esm5/compiler.js:34629:1)
	    at JitCompiler.push../node_modules/@angular/compiler/esm5/compiler.js.JitCompiler._compileTemplate node_modules/@angular/compiler/esm5/compiler.js:34604:1)
	    at http://localhost:18763/_karma_webpack_/webpack:/node_modules/@angular/compiler/esm5/compiler.js:34505:48
	    at Set.forEach (<anonymous>)
	    at JitCompiler.push../node_modules/@angular/compiler/esm5/compiler.js.JitCompiler._compileComponents node_modules/@angular/compiler/esm5/compiler.js:34505:1)
	    at http://localhost:18763/_karma_webpack_/webpack:/node_modules/@angular/compiler/esm5/compiler.js:34393:1
	    at Object.then node_modules/@angular/compiler/esm5/compiler.js:475:33)
	    at JitCompiler.push../node_modules/@angular/compiler/esm5/compiler.js.JitCompiler._compileModuleAndAllComponents node_modules/@angular/compiler/esm5/compiler.js:34391:1)
	Expected undefined to be truthy.
	    at Object.<anonymous> src/app/components/topnav/topnav.component.spec.ts:23:23)
	    at ZoneDelegate../node_modules/zone.js/dist/zone.js.ZoneDelegate.invoke node_modules/zone.js/dist/zone.js:388:1)
	    at ProxyZoneSpec.push../node_modules/zone.js/dist/proxy.js.ProxyZoneSpec.onInvoke node_modules/zone.js/dist/proxy.js:128:1)
	    at ZoneDelegate../node_modules/zone.js/dist/zone.js.ZoneDelegate.invoke node_modules/zone.js/dist/zone.js:387:1)
Chrome 67.0.3396 (Mac OS X 10.13.3): Executed 6 of 12 (4 FAILED) (0 secs / 0.248 secs)
Chrome 67.0.3396 (Mac OS X 10.13.3) TopnavComponent should be created FAILED
	Can't bind to 'collapse' since it isn't a known property of 'div'. ("ef="#">Activity Tracker</a>
			</div>
			<div id="navbar-collapse-1" class="collapse navbar-collapse" [ERROR ->][collapse]="isCollapsed">
				<ul class="nav navbar-nav">
					<li class="active">
	"): ng:///DynamicTestModule/TopnavComponent.html@14:63
	Error: Template parse errors:
	    at syntaxError node_modules/@angular/compiler/esm5/compiler.js:486:22)
	    at TemplateParser.push../node_modules/@angular/compiler/esm5/compiler.js.TemplateParser.parse node_modules/@angular/compiler/esm5/compiler.js:24674:1)
	    at JitCompiler.push../node_modules/@angular/compiler/esm5/compiler.js.JitCompiler._parseTemplate node_modules/@angular/compiler/esm5/compiler.js:34629:1)
	    at JitCompiler.push../node_modules/@angular/compiler/esm5/compiler.js.JitCompiler._compileTemplate node_modules/@angular/compiler/esm5/compiler.js:34604:1)
	    at http://localhost:18763/_karma_webpack_/webpack:/node_modules/@angular/compiler/esm5/compiler.js:34505:48
	    at Set.forEach (<anonymous>)
	    at JitCompiler.push../node_modules/@angular/compiler/esm5/compiler.js.JitCompiler._compileComponents node_modules/@angular/compiler/esm5/compiler.js:34505:1)
	    at http://localhost:18763/_karma_webpack_/webpack:/node_modules/@angular/compiler/esm5/compiler.js:34393:1
	    at Object.then node_modules/@angular/compiler/esm5/compiler.js:475:33)
	    at JitCompiler.push../node_modules/@angular/compiler/esm5/compiler.js.JitCompiler._compileModuleAndAllComponents node_modules/@angular/compiler/esm5/compiler.js:34391:1)
	Error: Template parse errors:
	Can't bind to 'collapse' since it isn't a known property of 'div'. ("ef="#">Activity Tracker</a>
			</div>
			<div id="navbar-collapse-1" class="collapse navbar-collapse" [ERROR ->][collapse]="isCollapsed">
				<ul class="nav navbar-nav">
					<li class="active">
	"): ng:///DynamicTestModule/TopnavComponent.html@14:63
	    at syntaxError node_modules/@angular/compiler/esm5/compiler.js:486:22)
	    at TemplateParser.push../node_modules/@angular/compiler/esm5/compiler.js.TemplateParser.parse node_modules/@angular/compiler/esm5/compiler.js:24674:1)
	    at JitCompiler.push../node_modules/@angular/compiler/esm5/compiler.js.JitCompiler._parseTemplate node_modules/@angular/compiler/esm5/compiler.js:34629:1)
	    at JitCompiler.push../node_modules/@angular/compiler/esm5/compiler.js.JitCompiler._compileTemplate node_modules/@angular/compiler/esm5/compiler.js:34604:1)
	    at http://localhost:18763/_karma_webpack_/webpack:/node_modules/@angular/compiler/esm5/compiler.js:34505:48
	    at Set.forEach (<anonymous>)
	    at JitCompiler.push../node_modules/@angular/compiler/esm5/compiler.js.JitCompiler._compileComponents node_modules/@angular/compiler/esm5/compiler.js:34505:1)
	    at http://localhost:18763/_karma_webpack_/webpack:/node_modules/@angular/compiler/esm5/compiler.js:34393:1
	    at Object.then node_modules/@angular/compiler/esm5/compiler.js:475:33)
	    at JitCompiler.push../node_modules/@angular/compiler/esm5/compiler.js.JitCompiler._compileModuleAndAllComponents node_modules/@angular/compiler/esm5/compiler.js:34391:1)
	Expected undefined to be truthy.
	    at Object.<anonymous> src/app/components/topnav/topnav.component.spec.ts:23:23)
	    at ZoneDelegate../node_modules/zone.js/dist/zone.js.ZoneDelegate.invoke node_modules/zone.js/dist/zone.js:388:1)
	    at ProxyZoneSpec.push../node_modules/zone.js/dist/proxy.js.ProxyZoneSpec.onInvoke node_modules/zone.js/dist/proxy.js:128:1)
	    at ZoneDelegate../node_modules/zone.js/dist/zone.js.ZoneDelegate.invoke node_modules/zone.js/dist/zone.js:387:1)
Chrome 67.0.3396 (Mac OS X 10.13.3) TrackerComponent should be created FAILED
	'activity-selector' is not a known element:
	1. If 'activity-selector' is an Angular component, then verify that it is part of this module.
	2. If 'activity-selector' is a Web Component then add 'CUSTOM_ELEMENTS_SCHEMA' to the '@NgModule.schemas' of this component to suppress this message. ("
	  <div class="row">
	    <div class="col-md-12">
	      [ERROR ->]<activity-selector>
	      </activity-selector>
	    </div>
	"): ng:///DynamicTestModule/TrackerComponent.html@3:6
	'timer' is not a known element:
	1. If 'timer' is an Angular component, then verify that it is part of this module.
	2. To allow any element add 'NO_ERRORS_SCHEMA' to the '@NgModule.schemas' of this component. ("
	  <div class="row">
	    <div class="col-md-12">
	      [ERROR ->]<timer class="text-center" (onTimerStopped)="onTimerStopped($event)"></timer>
	    </div>
	  </div>
	"): ng:///DynamicTestModule/TrackerComponent.html@9:6
	'recent-activities' is not a known element:
	1. If 'recent-activities' is an Angular component, then verify that it is part of this module.
	2. If 'recent-activities' is a Web Component then add 'CUSTOM_ELEMENTS_SCHEMA' to the '@NgModule.schemas' of this component to suppress this message. ("
	</main>
	<aside class="col-md-3">
	  [ERROR ->]<recent-activities></recent-activities>
	</aside>
	"): ng:///DynamicTestModule/TrackerComponent.html@14:2
	Error: Template parse errors:
	    at syntaxError node_modules/@angular/compiler/esm5/compiler.js:486:22)
	    at TemplateParser.push../node_modules/@angular/compiler/esm5/compiler.js.TemplateParser.parse node_modules/@angular/compiler/esm5/compiler.js:24674:1)
	    at JitCompiler.push../node_modules/@angular/compiler/esm5/compiler.js.JitCompiler._parseTemplate node_modules/@angular/compiler/esm5/compiler.js:34629:1)
	    at JitCompiler.push../node_modules/@angular/compiler/esm5/compiler.js.JitCompiler._compileTemplate node_modules/@angular/compiler/esm5/compiler.js:34604:1)
	    at http://localhost:18763/_karma_webpack_/webpack:/node_modules/@angular/compiler/esm5/compiler.js:34505:48
	    at Set.forEach (<anonymous>)
	    at JitCompiler.push../node_modules/@angular/compiler/esm5/compiler.js.JitCompiler._compileComponents node_modules/@angular/compiler/esm5/compiler.js:34505:1)
	    at http://localhost:18763/_karma_webpack_/webpack:/node_modules/@angular/compiler/esm5/compiler.js:34393:1
	    at Object.then node_modules/@angular/compiler/esm5/compiler.js:475:33)
	    at JitCompiler.push../node_modules/@angular/compiler/esm5/compiler.js.JitCompiler._compileModuleAndAllComponents node_modules/@angular/compiler/esm5/compiler.js:34391:1)
	Error: Template parse errors:
	'activity-selector' is not a known element:
	1. If 'activity-selector' is an Angular component, then verify that it is part of this module.
	2. If 'activity-selector' is a Web Component then add 'CUSTOM_ELEMENTS_SCHEMA' to the '@NgModule.schemas' of this component to suppress this message. ("
	  <div class="row">
	    <div class="col-md-12">
	      [ERROR ->]<activity-selector>
	      </activity-selector>
	    </div>
	"): ng:///DynamicTestModule/TrackerComponent.html@3:6
	'timer' is not a known element:
	1. If 'timer' is an Angular component, then verify that it is part of this module.
	2. To allow any element add 'NO_ERRORS_SCHEMA' to the '@NgModule.schemas' of this component. ("
	  <div class="row">
	    <div class="col-md-12">
	      [ERROR ->]<timer class="text-center" (onTimerStopped)="onTimerStopped($event)"></timer>
	    </div>
	  </div>
	"): ng:///DynamicTestModule/TrackerComponent.html@9:6
	'recent-activities' is not a known element:
	1. If 'recent-activities' is an Angular component, then verify that it is part of this module.
	2. If 'recent-activities' is a Web Component then add 'CUSTOM_ELEMENTS_SCHEMA' to the '@NgModule.schemas' of this component to suppress this message. ("
	</main>
	<aside class="col-md-3">
	  [ERROR ->]<recent-activities></recent-activities>
	</aside>
	"): ng:///DynamicTestModule/TrackerComponent.html@14:2
	    at syntaxError node_modules/@angular/compiler/esm5/compiler.js:486:22)
	    at TemplateParser.push../node_modules/@angular/compiler/esm5/compiler.js.TemplateParser.parse node_modules/@angular/compiler/esm5/compiler.js:24674:1)
	    at JitCompiler.push../node_modules/@angular/compiler/esm5/compiler.js.JitCompiler._parseTemplate node_modules/@angular/compiler/esm5/compiler.js:34629:1)
	    at JitCompiler.push../node_modules/@angular/compiler/esm5/compiler.js.JitCompiler._compileTemplate node_modules/@angular/compiler/esm5/compiler.js:34604:1)
	    at http://localhost:18763/_karma_webpack_/webpack:/node_modules/@angular/compiler/esm5/compiler.js:34505:48
	    at Set.forEach (<anonymous>)
	    at JitCompiler.push../node_modules/@angular/compiler/esm5/compiler.js.JitCompiler._compileComponents node_modules/@angular/compiler/esm5/compiler.js:34505:1)
	    at http://localhost:18763/_karma_webpack_/webpack:/node_modules/@angular/compiler/esm5/compiler.js:34393:1
	    at Object.then node_modules/@angular/compiler/esm5/compiler.js:475:33)
	    at JitCompiler.push../node_modules/@angular/compiler/esm5/compiler.js.JitCompiler._compileModuleAndAllComponents node_modules/@angular/compiler/esm5/compiler.js:34391:1)
	Expected undefined to be truthy.
	    at Object.<anonymous> src/app/components/tracker/tracker.component.spec.ts:23:23)
	    at ZoneDelegate../node_modules/zone.js/dist/zone.js.ZoneDelegate.invoke node_modules/zone.js/dist/zone.js:388:1)
	    at ProxyZoneSpec.push../node_modules/zone.js/dist/proxy.js.ProxyZoneSpec.onInvoke node_modules/zone.js/dist/proxy.js:128:1)
	    at ZoneDelegate../node_modules/zone.js/dist/zone.js.ZoneDelegate.invoke node_modules/zone.js/dist/zone.js:387:1)
[1A[2KChrome 67.0.3396 (Mac OS X 10.13.3) TrackerComponent should be created FAILED
	'activity-selector' is not a known element:
	1. If 'activity-selector' is an Angular component, then verify that it is part of this module.
	2. If 'activity-selector' is a Web Component then add 'CUSTOM_ELEMENTS_SCHEMA' to the '@NgModule.schemas' of this component to suppress this message. ("
	  <div class="row">
	    <div class="col-md-12">
	      [ERROR ->]<activity-selector>
	      </activity-selector>
	    </div>
	"): ng:///DynamicTestModule/TrackerComponent.html@3:6
	'timer' is not a known element:
	1. If 'timer' is an Angular component, then verify that it is part of this module.
	2. To allow any element add 'NO_ERRORS_SCHEMA' to the '@NgModule.schemas' of this component. ("
	  <div class="row">
	    <div class="col-md-12">
	      [ERROR ->]<timer class="text-center" (onTimerStopped)="onTimerStopped($event)"></timer>
	    </div>
	  </div>
	"): ng:///DynamicTestModule/TrackerComponent.html@9:6
	'recent-activities' is not a known element:
	1. If 'recent-activities' is an Angular component, then verify that it is part of this module.
	2. If 'recent-activities' is a Web Component then add 'CUSTOM_ELEMENTS_SCHEMA' to the '@NgModule.schemas' of this component to suppress this message. ("
	</main>
	<aside class="col-md-3">
	  [ERROR ->]<recent-activities></recent-activities>
	</aside>
	"): ng:///DynamicTestModule/TrackerComponent.html@14:2
	Error: Template parse errors:
	    at syntaxError node_modules/@angular/compiler/esm5/compiler.js:486:22)
	    at TemplateParser.push../node_modules/@angular/compiler/esm5/compiler.js.TemplateParser.parse node_modules/@angular/compiler/esm5/compiler.js:24674:1)
	    at JitCompiler.push../node_modules/@angular/compiler/esm5/compiler.js.JitCompiler._parseTemplate node_modules/@angular/compiler/esm5/compiler.js:34629:1)
	    at JitCompiler.push../node_modules/@angular/compiler/esm5/compiler.js.JitCompiler._compileTemplate node_modules/@angular/compiler/esm5/compiler.js:34604:1)
	    at http://localhost:18763/_karma_webpack_/webpack:/node_modules/@angular/compiler/esm5/compiler.js:34505:48
	    at Set.forEach (<anonymous>)
	    at JitCompiler.push../node_modules/@angular/compiler/esm5/compiler.js.JitCompiler._compileComponents node_modules/@angular/compiler/esm5/compiler.js:34505:1)
	    at http://localhost:18763/_karma_webpack_/webpack:/node_modules/@angular/compiler/esm5/compiler.js:34393:1
	    at Object.then node_modules/@angular/compiler/esm5/compiler.js:475:33)
	    at JitCompiler.push../node_modules/@angular/compiler/esm5/compiler.js.JitCompiler._compileModuleAndAllComponents node_modules/@angular/compiler/esm5/compiler.js:34391:1)
	Error: Template parse errors:
	'activity-selector' is not a known element:
	1. If 'activity-selector' is an Angular component, then verify that it is part of this module.
	2. If 'activity-selector' is a Web Component then add 'CUSTOM_ELEMENTS_SCHEMA' to the '@NgModule.schemas' of this component to suppress this message. ("
	  <div class="row">
	    <div class="col-md-12">
	      [ERROR ->]<activity-selector>
	      </activity-selector>
	    </div>
	"): ng:///DynamicTestModule/TrackerComponent.html@3:6
	'timer' is not a known element:
	1. If 'timer' is an Angular component, then verify that it is part of this module.
	2. To allow any element add 'NO_ERRORS_SCHEMA' to the '@NgModule.schemas' of this component. ("
	  <div class="row">
	    <div class="col-md-12">
	      [ERROR ->]<timer class="text-center" (onTimerStopped)="onTimerStopped($event)"></timer>
	    </div>
	  </div>
	"): ng:///DynamicTestModule/TrackerComponent.html@9:6
	'recent-activities' is not a known element:
	1. If 'recent-activities' is an Angular component, then verify that it is part of this module.
	2. If 'recent-activities' is a Web Component then add 'CUSTOM_ELEMENTS_SCHEMA' to the '@NgModule.schemas' of this component to suppress this message. ("
	</main>
	<aside class="col-md-3">
	  [ERROR ->]<recent-activities></recent-activities>
	</aside>
	"): ng:///DynamicTestModule/TrackerComponent.html@14:2
	    at syntaxError node_modules/@angular/compiler/esm5/compiler.js:486:22)
	    at TemplateParser.push../node_modules/@angular/compiler/esm5/compiler.js.TemplateParser.parse node_modules/@angular/compiler/esm5/compiler.js:24674:1)
	    at JitCompiler.push../node_modules/@angular/compiler/esm5/compiler.js.JitCompiler._parseTemplate node_modules/@angular/compiler/esm5/compiler.js:34629:1)
	    at JitCompiler.push../node_modules/@angular/compiler/esm5/compiler.js.JitCompiler._compileTemplate node_modules/@angular/compiler/esm5/compiler.js:34604:1)
	    at http://localhost:18763/_karma_webpack_/webpack:/node_modules/@angular/compiler/esm5/compiler.js:34505:48
	    at Set.forEach (<anonymous>)
	    at JitCompiler.push../node_modules/@angular/compiler/esm5/compiler.js.JitCompiler._compileComponents node_modules/@angular/compiler/esm5/compiler.js:34505:1)
	    at http://localhost:18763/_karma_webpack_/webpack:/node_modules/@angular/compiler/esm5/compiler.js:34393:1
	    at Object.then node_modules/@angular/compiler/esm5/compiler.js:475:33)
	    at JitCompiler.push../node_modules/@angular/compiler/esm5/compiler.js.JitCompiler._compileModuleAndAllComponents node_modules/@angular/compiler/esm5/compiler.js:34391:1)
	Expected undefined to be truthy.
	    at Object.<anonymous> src/app/components/tracker/tracker.component.spec.ts:23:23)
	    at ZoneDelegate../node_modules/zone.js/dist/zone.js.ZoneDelegate.invoke node_modules/zone.js/dist/zone.js:388:1)
	    at ProxyZoneSpec.push../node_modules/zone.js/dist/proxy.js.ProxyZoneSpec.onInvoke node_modules/zone.js/dist/proxy.js:128:1)
	    at ZoneDelegate../node_modules/zone.js/dist/zone.js.ZoneDelegate.invoke node_modules/zone.js/dist/zone.js:387:1)
Chrome 67.0.3396 (Mac OS X 10.13.3): Executed 7 of 12 (5 FAILED) (0 secs / 0.261 secs)
Chrome 67.0.3396 (Mac OS X 10.13.3) TrackerComponent should be created FAILED
	'activity-selector' is not a known element:
	1. If 'activity-selector' is an Angular component, then verify that it is part of this module.
	2. If 'activity-selector' is a Web Component then add 'CUSTOM_ELEMENTS_SCHEMA' to the '@NgModule.schemas' of this component to suppress this message. ("
	  <div class="row">
	    <div class="col-md-12">
	      [ERROR ->]<activity-selector>
	      </activity-selector>
	    </div>
	"): ng:///DynamicTestModule/TrackerComponent.html@3:6
	'timer' is not a known element:
	1. If 'timer' is an Angular component, then verify that it is part of this module.
	2. To allow any element add 'NO_ERRORS_SCHEMA' to the '@NgModule.schemas' of this component. ("
	  <div class="row">
	    <div class="col-md-12">
	      [ERROR ->]<timer class="text-center" (onTimerStopped)="onTimerStopped($event)"></timer>
	    </div>
	  </div>
	"): ng:///DynamicTestModule/TrackerComponent.html@9:6
	'recent-activities' is not a known element:
	1. If 'recent-activities' is an Angular component, then verify that it is part of this module.
	2. If 'recent-activities' is a Web Component then add 'CUSTOM_ELEMENTS_SCHEMA' to the '@NgModule.schemas' of this component to suppress this message. ("
	</main>
	<aside class="col-md-3">
	  [ERROR ->]<recent-activities></recent-activities>
	</aside>
	"): ng:///DynamicTestModule/TrackerComponent.html@14:2
	Error: Template parse errors:
	    at syntaxError node_modules/@angular/compiler/esm5/compiler.js:486:22)
	    at TemplateParser.push../node_modules/@angular/compiler/esm5/compiler.js.TemplateParser.parse node_modules/@angular/compiler/esm5/compiler.js:24674:1)
	    at JitCompiler.push../node_modules/@angular/compiler/esm5/compiler.js.JitCompiler._parseTemplate node_modules/@angular/compiler/esm5/compiler.js:34629:1)
	    at JitCompiler.push../node_modules/@angular/compiler/esm5/compiler.js.JitCompiler._compileTemplate node_modules/@angular/compiler/esm5/compiler.js:34604:1)
	    at http://localhost:18763/_karma_webpack_/webpack:/node_modules/@angular/compiler/esm5/compiler.js:34505:48
	    at Set.forEach (<anonymous>)
	    at JitCompiler.push../node_modules/@angular/compiler/esm5/compiler.js.JitCompiler._compileComponents node_modules/@angular/compiler/esm5/compiler.js:34505:1)
	    at http://localhost:18763/_karma_webpack_/webpack:/node_modules/@angular/compiler/esm5/compiler.js:34393:1
	    at Object.then node_modules/@angular/compiler/esm5/compiler.js:475:33)
	    at JitCompiler.push../node_modules/@angular/compiler/esm5/compiler.js.JitCompiler._compileModuleAndAllComponents node_modules/@angular/compiler/esm5/compiler.js:34391:1)
	Error: Template parse errors:
	'activity-selector' is not a known element:
	1. If 'activity-selector' is an Angular component, then verify that it is part of this module.
	2. If 'activity-selector' is a Web Component then add 'CUSTOM_ELEMENTS_SCHEMA' to the '@NgModule.schemas' of this component to suppress this message. ("
	  <div class="row">
	    <div class="col-md-12">
	      [ERROR ->]<activity-selector>
	      </activity-selector>
	    </div>
	"): ng:///DynamicTestModule/TrackerComponent.html@3:6
	'timer' is not a known element:
	1. If 'timer' is an Angular component, then verify that it is part of this module.
	2. To allow any element add 'NO_ERRORS_SCHEMA' to the '@NgModule.schemas' of this component. ("
	  <div class="row">
	    <div class="col-md-12">
	      [ERROR ->]<timer class="text-center" (onTimerStopped)="onTimerStopped($event)"></timer>
	    </div>
	  </div>
	"): ng:///DynamicTestModule/TrackerComponent.html@9:6
	'recent-activities' is not a known element:
	1. If 'recent-activities' is an Angular component, then verify that it is part of this module.
	2. If 'recent-activities' is a Web Component then add 'CUSTOM_ELEMENTS_SCHEMA' to the '@NgModule.schemas' of this component to suppress this message. ("
	</main>
	<aside class="col-md-3">
	  [ERROR ->]<recent-activities></recent-activities>
	</aside>
	"): ng:///DynamicTestModule/TrackerComponent.html@14:2
	    at syntaxError node_modules/@angular/compiler/esm5/compiler.js:486:22)
	    at TemplateParser.push../node_modules/@angular/compiler/esm5/compiler.js.TemplateParser.parse node_modules/@angular/compiler/esm5/compiler.js:24674:1)
	    at JitCompiler.push../node_modules/@angular/compiler/esm5/compiler.js.JitCompiler._parseTemplate node_modules/@angular/compiler/esm5/compiler.js:34629:1)
	    at JitCompiler.push../node_modules/@angular/compiler/esm5/compiler.js.JitCompiler._compileTemplate node_modules/@angular/compiler/esm5/compiler.js:34604:1)
	    at http://localhost:18763/_karma_webpack_/webpack:/node_modules/@angular/compiler/esm5/compiler.js:34505:48
	    at Set.forEach (<anonymous>)
	    at JitCompiler.push../node_modules/@angular/compiler/esm5/compiler.js.JitCompiler._compileComponents node_modules/@angular/compiler/esm5/compiler.js:34505:1)
	    at http://localhost:18763/_karma_webpack_/webpack:/node_modules/@angular/compiler/esm5/compiler.js:34393:1
	    at Object.then node_modules/@angular/compiler/esm5/compiler.js:475:33)
	    at JitCompiler.push../node_modules/@angular/compiler/esm5/compiler.js.JitCompiler._compileModuleAndAllComponents node_modules/@angular/compiler/esm5/compiler.js:34391:1)
	Expected undefined to be truthy.
	    at Object.<anonymous> src/app/components/tracker/tracker.component.spec.ts:23:23)
	    at ZoneDelegate../node_modules/zone.js/dist/zone.js.ZoneDelegate.invoke node_modules/zone.js/dist/zone.js:388:1)
	    at ProxyZoneSpec.push../node_modules/zone.js/dist/proxy.js.ProxyZoneSpec.onInvoke node_modules/zone.js/dist/proxy.js:128:1)
	    at ZoneDelegate../node_modules/zone.js/dist/zone.js.ZoneDelegate.invoke node_modules/zone.js/dist/zone.js:387:1)
Chrome 67.0.3396 (Mac OS X 10.13.3) UserLoginComponent should create FAILED
	Can't bind to 'ngModel' since it isn't a known property of 'input'. (">
	  <div class="form-group">
	    <input name="username" class="form-control" placeholder="Username" [ERROR ->][(ngModel)]="data.username">
	  </div>
	  <div class="form-group">
	"): ng:///DynamicTestModule/UserLoginComponent.html@2:71
	Can't bind to 'ngModel' since it isn't a known property of 'input'. ("form-group">
	    <input name="password" type="password" placeholder="Password" class="form-control" [ERROR ->][(ngModel)]="data.password">
	  </div>
	  <button class="btn btn-primary center-block" [mat-dialog-clos"): ng:///DynamicTestModule/UserLoginComponent.html@5:87
	Can't bind to 'mat-dialog-close' since it isn't a known property of 'button'. (""form-control" [(ngModel)]="data.password">
	  </div>
	  <button class="btn btn-primary center-block" [ERROR ->][mat-dialog-close]="data">Login</button>
	</form>"): ng:///DynamicTestModule/UserLoginComponent.html@7:47
	Error: Template parse errors:
	    at syntaxError node_modules/@angular/compiler/esm5/compiler.js:486:22)
	    at TemplateParser.push../node_modules/@angular/compiler/esm5/compiler.js.TemplateParser.parse node_modules/@angular/compiler/esm5/compiler.js:24674:1)
	    at JitCompiler.push../node_modules/@angular/compiler/esm5/compiler.js.JitCompiler._parseTemplate node_modules/@angular/compiler/esm5/compiler.js:34629:1)
	    at JitCompiler.push../node_modules/@angular/compiler/esm5/compiler.js.JitCompiler._compileTemplate node_modules/@angular/compiler/esm5/compiler.js:34604:1)
	    at http://localhost:18763/_karma_webpack_/webpack:/node_modules/@angular/compiler/esm5/compiler.js:34505:48
	    at Set.forEach (<anonymous>)
	    at JitCompiler.push../node_modules/@angular/compiler/esm5/compiler.js.JitCompiler._compileComponents node_modules/@angular/compiler/esm5/compiler.js:34505:1)
	    at http://localhost:18763/_karma_webpack_/webpack:/node_modules/@angular/compiler/esm5/compiler.js:34393:1
	    at Object.then node_modules/@angular/compiler/esm5/compiler.js:475:33)
	    at JitCompiler.push../node_modules/@angular/compiler/esm5/compiler.js.JitCompiler._compileModuleAndAllComponents node_modules/@angular/compiler/esm5/compiler.js:34391:1)
	Error: Template parse errors:
	Can't bind to 'ngModel' since it isn't a known property of 'input'. (">
	  <div class="form-group">
	    <input name="username" class="form-control" placeholder="Username" [ERROR ->][(ngModel)]="data.username">
	  </div>
	  <div class="form-group">
	"): ng:///DynamicTestModule/UserLoginComponent.html@2:71
	Can't bind to 'ngModel' since it isn't a known property of 'input'. ("form-group">
	    <input name="password" type="password" placeholder="Password" class="form-control" [ERROR ->][(ngModel)]="data.password">
	  </div>
	  <button class="btn btn-primary center-block" [mat-dialog-clos"): ng:///DynamicTestModule/UserLoginComponent.html@5:87
	Can't bind to 'mat-dialog-close' since it isn't a known property of 'button'. (""form-control" [(ngModel)]="data.password">
	  </div>
	  <button class="btn btn-primary center-block" [ERROR ->][mat-dialog-close]="data">Login</button>
	</form>"): ng:///DynamicTestModule/UserLoginComponent.html@7:47
	    at syntaxError node_modules/@angular/compiler/esm5/compiler.js:486:22)
	    at TemplateParser.push../node_modules/@angular/compiler/esm5/compiler.js.TemplateParser.parse node_modules/@angular/compiler/esm5/compiler.js:24674:1)
	    at JitCompiler.push../node_modules/@angular/compiler/esm5/compiler.js.JitCompiler._parseTemplate node_modules/@angular/compiler/esm5/compiler.js:34629:1)
	    at JitCompiler.push../node_modules/@angular/compiler/esm5/compiler.js.JitCompiler._compileTemplate node_modules/@angular/compiler/esm5/compiler.js:34604:1)
	    at http://localhost:18763/_karma_webpack_/webpack:/node_modules/@angular/compiler/esm5/compiler.js:34505:48
	    at Set.forEach (<anonymous>)
	    at JitCompiler.push../node_modules/@angular/compiler/esm5/compiler.js.JitCompiler._compileComponents node_modules/@angular/compiler/esm5/compiler.js:34505:1)
	    at http://localhost:18763/_karma_webpack_/webpack:/node_modules/@angular/compiler/esm5/compiler.js:34393:1
	    at Object.then node_modules/@angular/compiler/esm5/compiler.js:475:33)
	    at JitCompiler.push../node_modules/@angular/compiler/esm5/compiler.js.JitCompiler._compileModuleAndAllComponents node_modules/@angular/compiler/esm5/compiler.js:34391:1)
	Expected undefined to be truthy.
	    at Object.<anonymous> src/app/components/user-login/user-login.component.spec.ts:23:23)
	    at ZoneDelegate../node_modules/zone.js/dist/zone.js.ZoneDelegate.invoke node_modules/zone.js/dist/zone.js:388:1)
	    at ProxyZoneSpec.push../node_modules/zone.js/dist/proxy.js.ProxyZoneSpec.onInvoke node_modules/zone.js/dist/proxy.js:128:1)
	    at ZoneDelegate../node_modules/zone.js/dist/zone.js.ZoneDelegate.invoke node_modules/zone.js/dist/zone.js:387:1)
[1A[2KChrome 67.0.3396 (Mac OS X 10.13.3) UserLoginComponent should create FAILED
	Can't bind to 'ngModel' since it isn't a known property of 'input'. (">
	  <div class="form-group">
	    <input name="username" class="form-control" placeholder="Username" [ERROR ->][(ngModel)]="data.username">
	  </div>
	  <div class="form-group">
	"): ng:///DynamicTestModule/UserLoginComponent.html@2:71
	Can't bind to 'ngModel' since it isn't a known property of 'input'. ("form-group">
	    <input name="password" type="password" placeholder="Password" class="form-control" [ERROR ->][(ngModel)]="data.password">
	  </div>
	  <button class="btn btn-primary center-block" [mat-dialog-clos"): ng:///DynamicTestModule/UserLoginComponent.html@5:87
	Can't bind to 'mat-dialog-close' since it isn't a known property of 'button'. (""form-control" [(ngModel)]="data.password">
	  </div>
	  <button class="btn btn-primary center-block" [ERROR ->][mat-dialog-close]="data">Login</button>
	</form>"): ng:///DynamicTestModule/UserLoginComponent.html@7:47
	Error: Template parse errors:
	    at syntaxError node_modules/@angular/compiler/esm5/compiler.js:486:22)
	    at TemplateParser.push../node_modules/@angular/compiler/esm5/compiler.js.TemplateParser.parse node_modules/@angular/compiler/esm5/compiler.js:24674:1)
	    at JitCompiler.push../node_modules/@angular/compiler/esm5/compiler.js.JitCompiler._parseTemplate node_modules/@angular/compiler/esm5/compiler.js:34629:1)
	    at JitCompiler.push../node_modules/@angular/compiler/esm5/compiler.js.JitCompiler._compileTemplate node_modules/@angular/compiler/esm5/compiler.js:34604:1)
	    at http://localhost:18763/_karma_webpack_/webpack:/node_modules/@angular/compiler/esm5/compiler.js:34505:48
	    at Set.forEach (<anonymous>)
	    at JitCompiler.push../node_modules/@angular/compiler/esm5/compiler.js.JitCompiler._compileComponents node_modules/@angular/compiler/esm5/compiler.js:34505:1)
	    at http://localhost:18763/_karma_webpack_/webpack:/node_modules/@angular/compiler/esm5/compiler.js:34393:1
	    at Object.then node_modules/@angular/compiler/esm5/compiler.js:475:33)
	    at JitCompiler.push../node_modules/@angular/compiler/esm5/compiler.js.JitCompiler._compileModuleAndAllComponents node_modules/@angular/compiler/esm5/compiler.js:34391:1)
	Error: Template parse errors:
	Can't bind to 'ngModel' since it isn't a known property of 'input'. (">
	  <div class="form-group">
	    <input name="username" class="form-control" placeholder="Username" [ERROR ->][(ngModel)]="data.username">
	  </div>
	  <div class="form-group">
	"): ng:///DynamicTestModule/UserLoginComponent.html@2:71
	Can't bind to 'ngModel' since it isn't a known property of 'input'. ("form-group">
	    <input name="password" type="password" placeholder="Password" class="form-control" [ERROR ->][(ngModel)]="data.password">
	  </div>
	  <button class="btn btn-primary center-block" [mat-dialog-clos"): ng:///DynamicTestModule/UserLoginComponent.html@5:87
	Can't bind to 'mat-dialog-close' since it isn't a known property of 'button'. (""form-control" [(ngModel)]="data.password">
	  </div>
	  <button class="btn btn-primary center-block" [ERROR ->][mat-dialog-close]="data">Login</button>
	</form>"): ng:///DynamicTestModule/UserLoginComponent.html@7:47
	    at syntaxError node_modules/@angular/compiler/esm5/compiler.js:486:22)
	    at TemplateParser.push../node_modules/@angular/compiler/esm5/compiler.js.TemplateParser.parse node_modules/@angular/compiler/esm5/compiler.js:24674:1)
	    at JitCompiler.push../node_modules/@angular/compiler/esm5/compiler.js.JitCompiler._parseTemplate node_modules/@angular/compiler/esm5/compiler.js:34629:1)
	    at JitCompiler.push../node_modules/@angular/compiler/esm5/compiler.js.JitCompiler._compileTemplate node_modules/@angular/compiler/esm5/compiler.js:34604:1)
	    at http://localhost:18763/_karma_webpack_/webpack:/node_modules/@angular/compiler/esm5/compiler.js:34505:48
	    at Set.forEach (<anonymous>)
	    at JitCompiler.push../node_modules/@angular/compiler/esm5/compiler.js.JitCompiler._compileComponents node_modules/@angular/compiler/esm5/compiler.js:34505:1)
	    at http://localhost:18763/_karma_webpack_/webpack:/node_modules/@angular/compiler/esm5/compiler.js:34393:1
	    at Object.then node_modules/@angular/compiler/esm5/compiler.js:475:33)
	    at JitCompiler.push../node_modules/@angular/compiler/esm5/compiler.js.JitCompiler._compileModuleAndAllComponents node_modules/@angular/compiler/esm5/compiler.js:34391:1)
	Expected undefined to be truthy.
	    at Object.<anonymous> src/app/components/user-login/user-login.component.spec.ts:23:23)
	    at ZoneDelegate../node_modules/zone.js/dist/zone.js.ZoneDelegate.invoke node_modules/zone.js/dist/zone.js:388:1)
	    at ProxyZoneSpec.push../node_modules/zone.js/dist/proxy.js.ProxyZoneSpec.onInvoke node_modules/zone.js/dist/proxy.js:128:1)
	    at ZoneDelegate../node_modules/zone.js/dist/zone.js.ZoneDelegate.invoke node_modules/zone.js/dist/zone.js:387:1)
Chrome 67.0.3396 (Mac OS X 10.13.3): Executed 8 of 12 (6 FAILED) (0 secs / 0.272 secs)
Chrome 67.0.3396 (Mac OS X 10.13.3) UserLoginComponent should create FAILED
	Can't bind to 'ngModel' since it isn't a known property of 'input'. (">
	  <div class="form-group">
	    <input name="username" class="form-control" placeholder="Username" [ERROR ->][(ngModel)]="data.username">
	  </div>
	  <div class="form-group">
	"): ng:///DynamicTestModule/UserLoginComponent.html@2:71
	Can't bind to 'ngModel' since it isn't a known property of 'input'. ("form-group">
	    <input name="password" type="password" placeholder="Password" class="form-control" [ERROR ->][(ngModel)]="data.password">
	  </div>
	  <button class="btn btn-primary center-block" [mat-dialog-clos"): ng:///DynamicTestModule/UserLoginComponent.html@5:87
	Can't bind to 'mat-dialog-close' since it isn't a known property of 'button'. (""form-control" [(ngModel)]="data.password">
	  </div>
	  <button class="btn btn-primary center-block" [ERROR ->][mat-dialog-close]="data">Login</button>
	</form>"): ng:///DynamicTestModule/UserLoginComponent.html@7:47
	Error: Template parse errors:
	    at syntaxError node_modules/@angular/compiler/esm5/compiler.js:486:22)
	    at TemplateParser.push../node_modules/@angular/compiler/esm5/compiler.js.TemplateParser.parse node_modules/@angular/compiler/esm5/compiler.js:24674:1)
	    at JitCompiler.push../node_modules/@angular/compiler/esm5/compiler.js.JitCompiler._parseTemplate node_modules/@angular/compiler/esm5/compiler.js:34629:1)
	    at JitCompiler.push../node_modules/@angular/compiler/esm5/compiler.js.JitCompiler._compileTemplate node_modules/@angular/compiler/esm5/compiler.js:34604:1)
	    at http://localhost:18763/_karma_webpack_/webpack:/node_modules/@angular/compiler/esm5/compiler.js:34505:48
	    at Set.forEach (<anonymous>)
	    at JitCompiler.push../node_modules/@angular/compiler/esm5/compiler.js.JitCompiler._compileComponents node_modules/@angular/compiler/esm5/compiler.js:34505:1)
	    at http://localhost:18763/_karma_webpack_/webpack:/node_modules/@angular/compiler/esm5/compiler.js:34393:1
	    at Object.then node_modules/@angular/compiler/esm5/compiler.js:475:33)
	    at JitCompiler.push../node_modules/@angular/compiler/esm5/compiler.js.JitCompiler._compileModuleAndAllComponents node_modules/@angular/compiler/esm5/compiler.js:34391:1)
	Error: Template parse errors:
	Can't bind to 'ngModel' since it isn't a known property of 'input'. (">
	  <div class="form-group">
	    <input name="username" class="form-control" placeholder="Username" [ERROR ->][(ngModel)]="data.username">
	  </div>
	  <div class="form-group">
	"): ng:///DynamicTestModule/UserLoginComponent.html@2:71
	Can't bind to 'ngModel' since it isn't a known property of 'input'. ("form-group">
	    <input name="password" type="password" placeholder="Password" class="form-control" [ERROR ->][(ngModel)]="data.password">
	  </div>
	  <button class="btn btn-primary center-block" [mat-dialog-clos"): ng:///DynamicTestModule/UserLoginComponent.html@5:87
	Can't bind to 'mat-dialog-close' since it isn't a known property of 'button'. (""form-control" [(ngModel)]="data.password">
	  </div>
	  <button class="btn btn-primary center-block" [ERROR ->][mat-dialog-close]="data">Login</button>
	</form>"): ng:///DynamicTestModule/UserLoginComponent.html@7:47
	    at syntaxError node_modules/@angular/compiler/esm5/compiler.js:486:22)
	    at TemplateParser.push../node_modules/@angular/compiler/esm5/compiler.js.TemplateParser.parse node_modules/@angular/compiler/esm5/compiler.js:24674:1)
	    at JitCompiler.push../node_modules/@angular/compiler/esm5/compiler.js.JitCompiler._parseTemplate node_modules/@angular/compiler/esm5/compiler.js:34629:1)
	    at JitCompiler.push../node_modules/@angular/compiler/esm5/compiler.js.JitCompiler._compileTemplate node_modules/@angular/compiler/esm5/compiler.js:34604:1)
	    at http://localhost:18763/_karma_webpack_/webpack:/node_modules/@angular/compiler/esm5/compiler.js:34505:48
	    at Set.forEach (<anonymous>)
	    at JitCompiler.push../node_modules/@angular/compiler/esm5/compiler.js.JitCompiler._compileComponents node_modules/@angular/compiler/esm5/compiler.js:34505:1)
	    at http://localhost:18763/_karma_webpack_/webpack:/node_modules/@angular/compiler/esm5/compiler.js:34393:1
	    at Object.then node_modules/@angular/compiler/esm5/compiler.js:475:33)
	    at JitCompiler.push../node_modules/@angular/compiler/esm5/compiler.js.JitCompiler._compileModuleAndAllComponents node_modules/@angular/compiler/esm5/compiler.js:34391:1)
	Expected undefined to be truthy.
	    at Object.<anonymous> src/app/components/user-login/user-login.component.spec.ts:23:23)
	    at ZoneDelegate../node_modules/zone.js/dist/zone.js.ZoneDelegate.invoke node_modules/zone.js/dist/zone.js:388:1)
	    at ProxyZoneSpec.push../node_modules/zone.js/dist/proxy.js.ProxyZoneSpec.onInvoke node_modules/zone.js/dist/proxy.js:128:1)
	    at ZoneDelegate../node_modules/zone.js/dist/zone.js.ZoneDelegate.invoke node_modules/zone.js/dist/zone.js:387:1)
Chrome 67.0.3396 (Mac OS X 10.13.3) ActivityService should be created FAILED
	Error: StaticInjectorError(DynamicTestModule)[ActivityService -> HttpClient]: 
	  StaticInjectorError(Platform: core)[ActivityService -> HttpClient]: 
	    NullInjectorError: No provider for HttpClient!
	    at _NullInjector.push../node_modules/@angular/core/esm5/core.js._NullInjector.get node_modules/@angular/core/esm5/core.js:1003:1)
	    at resolveToken node_modules/@angular/core/esm5/core.js:1301:1)
	    at tryResolveToken node_modules/@angular/core/esm5/core.js:1243:1)
	    at StaticInjector.push../node_modules/@angular/core/esm5/core.js.StaticInjector.get node_modules/@angular/core/esm5/core.js:1111:1)
	    at resolveToken node_modules/@angular/core/esm5/core.js:1301:1)
	    at tryResolveToken node_modules/@angular/core/esm5/core.js:1243:1)
	    at StaticInjector.push../node_modules/@angular/core/esm5/core.js.StaticInjector.get node_modules/@angular/core/esm5/core.js:1111:1)
	    at resolveNgModuleDep node_modules/@angular/core/esm5/core.js:10896:1)
	    at _createClass node_modules/@angular/core/esm5/core.js:10935:1)
	    at _createProviderInstance$1 node_modules/@angular/core/esm5/core.js:10907:1)
[1A[2KChrome 67.0.3396 (Mac OS X 10.13.3) ActivityService should be created FAILED
	Error: StaticInjectorError(DynamicTestModule)[ActivityService -> HttpClient]: 
	  StaticInjectorError(Platform: core)[ActivityService -> HttpClient]: 
	    NullInjectorError: No provider for HttpClient!
	    at _NullInjector.push../node_modules/@angular/core/esm5/core.js._NullInjector.get node_modules/@angular/core/esm5/core.js:1003:1)
	    at resolveToken node_modules/@angular/core/esm5/core.js:1301:1)
	    at tryResolveToken node_modules/@angular/core/esm5/core.js:1243:1)
	    at StaticInjector.push../node_modules/@angular/core/esm5/core.js.StaticInjector.get node_modules/@angular/core/esm5/core.js:1111:1)
	    at resolveToken node_modules/@angular/core/esm5/core.js:1301:1)
	    at tryResolveToken node_modules/@angular/core/esm5/core.js:1243:1)
	    at StaticInjector.push../node_modules/@angular/core/esm5/core.js.StaticInjector.get node_modules/@angular/core/esm5/core.js:1111:1)
	    at resolveNgModuleDep node_modules/@angular/core/esm5/core.js:10896:1)
	    at _createClass node_modules/@angular/core/esm5/core.js:10935:1)
	    at _createProviderInstance$1 node_modules/@angular/core/esm5/core.js:10907:1)
Chrome 67.0.3396 (Mac OS X 10.13.3): Executed 9 of 12 (7 FAILED) (0 secs / 0.278 secs)
Chrome 67.0.3396 (Mac OS X 10.13.3) ActivityService should be created FAILED
	Error: StaticInjectorError(DynamicTestModule)[ActivityService -> HttpClient]: 
	  StaticInjectorError(Platform: core)[ActivityService -> HttpClient]: 
	    NullInjectorError: No provider for HttpClient!
	    at _NullInjector.push../node_modules/@angular/core/esm5/core.js._NullInjector.get node_modules/@angular/core/esm5/core.js:1003:1)
	    at resolveToken node_modules/@angular/core/esm5/core.js:1301:1)
	    at tryResolveToken node_modules/@angular/core/esm5/core.js:1243:1)
	    at StaticInjector.push../node_modules/@angular/core/esm5/core.js.StaticInjector.get node_modules/@angular/core/esm5/core.js:1111:1)
	    at resolveToken node_modules/@angular/core/esm5/core.js:1301:1)
	    at tryResolveToken node_modules/@angular/core/esm5/core.js:1243:1)
	    at StaticInjector.push../node_modules/@angular/core/esm5/core.js.StaticInjector.get node_modules/@angular/core/esm5/core.js:1111:1)
	    at resolveNgModuleDep node_modules/@angular/core/esm5/core.js:10896:1)
	    at _createClass node_modules/@angular/core/esm5/core.js:10935:1)
	    at _createProviderInstance$1 node_modules/@angular/core/esm5/core.js:10907:1)
Chrome 67.0.3396 (Mac OS X 10.13.3) RecentActivitiesService should be created FAILED
	Error: StaticInjectorError(DynamicTestModule)[RecentActivitiesService -> HttpClient]: 
	  StaticInjectorError(Platform: core)[RecentActivitiesService -> HttpClient]: 
	    NullInjectorError: No provider for HttpClient!
	    at _NullInjector.push../node_modules/@angular/core/esm5/core.js._NullInjector.get node_modules/@angular/core/esm5/core.js:1003:1)
	    at resolveToken node_modules/@angular/core/esm5/core.js:1301:1)
	    at tryResolveToken node_modules/@angular/core/esm5/core.js:1243:1)
	    at StaticInjector.push../node_modules/@angular/core/esm5/core.js.StaticInjector.get node_modules/@angular/core/esm5/core.js:1111:1)
	    at resolveToken node_modules/@angular/core/esm5/core.js:1301:1)
	    at tryResolveToken node_modules/@angular/core/esm5/core.js:1243:1)
	    at StaticInjector.push../node_modules/@angular/core/esm5/core.js.StaticInjector.get node_modules/@angular/core/esm5/core.js:1111:1)
	    at resolveNgModuleDep node_modules/@angular/core/esm5/core.js:10896:1)
	    at _createClass node_modules/@angular/core/esm5/core.js:10935:1)
	    at _createProviderInstance$1 node_modules/@angular/core/esm5/core.js:10907:1)
[1A[2KChrome 67.0.3396 (Mac OS X 10.13.3) RecentActivitiesService should be created FAILED
	Error: StaticInjectorError(DynamicTestModule)[RecentActivitiesService -> HttpClient]: 
	  StaticInjectorError(Platform: core)[RecentActivitiesService -> HttpClient]: 
	    NullInjectorError: No provider for HttpClient!
	    at _NullInjector.push../node_modules/@angular/core/esm5/core.js._NullInjector.get node_modules/@angular/core/esm5/core.js:1003:1)
	    at resolveToken node_modules/@angular/core/esm5/core.js:1301:1)
	    at tryResolveToken node_modules/@angular/core/esm5/core.js:1243:1)
	    at StaticInjector.push../node_modules/@angular/core/esm5/core.js.StaticInjector.get node_modules/@angular/core/esm5/core.js:1111:1)
	    at resolveToken node_modules/@angular/core/esm5/core.js:1301:1)
	    at tryResolveToken node_modules/@angular/core/esm5/core.js:1243:1)
	    at StaticInjector.push../node_modules/@angular/core/esm5/core.js.StaticInjector.get node_modules/@angular/core/esm5/core.js:1111:1)
	    at resolveNgModuleDep node_modules/@angular/core/esm5/core.js:10896:1)
	    at _createClass node_modules/@angular/core/esm5/core.js:10935:1)
	    at _createProviderInstance$1 node_modules/@angular/core/esm5/core.js:10907:1)
Chrome 67.0.3396 (Mac OS X 10.13.3): Executed 10 of 12 (8 FAILED) (0 secs / 0.282 secs)
Chrome 67.0.3396 (Mac OS X 10.13.3) RecentActivitiesService should be created FAILED
	Error: StaticInjectorError(DynamicTestModule)[RecentActivitiesService -> HttpClient]: 
	  StaticInjectorError(Platform: core)[RecentActivitiesService -> HttpClient]: 
	    NullInjectorError: No provider for HttpClient!
	    at _NullInjector.push../node_modules/@angular/core/esm5/core.js._NullInjector.get node_modules/@angular/core/esm5/core.js:1003:1)
	    at resolveToken node_modules/@angular/core/esm5/core.js:1301:1)
	    at tryResolveToken node_modules/@angular/core/esm5/core.js:1243:1)
	    at StaticInjector.push../node_modules/@angular/core/esm5/core.js.StaticInjector.get node_modules/@angular/core/esm5/core.js:1111:1)
	    at resolveToken node_modules/@angular/core/esm5/core.js:1301:1)
	    at tryResolveToken node_modules/@angular/core/esm5/core.js:1243:1)
	    at StaticInjector.push../node_modules/@angular/core/esm5/core.js.StaticInjector.get node_modules/@angular/core/esm5/core.js:1111:1)
	    at resolveNgModuleDep node_modules/@angular/core/esm5/core.js:10896:1)
	    at _createClass node_modules/@angular/core/esm5/core.js:10935:1)
	    at _createProviderInstance$1 node_modules/@angular/core/esm5/core.js:10907:1)
[1A[2KChrome 67.0.3396 (Mac OS X 10.13.3): Executed 11 of 12 (8 FAILED) (0 secs / 0.289 secs)
Chrome 67.0.3396 (Mac OS X 10.13.3) UserService should be created FAILED
	Error: StaticInjectorError(DynamicTestModule)[UserService -> StateService]: 
	  StaticInjectorError(Platform: core)[UserService -> StateService]: 
	    NullInjectorError: No provider for StateService!
	    at _NullInjector.push../node_modules/@angular/core/esm5/core.js._NullInjector.get node_modules/@angular/core/esm5/core.js:1003:1)
	    at resolveToken node_modules/@angular/core/esm5/core.js:1301:1)
	    at tryResolveToken node_modules/@angular/core/esm5/core.js:1243:1)
	    at StaticInjector.push../node_modules/@angular/core/esm5/core.js.StaticInjector.get node_modules/@angular/core/esm5/core.js:1111:1)
	    at resolveToken node_modules/@angular/core/esm5/core.js:1301:1)
	    at tryResolveToken node_modules/@angular/core/esm5/core.js:1243:1)
	    at StaticInjector.push../node_modules/@angular/core/esm5/core.js.StaticInjector.get node_modules/@angular/core/esm5/core.js:1111:1)
	    at resolveNgModuleDep node_modules/@angular/core/esm5/core.js:10896:1)
	    at _createClass node_modules/@angular/core/esm5/core.js:10933:1)
	    at _createProviderInstance$1 node_modules/@angular/core/esm5/core.js:10907:1)
[1A[2KChrome 67.0.3396 (Mac OS X 10.13.3) UserService should be created FAILED
	Error: StaticInjectorError(DynamicTestModule)[UserService -> StateService]: 
	  StaticInjectorError(Platform: core)[UserService -> StateService]: 
	    NullInjectorError: No provider for StateService!
	    at _NullInjector.push../node_modules/@angular/core/esm5/core.js._NullInjector.get node_modules/@angular/core/esm5/core.js:1003:1)
	    at resolveToken node_modules/@angular/core/esm5/core.js:1301:1)
	    at tryResolveToken node_modules/@angular/core/esm5/core.js:1243:1)
	    at StaticInjector.push../node_modules/@angular/core/esm5/core.js.StaticInjector.get node_modules/@angular/core/esm5/core.js:1111:1)
	    at resolveToken node_modules/@angular/core/esm5/core.js:1301:1)
	    at tryResolveToken node_modules/@angular/core/esm5/core.js:1243:1)
	    at StaticInjector.push../node_modules/@angular/core/esm5/core.js.StaticInjector.get node_modules/@angular/core/esm5/core.js:1111:1)
	    at resolveNgModuleDep node_modules/@angular/core/esm5/core.js:10896:1)
	    at _createClass node_modules/@angular/core/esm5/core.js:10933:1)
	    at _createProviderInstance$1 node_modules/@angular/core/esm5/core.js:10907:1)
Chrome 67.0.3396 (Mac OS X 10.13.3): Executed 12 of 12 (9 FAILED) (0 secs / 0.295 secs)
Chrome 67.0.3396 (Mac OS X 10.13.3) UserService should be created FAILED
	Error: StaticInjectorError(DynamicTestModule)[UserService -> StateService]: 
	  StaticInjectorError(Platform: core)[UserService -> StateService]: 
	    NullInjectorError: No provider for StateService!
	    at _NullInjector.push../node_modules/@angular/core/esm5/core.js._NullInjector.get node_modules/@angular/core/esm5/core.js:1003:1)
	    at resolveToken node_modules/@angular/core/esm5/core.js:1301:1)
	    at tryResolveToken node_modules/@angular/core/esm5/core.js:1243:1)
	    at StaticInjector.push../node_modules/@angular/core/esm5/core.js.StaticInjector.get node_modules/@angular/core/esm5/core.js:1111:1)
	    at resolveToken node_modules/@angular/core/esm5/core.js:1301:1)
	    at tryResolveToken node_modules/@angular/core/esm5/core.js:1243:1)
	    at StaticInjector.push../node_modules/@angular/core/esm5/core.js.StaticInjector.get node_modules/@angular/core/esm5/core.js:1111:1)
	    at resolveNgModuleDep node_modules/@angular/core/esm5/core.js:10896:1)
	    at _createClass node_modules/@angular/core/esm5/core.js:10933:1)
	    at _createProviderInstance$1 node_modules/@angular/core/esm5/core.js:10907:1)
[1A[2KChrome 67.0.3396 (Mac OS X 10.13.3): Executed 12 of 12 (9 FAILED) (0.383 secs / 0.295 secs)
[32m01 08 2018 17:57:42.745:INFO [karma]: [39mDelaying execution, these browsers are not ready: Chrome 67.0.3396 (Mac OS X 10.13.3)
[32m01 08 2018 18:01:41.221:INFO [karma]: [39mDelaying execution, these browsers are not ready: Chrome 67.0.3396 (Mac OS X 10.13.3)
[32m01 08 2018 18:06:39.339:INFO [karma]: [39mDelaying execution, these browsers are not ready: Chrome 67.0.3396 (Mac OS X 10.13.3)
[32m01 08 2018 18:08:06.011:INFO [karma]: [39mDelaying execution, these browsers are not ready: Chrome 67.0.3396 (Mac OS X 10.13.3)
[33m03 08 2018 08:01:29.067:WARN [Chrome 67.0.3396 (Mac OS X 10.13.3)]: [39mDisconnected (1 times)
Chrome 67.0.3396 (Mac OS X 10.13.3) ERROR
  Disconnectedundefined
Chrome 67.0.3396 (Mac OS X 10.13.3) ERROR
  Disconnectedundefined

Chrome 67.0.3396 (Mac OS X 10.13.3) ERROR
  Disconnectedundefined

[33m03 08 2018 08:01:29.072:WARN [karma]: [39mNo captured browser, open http://localhost:18763/
